18:44:55 [INFO] ----------------------------------------------
18:44:55 [INFO] Beginning transformation mtf_EXP_5500018
                Oracle:     EXP          Number of T: 27
                Debug Mode: false          u64 Seed:    5500018
                Number of generating transformations: 29
                Internal Seed:          [190, 61, 77, 131, 52, 0, 35, 28, 19, 152, 175, 51, 204, 63, 131, 105, 192, 18, 155, 38, 183, 95, 153, 173, 171, 124, 224, 216, 215, 97, 202, 51]
                Seed File: Currently not supported!
18:44:55 [INFO] ----------------------------------------------
18:44:55 [INFO] -------------- Reading Seed File: ------------
18:44:55 [INFO] "/home/leo_repp/masterthesis/nemo/nemo-metamorphic-testing/examples/wikidata-yago-like-inverse-property-cleanup/yagoExample.rls"
18:44:55 [INFO] Renaming of rules complete
18:44:55 [INFO] --------- Finished Reading Seed file ---------
18:44:55 [INFO] ----------------------------------------------
18:44:55 [INFO] 
18:44:55 [INFO] ----------------------------------------------
18:44:55 [INFO] -------- Beginning Program Generation --------
18:44:55 [INFO] ----------------------------------------------
18:44:55 [INFO] 
18:44:55 [INFO] Removing old export statements
18:44:55 [INFO] Beginning inverse_stratum and ancestry computation starting at node R_OUT
18:44:55 [INFO] Ancestry and Inverse Stratum computation complete.
18:44:55 [INFO] Constructed lite ADG
18:44:55 [INFO] Generating Program...
18:44:55 [INFO] 
18:44:55 [INFO] 1 / 28
18:44:55 [INFO]   I Add Relational Node
18:44:55 [INFO]   Added new relation R_1
18:44:55 [INFO] 2 / 28
18:44:55 [INFO]   I Add Relational Node
18:44:55 [INFO]   Added new relation R_2
18:44:55 [INFO] 3 / 28
18:44:55 [INFO]   I Add Relational Node
18:44:55 [INFO]   Added new relation R_3
18:44:55 [INFO] 4 / 28
18:44:55 [INFO]   I Add Relational Node
18:44:55 [INFO]   Added new relation R_4
18:44:55 [INFO] 5 / 28
18:44:55 [INFO]   I Add Relational Node
18:44:55 [INFO]   Added new relation R_5
18:44:55 [INFO] 6 / 28
18:44:55 [INFO]   I Add Relational Node
18:44:55 [INFO]   Added new relation R_6
18:44:55 [INFO] 7 / 28
18:44:55 [INFO]   I Add Relational Node
18:44:55 [INFO]   Added new relation R_7
18:44:55 [INFO] 8 / 28
18:44:55 [INFO]   I Add Relational Node
18:44:55 [INFO]   Added new relation R_8
18:44:55 [INFO] 9 / 28
18:44:55 [INFO]   I Add Relational Node
18:44:55 [INFO]   Added new relation R_9
18:44:55 [INFO] 10 / 28
18:44:55 [INFO]   I Add Relational Node
18:44:55 [INFO]   Added new relation R_10
18:44:55 [INFO] 11 / 28
18:44:55 [INFO]   I Add Relational Node
18:44:55 [INFO]   Added new relation R_11
18:44:55 [INFO] 12 / 28
18:44:55 [INFO]   I Add Relational Node
18:44:55 [INFO]   Added new relation R_12
18:44:55 [INFO] 13 / 28
18:44:55 [INFO]   I Add Relational Node
18:44:55 [INFO]   Added new relation R_13
18:44:55 [INFO] 14 / 28
18:44:55 [INFO]   I Add Relational Node
18:44:55 [INFO]   Added new relation R_14
18:44:55 [INFO] 15 / 28
18:44:55 [INFO]   I Add Relational Node
18:44:55 [INFO]   Added new relation R_15
18:44:55 [INFO] 16 / 28
18:44:55 [INFO]   I Add Relational Node
18:44:55 [INFO]   Added new relation R_16
18:44:55 [INFO] 17 / 28
18:44:55 [INFO]   I Add Relational Node
18:44:55 [INFO]   Added new relation R_17
18:44:55 [INFO] 18 / 28
18:44:55 [INFO]   I Add Relational Node
18:44:55 [INFO]   Added new relation R_18
18:44:55 [INFO] 19 / 28
18:44:55 [INFO]   I Add Relational Node
18:44:55 [INFO]   Added new relation R_19
18:44:55 [INFO] 20 / 28
18:44:55 [INFO]   I Add Relational Node
18:44:55 [INFO]   Added new relation R_20
18:44:55 [INFO] 21 / 28
18:44:55 [INFO]   I Add Relational Node
18:44:55 [INFO]   Added new relation R_21
18:44:55 [INFO] 22 / 28
18:44:55 [INFO]   I Add Relational Node
18:44:55 [INFO]   Added new relation R_22
18:44:55 [INFO] 23 / 28
18:44:55 [INFO]   I Add Relational Node
18:44:55 [INFO]   Added new relation R_23
18:44:55 [INFO] 24 / 28
18:44:55 [INFO]   I Add Relational Node
18:44:55 [INFO]   Added new relation R_24
18:44:55 [INFO] 25 / 28
18:44:55 [INFO]   I Add Relational Node
18:44:55 [INFO]   Added new relation R_25
18:44:55 [INFO] 26 / 28
18:44:55 [INFO]   I Add Relational Node
18:44:55 [INFO]   Added new relation R_26
18:44:55 [INFO] 27 / 28
18:44:55 [INFO]   I Add Relational Node
18:44:55 [INFO]   Added new relation R_27
18:44:55 [INFO] 28 / 28
18:44:55 [INFO]   I Add Relational Node
18:44:55 [INFO]   Added new relation R_28
18:44:55 [INFO] 
18:44:55 [INFO] Adding a new rule for each relation other than the seed relations
18:44:55 [INFO] 
18:44:55 [INFO] 1 / 29
18:44:55 [INFO]   Generating new single body literal rule for R_OUT
18:44:55 [INFO]   Assigned relation R_OUT the artiy 5
18:44:55 [INFO]   Added new rule of name r_GEN_1
18:44:55 [INFO]   R_OUT(?X_2, <http://www.wikidata.org/prop/direct/P1696>, ?X_4, ?X_3, ?X_1) :- R_OUT(?X_2, <http://www.wikidata.org/prop/direct/P1696>, ?X_4, ?X_3, ?X_1) .
18:44:55 [INFO] 2 / 29
18:44:55 [INFO]   Generating new single body literal rule for R_1
18:44:55 [INFO]   Assigned relation R_1 the artiy 3
18:44:55 [INFO]   Assigned relation R_26 the artiy 6
18:44:55 [INFO]   Added new rule of name r_GEN_2
18:44:55 [INFO]   R_1(?X_3, ?X_2, ?X_1) :- R_26(?X_3, ?X_2, <http://www.wikidata.org/prop/direct/P1696>, ?X_3, ?Y_1, ?X_1) .
18:44:55 [INFO] 3 / 29
18:44:55 [INFO]   Generating new single body literal rule for R_2
18:44:55 [INFO]   Assigned relation R_2 the artiy 2
18:44:55 [INFO]   Added new rule of name r_GEN_3
18:44:55 [INFO]   R_2(?X_2, ?X_1) :- R_1(?X_2, ?X_1, ?Y_1) .
18:44:55 [INFO] 4 / 29
18:44:55 [INFO]   Generating new single body literal rule for R_3
18:44:55 [INFO]   Assigned relation R_3 the artiy 6
18:44:55 [INFO]   Assigned relation R_21 the artiy 6
18:44:55 [INFO]   Added new rule of name r_GEN_4
18:44:55 [INFO]   R_3(?X_2, ?X_5, ?X_1, ?X_6, ?X_4, ?X_3) :- R_21(?X_2, ?X_5, ?X_1, ?X_6, ?X_4, ?X_3) .
18:44:55 [INFO] 5 / 29
18:44:55 [INFO]   Generating new single body literal rule for R_4
18:44:55 [INFO]   Assigned relation R_4 the artiy 1
18:44:55 [INFO]   Added new rule of name r_GEN_5
18:44:55 [INFO]   R_4("x") :- predToKeep("x") .
18:44:55 [INFO] 6 / 29
18:44:55 [INFO]   Generating new single body literal rule for R_5
18:44:55 [INFO]   Assigned relation R_5 the artiy 2
18:44:55 [INFO]   Added new rule of name r_GEN_6
18:44:55 [INFO]   R_5(?X_1, ?X_2) :- R_OUT(?Y_1, ?X_1, ?X_2, ?Y_1, ?X_1) .
18:44:55 [INFO] 7 / 29
18:44:55 [INFO]   Generating new single body literal rule for R_6
18:44:55 [INFO]   Assigned relation R_6 the artiy 3
18:44:55 [INFO]   Added new rule of name r_GEN_7
18:44:55 [INFO]   R_6(?X_3, ?X_1, ?X_2) :- avgObjCountPerPredicate(?X_2, ?X_1), avgObjCountPerPredicate(?X_2, ?X_3) .
18:44:55 [INFO] 8 / 29
18:44:55 [INFO]   Generating new single body literal rule for R_7
18:44:55 [INFO]   Assigned relation R_7 the artiy 1
18:44:55 [INFO]   Added new rule of name r_GEN_8
18:44:55 [INFO]   R_7(?X_1) :- pred(?X_1) .
18:44:55 [INFO] 9 / 29
18:44:55 [INFO]   Generating new single body literal rule for R_8
18:44:55 [INFO]   Assigned relation R_8 the artiy 2
18:44:55 [INFO]   Assigned relation R_22 the artiy 4
18:44:55 [INFO]   Added new rule of name r_GEN_9
18:44:55 [INFO]   R_8(?X_2, ?X_1) :- R_22(<http://www.wikidata.org/prop/direct/P1696>, ?X_1, <http://www.wikidata.org/prop/direct/P1696>, ?X_2) .
18:44:55 [INFO] 10 / 29
18:44:55 [INFO]   Generating new single body literal rule for R_9
18:44:55 [INFO]   Assigned relation R_9 the artiy 5
18:44:55 [INFO]   Added new rule of name r_GEN_10
18:44:55 [INFO]   R_9(?X_2, ?X_3, ?X_3, ?X_4, <http://www.wikidata.org/prop/direct/P1696>) :- inversePropEntities(?X_2, ?X_3), inversePropEntities(?Y_1, ?X_4), inversePropEntities(<http://www.wikidata.org/prop/direct/P1696>, ?X_3) .
18:44:55 [INFO] 11 / 29
18:44:55 [INFO]   Generating new single body literal rule for R_10
18:44:55 [INFO]   Assigned relation R_10 the artiy 4
18:44:55 [INFO]   Added new rule of name r_GEN_11
18:44:55 [INFO]   R_10(?X_1, ?X_3, ?X_1, ?X_4) :- R_8(?X_1, ?X_3), R_8(?X_1, ?X_4) .
18:44:55 [INFO] 12 / 29
18:44:55 [INFO]   Generating new single body literal rule for R_11
18:44:55 [INFO]   Assigned relation R_11 the artiy 3
18:44:55 [INFO]   Added new rule of name r_GEN_12
18:44:55 [INFO]   R_11(?X_2, <http://www.wikidata.org/prop/direct/P1696>, ?X_3) :- R_1(?X_2, <http://www.wikidata.org/prop/direct/P1696>, ?X_3) .
18:44:55 [INFO] 13 / 29
18:44:55 [INFO]   Generating new single body literal rule for R_12
18:44:55 [INFO]   Assigned relation R_12 the artiy 1
18:44:55 [INFO]   Added new rule of name r_GEN_13
18:44:55 [INFO]   R_12("x") :- R_21("y", ?Y_1, "x", "y", "y", ?Y_1) .
18:44:55 [INFO] 14 / 29
18:44:55 [INFO]   Generating new single body literal rule for R_13
18:44:55 [INFO]   Assigned relation R_13 the artiy 4
18:44:55 [INFO]   Assigned relation R_24 the artiy 6
18:44:55 [INFO]   Added new rule of name r_GEN_14
18:44:55 [INFO]   R_13(?X_1, ?X_1, ?X_3, "z") :- R_24(?X_1, ?X_1, ?X_3, ?X_3, ?X_1, "z") .
18:44:55 [INFO] 15 / 29
18:44:55 [INFO]   Generating new single body literal rule for R_14
18:44:55 [INFO]   Assigned relation R_14 the artiy 3
18:44:55 [INFO]   Assigned relation R_18 the artiy 5
18:44:55 [INFO]   Added new rule of name r_GEN_15
18:44:55 [INFO]   R_14(?X_1, ?X_2, ?X_3) :- R_18(?X_1, ?X_2, ?X_2, ?X_1, ?X_3) .
18:44:55 [INFO] 16 / 29
18:44:55 [INFO]   Generating new single body literal rule for R_15
18:44:55 [INFO]   Assigned relation R_15 the artiy 1
18:44:55 [INFO]   Added new rule of name r_GEN_16
18:44:55 [INFO]   R_15(?X_1) :- inv(?X_1, ?X_1) .
18:44:55 [INFO] 17 / 29
18:44:55 [INFO]   Generating new single body literal rule for R_16
18:44:55 [INFO]   Assigned relation R_16 the artiy 4
18:44:55 [INFO]   Added new rule of name r_GEN_17
18:44:55 [INFO]   R_16(?X_2, <http://www.wikidata.org/prop/direct/P1696>, ?X_1, ?X_3) :- inversePropEntities(?X_2, <http://www.wikidata.org/prop/direct/P1696>), inversePropEntities(?X_1, ?X_3) .
18:44:55 [INFO] 18 / 29
18:44:55 [INFO]   Generating new single body literal rule for R_17
18:44:55 [INFO]   Assigned relation R_17 the artiy 3
18:44:55 [INFO]   Added new rule of name r_GEN_18
18:44:55 [INFO]   R_17(?X_3, ?X_2, "z") :- R_11(?X_3, ?X_2, "z") .
18:44:55 [INFO] 19 / 29
18:44:55 [INFO]   Generating new single body literal rule for R_18
18:44:55 [INFO]   Added new rule of name r_GEN_19
18:44:55 [INFO]   R_18("entityA", ?X_4, ?X_3, ?X_5, ?X_1) :- R_5("entityA", ?X_4), R_5(?X_3, ?X_4), R_5(?X_1, ?X_5) .
18:44:55 [INFO] 20 / 29
18:44:55 [INFO]   Generating new single body literal rule for R_19
18:44:55 [INFO]   Assigned relation R_19 the artiy 4
18:44:55 [INFO]   Added new rule of name r_GEN_20
18:44:55 [INFO]   R_19(?X_4, ?X_2, ?X_3, ?X_2) :- predToKeep(?X_4), predToKeep(?X_2), predToKeep(?X_3), predToKeep(?X_2) .
18:44:55 [INFO] 21 / 29
18:44:55 [INFO]   Generating new single body literal rule for R_20
18:44:55 [INFO]   Assigned relation R_20 the artiy 2
18:44:55 [INFO]   Added new rule of name r_GEN_21
18:44:55 [INFO]   R_20(?X_1, "a") :- R_20(?X_1, "a") .
18:44:55 [INFO] 22 / 29
18:44:55 [INFO]   Generating new single body literal rule for R_21
18:44:55 [INFO]   Added new rule of name r_GEN_22
18:44:55 [INFO]   R_21(?X_6, ?X_5, ?X_2, <http://wikiba.se/ontology#directClaim>, ?X_4, ?X_4) :- R_24(?X_6, ?X_5, ?X_2, <http://wikiba.se/ontology#directClaim>, ?X_4, ?X_4) .
18:44:55 [INFO] 23 / 29
18:44:55 [INFO]   Generating new single body literal rule for R_22
18:44:55 [INFO]   Added new rule of name r_GEN_23
18:44:55 [INFO]   R_22(?X_4, <http://wikiba.se/ontology#directClaim>, ?X_1, ?X_3) :- predToKeep(?X_4), predToKeep(<http://wikiba.se/ontology#directClaim>), predToKeep(?X_1), predToKeep(?X_3) .
18:44:55 [INFO] 24 / 29
18:44:55 [INFO]   Generating new single body literal rule for R_23
18:44:55 [INFO]   Assigned relation R_23 the artiy 2
18:44:55 [INFO]   Added new rule of name r_GEN_24
18:44:55 [INFO]   R_23("z", ?X_2) :- R_14("z", ?X_2, ?X_2) .
18:44:55 [INFO] 25 / 29
18:44:55 [INFO]   Generating new single body literal rule for R_24
18:44:55 [INFO]   Added new rule of name r_GEN_25
18:44:55 [INFO]   R_24(?X_2, ?X_1, ?X_3, ?X_2, ?X_6, ?X_4) :- wikidata(?X_2, ?X_1, ?X_3), wikidata(?X_2, ?X_6, ?X_4) .
18:44:55 [INFO] 26 / 29
18:44:55 [INFO]   Generating new single body literal rule for R_25
18:44:55 [INFO]   Assigned relation R_25 the artiy 5
18:44:55 [INFO]   Assigned relation R_28 the artiy 6
18:44:55 [INFO]   Added new rule of name r_GEN_26
18:44:55 [INFO]   R_25(?X_4, ?X_4, ?X_1, "x", ?X_5) :- R_28(?X_4, ?X_4, ?X_1, <http://www.wikidata.org/prop/direct/P1696>, ?X_5, "x") .
18:44:55 [INFO] 27 / 29
18:44:55 [INFO]   Generating new single body literal rule for R_26
18:44:55 [INFO]   Added new rule of name r_GEN_27
18:44:55 [INFO]   R_26(?X_6, "a", ?X_4, ?X_2, ?X_5, ?X_3) :- R_12(?X_6), R_12("a"), R_12(?X_4), R_12(?X_2), R_12(?X_5), R_12(?X_3) .
18:44:55 [INFO] 28 / 29
18:44:55 [INFO]   Generating new single body literal rule for R_27
18:44:55 [INFO]   Assigned relation R_27 the artiy 6
18:44:55 [INFO]   Added new rule of name r_GEN_28
18:44:55 [INFO]   R_27(?X_5, ?X_3, "x", ?X_4, ?X_2, ?X_3) :- R_4(?X_5), R_4(?X_3), R_4("x"), R_4(?X_4), R_4(?X_2), R_4(?X_3) .
18:44:55 [INFO] 29 / 29
18:44:55 [INFO]   Generating new single body literal rule for R_28
18:44:55 [INFO]   Added new rule of name r_GEN_29
18:44:55 [INFO]   R_28(?X_5, "x", ?X_4, ?X_2, ?X_1, ?X_6) :- R_15(?X_5), R_15("x"), R_15(?X_4), R_15(?X_2), R_15(?X_1), R_15(?X_6) .
18:44:55 [INFO] 
18:44:55 [INFO] Adding a outgoing relational edge for each relation other than R_OUT
18:44:55 [INFO] 
18:44:55 [INFO] 1 / 37
18:44:55 [INFO]   Adding outgoing relational edge from avgObjCountPerPredicate for r_GEN_29
18:44:55 [INFO]   Generated literal ~avgObjCountPerPredicate(?X_4, ?X_1) for rule r_GEN_29
18:44:55 [INFO] 2 / 37
18:44:55 [INFO]   Adding outgoing relational edge from inv for r_GEN_8
18:44:55 [INFO]   Generated literal inv(?X_1, ?X_1) for rule r_GEN_8
18:44:55 [INFO] 3 / 37
18:44:55 [INFO]   Adding outgoing relational edge from inversePropEntities for r_GEN_23
18:44:55 [INFO]   Generated literal ~inversePropEntities(?X_4, ?X_3) for rule r_GEN_23
18:44:55 [INFO] 4 / 37
18:44:55 [INFO]   Adding outgoing relational edge from objCountPerPredAndSource for r_GEN_5
18:44:55 [INFO]   Generated literal objCountPerPredAndSource(<http://www.wikidata.org/prop/direct/P1696>, ?Z_1, "x") for rule r_GEN_5
18:44:55 [INFO] 5 / 37
18:44:55 [INFO]   Adding outgoing relational edge from pred for r_GEN_6
18:44:55 [INFO]   Generated literal pred(?Y_1) for rule r_GEN_6
18:44:55 [INFO] 6 / 37
18:44:55 [INFO]   Adding outgoing relational edge from predToKeep for r_GEN_5
18:44:55 [INFO]   Generated literal ~predToKeep(?Z_1) for rule r_GEN_5
18:44:55 [INFO] 7 / 37
18:44:55 [INFO]   Adding outgoing relational edge from rightSmaller for r_GEN_1
18:44:55 [INFO]   Generated literal rightSmaller(?X_1) for rule r_GEN_1
18:44:55 [INFO] 8 / 37
18:44:55 [INFO]   Adding outgoing relational edge from totalSubjCountPerPred for r_GEN_2
18:44:55 [INFO]   Generated literal totalSubjCountPerPred(?Z_3, ?Y_1) for rule r_GEN_2
18:44:55 [INFO] 9 / 37
18:44:55 [INFO]   Adding outgoing relational edge from wikidata for r_GEN_23
18:44:55 [INFO]   Generated literal wikidata(<http://wikiba.se/ontology#directClaim>, ?X_3, ?X_3) for rule r_GEN_23
18:44:55 [INFO] 10 / 37
18:44:55 [INFO]   Adding outgoing relational edge from R_1 for r_GEN_29
18:44:55 [INFO]   Generated literal R_1(?X_2, ?X_4, ?Z_1) for rule r_GEN_29
18:44:55 [INFO] 11 / 37
18:44:55 [INFO]   Adding outgoing relational edge from R_2 for r_GEN_17
18:44:55 [INFO]   Generated literal R_2(?X_3, ?X_3) for rule r_GEN_17
18:44:55 [INFO] 12 / 37
18:44:55 [INFO]   Adding outgoing relational edge from R_3 for r_GEN_7
18:44:55 [INFO]   Generated literal R_3(?X_1, ?X_2, ?X_2, ?X_1, ?X_3, "x") for rule r_GEN_7
18:44:55 [INFO] 13 / 37
18:44:55 [INFO]   Adding outgoing relational edge from R_4 for r_GEN_4
18:44:55 [INFO]   Generated literal R_4(?X_3) for rule r_GEN_4
18:44:55 [INFO] 14 / 37
18:44:55 [INFO]   Adding outgoing relational edge from R_5 for r_GEN_25
18:44:55 [INFO]   Generated literal R_5(?Z_4, <http://wikiba.se/ontology#directClaim>) for rule r_GEN_25
18:44:55 [INFO] 15 / 37
18:44:55 [INFO]   Adding outgoing relational edge from R_6 for r_GEN_22
18:44:55 [INFO]   Generated literal R_6(?X_4, ?Z_1, "y") for rule r_GEN_22
18:44:55 [INFO] 16 / 37
18:44:55 [INFO]   Adding outgoing relational edge from R_7 for r_GEN_1
18:44:55 [INFO]   Generated literal R_7(?X_1) for rule r_GEN_1
18:44:55 [INFO] 17 / 37
18:44:55 [INFO]   Adding outgoing relational edge from R_8 for r_GEN_17
18:44:55 [INFO]   Generated literal ~R_8(?X_2, "entityB") for rule r_GEN_17
18:44:55 [INFO] 18 / 37
18:44:55 [INFO]   Adding outgoing relational edge from R_9 for r_GEN_25
18:44:55 [INFO]   Generated literal R_9(?X_3, ?X_4, ?X_1, ?X_6, ?X_2) for rule r_GEN_25
18:44:55 [INFO] 19 / 37
18:44:55 [INFO]   Adding outgoing relational edge from R_10 for r_GEN_7
18:44:55 [INFO]   Generated literal R_10(?X_2, ?X_2, ?X_2, ?X_2) for rule r_GEN_7
18:44:55 [INFO] 20 / 37
18:44:55 [INFO]   Adding outgoing relational edge from R_11 for r_GEN_21
18:44:55 [INFO]   Generated literal R_11("y", ?X_1, ?X_1) for rule r_GEN_21
18:44:55 [INFO] 21 / 37
18:44:55 [INFO]   Adding outgoing relational edge from R_12 for r_GEN_24
18:44:55 [INFO]   Generated literal R_12(?X_2) for rule r_GEN_24
18:44:55 [INFO] 22 / 37
18:44:55 [INFO]   Adding outgoing relational edge from R_13 for r_GEN_9
18:44:55 [INFO]   Generated literal ~R_13(?X_1, ?X_2, ?X_2, "entityA") for rule r_GEN_9
18:44:55 [INFO] 23 / 37
18:44:55 [INFO]   Adding outgoing relational edge from R_14 for r_GEN_6
18:44:55 [INFO]   Generated literal R_14(?Z_2, ?X_2, ?X_1) for rule r_GEN_6
18:44:55 [INFO] 24 / 37
18:44:55 [INFO]   Adding outgoing relational edge from R_15 for r_GEN_13
18:44:55 [INFO]   Generated literal R_15(?Z_1) for rule r_GEN_13
18:44:55 [INFO] 25 / 37
18:44:55 [INFO]   Adding outgoing relational edge from R_16 for r_GEN_12
18:44:55 [INFO]   Generated literal R_16(?X_2, ?X_3, ?X_3, ?Z_2) for rule r_GEN_12
18:44:55 [INFO] 26 / 37
18:44:55 [INFO]   Adding outgoing relational edge from R_17 for r_GEN_17
18:44:55 [INFO]   Generated literal R_17(?X_3, "b", ?Z_3) for rule r_GEN_17
18:44:55 [INFO] 27 / 37
18:44:55 [INFO]   Adding outgoing relational edge from R_18 for r_GEN_26
18:44:55 [INFO]   Generated literal R_18(?X_4, ?X_1, ?X_4, ?X_5, ?Z_1) for rule r_GEN_26
18:44:55 [INFO] 28 / 37
18:44:55 [INFO]   Adding outgoing relational edge from R_19 for r_GEN_5
18:44:55 [INFO]   Generated literal ~R_19(<http://www.wikidata.org/prop/direct/P1696>, ?Z_1, ?Z_1, ?Z_1) for rule r_GEN_5
18:44:55 [INFO] 29 / 37
18:44:55 [INFO]   Adding outgoing relational edge from R_20 for r_GEN_28
18:44:55 [INFO]   Generated literal ~R_20(?X_5, ?X_3) for rule r_GEN_28
18:44:55 [INFO] 30 / 37
18:44:55 [INFO]   Adding outgoing relational edge from R_21 for r_GEN_23
18:44:55 [INFO]   Generated literal R_21(?X_3, ?X_3, ?Z_3, ?X_4, ?X_1, ?X_1) for rule r_GEN_23
18:44:55 [INFO] 31 / 37
18:44:55 [INFO]   Adding outgoing relational edge from R_22 for r_GEN_26
18:44:55 [INFO]   Generated literal R_22(?X_4, ?X_4, ?X_4, ?X_1) for rule r_GEN_26
18:44:55 [INFO] 32 / 37
18:44:55 [INFO]   Adding outgoing relational edge from R_23 for r_GEN_13
18:44:55 [INFO]   Generated literal R_23(?Z_1, ?Y_1) for rule r_GEN_13
18:44:55 [INFO] 33 / 37
18:44:55 [INFO]   Adding outgoing relational edge from R_24 for r_GEN_5
18:44:55 [INFO]   Generated literal ~R_24(?Z_1, ?Z_1, "a", ?Z_1, ?Z_1, ?Z_1) for rule r_GEN_5
18:44:55 [INFO] 34 / 37
18:44:55 [INFO]   Adding outgoing relational edge from R_25 for r_GEN_3
18:44:55 [INFO]   Generated literal R_25(?X_2, ?Y_1, ?X_1, ?X_1, ?Z_2) for rule r_GEN_3
18:44:55 [INFO] 35 / 37
18:44:55 [INFO]   Adding outgoing relational edge from R_26 for r_GEN_26
18:44:55 [INFO]   Generated literal R_26(?X_4, ?X_5, ?X_1, ?Z_1, ?X_4, ?X_1) for rule r_GEN_26
18:44:55 [INFO] 36 / 37
18:44:55 [WARN] Could not generate outgoing relational edge for R_27
18:44:55 [INFO] 37 / 37
18:44:55 [INFO]   Adding outgoing relational edge from R_28 for r_GEN_21
18:44:55 [INFO]   Generated literal R_28(?X_1, "z", ?Z_2, ?X_1, ?Z_1, ?X_1) for rule r_GEN_21
18:44:55 [INFO] 
18:44:55 [INFO] Adding gen. size facts
18:44:55 [INFO] 
18:44:55 [INFO] 1 / 29
18:44:55 [INFO]   II Add Fact Node and Edge
18:44:55 [INFO]   Added new fact R_26(c_1, c_2, 11978172796324709216, c_3, c_4, <http://www.wikidata.org/prop/direct/P1696>).
18:44:55 [INFO] 2 / 29
18:44:55 [INFO]   II Add Fact Node and Edge
18:44:55 [INFO]   Added new fact R_17(c_1, c_3, 1779274025948015249).
18:44:55 [INFO] 3 / 29
18:44:55 [INFO]   II Add Fact Node and Edge
18:44:55 [INFO]   Added new fact R_1("str_1", "x", c_3).
18:44:55 [INFO] 4 / 29
18:44:55 [INFO]   II Add Fact Node and Edge
18:44:55 [INFO]   Added new fact R_22("entityB", c_5, 14167760828388138487, 11449134916402031303).
18:44:55 [INFO] 5 / 29
18:44:55 [INFO]   II Add Fact Node and Edge
18:44:55 [INFO]   Added new fact R_20("str_1", 2214305218641352390).
18:44:55 [INFO] 6 / 29
18:44:55 [INFO]   II Add Fact Node and Edge
18:44:55 [INFO]   Added new fact R_15(<http://wikiba.se/ontology#directClaim>).
18:44:55 [INFO] 7 / 29
18:44:55 [INFO]   II Add Fact Node and Edge
18:44:55 [INFO]   Added new fact R_27("y", "b", 8038140038667131230, 5651186575636976059, 7444029722819100160, c_3).
18:44:55 [INFO] 8 / 29
18:44:55 [INFO]   II Add Fact Node and Edge
18:44:55 [INFO]   Added new fact R_21(c_4, "entityB", c_6, 9875163711240830559, 7253878427866008695, 7444029722819100160).
18:44:55 [INFO] 9 / 29
18:44:55 [INFO]   II Add Fact Node and Edge
18:44:55 [INFO]   Added new fact R_12(c_7).
18:44:55 [INFO] 10 / 29
18:44:55 [INFO]   II Add Fact Node and Edge
18:44:55 [INFO]   Added new fact R_7("x").
18:44:55 [INFO] 11 / 29
18:44:55 [INFO]   II Add Fact Node and Edge
18:44:55 [INFO]   Added new fact R_8(16363139831689846299, "x").
18:44:55 [INFO] 12 / 29
18:44:55 [INFO]   II Add Fact Node and Edge
18:44:55 [INFO]   Added new fact R_13("entityA", "entityA", 2214305218641352390, c_8).
18:44:55 [INFO] 13 / 29
18:44:55 [INFO]   II Add Fact Node and Edge
18:44:55 [INFO]   Added new fact R_24(8920398117186796036, 5651186575636976059, <http://www.wikidata.org/prop/direct/P1696>, "entityA", "x", 4039373789494455086).
18:44:55 [INFO] 14 / 29
18:44:55 [INFO]   II Add Fact Node and Edge
18:44:55 [INFO]   Added new fact R_6(c_9, c_10, c_3).
18:44:55 [INFO] 15 / 29
18:44:55 [INFO]   II Add Fact Node and Edge
18:44:55 [INFO]   Added new fact R_11(c_11, c_12, 5651186575636976059).
18:44:55 [INFO] 16 / 29
18:44:55 [INFO]   II Add Fact Node and Edge
18:44:55 [INFO]   Added new fact R_17("entityB", c_13, 6433621219520195190).
18:44:55 [INFO] 17 / 29
18:44:55 [INFO]   II Add Fact Node and Edge
18:44:55 [INFO]   Added new fact R_14(c_14, "entityA", c_15).
18:44:55 [INFO] 18 / 29
18:44:55 [INFO]   II Add Fact Node and Edge
18:44:55 [INFO]   Added new fact R_28(2214305218641352390, <http://wikiba.se/ontology#directClaim>, 16363139831689846299, "b", c_16, 16381873864803943661).
18:44:55 [INFO] 19 / 29
18:44:55 [INFO]   II Add Fact Node and Edge
18:44:55 [INFO]   Added new fact R_26("entityA", 11978172796324709216, c_17, c_18, c_13, "x").
18:44:55 [INFO] 20 / 29
18:44:55 [INFO]   II Add Fact Node and Edge
18:44:55 [INFO]   Added new fact R_14(c_19, c_12, "z").
18:44:55 [INFO] 21 / 29
18:44:55 [INFO]   II Add Fact Node and Edge
18:44:55 [INFO]   Added new fact R_20("z", 131306841030061423).
18:44:55 [INFO] 22 / 29
18:44:55 [INFO]   II Add Fact Node and Edge
18:44:55 [INFO]   Added new fact R_16("str_2", 14167760828388138487, c_20, "x").
18:44:55 [INFO] 23 / 29
18:44:55 [INFO]   II Add Fact Node and Edge
18:44:55 [INFO]   Added new fact R_16(c_21, "str_3", c_22, c_23).
18:44:55 [INFO] 24 / 29
18:44:55 [INFO]   II Add Fact Node and Edge
18:44:55 [INFO]   Added new fact R_6("x", 3776814415839740768, 12096755154436363025).
18:44:55 [INFO] 25 / 29
18:44:55 [INFO]   II Add Fact Node and Edge
18:44:55 [INFO]   Added new fact R_16(c_24, "str_4", "str_3", 10651938098531869310).
18:44:55 [INFO] 26 / 29
18:44:55 [INFO]   II Add Fact Node and Edge
18:44:55 [INFO]   Added new fact R_27(c_25, 11399107673113018474, c_26, 3776814415839740768, c_9, "str_5").
18:44:55 [INFO] 27 / 29
18:44:55 [INFO]   II Add Fact Node and Edge
18:44:55 [INFO]   Added new fact R_17(<http://www.wikidata.org/prop/direct/P1696>, "str_6", 3183070319906844571).
18:44:55 [INFO] 28 / 29
18:44:55 [INFO]   II Add Fact Node and Edge
18:44:55 [INFO]   Added new fact R_23(11399107673113018474, "str_7").
18:44:55 [INFO] 29 / 29
18:44:55 [INFO]   II Add Fact Node and Edge
18:44:55 [INFO]   Added new fact R_10(16381873864803943661, "str_8", c_27, c_28).
18:44:55 [INFO] 
18:44:55 [INFO] ----------------------------------------------
18:44:55 [INFO] ----------- Program Generation Done ----------
18:44:55 [INFO] ----------------------------------------------
18:44:55 [INFO] 
18:44:55 [INFO] ----------- Generated ADG Summary: -----------
18:44:55 [INFO] ADG Fact Nodes:                  29
18:44:55 [INFO] ADG Relational Nodes:            38
18:44:55 [INFO] ADG Fact Edges:                  29
18:44:55 [INFO] ADG Relational Edges:            94
18:44:55 [INFO] Number of inv. Strata:           3
18:44:55 [INFO] 
18:44:55 [INFO] Nodes with None Ancestry:        33
18:44:55 [INFO] Nodes with Positive Ancestry:    5
18:44:55 [INFO] Nodes with Negative Ancestry:    0
18:44:55 [INFO] Nodes with Unknown Ancestry:     0
18:44:55 [INFO] 
18:44:55 [INFO] Next rule name would be:         r_EXP_30
18:44:55 [INFO] Next predicate name would be:    R_29
18:44:55 [INFO] Next constant name would be:     c_29
18:44:55 [INFO] Next string would be:            "str_9"
18:44:55 [INFO] 
18:44:55 [INFO] Output predicate:                R_OUT
18:44:55 [INFO] Generated rule count:            29
18:44:55 [INFO] Rule count:                      39
18:44:55 [INFO] Average rel. arity:              3.210526315789474
18:44:55 [INFO] Arity calc. may be inaccurate if arity > f64
18:44:55 [INFO] ----------------------------------------------
18:44:55 [INFO] 
18:44:55 [INFO] ------ Performed Gen. Transformations: -------
18:44:55 [INFO]  #      Type
18:44:55 [INFO]  29      Generate New Rule with Probably Single Lit
18:44:55 [INFO]  36      Generating an Outgoing Relational Edge
18:44:55 [INFO]  28      I     Add Relational Node
18:44:55 [INFO]  29      II    Add Fact Node and Edge
18:44:55 [INFO] ----------------------------------------------
18:44:55 [INFO] 
18:44:55 [INFO] Storing input ADG and input program
18:44:55 [INFO] 
18:44:55 [INFO] ----------------------------------------------
18:44:55 [INFO] --------- Beginning Transformations ----------
18:44:55 [INFO] --------  Oracle: EXP    Number: 27
18:44:55 [INFO] ----------------------------------------------
18:44:55 [INFO] 1 / 27
18:44:55 [INFO]   III Add Relational edges - New Rule
18:44:55 [INFO]   Added new rule of name r_EXP_32
18:44:55 [INFO]   R_7(?X_1) :- R_13(?X_1, ?X_1, ?X_1, ?X_1), avgObjCountPerPredicate(?Y_1, "str_10"), R_15("str_10"), R_15(?Y_1), totalSubjCountPerPred("str_10", ?Y_1), R_19(?X_1, ?Y_1, ?Y_1, ?X_1) .
18:44:55 [INFO] 2 / 27
18:44:55 [INFO]   VIII Modify Rule - Remove Equality
18:44:55 [INFO]   Replaced a random number of var X_3 with var X_3_new_1 in the rule r_GEN_4
18:44:55 [INFO] 3 / 27
18:44:55 [INFO]   XI Add Contradictory Rule
18:44:55 [INFO]   Added new contradictory rule of name r_EXP_33
18:44:55 [INFO]   R_2(?X_1, ?X_2) :- R_3("entityA", ?Y_1, ?X_2, "entityA", "entityA", ?X_1), ~R_3("entityA", ?Y_1, ?X_2, "entityA", "entityA", ?X_1) .
18:44:55 [INFO] 4 / 27
18:44:55 [INFO]   XI Add Contradictory Rule
18:44:55 [INFO]   Added new contradictory rule of name r_EXP_34
18:44:55 [INFO]   R_7("a") :- pred("a"), ~pred("a") .
18:44:55 [INFO] 5 / 27
18:44:55 [INFO]   Xa Remove Relational Node - Rule Variant
18:44:55 [INFO]   Removing relational node R_16
18:44:55 [INFO]   Removing the Rule of the name r_GEN_12
18:44:55 [INFO]   Removing the Rule of the name r_GEN_17
18:44:55 [INFO]   Removing at least 7 relational edges.
18:44:55 [INFO] 6 / 27
18:44:55 [INFO]   V Remove Relational Edges - Whole Rule
18:44:55 [INFO]   Removing the Rule of the name r_GEN_3
18:44:55 [INFO] 7 / 27
18:44:55 [INFO]   I Add Relational Node
18:44:55 [INFO]   Added new relation R_31
18:44:55 [INFO] 8 / 27
18:44:55 [INFO]   Xa Remove Relational Node - Rule Variant
18:44:55 [INFO]   Removing relational node R_27
18:44:55 [INFO]   Removing the Rule of the name r_GEN_28
18:44:55 [INFO]   Removing at least 7 relational edges.
18:44:55 [INFO] 9 / 27
18:44:55 [INFO]   VIII Modify Rule - Remove Equality
18:44:55 [INFO]   Replaced a random number of var X_4 with var X_4_new_1 in the rule r_GEN_26
18:44:55 [INFO] 10 / 27
18:44:55 [INFO]   IX Remove Fact Node and Edge
18:44:55 [INFO]   Removed fact R_17("entityB", c_13, 6433621219520195190). from the program
18:44:55 [INFO]   Removed fact R_17("entityB", c_13, 6433621219520195190). from the ADG.
18:44:55 [INFO] 11 / 27
18:44:55 [INFO]   III Add Relational edges - New Rule
18:44:55 [INFO]   Added new rule of name r_EXP_35
18:44:55 [INFO]   R_17(?X_2, ?X_1, ?X_3) :- R_1(?X_2, ?X_3, ?X_3), objCountPerPredAndSource(?X_2, ?X_1, ?X_2), ~R_8(?X_2, ?X_3), ~R_4(?X_3), ~R_10(?X_3, ?X_3, ?X_1, ?X_3), ~R_11(?X_2, ?X_3, ?X_2) .
18:44:55 [INFO] 12 / 27
18:44:55 [INFO]   Xa Remove Relational Node - Rule Variant
18:44:55 [INFO]   Removing relational node R_11
18:44:55 [INFO]   Removing the Rule of the name r_GEN_18
18:44:55 [INFO]   Removing the Rule of the name r_GEN_21
18:44:55 [INFO]   Removing the Rule of the name r_EXP_35
18:44:55 [INFO]   Removing at least 10 relational edges.
18:44:55 [INFO] 13 / 27
18:44:55 [INFO]   XI Add Contradictory Rule
18:44:55 [INFO]   Added new contradictory rule of name r_EXP_36
18:44:55 [INFO]   R_26(?X_5, ?X_2, c_16, ?X_1, ?X_4, ?X_5) :- R_24(?X_5, ?X_2, c_16, ?X_1, ?X_4, ?X_5), ~R_24(?X_5, ?X_2, c_16, ?X_1, ?X_4, ?X_5) .
18:44:55 [INFO] 14 / 27
18:44:55 [INFO]   V Remove Relational Edges - Whole Rule
18:44:55 [INFO]   Removing the Rule of the name r_EXP_36
18:44:55 [INFO] 15 / 27
18:44:56 [INFO]   VIII Modify Rule - Remove Equality
18:44:56 [INFO]   Replaced a random number of var X_2 with var X_2_new_1 in the rule r_GEN_24
18:44:56 [INFO] 16 / 27
18:44:56 [INFO]   Xa Remove Relational Node - Rule Variant
18:44:56 [INFO]   Removing relational node R_8
18:44:56 [INFO]   Removing the Rule of the name r_GEN_11
18:44:56 [INFO]   Removing the Rule of the name r_GEN_9
18:44:56 [INFO]   Removing at least 4 relational edges.
18:44:56 [INFO] 17 / 27
18:44:56 [INFO]   VIII Modify Rule - Remove Equality
18:44:56 [INFO]   Replaced a random number of var X_1 with var X_1_new_1 in the rule r_GEN_16
18:44:56 [INFO] 18 / 27
18:44:56 [INFO]   IV Add Relational Edge - New Literal
18:44:56 [INFO]   Generated literal R_23(?Z_2, ?Z_6) for rule r_GEN_23
18:44:56 [INFO] 19 / 27
18:44:56 [INFO]   IX Remove Fact Node and Edge
18:44:56 [INFO]   Removed fact R_26(c_1, c_2, 11978172796324709216, c_3, c_4, <http://www.wikidata.org/prop/direct/P1696>). from the program
18:44:56 [INFO]   Removed fact R_26(c_1, c_2, 11978172796324709216, c_3, c_4, <http://www.wikidata.org/prop/direct/P1696>). from the ADG.
18:44:56 [INFO] 20 / 27
18:44:56 [INFO]   Xa Remove Relational Node - Rule Variant
18:44:56 [INFO]   Removing relational node R_1
18:44:56 [INFO]   Removing the Rule of the name r_GEN_2
18:44:56 [INFO]   Removing the Rule of the name r_GEN_29
18:44:56 [INFO]   Removing at least 10 relational edges.
18:44:56 [INFO] 21 / 27
18:44:56 [INFO]   IX Remove Fact Node and Edge
18:44:56 [INFO]   Removed fact R_26("entityA", 11978172796324709216, c_17, c_18, c_13, "x"). from the program
18:44:56 [INFO]   Removed fact R_26("entityA", 11978172796324709216, c_17, c_18, c_13, "x"). from the ADG.
18:44:56 [INFO] 22 / 27
18:44:56 [INFO]   III Add Relational edges - New Rule
18:44:56 [INFO]   Added new rule of name r_EXP_37
18:44:56 [INFO]   R_10(c_29, ?X_4, ?X_4, ?X_1) :- R_OUT(c_29, ?X_4, ?X_4, ?X_1, ?X_4), R_4(?X_1), R_7(?Y_1), R_25(?Y_1, c_29, c_15, ?X_4, c_15), ~predToKeep(?X_4) .
18:44:56 [INFO] 23 / 27
18:44:56 [INFO]   IX Remove Fact Node and Edge
18:44:56 [INFO]   Removed fact R_23(11399107673113018474, "str_7"). from the program
18:44:56 [INFO]   Removed fact R_23(11399107673113018474, "str_7"). from the ADG.
18:44:56 [INFO] 24 / 27
18:44:56 [INFO]   VI Remove Relational Edge - Single Literal
18:44:56 [INFO]   Found the rule of the name r_GEN_25
18:44:56 [INFO]   Removed relational edge NodeIndex(14): (R_5 -> R_24)
18:44:56 [INFO]   Attempting to remove the literal +R_5(, ?Z_4, <http://wikiba.se/ontology#directClaim>) from the rule r_GEN_25
18:44:56 [INFO] 25 / 27
18:44:56 [INFO]   IV Add Relational Edge - New Literal
18:44:56 [INFO]   Generated literal ~R_14(7444029722819100160, ?X_1, ?Y_1) for rule r_EXP_33
18:44:56 [INFO] 26 / 27
18:44:56 [INFO]   VI Remove Relational Edge - Single Literal
18:44:56 [INFO]   Found the rule of the name r_EXP_37
18:44:56 [INFO]   Removed relational edge NodeIndex(16): (R_7 -> R_10)
18:44:56 [INFO]   Attempting to remove the literal +R_7(, ?Y_1) from the rule r_EXP_37
18:44:56 [INFO] 27 / 27
18:44:56 [INFO]   II Add Fact Node and Edge
18:44:56 [INFO]   Added new fact R_25(c_31, 11978172796324709216, c_32, c_17, c_20).
18:44:56 [INFO] ----------------------------------------------
18:44:56 [INFO] ------------ Transformations Done ------------
18:44:56 [INFO] ----------------------------------------------
18:44:56 [INFO]  Ressources required: 
                
18:44:56 [INFO] ---------- Transformed ADG Summary: ----------
18:44:56 [INFO] ADG Fact Nodes:                  18
18:44:56 [INFO] ADG Relational Nodes:            34
18:44:56 [INFO] ADG Fact Edges:                  18
18:44:56 [INFO] ADG Relational Edges:            75
18:44:56 [INFO] Number of inv. Strata:           3
18:44:56 [INFO] 
18:44:56 [INFO] Nodes with None Ancestry:        18
18:44:56 [INFO] Nodes with Positive Ancestry:    14
18:44:56 [INFO] Nodes with Negative Ancestry:    0
18:44:56 [INFO] Nodes with Unknown Ancestry:     1
18:44:56 [INFO] 
18:44:56 [INFO] Next rule name would be:         r_EXP_38
18:44:56 [INFO] Next predicate name would be:    R_32
18:44:56 [INFO] Next constant name would be:     c_33
18:44:56 [INFO] Next string would be:            "str_11"
18:44:56 [INFO] 
18:44:56 [INFO] Output predicate:                R_OUT
18:44:56 [INFO] Rule count:                      33
18:44:56 [INFO] Average rel. arity:              3.210526315789474
18:44:56 [INFO] Arity calc. may be inaccurate if arity > f64
18:44:56 [INFO] ----------------------------------------------
18:44:56 [INFO] 
18:44:56 [INFO] --------- Performed Transformations: ---------
18:44:56 [INFO]  #      Type
18:44:56 [INFO]  3      Failed Transformation Attempts
18:44:56 [INFO]  1      I     Add Relational Node
18:44:56 [INFO]  1      II    Add Fact Node and Edge
18:44:56 [INFO]  3      III   Add Relational edges - New Rule
18:44:56 [INFO]  2      IV    Add Relational Edge - New Literal
18:44:56 [INFO]  4      IX    Remove Fact Node and Edge
18:44:56 [INFO]  2      V     Remove Relational Edges - Whole Rule
18:44:56 [INFO]  2      VI    Remove Relational Edge - Single Literal
18:44:56 [INFO]  0      VII   Modify Rule - Add Equality
18:44:56 [INFO]  4      VIII  Modify Rule - Remove Equality
18:44:56 [INFO]  3      XI   Add Contradictory Rule
18:44:56 [INFO]  5      Xa     Remove Relational Node Rule Variant - None anc only
18:44:56 [INFO] ----------------------------------------------
18:44:56 [INFO] 
18:44:56 [INFO] Writing output ADG and file.
18:44:56 [INFO] 
18:44:56 [INFO] ----------------------------------------------
18:44:56 [INFO] -- Beginning Nemo Execution - Input Program --
18:44:56 [INFO] ----------------------------------------------
18:44:56 [INFO] Stratified program: [[0, 1, 2, 3, 8], [4], [5], [6, 7, 9]]
18:44:56 [INFO] <<< STEP 1: APPLYING RULE 0 inversePropEntities(?s, ?o) :- wikidata(?s, ?_BODY_1, ?o), Equal(StringCompare(LexicalValue(?s), LexicalValue(?o)), -1), Equal(?_BODY_1, <http://www.wikidata.org/prop/direct/P1696>) >>>
18:44:56 [INFO] Loading source SimpleTable { arity: 3, data: [AnyDataValue(PlainString(StringDataValue("entityA"))), AnyDataValue(Iri(IriDataValue("http://www.wikidata.org/prop/direct/P1696"))), AnyDataValue(PlainString(StringDataValue("entityB"))), AnyDataValue(PlainString(StringDataValue("entityA"))), AnyDataValue(Iri(IriDataValue("http://wikiba.se/ontology#directClaim"))), AnyDataValue(PlainString(StringDataValue("a"))), AnyDataValue(PlainString(StringDataValue("entityB"))), AnyDataValue(Iri(IriDataValue("http://wikiba.se/ontology#directClaim"))), AnyDataValue(PlainString(StringDataValue("b"))), AnyDataValue(PlainString(StringDataValue("x"))), AnyDataValue(PlainString(StringDataValue("a"))), AnyDataValue(PlainString(StringDataValue("y"))), AnyDataValue(PlainString(StringDataValue("x"))), AnyDataValue(PlainString(StringDataValue("a"))), AnyDataValue(PlainString(StringDataValue("z"))), AnyDataValue(PlainString(StringDataValue("y"))), AnyDataValue(PlainString(StringDataValue("b"))), AnyDataValue(PlainString(StringDataValue("x"))), AnyDataValue(PlainString(StringDataValue("z"))), AnyDataValue(PlainString(StringDataValue("b"))), AnyDataValue(PlainString(StringDataValue("x")))] }
18:44:56 [INFO] Execution step: Body
18:44:56 [INFO] Saved temporary table: 1 entries (6856)
18:44:56 [INFO] Execution step: Duplicate Elimination (Datalog)
18:44:56 [INFO] Saved permanent table inversePropEntities (1) Permutation { idx_to_val: [], val_to_idx: [] } with 1 entries (6904)
18:44:56 [INFO] Rule duration: 0 ms
18:44:56 [INFO] <<< STEP 2: APPLYING RULE 0 inversePropEntities(?s, ?o) :- wikidata(?s, ?_BODY_1, ?o), Equal(StringCompare(LexicalValue(?s), LexicalValue(?o)), -1), Equal(?_BODY_1, <http://www.wikidata.org/prop/direct/P1696>) >>>
18:44:56 [INFO] Execution step: Body
18:44:56 [INFO] Trie does not contain any elements
18:44:56 [INFO] Execution step: Duplicate Elimination (Datalog)
18:44:56 [INFO] Trie does not contain any elements
18:44:56 [INFO] Rule duration: 0 ms
18:44:56 [INFO] <<< STEP 3: APPLYING RULE 1 inv(?p1, ?p2) :- inversePropEntities(?e1, ?e2), wikidata(?e1, ?_BODY_1, ?p1), wikidata(?e2, ?_BODY_2, ?p2), Equal(?_BODY_1, <http://wikiba.se/ontology#directClaim>), Equal(?_BODY_2, <http://wikiba.se/ontology#directClaim>) >>>
18:44:56 [INFO] Execution step: Body
18:44:56 [INFO] Saved temporary table: 1 entries (6856)
18:44:56 [INFO] Execution step: Duplicate Elimination (Datalog)
18:44:56 [INFO] Saved permanent table inv (3) Permutation { idx_to_val: [], val_to_idx: [] } with 1 entries (6904)
18:44:56 [INFO] Rule duration: 0 ms
18:44:56 [INFO] <<< STEP 4: APPLYING RULE 1 inv(?p1, ?p2) :- inversePropEntities(?e1, ?e2), wikidata(?e1, ?_BODY_1, ?p1), wikidata(?e2, ?_BODY_2, ?p2), Equal(?_BODY_1, <http://wikiba.se/ontology#directClaim>), Equal(?_BODY_2, <http://wikiba.se/ontology#directClaim>) >>>
18:44:56 [INFO] Execution step: Body
18:44:56 [INFO] Trie does not contain any elements
18:44:56 [INFO] Execution step: Duplicate Elimination (Datalog)
18:44:56 [INFO] Trie does not contain any elements
18:44:56 [INFO] Rule duration: 0 ms
18:44:56 [INFO] <<< STEP 5: APPLYING RULE 2 pred(?s) :- inv(?s, ?_BODY_1) >>>
18:44:56 [INFO] Execution step: Body
18:44:56 [INFO] Saved temporary table: 1 entries (3404)
18:44:56 [INFO] Execution step: Duplicate Elimination (Datalog)
18:44:56 [INFO] Saved permanent table pred (5) Permutation { idx_to_val: [], val_to_idx: [] } with 1 entries (3452)
18:44:56 [INFO] Rule duration: 0 ms
18:44:56 [INFO] <<< STEP 6: APPLYING RULE 2 pred(?s) :- inv(?s, ?_BODY_1) >>>
18:44:56 [INFO] Execution step: Body
18:44:56 [INFO] Trie does not contain any elements
18:44:56 [INFO] Execution step: Duplicate Elimination (Datalog)
18:44:56 [INFO] Trie does not contain any elements
18:44:56 [INFO] Rule duration: 0 ms
18:44:56 [INFO] <<< STEP 7: APPLYING RULE 3 pred(?o) :- inv(?_BODY_1, ?o) >>>
18:44:56 [INFO] Execution step: Body
18:44:56 [INFO] Saved temporary table: 1 entries (3404)
18:44:56 [INFO] Execution step: Duplicate Elimination (Datalog)
18:44:56 [INFO] Saved permanent table pred (7) Permutation { idx_to_val: [], val_to_idx: [] } with 1 entries (3452)
18:44:56 [INFO] Rule duration: 0 ms
18:44:56 [INFO] <<< STEP 8: APPLYING RULE 3 pred(?o) :- inv(?_BODY_1, ?o) >>>
18:44:56 [INFO] Execution step: Body
18:44:56 [INFO] Trie does not contain any elements
18:44:56 [INFO] Execution step: Duplicate Elimination (Datalog)
18:44:56 [INFO] Trie does not contain any elements
18:44:56 [INFO] Rule duration: 0 ms
18:44:56 [INFO] <<< STEP 9: APPLYING RULE 8 R_7(?X_1) :- pred(?X_1), inv(?X_1, ?_BODY_1), Equal(?_BODY_1, ?X_1) >>>
18:44:56 [INFO] Loading source SimpleTable { arity: 1, data: [AnyDataValue(PlainString(StringDataValue("x")))] }
18:44:56 [INFO] Execution step: Body
18:44:56 [INFO] Trie does not contain any elements
18:44:56 [INFO] Execution step: Duplicate Elimination (Datalog)
18:44:56 [INFO] Trie does not contain any elements
18:44:56 [INFO] Rule duration: 0 ms
18:44:56 [INFO] <<< STEP 10: APPLYING RULE 4 objCountPerPredAndSource(?p, ?s, ?_AGGREGATION_OUT) :- pred(?p), wikidata(?s, ?p, ?o), ?_AGGREGATION_OUT = #count(?o) >>>
18:44:56 [INFO] Execution step: Body
18:44:56 [INFO] Saved temporary table: 4 entries (10476)
18:44:56 [INFO] Execution step: Aggregate output
18:44:56 [INFO] Execution step: Project/Reorder
18:44:56 [INFO] Saved temporary table: 3 entries (10532)
18:44:56 [INFO] Execution step: Duplicate Elimination (Datalog)
18:44:56 [INFO] Saved permanent table objCountPerPredAndSource (10) Permutation { idx_to_val: [], val_to_idx: [] } with 3 entries (10532)
18:44:56 [INFO] Rule duration: 0 ms
18:44:56 [INFO] <<< STEP 11: APPLYING RULE 4 objCountPerPredAndSource(?p, ?s, ?_AGGREGATION_OUT) :- pred(?p), wikidata(?s, ?p, ?o), ?_AGGREGATION_OUT = #count(?o) >>>
18:44:56 [INFO] Execution step: Body
18:44:56 [INFO] Trie does not contain any elements
18:44:56 [INFO] Execution step: Aggregate output
18:44:56 [INFO] Trie does not contain any elements
18:44:56 [INFO] Execution step: Duplicate Elimination (Datalog)
18:44:56 [INFO] Trie does not contain any elements
18:44:56 [INFO] Rule duration: 0 ms
18:44:56 [INFO] <<< STEP 12: APPLYING RULE 5 totalSubjCountPerPred(?p, ?_AGGREGATION_OUT) :- objCountPerPredAndSource(?p, ?s, ?_BODY_1), ?_AGGREGATION_OUT = #count(?s) >>>
18:44:56 [INFO] Execution step: Body
18:44:56 [INFO] Saved temporary table: 3 entries (6916)
18:44:56 [INFO] Execution step: Aggregate output
18:44:56 [INFO] Execution step: Project/Reorder
18:44:56 [INFO] Saved temporary table: 2 entries (6968)
18:44:56 [INFO] Execution step: Duplicate Elimination (Datalog)
18:44:56 [INFO] Saved permanent table totalSubjCountPerPred (12) Permutation { idx_to_val: [], val_to_idx: [] } with 2 entries (6968)
18:44:56 [INFO] Rule duration: 0 ms
18:44:56 [INFO] <<< STEP 13: APPLYING RULE 5 totalSubjCountPerPred(?p, ?_AGGREGATION_OUT) :- objCountPerPredAndSource(?p, ?s, ?_BODY_1), ?_AGGREGATION_OUT = #count(?s) >>>
18:44:56 [INFO] Execution step: Body
18:44:56 [INFO] Trie does not contain any elements
18:44:56 [INFO] Execution step: Aggregate output
18:44:56 [INFO] Trie does not contain any elements
18:44:56 [INFO] Execution step: Duplicate Elimination (Datalog)
18:44:56 [INFO] Trie does not contain any elements
18:44:56 [INFO] Rule duration: 0 ms
18:44:56 [INFO] <<< STEP 14: APPLYING RULE 6 avgObjCountPerPredicate(?p, ?_HEAD_1) :- objCountPerPredAndSource(?p, ?s, ?count), totalSubjCountPerPred(?p, ?totalSubj), Equal(?_HEAD_1, NumericDivision(CastToDouble(?_AGGREGATION_OUT), ?totalSubj)), ?_AGGREGATION_OUT = #sum(?count, ?s) >>>
18:44:56 [INFO] Execution step: Body
18:44:56 [INFO] Saved temporary table: 3 entries (13940)
18:44:56 [INFO] Execution step: Aggregate output
18:44:56 [INFO] Saved temporary table: 2 entries (10480)
18:44:56 [INFO] Execution step: Aggregation
18:44:56 [INFO] Saved temporary table: 2 entries (6920)
18:44:56 [INFO] Execution step: Duplicate Elimination (Datalog)
18:44:56 [INFO] Saved permanent table avgObjCountPerPredicate (14) Permutation { idx_to_val: [], val_to_idx: [] } with 2 entries (6968)
18:44:56 [INFO] Rule duration: 0 ms
18:44:56 [INFO] <<< STEP 15: APPLYING RULE 6 avgObjCountPerPredicate(?p, ?_HEAD_1) :- objCountPerPredAndSource(?p, ?s, ?count), totalSubjCountPerPred(?p, ?totalSubj), Equal(?_HEAD_1, NumericDivision(CastToDouble(?_AGGREGATION_OUT), ?totalSubj)), ?_AGGREGATION_OUT = #sum(?count, ?s) >>>
18:44:56 [INFO] Execution step: Body
18:44:56 [INFO] Trie does not contain any elements
18:44:56 [INFO] Execution step: Aggregate output
18:44:56 [INFO] Trie does not contain any elements
18:44:56 [INFO] Execution step: Aggregation
18:44:56 [INFO] Trie does not contain any elements
18:44:56 [INFO] Execution step: Duplicate Elimination (Datalog)
18:44:56 [INFO] Trie does not contain any elements
18:44:56 [INFO] Rule duration: 0 ms
18:44:56 [INFO] <<< STEP 16: APPLYING RULE 7 rightSmaller(?right) :- inv(?left, ?right), avgObjCountPerPredicate(?left, ?countLeft), avgObjCountPerPredicate(?right, ?countRight), NumericLessthan(?countRight, ?countLeft) >>>
18:44:56 [INFO] Execution step: Body
18:44:56 [INFO] Saved temporary table: 1 entries (3404)
18:44:56 [INFO] Execution step: Duplicate Elimination (Datalog)
18:44:56 [INFO] Saved permanent table rightSmaller (16) Permutation { idx_to_val: [], val_to_idx: [] } with 1 entries (3452)
18:44:56 [INFO] Rule duration: 0 ms
18:44:56 [INFO] <<< STEP 17: APPLYING RULE 7 rightSmaller(?right) :- inv(?left, ?right), avgObjCountPerPredicate(?left, ?countLeft), avgObjCountPerPredicate(?right, ?countRight), NumericLessthan(?countRight, ?countLeft) >>>
18:44:56 [INFO] Execution step: Body
18:44:56 [INFO] Trie does not contain any elements
18:44:56 [INFO] Execution step: Duplicate Elimination (Datalog)
18:44:56 [INFO] Trie does not contain any elements
18:44:56 [INFO] Rule duration: 0 ms
18:44:56 [INFO] <<< STEP 18: APPLYING RULE 9 R_OUT(?X_2, <http://www.wikidata.org/prop/direct/P1696>, ?X_4, ?X_3, ?X_1) :- R_OUT(?X_2, ?_BODY_1, ?X_4, ?X_3, ?X_1), rightSmaller(?X_1), R_7(?X_1), Equal(?_BODY_1, <http://www.wikidata.org/prop/direct/P1696>) >>>
18:44:56 [INFO] Execution step: Body
18:44:56 [INFO] Trie does not contain any elements
18:44:56 [INFO] Execution step: Duplicate Elimination (Datalog)
18:44:56 [INFO] Trie does not contain any elements
18:44:56 [INFO] Rule duration: 0 ms
18:44:56 [INFO] ----------------------------------------------
18:44:56 [INFO] --- Finished Nemo Execution - Input Program --
18:44:56 [INFO] Output size: 0
18:44:56 [INFO] ----------------------------------------------
18:44:56 [INFO] 
18:44:56 [INFO] ----------------------------------------------
18:44:56 [INFO] Beginning Nemo Execution - Transformed Program
18:44:56 [INFO] ----------------------------------------------
18:44:56 [INFO] Stratified program: [[0, 1, 2, 3, 10, 11, 13, 17, 18], [4, 16], [5], [6, 7, 8], [9, 12, 14, 15]]
18:44:56 [INFO] <<< STEP 1: APPLYING RULE 0 inversePropEntities(?s, ?o) :- wikidata(?s, ?_BODY_1, ?o), Equal(StringCompare(LexicalValue(?s), LexicalValue(?o)), -1), Equal(?_BODY_1, <http://www.wikidata.org/prop/direct/P1696>) >>>
18:44:56 [INFO] Loading source SimpleTable { arity: 3, data: [AnyDataValue(PlainString(StringDataValue("entityA"))), AnyDataValue(Iri(IriDataValue("http://www.wikidata.org/prop/direct/P1696"))), AnyDataValue(PlainString(StringDataValue("entityB"))), AnyDataValue(PlainString(StringDataValue("entityA"))), AnyDataValue(Iri(IriDataValue("http://wikiba.se/ontology#directClaim"))), AnyDataValue(PlainString(StringDataValue("a"))), AnyDataValue(PlainString(StringDataValue("entityB"))), AnyDataValue(Iri(IriDataValue("http://wikiba.se/ontology#directClaim"))), AnyDataValue(PlainString(StringDataValue("b"))), AnyDataValue(PlainString(StringDataValue("x"))), AnyDataValue(PlainString(StringDataValue("a"))), AnyDataValue(PlainString(StringDataValue("y"))), AnyDataValue(PlainString(StringDataValue("x"))), AnyDataValue(PlainString(StringDataValue("a"))), AnyDataValue(PlainString(StringDataValue("z"))), AnyDataValue(PlainString(StringDataValue("y"))), AnyDataValue(PlainString(StringDataValue("b"))), AnyDataValue(PlainString(StringDataValue("x"))), AnyDataValue(PlainString(StringDataValue("z"))), AnyDataValue(PlainString(StringDataValue("b"))), AnyDataValue(PlainString(StringDataValue("x")))] }
18:44:56 [INFO] Execution step: Body
18:44:56 [INFO] Saved temporary table: 1 entries (6856)
18:44:56 [INFO] Execution step: Duplicate Elimination (Datalog)
18:44:56 [INFO] Saved permanent table inversePropEntities (1) Permutation { idx_to_val: [], val_to_idx: [] } with 1 entries (6904)
18:44:56 [INFO] Rule duration: 0 ms
18:44:56 [INFO] <<< STEP 2: APPLYING RULE 0 inversePropEntities(?s, ?o) :- wikidata(?s, ?_BODY_1, ?o), Equal(StringCompare(LexicalValue(?s), LexicalValue(?o)), -1), Equal(?_BODY_1, <http://www.wikidata.org/prop/direct/P1696>) >>>
18:44:56 [INFO] Execution step: Body
18:44:56 [INFO] Trie does not contain any elements
18:44:56 [INFO] Execution step: Duplicate Elimination (Datalog)
18:44:56 [INFO] Trie does not contain any elements
18:44:56 [INFO] Rule duration: 0 ms
18:44:56 [INFO] <<< STEP 3: APPLYING RULE 1 inv(?p1, ?p2) :- inversePropEntities(?e1, ?e2), wikidata(?e1, ?_BODY_1, ?p1), wikidata(?e2, ?_BODY_2, ?p2), Equal(?_BODY_1, <http://wikiba.se/ontology#directClaim>), Equal(?_BODY_2, <http://wikiba.se/ontology#directClaim>) >>>
18:44:56 [INFO] Execution step: Body
18:44:56 [INFO] Saved temporary table: 1 entries (6856)
18:44:56 [INFO] Execution step: Duplicate Elimination (Datalog)
18:44:56 [INFO] Saved permanent table inv (3) Permutation { idx_to_val: [], val_to_idx: [] } with 1 entries (6904)
18:44:56 [INFO] Rule duration: 0 ms
18:44:56 [INFO] <<< STEP 4: APPLYING RULE 1 inv(?p1, ?p2) :- inversePropEntities(?e1, ?e2), wikidata(?e1, ?_BODY_1, ?p1), wikidata(?e2, ?_BODY_2, ?p2), Equal(?_BODY_1, <http://wikiba.se/ontology#directClaim>), Equal(?_BODY_2, <http://wikiba.se/ontology#directClaim>) >>>
18:44:56 [INFO] Execution step: Body
18:44:56 [INFO] Trie does not contain any elements
18:44:56 [INFO] Execution step: Duplicate Elimination (Datalog)
18:44:56 [INFO] Trie does not contain any elements
18:44:56 [INFO] Rule duration: 0 ms
18:44:56 [INFO] <<< STEP 5: APPLYING RULE 2 pred(?s) :- inv(?s, ?_BODY_1) >>>
18:44:56 [INFO] Execution step: Body
18:44:56 [INFO] Saved temporary table: 1 entries (3404)
18:44:56 [INFO] Execution step: Duplicate Elimination (Datalog)
18:44:56 [INFO] Saved permanent table pred (5) Permutation { idx_to_val: [], val_to_idx: [] } with 1 entries (3452)
18:44:56 [INFO] Rule duration: 0 ms
18:44:56 [INFO] <<< STEP 6: APPLYING RULE 2 pred(?s) :- inv(?s, ?_BODY_1) >>>
18:44:56 [INFO] Execution step: Body
18:44:56 [INFO] Trie does not contain any elements
18:44:56 [INFO] Execution step: Duplicate Elimination (Datalog)
18:44:56 [INFO] Trie does not contain any elements
18:44:56 [INFO] Rule duration: 0 ms
18:44:56 [INFO] <<< STEP 7: APPLYING RULE 3 pred(?o) :- inv(?_BODY_1, ?o) >>>
18:44:56 [INFO] Execution step: Body
18:44:56 [INFO] Saved temporary table: 1 entries (3404)
18:44:56 [INFO] Execution step: Duplicate Elimination (Datalog)
18:44:56 [INFO] Saved permanent table pred (7) Permutation { idx_to_val: [], val_to_idx: [] } with 1 entries (3452)
18:44:56 [INFO] Rule duration: 0 ms
18:44:56 [INFO] <<< STEP 8: APPLYING RULE 3 pred(?o) :- inv(?_BODY_1, ?o) >>>
18:44:56 [INFO] Execution step: Body
18:44:56 [INFO] Trie does not contain any elements
18:44:56 [INFO] Execution step: Duplicate Elimination (Datalog)
18:44:56 [INFO] Trie does not contain any elements
18:44:56 [INFO] Rule duration: 0 ms
18:44:56 [INFO] <<< STEP 9: APPLYING RULE 10 R_9(?X_2, ?X_3, ?X_3, ?X_4, <http://www.wikidata.org/prop/direct/P1696>) :- inversePropEntities(?X_2, ?X_3), inversePropEntities(?Y_1, ?X_4), inversePropEntities(?_BODY_1, ?X_3), Equal(?_BODY_1, <http://www.wikidata.org/prop/direct/P1696>) >>>
18:44:56 [INFO] Execution step: Body
18:44:56 [INFO] Trie does not contain any elements
18:44:56 [INFO] Execution step: Duplicate Elimination (Datalog)
18:44:56 [INFO] Trie does not contain any elements
18:44:56 [INFO] Rule duration: 0 ms
18:44:56 [INFO] <<< STEP 10: APPLYING RULE 18 R_24(?X_2, ?X_1, ?X_3, ?X_2, ?X_6, ?X_4) :- wikidata(?X_2, ?X_1, ?X_3), wikidata(?X_2, ?X_6, ?X_4), R_9(?X_3, ?X_4, ?X_1, ?X_6, ?X_2) >>>
18:44:56 [INFO] Loading source SimpleTable { arity: 6, data: [AnyDataValue(UnsignedLong(UnsignedLongDataValue(8920398117186796036))), AnyDataValue(UnsignedLong(UnsignedLongDataValue(5651186575636976059))), AnyDataValue(Iri(IriDataValue("http://www.wikidata.org/prop/direct/P1696"))), AnyDataValue(PlainString(StringDataValue("entityA"))), AnyDataValue(PlainString(StringDataValue("x"))), AnyDataValue(UnsignedLong(UnsignedLongDataValue(4039373789494455086)))] }
18:44:56 [INFO] Execution step: Body
18:44:56 [INFO] Trie does not contain any elements
18:44:56 [INFO] Execution step: Duplicate Elimination (Datalog)
18:44:56 [INFO] Trie does not contain any elements
18:44:56 [INFO] Rule duration: 0 ms
18:44:56 [INFO] <<< STEP 11: APPLYING RULE 11 R_13(?X_1, ?X_1, ?X_3, "z") :- R_24(?X_1, ?_BODY_1, ?X_3, ?_BODY_2, ?_BODY_3, ?_BODY_4), Equal(?_BODY_1, ?X_1), Equal(?_BODY_2, ?X_3), Equal(?_BODY_3, ?X_1), Equal(?_BODY_4, "z") >>>
18:44:56 [INFO] Loading source SimpleTable { arity: 4, data: [AnyDataValue(PlainString(StringDataValue("entityA"))), AnyDataValue(PlainString(StringDataValue("entityA"))), AnyDataValue(UnsignedLong(UnsignedLongDataValue(2214305218641352390))), AnyDataValue(Iri(IriDataValue("c_8")))] }
18:44:56 [INFO] Execution step: Body
18:44:56 [INFO] Trie does not contain any elements
18:44:56 [INFO] Execution step: Duplicate Elimination (Datalog)
18:44:56 [INFO] Trie does not contain any elements
18:44:56 [INFO] Rule duration: 0 ms
18:44:56 [INFO] <<< STEP 12: APPLYING RULE 13 R_7(?X_1) :- pred(?X_1), inv(?X_1, ?_BODY_1), Equal(?_BODY_1, ?X_1) >>>
18:44:56 [INFO] Loading source SimpleTable { arity: 1, data: [AnyDataValue(PlainString(StringDataValue("x")))] }
18:44:56 [INFO] Execution step: Body
18:44:56 [INFO] Trie does not contain any elements
18:44:56 [INFO] Execution step: Duplicate Elimination (Datalog)
18:44:56 [INFO] Trie does not contain any elements
18:44:56 [INFO] Rule duration: 0 ms
18:44:56 [INFO] <<< STEP 13: APPLYING RULE 17 R_15(?X_1_new_1) :- inv(?X_1_new_1, ?X_1) >>>
18:44:56 [INFO] Loading source SimpleTable { arity: 1, data: [AnyDataValue(Iri(IriDataValue("http://wikiba.se/ontology#directClaim")))] }
18:44:56 [INFO] Execution step: Body
18:44:56 [INFO] Saved temporary table: 1 entries (3404)
18:44:56 [INFO] Execution step: Duplicate Elimination (Datalog)
18:44:56 [INFO] Saved permanent table R_15 (13) Permutation { idx_to_val: [], val_to_idx: [] } with 1 entries (3452)
18:44:56 [INFO] Rule duration: 0 ms
18:44:56 [INFO] <<< STEP 14: APPLYING RULE 17 R_15(?X_1_new_1) :- inv(?X_1_new_1, ?X_1) >>>
18:44:56 [INFO] Execution step: Body
18:44:56 [INFO] Trie does not contain any elements
18:44:56 [INFO] Execution step: Duplicate Elimination (Datalog)
18:44:56 [INFO] Trie does not contain any elements
18:44:56 [INFO] Rule duration: 0 ms
18:44:56 [INFO] <<< STEP 15: APPLYING RULE 4 objCountPerPredAndSource(?p, ?s, ?_AGGREGATION_OUT) :- pred(?p), wikidata(?s, ?p, ?o), ?_AGGREGATION_OUT = #count(?o) >>>
18:44:56 [INFO] Execution step: Body
18:44:56 [INFO] Saved temporary table: 4 entries (10476)
18:44:56 [INFO] Execution step: Aggregate output
18:44:56 [INFO] Execution step: Project/Reorder
18:44:56 [INFO] Saved temporary table: 3 entries (10532)
18:44:56 [INFO] Execution step: Duplicate Elimination (Datalog)
18:44:56 [INFO] Saved permanent table objCountPerPredAndSource (15) Permutation { idx_to_val: [], val_to_idx: [] } with 3 entries (10532)
18:44:56 [INFO] Rule duration: 0 ms
18:44:56 [INFO] <<< STEP 16: APPLYING RULE 4 objCountPerPredAndSource(?p, ?s, ?_AGGREGATION_OUT) :- pred(?p), wikidata(?s, ?p, ?o), ?_AGGREGATION_OUT = #count(?o) >>>
18:44:56 [INFO] Execution step: Body
18:44:56 [INFO] Trie does not contain any elements
18:44:56 [INFO] Execution step: Aggregate output
18:44:56 [INFO] Trie does not contain any elements
18:44:56 [INFO] Execution step: Duplicate Elimination (Datalog)
18:44:56 [INFO] Trie does not contain any elements
18:44:56 [INFO] Rule duration: 0 ms
18:44:56 [INFO] <<< STEP 17: APPLYING RULE 16 R_7("a") :- pred(?_BODY_1), pred(?_BODY_2), Equal(?_BODY_1, "a"), Equal(?_BODY_2, "a") >>>
18:44:56 [INFO] Execution step: Project/Reorder
18:44:56 [INFO] Saved temporary table: 2 entries (3456)
18:44:56 [INFO] Execution step: Body
18:44:56 [INFO] Trie does not contain any elements
18:44:56 [INFO] Execution step: Duplicate Elimination (Datalog)
18:44:56 [INFO] Trie does not contain any elements
18:44:56 [INFO] Rule duration: 0 ms
18:44:56 [INFO] <<< STEP 18: APPLYING RULE 5 totalSubjCountPerPred(?p, ?_AGGREGATION_OUT) :- objCountPerPredAndSource(?p, ?s, ?_BODY_1), ?_AGGREGATION_OUT = #count(?s) >>>
18:44:56 [INFO] Execution step: Body
18:44:56 [INFO] Saved temporary table: 3 entries (6916)
18:44:56 [INFO] Execution step: Aggregate output
18:44:56 [INFO] Execution step: Project/Reorder
18:44:56 [INFO] Saved temporary table: 2 entries (6968)
18:44:56 [INFO] Execution step: Duplicate Elimination (Datalog)
18:44:56 [INFO] Saved permanent table totalSubjCountPerPred (18) Permutation { idx_to_val: [], val_to_idx: [] } with 2 entries (6968)
18:44:56 [INFO] Rule duration: 0 ms
18:44:56 [INFO] <<< STEP 19: APPLYING RULE 5 totalSubjCountPerPred(?p, ?_AGGREGATION_OUT) :- objCountPerPredAndSource(?p, ?s, ?_BODY_1), ?_AGGREGATION_OUT = #count(?s) >>>
18:44:56 [INFO] Execution step: Body
18:44:56 [INFO] Trie does not contain any elements
18:44:56 [INFO] Execution step: Aggregate output
18:44:56 [INFO] Trie does not contain any elements
18:44:56 [INFO] Execution step: Duplicate Elimination (Datalog)
18:44:56 [INFO] Trie does not contain any elements
18:44:56 [INFO] Rule duration: 0 ms
18:44:56 [INFO] <<< STEP 20: APPLYING RULE 6 avgObjCountPerPredicate(?p, ?_HEAD_1) :- objCountPerPredAndSource(?p, ?s, ?count), totalSubjCountPerPred(?p, ?totalSubj), Equal(?_HEAD_1, NumericDivision(CastToDouble(?_AGGREGATION_OUT), ?totalSubj)), ?_AGGREGATION_OUT = #sum(?count, ?s) >>>
18:44:56 [INFO] Execution step: Body
18:44:56 [INFO] Saved temporary table: 3 entries (13940)
18:44:56 [INFO] Execution step: Aggregate output
18:44:56 [INFO] Saved temporary table: 2 entries (10480)
18:44:56 [INFO] Execution step: Aggregation
18:44:56 [INFO] Saved temporary table: 2 entries (6920)
18:44:56 [INFO] Execution step: Duplicate Elimination (Datalog)
18:44:56 [INFO] Saved permanent table avgObjCountPerPredicate (20) Permutation { idx_to_val: [], val_to_idx: [] } with 2 entries (6968)
18:44:56 [INFO] Rule duration: 0 ms
18:44:56 [INFO] <<< STEP 21: APPLYING RULE 6 avgObjCountPerPredicate(?p, ?_HEAD_1) :- objCountPerPredAndSource(?p, ?s, ?count), totalSubjCountPerPred(?p, ?totalSubj), Equal(?_HEAD_1, NumericDivision(CastToDouble(?_AGGREGATION_OUT), ?totalSubj)), ?_AGGREGATION_OUT = #sum(?count, ?s) >>>
18:44:56 [INFO] Execution step: Body
18:44:56 [INFO] Trie does not contain any elements
18:44:56 [INFO] Execution step: Aggregate output
18:44:56 [INFO] Trie does not contain any elements
18:44:56 [INFO] Execution step: Aggregation
18:44:56 [INFO] Trie does not contain any elements
18:44:56 [INFO] Execution step: Duplicate Elimination (Datalog)
18:44:56 [INFO] Trie does not contain any elements
18:44:56 [INFO] Rule duration: 0 ms
18:44:56 [INFO] <<< STEP 22: APPLYING RULE 7 rightSmaller(?right) :- inv(?left, ?right), avgObjCountPerPredicate(?left, ?countLeft), avgObjCountPerPredicate(?right, ?countRight), NumericLessthan(?countRight, ?countLeft) >>>
18:44:56 [INFO] Execution step: Body
18:44:56 [INFO] Saved temporary table: 1 entries (3404)
18:44:56 [INFO] Execution step: Duplicate Elimination (Datalog)
18:44:56 [INFO] Saved permanent table rightSmaller (22) Permutation { idx_to_val: [], val_to_idx: [] } with 1 entries (3452)
18:44:56 [INFO] Rule duration: 0 ms
18:44:56 [INFO] <<< STEP 23: APPLYING RULE 7 rightSmaller(?right) :- inv(?left, ?right), avgObjCountPerPredicate(?left, ?countLeft), avgObjCountPerPredicate(?right, ?countRight), NumericLessthan(?countRight, ?countLeft) >>>
18:44:56 [INFO] Execution step: Body
18:44:56 [INFO] Trie does not contain any elements
18:44:56 [INFO] Execution step: Duplicate Elimination (Datalog)
18:44:56 [INFO] Trie does not contain any elements
18:44:56 [INFO] Rule duration: 0 ms
18:44:56 [INFO] <<< STEP 24: APPLYING RULE 8 predToKeep(?right) :- rightSmaller(?right) >>>
18:44:56 [INFO] Execution step: Body
18:44:56 [INFO] Saved temporary table: 1 entries (3404)
18:44:56 [INFO] Execution step: Duplicate Elimination (Datalog)
18:44:56 [INFO] Saved permanent table predToKeep (24) Permutation { idx_to_val: [], val_to_idx: [] } with 1 entries (3452)
18:44:56 [INFO] Rule duration: 0 ms
18:44:56 [INFO] <<< STEP 25: APPLYING RULE 8 predToKeep(?right) :- rightSmaller(?right) >>>
18:44:56 [INFO] Execution step: Body
18:44:56 [INFO] Trie does not contain any elements
18:44:56 [INFO] Execution step: Duplicate Elimination (Datalog)
18:44:56 [INFO] Trie does not contain any elements
18:44:56 [INFO] Rule duration: 0 ms
18:44:56 [INFO] <<< STEP 26: APPLYING RULE 9 predToKeep(?left) :- inv(?left, ?right), rightSmaller(?right) >>>
18:44:56 [INFO] Execution step: Project/Reorder
18:44:56 [INFO] Saved temporary table: 1 entries (3452)
18:44:56 [INFO] Execution step: Body
18:44:56 [INFO] Trie does not contain any elements
18:44:56 [INFO] Execution step: Duplicate Elimination (Datalog)
18:44:56 [INFO] Trie does not contain any elements
18:44:56 [INFO] Rule duration: 0 ms
18:44:56 [INFO] <<< STEP 27: APPLYING RULE 12 R_19(?X_4, ?X_2, ?X_3, ?X_2) :- predToKeep(?X_4), predToKeep(?X_2), predToKeep(?X_3), predToKeep(?X_2) >>>
18:44:56 [INFO] Execution step: Body
18:44:56 [INFO] Saved temporary table: 1 entries (10308)
18:44:56 [INFO] Execution step: Duplicate Elimination (Datalog)
18:44:56 [INFO] Saved permanent table R_19 (27) Permutation { idx_to_val: [], val_to_idx: [] } with 1 entries (13808)
18:44:56 [INFO] Rule duration: 0 ms
18:44:56 [INFO] <<< STEP 28: APPLYING RULE 12 R_19(?X_4, ?X_2, ?X_3, ?X_2) :- predToKeep(?X_4), predToKeep(?X_2), predToKeep(?X_3), predToKeep(?X_2) >>>
18:44:56 [INFO] Execution step: Body
18:44:56 [INFO] Trie does not contain any elements
18:44:56 [INFO] Execution step: Duplicate Elimination (Datalog)
18:44:56 [INFO] Trie does not contain any elements
18:44:56 [INFO] Rule duration: 0 ms
18:44:56 [INFO] <<< STEP 29: APPLYING RULE 15 R_7(?X_1) :- R_13(?X_1, ?_BODY_1, ?_BODY_2, ?_BODY_3), avgObjCountPerPredicate(?Y_1, ?_BODY_4), R_15(?_BODY_5), R_15(?Y_1), totalSubjCountPerPred(?_BODY_6, ?Y_1), R_19(?X_1, ?Y_1, ?_BODY_7, ?_BODY_8), Equal(?_BODY_1, ?X_1), Equal(?_BODY_2, ?X_1), Equal(?_BODY_3, ?X_1), Equal(?_BODY_4, "str_10"), Equal(?_BODY_5, "str_10"), Equal(?_BODY_6, "str_10"), Equal(?_BODY_7, ?Y_1), Equal(?_BODY_8, ?X_1) >>>
18:44:56 [INFO] Execution step: Body
18:44:56 [INFO] Trie does not contain any elements
18:44:56 [INFO] Execution step: Duplicate Elimination (Datalog)
18:44:56 [INFO] Trie does not contain any elements
18:44:56 [INFO] Rule duration: 0 ms
18:44:56 [INFO] <<< STEP 30: APPLYING RULE 14 R_OUT(?X_2, <http://www.wikidata.org/prop/direct/P1696>, ?X_4, ?X_3, ?X_1) :- R_OUT(?X_2, ?_BODY_1, ?X_4, ?X_3, ?X_1), rightSmaller(?X_1), R_7(?X_1), Equal(?_BODY_1, <http://www.wikidata.org/prop/direct/P1696>) >>>
18:44:56 [INFO] Execution step: Body
18:44:56 [INFO] Trie does not contain any elements
18:44:56 [INFO] Execution step: Duplicate Elimination (Datalog)
18:44:56 [INFO] Trie does not contain any elements
18:44:56 [INFO] Rule duration: 0 ms
18:44:56 [INFO] ----------------------------------------------
18:44:56 [INFO]  Finished Nemo Execution - Transformed Program
18:44:56 [INFO] Output size: 0
18:44:56 [INFO] ----------------------------------------------
18:44:56 [INFO] 
18:44:56 [INFO] ----------------------------------------------
18:44:56 [INFO] ------------ Asserting Oracle EXP ------------
18:44:56 [INFO] ----------------------------------------------
18:44:56 [INFO] All good, output is expanding
18:44:56 [INFO] old_dir "/home/leo_repp/masterthesis/nemo/nemo-metamorphic-testing/benchmark_500k_r"
