07:58:26 [INFO] ----------------------------------------------
07:58:26 [INFO] Beginning transformation mtf_EQU_5500041
                Oracle:     EQU          Number of T: 50
                Debug Mode: false          u64 Seed:    5500041
                Number of generating transformations: 12
                Internal Seed:          [110, 116, 202, 253, 251, 29, 228, 171, 212, 74, 62, 63, 226, 185, 132, 50, 4, 190, 234, 192, 9, 63, 255, 249, 215, 121, 220, 100, 227, 79, 127, 182]
                Seed File: Currently not supported!
07:58:26 [INFO] ----------------------------------------------
07:58:26 [INFO] -------------- Reading Seed File: ------------
07:58:26 [INFO] "/home/leo_repp/masterthesis/nemo/nemo-metamorphic-testing/examples/wikidata-yago-like-inverse-property-cleanup/yagoExample.rls"
07:58:26 [INFO] Renaming of rules complete
07:58:26 [INFO] --------- Finished Reading Seed file ---------
07:58:26 [INFO] ----------------------------------------------
07:58:26 [INFO] 
07:58:26 [INFO] ----------------------------------------------
07:58:26 [INFO] -------- Beginning Program Generation --------
07:58:26 [INFO] ----------------------------------------------
07:58:26 [INFO] 
07:58:26 [INFO] Removing old export statements
07:58:26 [INFO] Beginning inverse_stratum and ancestry computation starting at node R_OUT
07:58:26 [INFO] Ancestry and Inverse Stratum computation complete.
07:58:26 [INFO] Constructed lite ADG
07:58:26 [INFO] Generating Program...
07:58:26 [INFO] 
07:58:26 [INFO] 1 / 11
07:58:26 [INFO]   I Add Relational Node
07:58:26 [INFO]   Added new relation R_1
07:58:26 [INFO] 2 / 11
07:58:26 [INFO]   I Add Relational Node
07:58:26 [INFO]   Added new relation R_2
07:58:26 [INFO] 3 / 11
07:58:26 [INFO]   I Add Relational Node
07:58:26 [INFO]   Added new relation R_3
07:58:26 [INFO] 4 / 11
07:58:26 [INFO]   I Add Relational Node
07:58:26 [INFO]   Added new relation R_4
07:58:26 [INFO] 5 / 11
07:58:26 [INFO]   I Add Relational Node
07:58:26 [INFO]   Added new relation R_5
07:58:26 [INFO] 6 / 11
07:58:26 [INFO]   I Add Relational Node
07:58:26 [INFO]   Added new relation R_6
07:58:26 [INFO] 7 / 11
07:58:26 [INFO]   I Add Relational Node
07:58:26 [INFO]   Added new relation R_7
07:58:26 [INFO] 8 / 11
07:58:26 [INFO]   I Add Relational Node
07:58:26 [INFO]   Added new relation R_8
07:58:26 [INFO] 9 / 11
07:58:26 [INFO]   I Add Relational Node
07:58:26 [INFO]   Added new relation R_9
07:58:26 [INFO] 10 / 11
07:58:26 [INFO]   I Add Relational Node
07:58:26 [INFO]   Added new relation R_10
07:58:26 [INFO] 11 / 11
07:58:26 [INFO]   I Add Relational Node
07:58:26 [INFO]   Added new relation R_11
07:58:26 [INFO] 
07:58:26 [INFO] Adding a new rule for each relation other than the seed relations
07:58:26 [INFO] 
07:58:26 [INFO] 1 / 12
07:58:26 [INFO]   Generating new single body literal rule for R_OUT
07:58:26 [INFO]   Assigned relation R_OUT the artiy 6
07:58:26 [INFO]   Assigned relation R_7 the artiy 6
07:58:26 [INFO]   Added new rule of name r_GEN_1
07:58:26 [INFO]   R_OUT(?X_2, ?X_6, ?X_4, ?X_5, "x", ?X_3) :- R_7(?X_2, ?X_6, ?X_4, ?X_5, "x", ?X_3) .
07:58:26 [INFO] 2 / 12
07:58:26 [INFO]   Generating new single body literal rule for R_1
07:58:26 [INFO]   Assigned relation R_1 the artiy 6
07:58:26 [INFO]   Added new rule of name r_GEN_2
07:58:26 [INFO]   R_1(?X_3, ?X_2, ?X_1, ?X_6, "b", ?X_2) :- totalSubjCountPerPred(?X_3, ?X_2), totalSubjCountPerPred(?X_1, ?X_6), totalSubjCountPerPred("b", ?X_2) .
07:58:26 [INFO] 3 / 12
07:58:26 [INFO]   Generating new single body literal rule for R_2
07:58:26 [INFO]   Assigned relation R_2 the artiy 6
07:58:26 [INFO]   Added new rule of name r_GEN_3
07:58:26 [INFO]   R_2(?X_1, ?X_6, ?X_2, <http://www.wikidata.org/prop/direct/P1696>, ?X_4, ?X_3) :- R_1(?X_1, ?X_6, ?X_2, <http://www.wikidata.org/prop/direct/P1696>, ?X_4, ?X_3) .
07:58:26 [INFO] 4 / 12
07:58:26 [INFO]   Generating new single body literal rule for R_3
07:58:26 [INFO]   Assigned relation R_3 the artiy 1
07:58:26 [INFO]   Added new rule of name r_GEN_4
07:58:26 [INFO]   R_3(?X_1) :- inv(?Y_1, ?X_1) .
07:58:26 [INFO] 5 / 12
07:58:26 [INFO]   Generating new single body literal rule for R_4
07:58:26 [INFO]   Assigned relation R_4 the artiy 6
07:58:26 [INFO]   Assigned relation R_6 the artiy 6
07:58:26 [INFO]   Added new rule of name r_GEN_5
07:58:26 [INFO]   R_4(?X_5, "x", ?X_1, ?X_6, ?X_4, ?X_2) :- R_6(?X_5, "x", ?X_1, ?X_6, ?X_4, ?X_2) .
07:58:26 [INFO] 6 / 12
07:58:26 [INFO]   Generating new single body literal rule for R_5
07:58:26 [INFO]   Assigned relation R_5 the artiy 1
07:58:26 [INFO]   Added new rule of name r_GEN_6
07:58:26 [INFO]   R_5("b") :- avgObjCountPerPredicate(<http://wikiba.se/ontology#directClaim>, "b") .
07:58:26 [INFO] 7 / 12
07:58:26 [INFO]   Generating new single body literal rule for R_6
07:58:26 [INFO]   Added new rule of name r_GEN_7
07:58:26 [INFO]   R_6(?X_4, <http://www.wikidata.org/prop/direct/P1696>, ?X_5, ?X_2, ?X_6, ?X_1) :- R_4(?X_4, <http://www.wikidata.org/prop/direct/P1696>, ?X_5, ?X_2, ?X_6, ?X_1) .
07:58:26 [INFO] 8 / 12
07:58:26 [INFO]   Generating new single body literal rule for R_7
07:58:26 [INFO]   Added new rule of name r_GEN_8
07:58:26 [INFO]   R_7(?X_2, ?X_2, ?X_3, "x", ?X_1, ?X_5) :- totalSubjCountPerPred(?X_2, ?X_2), totalSubjCountPerPred(?X_3, "x"), totalSubjCountPerPred(?X_1, ?X_5) .
07:58:26 [INFO] 9 / 12
07:58:26 [INFO]   Generating new single body literal rule for R_8
07:58:26 [INFO]   Assigned relation R_8 the artiy 2
07:58:26 [INFO]   Added new rule of name r_GEN_9
07:58:26 [INFO]   R_8(?X_1, "a") :- avgObjCountPerPredicate(?X_1, "a") .
07:58:26 [INFO] 10 / 12
07:58:26 [INFO]   Generating new single body literal rule for R_9
07:58:26 [INFO]   Assigned relation R_9 the artiy 2
07:58:26 [INFO]   Added new rule of name r_GEN_10
07:58:26 [INFO]   R_9("b", ?X_1) :- R_9("b", ?X_1) .
07:58:26 [INFO] 11 / 12
07:58:26 [INFO]   Generating new single body literal rule for R_10
07:58:26 [INFO]   Assigned relation R_10 the artiy 3
07:58:26 [INFO]   Added new rule of name r_GEN_11
07:58:26 [INFO]   R_10(?X_2, ?X_2, ?X_1) :- inversePropEntities(?X_2, ?X_2), inversePropEntities(?X_1, ?X_2) .
07:58:26 [INFO] 12 / 12
07:58:26 [INFO]   Generating new single body literal rule for R_11
07:58:26 [INFO]   Assigned relation R_11 the artiy 5
07:58:26 [INFO]   Added new rule of name r_GEN_12
07:58:26 [INFO]   R_11(?X_4, ?X_3, ?X_5, ?X_2, "entityA") :- R_1("x", ?X_3, ?X_5, ?X_2, "entityA", ?X_4) .
07:58:26 [INFO] 
07:58:26 [INFO] Adding a outgoing relational edge for each relation other than R_OUT
07:58:26 [INFO] 
07:58:26 [INFO] 1 / 20
07:58:26 [INFO]   Adding outgoing relational edge from avgObjCountPerPredicate for r_GEN_4
07:58:26 [INFO]   Generated literal ~avgObjCountPerPredicate(?Y_1, ?Y_1) for rule r_GEN_4
07:58:26 [INFO] 2 / 20
07:58:26 [INFO]   Adding outgoing relational edge from inv for r_GEN_6
07:58:26 [INFO]   Generated literal ~inv("x", "a") for rule r_GEN_6
07:58:26 [INFO] 3 / 20
07:58:26 [INFO]   Adding outgoing relational edge from inversePropEntities for r_GEN_7
07:58:26 [INFO]   Generated literal inversePropEntities(?Z_1, ?X_2) for rule r_GEN_7
07:58:26 [INFO] 4 / 20
07:58:26 [INFO]   Adding outgoing relational edge from objCountPerPredAndSource for r_GEN_3
07:58:26 [INFO]   Generated literal objCountPerPredAndSource(?X_3, ?Z_4, ?Z_3) for rule r_GEN_3
07:58:26 [INFO] 5 / 20
07:58:26 [INFO]   Adding outgoing relational edge from pred for r_GEN_11
07:58:26 [INFO]   Generated literal pred(?X_2) for rule r_GEN_11
07:58:26 [INFO] 6 / 20
07:58:26 [INFO]   Adding outgoing relational edge from predToKeep for r_GEN_6
07:58:26 [INFO]   Generated literal predToKeep(<http://wikiba.se/ontology#directClaim>) for rule r_GEN_6
07:58:26 [INFO] 7 / 20
07:58:26 [INFO]   Adding outgoing relational edge from rightSmaller for r_GEN_11
07:58:26 [INFO]   Generated literal rightSmaller(?X_2) for rule r_GEN_11
07:58:26 [INFO] 8 / 20
07:58:26 [INFO]   Adding outgoing relational edge from totalSubjCountPerPred for r_GEN_4
07:58:26 [INFO]   Generated literal ~totalSubjCountPerPred(?Y_1, ?Y_1) for rule r_GEN_4
07:58:26 [INFO] 9 / 20
07:58:26 [INFO]   Adding outgoing relational edge from wikidata for r_GEN_2
07:58:26 [INFO]   Generated literal wikidata(?X_6, ?X_2, ?X_2) for rule r_GEN_2
07:58:26 [INFO] 10 / 20
07:58:26 [INFO]   Adding outgoing relational edge from R_1 for r_GEN_12
07:58:26 [INFO]   Generated literal R_1("x", ?X_4, ?X_4, ?Z_1, ?X_2, ?X_3) for rule r_GEN_12
07:58:26 [INFO] 11 / 20
07:58:26 [INFO]   Adding outgoing relational edge from R_2 for r_GEN_7
07:58:26 [INFO]   Generated literal R_2(?Z_6, ?X_1, ?Z_2, ?X_1, ?X_1, ?X_2) for rule r_GEN_7
07:58:26 [INFO] 12 / 20
07:58:26 [INFO]   Adding outgoing relational edge from R_3 for r_GEN_2
07:58:26 [INFO]   Generated literal ~R_3(?X_6) for rule r_GEN_2
07:58:26 [INFO] 13 / 20
07:58:26 [INFO]   Adding outgoing relational edge from R_4 for r_GEN_3
07:58:26 [INFO]   Generated literal R_4(?Z_5, ?X_4, ?X_1, ?X_6, <http://wikiba.se/ontology#directClaim>, ?Z_7) for rule r_GEN_3
07:58:26 [INFO] 14 / 20
07:58:26 [INFO]   Adding outgoing relational edge from R_5 for r_GEN_3
07:58:26 [INFO]   Generated literal R_5(?X_2) for rule r_GEN_3
07:58:26 [INFO] 15 / 20
07:58:26 [INFO]   Adding outgoing relational edge from R_6 for r_GEN_2
07:58:26 [INFO]   Generated literal R_6(?X_2, ?Z_3, ?X_6, ?Z_2, ?X_1, ?X_6) for rule r_GEN_2
07:58:26 [INFO] 16 / 20
07:58:26 [INFO]   Adding outgoing relational edge from R_7 for r_GEN_9
07:58:26 [INFO]   Generated literal R_7("b", ?X_1, ?X_1, ?Z_1, ?X_1, "x") for rule r_GEN_9
07:58:26 [INFO] 17 / 20
07:58:26 [INFO]   Adding outgoing relational edge from R_8 for r_GEN_9
07:58:26 [INFO]   Generated literal R_8(?X_1, ?X_1) for rule r_GEN_9
07:58:26 [INFO] 18 / 20
07:58:26 [INFO]   Adding outgoing relational edge from R_9 for r_GEN_10
07:58:26 [INFO]   Generated literal R_9(?X_1, "b") for rule r_GEN_10
07:58:26 [INFO] 19 / 20
07:58:26 [INFO]   Adding outgoing relational edge from R_10 for r_GEN_3
07:58:26 [INFO]   Generated literal R_10(?Z_3, ?X_2, ?X_1) for rule r_GEN_3
07:58:26 [INFO] 20 / 20
07:58:26 [INFO]   Adding outgoing relational edge from R_11 for r_GEN_8
07:58:26 [INFO]   Generated literal R_11(?X_2, ?X_1, ?X_5, ?X_2, ?X_5) for rule r_GEN_8
07:58:26 [INFO] 
07:58:26 [INFO] Adding gen. size facts
07:58:26 [INFO] 
07:58:26 [INFO] 1 / 12
07:58:26 [INFO]   II Add Fact Node and Edge
07:58:26 [INFO]   Added new fact R_8(<http://wikiba.se/ontology#directClaim>, "b").
07:58:26 [INFO] 2 / 12
07:58:26 [INFO]   II Add Fact Node and Edge
07:58:26 [INFO]   Added new fact R_9("entityB", "b").
07:58:26 [INFO] 3 / 12
07:58:26 [INFO]   II Add Fact Node and Edge
07:58:26 [INFO]   Added new fact R_8("entityA", "b").
07:58:26 [INFO] 4 / 12
07:58:26 [INFO]   II Add Fact Node and Edge
07:58:26 [INFO]   Added new fact R_9(<http://wikiba.se/ontology#directClaim>, "entityB").
07:58:26 [INFO] 5 / 12
07:58:26 [INFO]   II Add Fact Node and Edge
07:58:26 [INFO]   Added new fact R_10(<http://www.wikidata.org/prop/direct/P1696>, "x", "z").
07:58:26 [INFO] 6 / 12
07:58:26 [INFO]   II Add Fact Node and Edge
07:58:26 [INFO]   Added new fact R_9("b", c_1).
07:58:26 [INFO] 7 / 12
07:58:26 [INFO]   II Add Fact Node and Edge
07:58:26 [INFO]   Added new fact R_10(c_2, "z", c_3).
07:58:26 [INFO] 8 / 12
07:58:26 [INFO]   II Add Fact Node and Edge
07:58:26 [INFO]   Added new fact R_4(2087221696270115565, "str_1", "a", "a", "entityA", "a").
07:58:26 [INFO] 9 / 12
07:58:26 [INFO]   II Add Fact Node and Edge
07:58:26 [INFO]   Added new fact R_9(c_4, "z").
07:58:26 [INFO] 10 / 12
07:58:26 [INFO]   II Add Fact Node and Edge
07:58:26 [INFO]   Added new fact R_9(c_5, "str_2").
07:58:26 [INFO] 11 / 12
07:58:26 [INFO]   II Add Fact Node and Edge
07:58:26 [INFO]   Added new fact R_9(4469066605366976399, c_6).
07:58:26 [INFO] 12 / 12
07:58:26 [INFO]   II Add Fact Node and Edge
07:58:26 [INFO]   Added new fact R_4(5457333523262291919, c_7, c_8, <http://wikiba.se/ontology#directClaim>, 5457333523262291919, 17800131631543247776).
07:58:26 [INFO] 
07:58:26 [INFO] ----------------------------------------------
07:58:26 [INFO] ----------- Program Generation Done ----------
07:58:26 [INFO] ----------------------------------------------
07:58:26 [INFO] 
07:58:26 [INFO] ----------- Generated ADG Summary: -----------
07:58:26 [INFO] ADG Fact Nodes:                  12
07:58:26 [INFO] ADG Relational Nodes:            21
07:58:26 [INFO] ADG Fact Edges:                  12
07:58:26 [INFO] ADG Relational Edges:            37
07:58:26 [INFO] Number of inv. Strata:           2
07:58:26 [INFO] 
07:58:26 [INFO] Nodes with None Ancestry:        2
07:58:26 [INFO] Nodes with Positive Ancestry:    17
07:58:26 [INFO] Nodes with Negative Ancestry:    2
07:58:26 [INFO] Nodes with Unknown Ancestry:     0
07:58:26 [INFO] 
07:58:26 [INFO] Next rule name would be:         r_EQU_13
07:58:26 [INFO] Next predicate name would be:    R_12
07:58:26 [INFO] Next constant name would be:     c_9
07:58:26 [INFO] Next string would be:            "str_3"
07:58:26 [INFO] 
07:58:26 [INFO] Output predicate:                R_OUT
07:58:26 [INFO] Generated rule count:            12
07:58:26 [INFO] Rule count:                      22
07:58:26 [INFO] Average rel. arity:              3.1904761904761907
07:58:26 [INFO] Arity calc. may be inaccurate if arity > f64
07:58:26 [INFO] ----------------------------------------------
07:58:26 [INFO] 
07:58:26 [INFO] ------ Performed Gen. Transformations: -------
07:58:26 [INFO]  #      Type
07:58:26 [INFO]  12      Generate New Rule with Probably Single Lit
07:58:26 [INFO]  20      Generating an Outgoing Relational Edge
07:58:26 [INFO]  11      I     Add Relational Node
07:58:26 [INFO]  12      II    Add Fact Node and Edge
07:58:26 [INFO] ----------------------------------------------
07:58:26 [INFO] 
07:58:26 [INFO] Storing input ADG and input program
07:58:26 [INFO] 
07:58:26 [INFO] ----------------------------------------------
07:58:26 [INFO] --------- Beginning Transformations ----------
07:58:26 [INFO] --------  Oracle: EQU    Number: 50
07:58:26 [INFO] ----------------------------------------------
07:58:26 [INFO] 1 / 50
07:58:26 [INFO]   VIII Modify Rule - Remove Equality
07:58:26 [INFO]   Replaced a random number of var X_1 with var X_1_new_1 in the rule r_GEN_9
07:58:26 [INFO] 2 / 50
07:58:26 [INFO]   I Add Relational Node
07:58:26 [INFO]   Added new relation R_14
07:58:26 [INFO] 3 / 50
07:58:26 [INFO]   VII Modify Rule - Add Equality
07:58:26 [INFO]   Aborting the introduction of an equality - rule has too few variables!
07:58:26 [INFO] 4 / 50
07:58:26 [INFO]   IV Add Relational Edge - New Literal
07:58:26 [INFO]   Generated literal ~R_6(?Z_1, ?X_1_new_1, ?X_1, ?X_1_new_1, ?X_1, 4469066605366976399) for rule r_GEN_9
07:58:26 [INFO] 5 / 50
07:58:26 [INFO]   VII Modify Rule - Add Equality
07:58:26 [INFO]   Aborting the introduction of an equality - rule has too few variables!
07:58:26 [INFO] 6 / 50
07:58:26 [INFO]   III Add Relational edges - New Rule
07:58:26 [INFO]   Assigned relation R_14 the artiy 3
07:58:26 [INFO]   Added new rule of name r_EQU_15
07:58:26 [INFO]   R_9("b", ?X_2) :- R_4("b", ?X_2, "b", ?Y_1, "b", ?Y_1), objCountPerPredAndSource("b", ?Y_1, ?X_2), R_14("b", ?Y_1, ?Y_1), R_7(?Y_1, ?X_2, ?Y_1, ?X_2, "b", "b"), ~R_5(?Y_1) .
07:58:26 [INFO] 7 / 50
07:58:26 [INFO]   XI Add Contradictory Rule
07:58:26 [INFO]   Added new contradictory rule of name r_EQU_16
07:58:26 [INFO]   R_OUT(?X_3, ?X_2, ?X_5, ?X_1, ?X_5, ?X_6) :- predToKeep(?X_3), predToKeep(?X_2), predToKeep(?X_5), predToKeep(?X_1), predToKeep(?X_5), predToKeep(?X_6), ~predToKeep(?X_3) .
07:58:26 [INFO] 8 / 50
07:58:26 [INFO]   IX Remove Fact Node and Edge
07:58:26 [INFO]   Removed fact R_8("entityA", "b"). from the program
07:58:26 [INFO]   Removed fact R_8("entityA", "b"). from the ADG.
07:58:26 [INFO] 9 / 50
07:58:26 [INFO]   V Remove Relational Edges - Whole Rule
07:58:26 [INFO]   Removing the Rule of the name r_GEN_10
07:58:26 [INFO] 10 / 50
07:58:26 [INFO]   I Add Relational Node
07:58:26 [INFO]   Added new relation R_15
07:58:26 [INFO] 11 / 50
07:58:26 [INFO]   VII Modify Rule - Add Equality
07:58:26 [INFO]   Replaced var ?X_2 with var ?Y_1 in the rule r_EQU_15
07:58:26 [INFO] 12 / 50
07:58:26 [INFO]   IV Add Relational Edge - New Literal
07:58:26 [INFO]   Generated literal inversePropEntities(?X_1, ?X_1_new_1) for rule r_GEN_9
07:58:26 [INFO] 13 / 50
07:58:26 [INFO]   IX Remove Fact Node and Edge
07:58:26 [INFO]   Removed fact R_8(<http://wikiba.se/ontology#directClaim>, "b"). from the program
07:58:26 [INFO]   Removed fact R_8(<http://wikiba.se/ontology#directClaim>, "b"). from the ADG.
07:58:26 [INFO] 14 / 50
07:58:26 [INFO]   XI Add Contradictory Rule
07:58:26 [INFO]   Added new contradictory rule of name r_EQU_17
07:58:26 [INFO]   R_9(?X_2, "a") :- predToKeep(?X_2), predToKeep("a"), ~predToKeep(?X_2) .
07:58:26 [INFO] 15 / 50
07:58:26 [INFO]   VIII Modify Rule - Remove Equality
07:58:26 [INFO]   Replaced a random number of var Y_1 with var Y_1_new_1 in the rule r_EQU_15
07:58:26 [INFO] 16 / 50
07:58:26 [INFO]   VIII Modify Rule - Remove Equality
07:58:26 [INFO]   Replaced a random number of var X_1 with var X_1_new_2 in the rule r_GEN_9
07:58:26 [INFO] 17 / 50
07:58:26 [INFO]   VIII Modify Rule - Remove Equality
07:58:26 [INFO]   Replaced a random number of var X_1 with var X_1_new_3 in the rule r_GEN_9
07:58:26 [INFO] 18 / 50
07:58:26 [INFO]   VII Modify Rule - Add Equality
07:58:26 [INFO]   Aborting the introduction of an equality - rule has too few variables!
07:58:26 [INFO] 19 / 50
07:58:26 [INFO]   VII Modify Rule - Add Equality
07:58:26 [INFO]   Replaced var ?X_1 with var ?X_1_new_1 in the rule r_GEN_9
07:58:26 [INFO] 20 / 50
07:58:26 [INFO]   XI Add Contradictory Rule
07:58:26 [INFO]   Added new contradictory rule of name r_EQU_18
07:58:26 [INFO]   R_3(?X_1) :- inversePropEntities(?X_1, ?X_1), ~inversePropEntities(?X_1, ?X_1) .
07:58:26 [INFO] 21 / 50
07:58:26 [INFO]   IX Remove Fact Node and Edge
07:58:26 [INFO]   Removed fact R_9("entityB", "b"). from the program
07:58:26 [INFO]   Removed fact R_9("entityB", "b"). from the ADG.
07:58:26 [INFO] 22 / 50
07:58:26 [INFO]   VIII Modify Rule - Remove Equality
07:58:26 [INFO]   Replaced a random number of var Y_1_new_1 with var Y_1_new_1_new_1 in the rule r_EQU_15
07:58:26 [INFO] 23 / 50
07:58:26 [INFO]   IX Remove Fact Node and Edge
07:58:26 [INFO]   Removed fact R_9("b", c_1). from the program
07:58:26 [INFO]   Removed fact R_9("b", c_1). from the ADG.
07:58:26 [INFO] 24 / 50
07:58:26 [INFO]   IX Remove Fact Node and Edge
07:58:26 [INFO]   Removed fact R_9(c_5, "str_2"). from the program
07:58:26 [INFO]   Removed fact R_9(c_5, "str_2"). from the ADG.
07:58:26 [INFO] 25 / 50
07:58:26 [INFO]   V Remove Relational Edges - Whole Rule
07:58:26 [INFO]   Removing the Rule of the name r_EQU_17
07:58:26 [INFO] 26 / 50
07:58:26 [INFO]   Xa Remove Relational Node - Rule Variant
07:58:26 [INFO]   Removing relational node R_8
07:58:26 [INFO]   Removing the Rule of the name r_GEN_9
07:58:26 [INFO]   Removing at least 5 relational edges.
07:58:26 [INFO] 27 / 50
07:58:26 [INFO]   VII Modify Rule - Add Equality
07:58:26 [INFO]   Replaced var ?Y_1 with var ?Y_1_new_1_new_1 in the rule r_EQU_15
07:58:26 [INFO] 28 / 50
07:58:26 [INFO]   I Add Relational Node
07:58:26 [INFO]   Added new relation R_16
07:58:26 [INFO] 29 / 50
07:58:26 [INFO]   I Add Relational Node
07:58:26 [INFO]   Added new relation R_17
07:58:26 [INFO] 30 / 50
07:58:26 [INFO]   VII Modify Rule - Add Equality
07:58:26 [INFO]   Replaced var ?Y_1_new_1 with var ?Y_1_new_1_new_1 in the rule r_EQU_15
07:58:26 [INFO] 31 / 50
07:58:26 [INFO]   IX Remove Fact Node and Edge
07:58:26 [INFO]   Removed fact R_9(<http://wikiba.se/ontology#directClaim>, "entityB"). from the program
07:58:26 [INFO]   Removed fact R_9(<http://wikiba.se/ontology#directClaim>, "entityB"). from the ADG.
07:58:26 [INFO] 32 / 50
07:58:26 [INFO]   III Add Relational edges - New Rule
07:58:26 [INFO]   Added new rule of name r_EQU_19
07:58:26 [INFO]   R_9(?X_2, ?X_1) :- inv(?X_2, ?X_1), ~inversePropEntities("b", "b"), ~avgObjCountPerPredicate("b", ?X_2), ~R_6(?X_2, ?X_1, ?X_1, ?X_1, "b", ?X_2) .
07:58:26 [INFO] 33 / 50
07:58:26 [INFO]   VIII Modify Rule - Remove Equality
07:58:26 [INFO]   Replaced a random number of var Y_1_new_1_new_1 with var Y_1_new_1_new_1_new_1 in the rule r_EQU_15
07:58:26 [INFO] 34 / 50
07:58:26 [INFO]   I Add Relational Node
07:58:26 [INFO]   Added new relation R_18
07:58:26 [INFO] 35 / 50
07:58:26 [INFO]   IX Remove Fact Node and Edge
07:58:26 [INFO]   Removed fact R_9(4469066605366976399, c_6). from the program
07:58:26 [INFO]   Removed fact R_9(4469066605366976399, c_6). from the ADG.
07:58:26 [INFO] 36 / 50
07:58:26 [INFO]   III Add Relational edges - New Rule
07:58:26 [INFO]   Added new rule of name r_EQU_20
07:58:26 [INFO]   R_9(?X_1, ?X_1) :- R_1(?X_1, ?X_1, c_5, ?X_1, ?X_1, ?Y_1), pred(?X_1), inv(?X_1, ?X_1), R_2(?X_1, ?Y_1, c_5, ?X_1, ?X_1, ?X_1), totalSubjCountPerPred(?X_1, ?Y_1) .
07:58:26 [INFO] 37 / 50
07:58:26 [INFO]   VII Modify Rule - Add Equality
07:58:26 [INFO]   Replaced var ?X_1 with var ?Y_1 in the rule r_EQU_20
07:58:26 [INFO] 38 / 50
07:58:26 [INFO]   IX Remove Fact Node and Edge
07:58:26 [INFO]   Removed fact R_9(c_4, "z"). from the program
07:58:26 [INFO]   Removed fact R_9(c_4, "z"). from the ADG.
07:58:26 [INFO] 39 / 50
07:58:26 [INFO]   VII Modify Rule - Add Equality
07:58:26 [INFO]   Replaced var ?X_1 with var ?X_2 in the rule r_EQU_19
07:58:26 [INFO] 40 / 50
07:58:26 [INFO]   VI Remove Relational Edge - Single Literal
07:58:26 [INFO]   Found the rule of the name r_EQU_19
07:58:26 [INFO]   Removed relational edge NodeIndex(3): (inversePropEntities -> R_9)
07:58:26 [INFO]   Attempting to remove the literal -inversePropEntities(, "b", "b") from the rule r_EQU_19
07:58:26 [INFO] 41 / 50
07:58:26 [INFO]   IV Add Relational Edge - New Literal
07:58:26 [INFO]   Assigned relation R_16 the artiy 6
07:58:26 [INFO]   Generated literal R_16(?Z_2, ?Y_1, ?Z_6, ?Z_3, ?Z_5, <http://www.wikidata.org/prop/direct/P1696>) for rule r_EQU_20
07:58:26 [INFO] 42 / 50
07:58:26 [INFO]   I Add Relational Node
07:58:26 [INFO]   Added new relation R_19
07:58:26 [INFO] 43 / 50
07:58:26 [INFO]   XI Add Contradictory Rule
07:58:26 [INFO]   Assigned relation R_17 the artiy 6
07:58:26 [INFO]   Added new contradictory rule of name r_EQU_21
07:58:26 [INFO]   R_17(?X_4, ?X_1, ?X_6, ?X_1, ?X_5, c_8) :- R_2(?X_4, ?X_1, ?X_6, ?X_1, ?X_5, c_8), ~R_2(?X_4, ?X_1, ?X_6, ?X_1, ?X_5, c_8) .
07:58:26 [INFO] 44 / 50
07:58:26 [INFO]   VII Modify Rule - Add Equality
07:58:26 [INFO]   Replaced var ?X_1 with var ?X_4 in the rule r_EQU_21
07:58:26 [INFO] 45 / 50
07:58:26 [INFO]   VIII Modify Rule - Remove Equality
07:58:26 [INFO]   Replaced a random number of var X_4 with var X_4_new_1 in the rule r_EQU_21
07:58:26 [INFO] 46 / 50
07:58:26 [INFO]   IV Add Relational Edge - New Literal
07:58:26 [INFO]   Assigned relation R_18 the artiy 3
07:58:26 [INFO]   Generated literal ~R_18(?X_4, ?X_5, ?X_5) for rule r_EQU_21
07:58:26 [INFO] 47 / 50
07:58:26 [INFO]   VII Modify Rule - Add Equality
07:58:26 [INFO]   Replaced var ?X_4 with var ?X_5 in the rule r_EQU_21
07:58:26 [INFO] 48 / 50
07:58:26 [INFO]   V Remove Relational Edges - Whole Rule
07:58:26 [INFO]   Removing the Rule of the name r_EQU_15
07:58:26 [INFO] 49 / 50
07:58:26 [INFO]   IV Add Relational Edge - New Literal
07:58:26 [INFO]   Generated literal inversePropEntities(?X_5, ?X_4_new_1) for rule r_EQU_21
07:58:26 [INFO] 50 / 50
07:58:26 [INFO]   V Remove Relational Edges - Whole Rule
07:58:26 [INFO]   Removing the Rule of the name r_EQU_19
07:58:26 [INFO] ----------------------------------------------
07:58:26 [INFO] ------------ Transformations Done ------------
07:58:26 [INFO] ----------------------------------------------
07:58:26 [INFO]  Ressources required: 
                
07:58:26 [INFO] ---------- Transformed ADG Summary: ----------
07:58:26 [INFO] ADG Fact Nodes:                  4
07:58:26 [INFO] ADG Relational Nodes:            26
07:58:26 [INFO] ADG Fact Edges:                  4
07:58:26 [INFO] ADG Relational Edges:            51
07:58:26 [INFO] Number of inv. Strata:           3
07:58:26 [INFO] 
07:58:26 [INFO] Nodes with None Ancestry:        4
07:58:26 [INFO] Nodes with Positive Ancestry:    15
07:58:26 [INFO] Nodes with Negative Ancestry:    2
07:58:26 [INFO] Nodes with Unknown Ancestry:     2
07:58:26 [INFO] 
07:58:26 [INFO] Next rule name would be:         r_EQU_22
07:58:26 [INFO] Next predicate name would be:    R_20
07:58:26 [INFO] Next constant name would be:     c_11
07:58:26 [INFO] Next string would be:            "str_5"
07:58:26 [INFO] 
07:58:26 [INFO] Output predicate:                R_OUT
07:58:26 [INFO] Rule count:                      24
07:58:26 [INFO] Average rel. arity:              3.4782608695652173
07:58:26 [INFO] Arity calc. may be inaccurate if arity > f64
07:58:26 [INFO] ----------------------------------------------
07:58:26 [INFO] 
07:58:26 [INFO] --------- Performed Transformations: ---------
07:58:26 [INFO]  #      Type
07:58:26 [INFO]  2      Failed Transformation Attempts
07:58:26 [INFO]  6      I     Add Relational Node
07:58:26 [INFO]  0      II    Add Fact Node and Edge
07:58:26 [INFO]  3      III   Add Relational edges - New Rule
07:58:26 [INFO]  5      IV    Add Relational Edge - New Literal
07:58:26 [INFO]  8      IX    Remove Fact Node and Edge
07:58:26 [INFO]  4      V     Remove Relational Edges - Whole Rule
07:58:26 [INFO]  1      VI    Remove Relational Edge - Single Literal
07:58:26 [INFO]  11      VII   Modify Rule - Add Equality
07:58:26 [INFO]  7      VIII  Modify Rule - Remove Equality
07:58:26 [INFO]  4      XI   Add Contradictory Rule
07:58:26 [INFO]  1      Xa     Remove Relational Node Rule Variant - None anc only
07:58:26 [INFO] ----------------------------------------------
07:58:26 [INFO] 
07:58:26 [INFO] Writing output ADG and file.
07:58:26 [INFO] 
07:58:26 [INFO] ----------------------------------------------
07:58:26 [INFO] -- Beginning Nemo Execution - Input Program --
07:58:26 [INFO] ----------------------------------------------
07:58:26 [INFO] Stratified program: [[0, 1, 2, 3], [4], [5], [6, 7, 8, 13], [9, 12, 14], [10, 11, 15, 16, 17, 18, 19]]
07:58:26 [INFO] <<< STEP 1: APPLYING RULE 0 inversePropEntities(?s, ?o) :- wikidata(?s, ?_BODY_1, ?o), Equal(StringCompare(LexicalValue(?s), LexicalValue(?o)), -1), Equal(?_BODY_1, <http://www.wikidata.org/prop/direct/P1696>) >>>
07:58:26 [INFO] Loading source SimpleTable { arity: 3, data: [AnyDataValue(PlainString(StringDataValue("entityA"))), AnyDataValue(Iri(IriDataValue("http://www.wikidata.org/prop/direct/P1696"))), AnyDataValue(PlainString(StringDataValue("entityB"))), AnyDataValue(PlainString(StringDataValue("entityA"))), AnyDataValue(Iri(IriDataValue("http://wikiba.se/ontology#directClaim"))), AnyDataValue(PlainString(StringDataValue("a"))), AnyDataValue(PlainString(StringDataValue("entityB"))), AnyDataValue(Iri(IriDataValue("http://wikiba.se/ontology#directClaim"))), AnyDataValue(PlainString(StringDataValue("b"))), AnyDataValue(PlainString(StringDataValue("x"))), AnyDataValue(PlainString(StringDataValue("a"))), AnyDataValue(PlainString(StringDataValue("y"))), AnyDataValue(PlainString(StringDataValue("x"))), AnyDataValue(PlainString(StringDataValue("a"))), AnyDataValue(PlainString(StringDataValue("z"))), AnyDataValue(PlainString(StringDataValue("y"))), AnyDataValue(PlainString(StringDataValue("b"))), AnyDataValue(PlainString(StringDataValue("x"))), AnyDataValue(PlainString(StringDataValue("z"))), AnyDataValue(PlainString(StringDataValue("b"))), AnyDataValue(PlainString(StringDataValue("x")))] }
07:58:26 [INFO] Execution step: Body
07:58:26 [INFO] Saved temporary table: 1 entries (6856)
07:58:26 [INFO] Execution step: Duplicate Elimination (Datalog)
07:58:26 [INFO] Saved permanent table inversePropEntities (1) Permutation { idx_to_val: [], val_to_idx: [] } with 1 entries (6904)
07:58:26 [INFO] Rule duration: 0 ms
07:58:26 [INFO] <<< STEP 2: APPLYING RULE 0 inversePropEntities(?s, ?o) :- wikidata(?s, ?_BODY_1, ?o), Equal(StringCompare(LexicalValue(?s), LexicalValue(?o)), -1), Equal(?_BODY_1, <http://www.wikidata.org/prop/direct/P1696>) >>>
07:58:26 [INFO] Execution step: Body
07:58:26 [INFO] Trie does not contain any elements
07:58:26 [INFO] Execution step: Duplicate Elimination (Datalog)
07:58:26 [INFO] Trie does not contain any elements
07:58:26 [INFO] Rule duration: 0 ms
07:58:26 [INFO] <<< STEP 3: APPLYING RULE 1 inv(?p1, ?p2) :- inversePropEntities(?e1, ?e2), wikidata(?e1, ?_BODY_1, ?p1), wikidata(?e2, ?_BODY_2, ?p2), Equal(?_BODY_1, <http://wikiba.se/ontology#directClaim>), Equal(?_BODY_2, <http://wikiba.se/ontology#directClaim>) >>>
07:58:26 [INFO] Execution step: Body
07:58:26 [INFO] Saved temporary table: 1 entries (6856)
07:58:26 [INFO] Execution step: Duplicate Elimination (Datalog)
07:58:26 [INFO] Saved permanent table inv (3) Permutation { idx_to_val: [], val_to_idx: [] } with 1 entries (6904)
07:58:26 [INFO] Rule duration: 0 ms
07:58:26 [INFO] <<< STEP 4: APPLYING RULE 1 inv(?p1, ?p2) :- inversePropEntities(?e1, ?e2), wikidata(?e1, ?_BODY_1, ?p1), wikidata(?e2, ?_BODY_2, ?p2), Equal(?_BODY_1, <http://wikiba.se/ontology#directClaim>), Equal(?_BODY_2, <http://wikiba.se/ontology#directClaim>) >>>
07:58:26 [INFO] Execution step: Body
07:58:26 [INFO] Trie does not contain any elements
07:58:26 [INFO] Execution step: Duplicate Elimination (Datalog)
07:58:26 [INFO] Trie does not contain any elements
07:58:26 [INFO] Rule duration: 0 ms
07:58:26 [INFO] <<< STEP 5: APPLYING RULE 2 pred(?s) :- inv(?s, ?_BODY_1) >>>
07:58:26 [INFO] Execution step: Body
07:58:26 [INFO] Saved temporary table: 1 entries (3404)
07:58:26 [INFO] Execution step: Duplicate Elimination (Datalog)
07:58:26 [INFO] Saved permanent table pred (5) Permutation { idx_to_val: [], val_to_idx: [] } with 1 entries (3452)
07:58:26 [INFO] Rule duration: 0 ms
07:58:26 [INFO] <<< STEP 6: APPLYING RULE 2 pred(?s) :- inv(?s, ?_BODY_1) >>>
07:58:26 [INFO] Execution step: Body
07:58:26 [INFO] Trie does not contain any elements
07:58:26 [INFO] Execution step: Duplicate Elimination (Datalog)
07:58:26 [INFO] Trie does not contain any elements
07:58:26 [INFO] Rule duration: 0 ms
07:58:26 [INFO] <<< STEP 7: APPLYING RULE 3 pred(?o) :- inv(?_BODY_1, ?o) >>>
07:58:26 [INFO] Execution step: Body
07:58:26 [INFO] Saved temporary table: 1 entries (3404)
07:58:26 [INFO] Execution step: Duplicate Elimination (Datalog)
07:58:26 [INFO] Saved permanent table pred (7) Permutation { idx_to_val: [], val_to_idx: [] } with 1 entries (3452)
07:58:26 [INFO] Rule duration: 0 ms
07:58:26 [INFO] <<< STEP 8: APPLYING RULE 3 pred(?o) :- inv(?_BODY_1, ?o) >>>
07:58:26 [INFO] Execution step: Body
07:58:26 [INFO] Trie does not contain any elements
07:58:26 [INFO] Execution step: Duplicate Elimination (Datalog)
07:58:26 [INFO] Trie does not contain any elements
07:58:26 [INFO] Rule duration: 0 ms
07:58:26 [INFO] <<< STEP 9: APPLYING RULE 4 objCountPerPredAndSource(?p, ?s, ?_AGGREGATION_OUT) :- pred(?p), wikidata(?s, ?p, ?o), ?_AGGREGATION_OUT = #count(?o) >>>
07:58:26 [INFO] Execution step: Body
07:58:26 [INFO] Saved temporary table: 4 entries (10476)
07:58:26 [INFO] Execution step: Aggregate output
07:58:26 [INFO] Execution step: Project/Reorder
07:58:26 [INFO] Saved temporary table: 3 entries (10532)
07:58:26 [INFO] Execution step: Duplicate Elimination (Datalog)
07:58:26 [INFO] Saved permanent table objCountPerPredAndSource (9) Permutation { idx_to_val: [], val_to_idx: [] } with 3 entries (10532)
07:58:26 [INFO] Rule duration: 0 ms
07:58:26 [INFO] <<< STEP 10: APPLYING RULE 4 objCountPerPredAndSource(?p, ?s, ?_AGGREGATION_OUT) :- pred(?p), wikidata(?s, ?p, ?o), ?_AGGREGATION_OUT = #count(?o) >>>
07:58:26 [INFO] Execution step: Body
07:58:26 [INFO] Trie does not contain any elements
07:58:26 [INFO] Execution step: Aggregate output
07:58:26 [INFO] Trie does not contain any elements
07:58:26 [INFO] Execution step: Duplicate Elimination (Datalog)
07:58:26 [INFO] Trie does not contain any elements
07:58:26 [INFO] Rule duration: 0 ms
07:58:26 [INFO] <<< STEP 11: APPLYING RULE 5 totalSubjCountPerPred(?p, ?_AGGREGATION_OUT) :- objCountPerPredAndSource(?p, ?s, ?_BODY_1), ?_AGGREGATION_OUT = #count(?s) >>>
07:58:26 [INFO] Execution step: Body
07:58:26 [INFO] Saved temporary table: 3 entries (6916)
07:58:26 [INFO] Execution step: Aggregate output
07:58:26 [INFO] Execution step: Project/Reorder
07:58:26 [INFO] Saved temporary table: 2 entries (6968)
07:58:26 [INFO] Execution step: Duplicate Elimination (Datalog)
07:58:26 [INFO] Saved permanent table totalSubjCountPerPred (11) Permutation { idx_to_val: [], val_to_idx: [] } with 2 entries (6968)
07:58:26 [INFO] Rule duration: 0 ms
07:58:26 [INFO] <<< STEP 12: APPLYING RULE 5 totalSubjCountPerPred(?p, ?_AGGREGATION_OUT) :- objCountPerPredAndSource(?p, ?s, ?_BODY_1), ?_AGGREGATION_OUT = #count(?s) >>>
07:58:26 [INFO] Execution step: Body
07:58:26 [INFO] Trie does not contain any elements
07:58:26 [INFO] Execution step: Aggregate output
07:58:26 [INFO] Trie does not contain any elements
07:58:26 [INFO] Execution step: Duplicate Elimination (Datalog)
07:58:26 [INFO] Trie does not contain any elements
07:58:26 [INFO] Rule duration: 0 ms
07:58:26 [INFO] <<< STEP 13: APPLYING RULE 6 avgObjCountPerPredicate(?p, ?_HEAD_1) :- objCountPerPredAndSource(?p, ?s, ?count), totalSubjCountPerPred(?p, ?totalSubj), Equal(?_HEAD_1, NumericDivision(CastToDouble(?_AGGREGATION_OUT), ?totalSubj)), ?_AGGREGATION_OUT = #sum(?count, ?s) >>>
07:58:26 [INFO] Execution step: Body
07:58:26 [INFO] Saved temporary table: 3 entries (13940)
07:58:26 [INFO] Execution step: Aggregate output
07:58:26 [INFO] Saved temporary table: 2 entries (10480)
07:58:26 [INFO] Execution step: Aggregation
07:58:26 [INFO] Saved temporary table: 2 entries (6920)
07:58:26 [INFO] Execution step: Duplicate Elimination (Datalog)
07:58:26 [INFO] Saved permanent table avgObjCountPerPredicate (13) Permutation { idx_to_val: [], val_to_idx: [] } with 2 entries (6968)
07:58:26 [INFO] Rule duration: 0 ms
07:58:26 [INFO] <<< STEP 14: APPLYING RULE 6 avgObjCountPerPredicate(?p, ?_HEAD_1) :- objCountPerPredAndSource(?p, ?s, ?count), totalSubjCountPerPred(?p, ?totalSubj), Equal(?_HEAD_1, NumericDivision(CastToDouble(?_AGGREGATION_OUT), ?totalSubj)), ?_AGGREGATION_OUT = #sum(?count, ?s) >>>
07:58:26 [INFO] Execution step: Body
07:58:26 [INFO] Trie does not contain any elements
07:58:26 [INFO] Execution step: Aggregate output
07:58:26 [INFO] Trie does not contain any elements
07:58:26 [INFO] Execution step: Aggregation
07:58:26 [INFO] Trie does not contain any elements
07:58:26 [INFO] Execution step: Duplicate Elimination (Datalog)
07:58:26 [INFO] Trie does not contain any elements
07:58:26 [INFO] Rule duration: 0 ms
07:58:26 [INFO] <<< STEP 15: APPLYING RULE 7 rightSmaller(?right) :- inv(?left, ?right), avgObjCountPerPredicate(?left, ?countLeft), avgObjCountPerPredicate(?right, ?countRight), NumericLessthan(?countRight, ?countLeft) >>>
07:58:26 [INFO] Execution step: Body
07:58:26 [INFO] Saved temporary table: 1 entries (3404)
07:58:26 [INFO] Execution step: Duplicate Elimination (Datalog)
07:58:26 [INFO] Saved permanent table rightSmaller (15) Permutation { idx_to_val: [], val_to_idx: [] } with 1 entries (3452)
07:58:26 [INFO] Rule duration: 0 ms
07:58:26 [INFO] <<< STEP 16: APPLYING RULE 7 rightSmaller(?right) :- inv(?left, ?right), avgObjCountPerPredicate(?left, ?countLeft), avgObjCountPerPredicate(?right, ?countRight), NumericLessthan(?countRight, ?countLeft) >>>
07:58:26 [INFO] Execution step: Body
07:58:26 [INFO] Trie does not contain any elements
07:58:26 [INFO] Execution step: Duplicate Elimination (Datalog)
07:58:26 [INFO] Trie does not contain any elements
07:58:26 [INFO] Rule duration: 0 ms
07:58:26 [INFO] <<< STEP 17: APPLYING RULE 8 predToKeep(?right) :- rightSmaller(?right) >>>
07:58:26 [INFO] Execution step: Body
07:58:26 [INFO] Saved temporary table: 1 entries (3404)
07:58:26 [INFO] Execution step: Duplicate Elimination (Datalog)
07:58:26 [INFO] Saved permanent table predToKeep (17) Permutation { idx_to_val: [], val_to_idx: [] } with 1 entries (3452)
07:58:26 [INFO] Rule duration: 0 ms
07:58:26 [INFO] <<< STEP 18: APPLYING RULE 8 predToKeep(?right) :- rightSmaller(?right) >>>
07:58:26 [INFO] Execution step: Body
07:58:26 [INFO] Trie does not contain any elements
07:58:26 [INFO] Execution step: Duplicate Elimination (Datalog)
07:58:26 [INFO] Trie does not contain any elements
07:58:26 [INFO] Rule duration: 0 ms
07:58:26 [INFO] <<< STEP 19: APPLYING RULE 13 R_10(?X_2, ?X_2, ?X_1) :- inversePropEntities(?X_2, ?_BODY_1), inversePropEntities(?X_1, ?X_2), pred(?X_2), rightSmaller(?X_2), Equal(?_BODY_1, ?X_2) >>>
07:58:26 [INFO] Loading source SimpleTable { arity: 3, data: [AnyDataValue(Iri(IriDataValue("http://www.wikidata.org/prop/direct/P1696"))), AnyDataValue(PlainString(StringDataValue("x"))), AnyDataValue(PlainString(StringDataValue("z"))), AnyDataValue(Iri(IriDataValue("c_2"))), AnyDataValue(PlainString(StringDataValue("z"))), AnyDataValue(Iri(IriDataValue("c_3")))] }
07:58:26 [INFO] Execution step: Body
07:58:26 [INFO] Trie does not contain any elements
07:58:26 [INFO] Execution step: Duplicate Elimination (Datalog)
07:58:26 [INFO] Trie does not contain any elements
07:58:26 [INFO] Rule duration: 0 ms
07:58:26 [INFO] <<< STEP 20: APPLYING RULE 9 predToKeep(?left) :- inv(?left, ?right), rightSmaller(?right) >>>
07:58:26 [INFO] Execution step: Project/Reorder
07:58:26 [INFO] Saved temporary table: 1 entries (3452)
07:58:26 [INFO] Execution step: Body
07:58:26 [INFO] Trie does not contain any elements
07:58:26 [INFO] Execution step: Duplicate Elimination (Datalog)
07:58:26 [INFO] Trie does not contain any elements
07:58:26 [INFO] Rule duration: 0 ms
07:58:26 [INFO] <<< STEP 21: APPLYING RULE 12 R_5("b") :- avgObjCountPerPredicate(?_BODY_1, ?_BODY_2), predToKeep(?_BODY_3), inv(?_BODY_4, ?_BODY_5), Equal(?_BODY_1, <http://wikiba.se/ontology#directClaim>), Equal(?_BODY_2, "b"), Equal(?_BODY_3, <http://wikiba.se/ontology#directClaim>), Equal(?_BODY_4, "x"), Equal(?_BODY_5, "a") >>>
07:58:26 [INFO] Execution step: Project/Reorder
07:58:26 [INFO] Saved temporary table: 1 entries (6904)
07:58:26 [INFO] Execution step: Body
07:58:26 [INFO] Trie does not contain any elements
07:58:26 [INFO] Execution step: Duplicate Elimination (Datalog)
07:58:26 [INFO] Trie does not contain any elements
07:58:26 [INFO] Rule duration: 0 ms
07:58:26 [INFO] <<< STEP 22: APPLYING RULE 14 R_3(?X_1) :- inv(?Y_1, ?X_1), avgObjCountPerPredicate(?Y_1, ?_BODY_1), totalSubjCountPerPred(?Y_1, ?_BODY_2), Equal(?_BODY_1, ?Y_1), Equal(?_BODY_2, ?Y_1) >>>
07:58:26 [INFO] Execution step: Project/Reorder
07:58:26 [INFO] Saved temporary table: 2 entries (6968)
07:58:26 [INFO] Execution step: Project/Reorder
07:58:26 [INFO] Saved temporary table: 2 entries (6968)
07:58:26 [INFO] Execution step: Body
07:58:26 [INFO] Saved temporary table: 1 entries (3404)
07:58:26 [INFO] Execution step: Duplicate Elimination (Datalog)
07:58:26 [INFO] Saved permanent table R_3 (22) Permutation { idx_to_val: [], val_to_idx: [] } with 1 entries (3452)
07:58:26 [INFO] Rule duration: 0 ms
07:58:26 [INFO] <<< STEP 23: APPLYING RULE 14 R_3(?X_1) :- inv(?Y_1, ?X_1), avgObjCountPerPredicate(?Y_1, ?_BODY_1), totalSubjCountPerPred(?Y_1, ?_BODY_2), Equal(?_BODY_1, ?Y_1), Equal(?_BODY_2, ?Y_1) >>>
07:58:26 [INFO] Execution step: Project/Reorder
07:58:26 [INFO] Saved temporary table: 2 entries (6968)
07:58:26 [INFO] Execution step: Project/Reorder
07:58:26 [INFO] Saved temporary table: 2 entries (6968)
07:58:26 [INFO] Execution step: Body
07:58:26 [INFO] Trie does not contain any elements
07:58:26 [INFO] Execution step: Duplicate Elimination (Datalog)
07:58:26 [INFO] Trie does not contain any elements
07:58:26 [INFO] Rule duration: 0 ms
07:58:26 [INFO] <<< STEP 24: APPLYING RULE 11 R_4(?X_5, "x", ?X_1, ?X_6, ?X_4, ?X_2) :- R_6(?X_5, ?_BODY_1, ?X_1, ?X_6, ?X_4, ?X_2), Equal(?_BODY_1, "x") >>>
07:58:26 [INFO] Loading source SimpleTable { arity: 6, data: [AnyDataValue(UnsignedLong(UnsignedLongDataValue(2087221696270115565))), AnyDataValue(PlainString(StringDataValue("str_1"))), AnyDataValue(PlainString(StringDataValue("a"))), AnyDataValue(PlainString(StringDataValue("a"))), AnyDataValue(PlainString(StringDataValue("entityA"))), AnyDataValue(PlainString(StringDataValue("a"))), AnyDataValue(UnsignedLong(UnsignedLongDataValue(5457333523262291919))), AnyDataValue(Iri(IriDataValue("c_7"))), AnyDataValue(Iri(IriDataValue("c_8"))), AnyDataValue(Iri(IriDataValue("http://wikiba.se/ontology#directClaim"))), AnyDataValue(UnsignedLong(UnsignedLongDataValue(5457333523262291919))), AnyDataValue(UnsignedLong(UnsignedLongDataValue(17800131631543247776)))] }
07:58:26 [INFO] Execution step: Body
07:58:26 [INFO] Trie does not contain any elements
07:58:26 [INFO] Execution step: Duplicate Elimination (Datalog)
07:58:26 [INFO] Trie does not contain any elements
07:58:26 [INFO] Rule duration: 0 ms
07:58:26 [INFO] <<< STEP 25: APPLYING RULE 16 R_6(?X_4, <http://www.wikidata.org/prop/direct/P1696>, ?X_5, ?X_2, ?X_6, ?X_1) :- R_4(?X_4, ?_BODY_1, ?X_5, ?X_2, ?X_6, ?X_1), inversePropEntities(?Z_1, ?X_2), R_2(?Z_6, ?X_1, ?Z_2, ?_BODY_2, ?_BODY_3, ?X_2), Equal(?_BODY_1, <http://www.wikidata.org/prop/direct/P1696>), Equal(?_BODY_2, ?X_1), Equal(?_BODY_3, ?X_1) >>>
07:58:26 [INFO] Execution step: Body
07:58:26 [INFO] Trie does not contain any elements
07:58:26 [INFO] Execution step: Duplicate Elimination (Datalog)
07:58:26 [INFO] Trie does not contain any elements
07:58:26 [INFO] Rule duration: 0 ms
07:58:26 [INFO] <<< STEP 26: APPLYING RULE 17 R_1(?X_3, ?X_2, ?X_1, ?X_6, "b", ?X_2) :- totalSubjCountPerPred(?X_3, ?X_2), totalSubjCountPerPred(?X_1, ?X_6), totalSubjCountPerPred(?_BODY_1, ?X_2), wikidata(?X_6, ?X_2, ?_BODY_2), R_6(?X_2, ?Z_3, ?X_6, ?Z_2, ?X_1, ?_BODY_3), R_3(?X_6), Equal(?_BODY_1, "b"), Equal(?_BODY_2, ?X_2), Equal(?_BODY_3, ?X_6) >>>
07:58:26 [INFO] Execution step: Project/Reorder
07:58:26 [INFO] Saved temporary table: 1 entries (3452)
07:58:26 [INFO] Execution step: Body
07:58:26 [INFO] Trie does not contain any elements
07:58:26 [INFO] Execution step: Duplicate Elimination (Datalog)
07:58:26 [INFO] Trie does not contain any elements
07:58:26 [INFO] Rule duration: 0 ms
07:58:26 [INFO] <<< STEP 27: APPLYING RULE 18 R_2(?X_1, ?X_6, ?X_2, <http://www.wikidata.org/prop/direct/P1696>, ?X_4, ?X_3) :- R_1(?X_1, ?X_6, ?X_2, ?_BODY_1, ?X_4, ?X_3), objCountPerPredAndSource(?X_3, ?Z_4, ?Z_3), R_4(?Z_5, ?X_4, ?X_1, ?X_6, ?_BODY_2, ?Z_7), R_5(?X_2), R_10(?Z_3, ?X_2, ?X_1), Equal(?_BODY_1, <http://www.wikidata.org/prop/direct/P1696>), Equal(?_BODY_2, <http://wikiba.se/ontology#directClaim>) >>>
07:58:26 [INFO] Execution step: Body
07:58:26 [INFO] Trie does not contain any elements
07:58:26 [INFO] Execution step: Duplicate Elimination (Datalog)
07:58:26 [INFO] Trie does not contain any elements
07:58:26 [INFO] Rule duration: 0 ms
07:58:26 [INFO] <<< STEP 28: APPLYING RULE 15 R_11(?X_4, ?X_3, ?X_5, ?X_2, "entityA") :- R_1(?_BODY_1, ?X_3, ?X_5, ?X_2, ?_BODY_2, ?X_4), R_1(?_BODY_3, ?X_4, ?_BODY_4, ?Z_1, ?X_2, ?X_3), Equal(?_BODY_1, "x"), Equal(?_BODY_2, "entityA"), Equal(?_BODY_3, "x"), Equal(?_BODY_4, ?X_4) >>>
07:58:26 [INFO] Execution step: Body
07:58:26 [INFO] Trie does not contain any elements
07:58:26 [INFO] Execution step: Duplicate Elimination (Datalog)
07:58:26 [INFO] Trie does not contain any elements
07:58:26 [INFO] Rule duration: 0 ms
07:58:26 [INFO] <<< STEP 29: APPLYING RULE 19 R_7(?X_2, ?X_2, ?X_3, "x", ?X_1, ?X_5) :- totalSubjCountPerPred(?X_2, ?_BODY_1), totalSubjCountPerPred(?X_3, ?_BODY_2), totalSubjCountPerPred(?X_1, ?X_5), R_11(?X_2, ?X_1, ?X_5, ?_BODY_3, ?_BODY_4), Equal(?_BODY_1, ?X_2), Equal(?_BODY_2, "x"), Equal(?_BODY_3, ?X_2), Equal(?_BODY_4, ?X_5) >>>
07:58:26 [INFO] Execution step: Body
07:58:26 [INFO] Trie does not contain any elements
07:58:26 [INFO] Execution step: Duplicate Elimination (Datalog)
07:58:26 [INFO] Trie does not contain any elements
07:58:26 [INFO] Rule duration: 0 ms
07:58:26 [INFO] <<< STEP 30: APPLYING RULE 10 R_OUT(?X_2, ?X_6, ?X_4, ?X_5, "x", ?X_3) :- R_7(?X_2, ?X_6, ?X_4, ?X_5, ?_BODY_1, ?X_3), Equal(?_BODY_1, "x") >>>
07:58:26 [INFO] Execution step: Body
07:58:26 [INFO] Trie does not contain any elements
07:58:26 [INFO] Execution step: Duplicate Elimination (Datalog)
07:58:26 [INFO] Trie does not contain any elements
07:58:26 [INFO] Rule duration: 0 ms
07:58:26 [INFO] ----------------------------------------------
07:58:26 [INFO] --- Finished Nemo Execution - Input Program --
07:58:26 [INFO] Output size: 0
07:58:26 [INFO] ----------------------------------------------
07:58:26 [INFO] 
07:58:26 [INFO] ----------------------------------------------
07:58:26 [INFO] Beginning Nemo Execution - Transformed Program
07:58:26 [INFO] ----------------------------------------------
07:58:26 [INFO] Stratified program: [[0, 1, 2, 3], [4, 21], [5], [6, 7, 8, 13], [9, 12, 14], [10, 11, 15, 16, 17, 18, 19, 20]]
07:58:26 [INFO] <<< STEP 1: APPLYING RULE 0 inversePropEntities(?s, ?o) :- wikidata(?s, ?_BODY_1, ?o), Equal(StringCompare(LexicalValue(?s), LexicalValue(?o)), -1), Equal(?_BODY_1, <http://www.wikidata.org/prop/direct/P1696>) >>>
07:58:26 [INFO] Loading source SimpleTable { arity: 3, data: [AnyDataValue(PlainString(StringDataValue("entityA"))), AnyDataValue(Iri(IriDataValue("http://www.wikidata.org/prop/direct/P1696"))), AnyDataValue(PlainString(StringDataValue("entityB"))), AnyDataValue(PlainString(StringDataValue("entityA"))), AnyDataValue(Iri(IriDataValue("http://wikiba.se/ontology#directClaim"))), AnyDataValue(PlainString(StringDataValue("a"))), AnyDataValue(PlainString(StringDataValue("entityB"))), AnyDataValue(Iri(IriDataValue("http://wikiba.se/ontology#directClaim"))), AnyDataValue(PlainString(StringDataValue("b"))), AnyDataValue(PlainString(StringDataValue("x"))), AnyDataValue(PlainString(StringDataValue("a"))), AnyDataValue(PlainString(StringDataValue("y"))), AnyDataValue(PlainString(StringDataValue("x"))), AnyDataValue(PlainString(StringDataValue("a"))), AnyDataValue(PlainString(StringDataValue("z"))), AnyDataValue(PlainString(StringDataValue("y"))), AnyDataValue(PlainString(StringDataValue("b"))), AnyDataValue(PlainString(StringDataValue("x"))), AnyDataValue(PlainString(StringDataValue("z"))), AnyDataValue(PlainString(StringDataValue("b"))), AnyDataValue(PlainString(StringDataValue("x")))] }
07:58:26 [INFO] Execution step: Body
07:58:26 [INFO] Saved temporary table: 1 entries (6856)
07:58:26 [INFO] Execution step: Duplicate Elimination (Datalog)
07:58:26 [INFO] Saved permanent table inversePropEntities (1) Permutation { idx_to_val: [], val_to_idx: [] } with 1 entries (6904)
07:58:26 [INFO] Rule duration: 0 ms
07:58:26 [INFO] <<< STEP 2: APPLYING RULE 0 inversePropEntities(?s, ?o) :- wikidata(?s, ?_BODY_1, ?o), Equal(StringCompare(LexicalValue(?s), LexicalValue(?o)), -1), Equal(?_BODY_1, <http://www.wikidata.org/prop/direct/P1696>) >>>
07:58:26 [INFO] Execution step: Body
07:58:26 [INFO] Trie does not contain any elements
07:58:26 [INFO] Execution step: Duplicate Elimination (Datalog)
07:58:26 [INFO] Trie does not contain any elements
07:58:26 [INFO] Rule duration: 0 ms
07:58:26 [INFO] <<< STEP 3: APPLYING RULE 1 inv(?p1, ?p2) :- inversePropEntities(?e1, ?e2), wikidata(?e1, ?_BODY_1, ?p1), wikidata(?e2, ?_BODY_2, ?p2), Equal(?_BODY_1, <http://wikiba.se/ontology#directClaim>), Equal(?_BODY_2, <http://wikiba.se/ontology#directClaim>) >>>
07:58:26 [INFO] Execution step: Body
07:58:26 [INFO] Saved temporary table: 1 entries (6856)
07:58:26 [INFO] Execution step: Duplicate Elimination (Datalog)
07:58:26 [INFO] Saved permanent table inv (3) Permutation { idx_to_val: [], val_to_idx: [] } with 1 entries (6904)
07:58:26 [INFO] Rule duration: 0 ms
07:58:26 [INFO] <<< STEP 4: APPLYING RULE 1 inv(?p1, ?p2) :- inversePropEntities(?e1, ?e2), wikidata(?e1, ?_BODY_1, ?p1), wikidata(?e2, ?_BODY_2, ?p2), Equal(?_BODY_1, <http://wikiba.se/ontology#directClaim>), Equal(?_BODY_2, <http://wikiba.se/ontology#directClaim>) >>>
07:58:26 [INFO] Execution step: Body
07:58:26 [INFO] Trie does not contain any elements
07:58:26 [INFO] Execution step: Duplicate Elimination (Datalog)
07:58:26 [INFO] Trie does not contain any elements
07:58:26 [INFO] Rule duration: 0 ms
07:58:26 [INFO] <<< STEP 5: APPLYING RULE 2 pred(?s) :- inv(?s, ?_BODY_1) >>>
07:58:26 [INFO] Execution step: Body
07:58:26 [INFO] Saved temporary table: 1 entries (3404)
07:58:26 [INFO] Execution step: Duplicate Elimination (Datalog)
07:58:26 [INFO] Saved permanent table pred (5) Permutation { idx_to_val: [], val_to_idx: [] } with 1 entries (3452)
07:58:26 [INFO] Rule duration: 0 ms
07:58:26 [INFO] <<< STEP 6: APPLYING RULE 2 pred(?s) :- inv(?s, ?_BODY_1) >>>
07:58:26 [INFO] Execution step: Body
07:58:26 [INFO] Trie does not contain any elements
07:58:26 [INFO] Execution step: Duplicate Elimination (Datalog)
07:58:26 [INFO] Trie does not contain any elements
07:58:26 [INFO] Rule duration: 0 ms
07:58:26 [INFO] <<< STEP 7: APPLYING RULE 3 pred(?o) :- inv(?_BODY_1, ?o) >>>
07:58:26 [INFO] Execution step: Body
07:58:26 [INFO] Saved temporary table: 1 entries (3404)
07:58:26 [INFO] Execution step: Duplicate Elimination (Datalog)
07:58:26 [INFO] Saved permanent table pred (7) Permutation { idx_to_val: [], val_to_idx: [] } with 1 entries (3452)
07:58:26 [INFO] Rule duration: 0 ms
07:58:26 [INFO] <<< STEP 8: APPLYING RULE 3 pred(?o) :- inv(?_BODY_1, ?o) >>>
07:58:26 [INFO] Execution step: Body
07:58:26 [INFO] Trie does not contain any elements
07:58:26 [INFO] Execution step: Duplicate Elimination (Datalog)
07:58:26 [INFO] Trie does not contain any elements
07:58:26 [INFO] Rule duration: 0 ms
07:58:26 [INFO] <<< STEP 9: APPLYING RULE 4 objCountPerPredAndSource(?p, ?s, ?_AGGREGATION_OUT) :- pred(?p), wikidata(?s, ?p, ?o), ?_AGGREGATION_OUT = #count(?o) >>>
07:58:26 [INFO] Execution step: Body
07:58:26 [INFO] Saved temporary table: 4 entries (10476)
07:58:26 [INFO] Execution step: Aggregate output
07:58:26 [INFO] Execution step: Project/Reorder
07:58:26 [INFO] Saved temporary table: 3 entries (10532)
07:58:26 [INFO] Execution step: Duplicate Elimination (Datalog)
07:58:26 [INFO] Saved permanent table objCountPerPredAndSource (9) Permutation { idx_to_val: [], val_to_idx: [] } with 3 entries (10532)
07:58:26 [INFO] Rule duration: 0 ms
07:58:26 [INFO] <<< STEP 10: APPLYING RULE 4 objCountPerPredAndSource(?p, ?s, ?_AGGREGATION_OUT) :- pred(?p), wikidata(?s, ?p, ?o), ?_AGGREGATION_OUT = #count(?o) >>>
07:58:26 [INFO] Execution step: Body
07:58:26 [INFO] Trie does not contain any elements
07:58:26 [INFO] Execution step: Aggregate output
07:58:26 [INFO] Trie does not contain any elements
07:58:26 [INFO] Execution step: Duplicate Elimination (Datalog)
07:58:26 [INFO] Trie does not contain any elements
07:58:26 [INFO] Rule duration: 0 ms
07:58:26 [INFO] <<< STEP 11: APPLYING RULE 21 R_3(?X_1) :- inversePropEntities(?X_1, ?_BODY_1), inversePropEntities(?X_1, ?_BODY_2), Equal(?_BODY_1, ?X_1), Equal(?_BODY_2, ?X_1) >>>
07:58:26 [INFO] Execution step: Project/Reorder
07:58:26 [INFO] Saved temporary table: 1 entries (6904)
07:58:26 [INFO] Execution step: Body
07:58:26 [INFO] Trie does not contain any elements
07:58:26 [INFO] Execution step: Duplicate Elimination (Datalog)
07:58:26 [INFO] Trie does not contain any elements
07:58:26 [INFO] Rule duration: 0 ms
07:58:26 [INFO] <<< STEP 12: APPLYING RULE 5 totalSubjCountPerPred(?p, ?_AGGREGATION_OUT) :- objCountPerPredAndSource(?p, ?s, ?_BODY_1), ?_AGGREGATION_OUT = #count(?s) >>>
07:58:26 [INFO] Execution step: Body
07:58:26 [INFO] Saved temporary table: 3 entries (6916)
07:58:26 [INFO] Execution step: Aggregate output
07:58:26 [INFO] Execution step: Project/Reorder
07:58:26 [INFO] Saved temporary table: 2 entries (6968)
07:58:26 [INFO] Execution step: Duplicate Elimination (Datalog)
07:58:26 [INFO] Saved permanent table totalSubjCountPerPred (12) Permutation { idx_to_val: [], val_to_idx: [] } with 2 entries (6968)
07:58:26 [INFO] Rule duration: 0 ms
07:58:26 [INFO] <<< STEP 13: APPLYING RULE 5 totalSubjCountPerPred(?p, ?_AGGREGATION_OUT) :- objCountPerPredAndSource(?p, ?s, ?_BODY_1), ?_AGGREGATION_OUT = #count(?s) >>>
07:58:26 [INFO] Execution step: Body
07:58:26 [INFO] Trie does not contain any elements
07:58:26 [INFO] Execution step: Aggregate output
07:58:26 [INFO] Trie does not contain any elements
07:58:26 [INFO] Execution step: Duplicate Elimination (Datalog)
07:58:26 [INFO] Trie does not contain any elements
07:58:26 [INFO] Rule duration: 0 ms
07:58:26 [INFO] <<< STEP 14: APPLYING RULE 6 avgObjCountPerPredicate(?p, ?_HEAD_1) :- objCountPerPredAndSource(?p, ?s, ?count), totalSubjCountPerPred(?p, ?totalSubj), Equal(?_HEAD_1, NumericDivision(CastToDouble(?_AGGREGATION_OUT), ?totalSubj)), ?_AGGREGATION_OUT = #sum(?count, ?s) >>>
07:58:26 [INFO] Execution step: Body
07:58:26 [INFO] Saved temporary table: 3 entries (13940)
07:58:26 [INFO] Execution step: Aggregate output
07:58:26 [INFO] Saved temporary table: 2 entries (10480)
07:58:26 [INFO] Execution step: Aggregation
07:58:26 [INFO] Saved temporary table: 2 entries (6920)
07:58:26 [INFO] Execution step: Duplicate Elimination (Datalog)
07:58:26 [INFO] Saved permanent table avgObjCountPerPredicate (14) Permutation { idx_to_val: [], val_to_idx: [] } with 2 entries (6968)
07:58:26 [INFO] Rule duration: 0 ms
07:58:26 [INFO] <<< STEP 15: APPLYING RULE 6 avgObjCountPerPredicate(?p, ?_HEAD_1) :- objCountPerPredAndSource(?p, ?s, ?count), totalSubjCountPerPred(?p, ?totalSubj), Equal(?_HEAD_1, NumericDivision(CastToDouble(?_AGGREGATION_OUT), ?totalSubj)), ?_AGGREGATION_OUT = #sum(?count, ?s) >>>
07:58:26 [INFO] Execution step: Body
07:58:26 [INFO] Trie does not contain any elements
07:58:26 [INFO] Execution step: Aggregate output
07:58:26 [INFO] Trie does not contain any elements
07:58:26 [INFO] Execution step: Aggregation
07:58:26 [INFO] Trie does not contain any elements
07:58:26 [INFO] Execution step: Duplicate Elimination (Datalog)
07:58:26 [INFO] Trie does not contain any elements
07:58:26 [INFO] Rule duration: 0 ms
07:58:26 [INFO] <<< STEP 16: APPLYING RULE 7 rightSmaller(?right) :- inv(?left, ?right), avgObjCountPerPredicate(?left, ?countLeft), avgObjCountPerPredicate(?right, ?countRight), NumericLessthan(?countRight, ?countLeft) >>>
07:58:26 [INFO] Execution step: Body
07:58:26 [INFO] Saved temporary table: 1 entries (3404)
07:58:26 [INFO] Execution step: Duplicate Elimination (Datalog)
07:58:26 [INFO] Saved permanent table rightSmaller (16) Permutation { idx_to_val: [], val_to_idx: [] } with 1 entries (3452)
07:58:26 [INFO] Rule duration: 0 ms
07:58:26 [INFO] <<< STEP 17: APPLYING RULE 7 rightSmaller(?right) :- inv(?left, ?right), avgObjCountPerPredicate(?left, ?countLeft), avgObjCountPerPredicate(?right, ?countRight), NumericLessthan(?countRight, ?countLeft) >>>
07:58:26 [INFO] Execution step: Body
07:58:26 [INFO] Trie does not contain any elements
07:58:26 [INFO] Execution step: Duplicate Elimination (Datalog)
07:58:26 [INFO] Trie does not contain any elements
07:58:26 [INFO] Rule duration: 0 ms
07:58:26 [INFO] <<< STEP 18: APPLYING RULE 8 predToKeep(?right) :- rightSmaller(?right) >>>
07:58:26 [INFO] Execution step: Body
07:58:26 [INFO] Saved temporary table: 1 entries (3404)
07:58:26 [INFO] Execution step: Duplicate Elimination (Datalog)
07:58:26 [INFO] Saved permanent table predToKeep (18) Permutation { idx_to_val: [], val_to_idx: [] } with 1 entries (3452)
07:58:26 [INFO] Rule duration: 0 ms
07:58:26 [INFO] <<< STEP 19: APPLYING RULE 8 predToKeep(?right) :- rightSmaller(?right) >>>
07:58:26 [INFO] Execution step: Body
07:58:26 [INFO] Trie does not contain any elements
07:58:26 [INFO] Execution step: Duplicate Elimination (Datalog)
07:58:26 [INFO] Trie does not contain any elements
07:58:26 [INFO] Rule duration: 0 ms
07:58:26 [INFO] <<< STEP 20: APPLYING RULE 13 R_10(?X_2, ?X_2, ?X_1) :- inversePropEntities(?X_2, ?_BODY_1), inversePropEntities(?X_1, ?X_2), pred(?X_2), rightSmaller(?X_2), Equal(?_BODY_1, ?X_2) >>>
07:58:26 [INFO] Loading source SimpleTable { arity: 3, data: [AnyDataValue(Iri(IriDataValue("http://www.wikidata.org/prop/direct/P1696"))), AnyDataValue(PlainString(StringDataValue("x"))), AnyDataValue(PlainString(StringDataValue("z"))), AnyDataValue(Iri(IriDataValue("c_2"))), AnyDataValue(PlainString(StringDataValue("z"))), AnyDataValue(Iri(IriDataValue("c_3")))] }
07:58:26 [INFO] Execution step: Body
07:58:26 [INFO] Trie does not contain any elements
07:58:26 [INFO] Execution step: Duplicate Elimination (Datalog)
07:58:26 [INFO] Trie does not contain any elements
07:58:26 [INFO] Rule duration: 0 ms
07:58:26 [INFO] <<< STEP 21: APPLYING RULE 9 predToKeep(?left) :- inv(?left, ?right), rightSmaller(?right) >>>
07:58:26 [INFO] Execution step: Project/Reorder
07:58:26 [INFO] Saved temporary table: 1 entries (3452)
07:58:26 [INFO] Execution step: Body
07:58:26 [INFO] Trie does not contain any elements
07:58:26 [INFO] Execution step: Duplicate Elimination (Datalog)
07:58:26 [INFO] Trie does not contain any elements
07:58:26 [INFO] Rule duration: 0 ms
07:58:26 [INFO] <<< STEP 22: APPLYING RULE 12 R_5("b") :- avgObjCountPerPredicate(?_BODY_1, ?_BODY_2), predToKeep(?_BODY_3), inv(?_BODY_4, ?_BODY_5), Equal(?_BODY_1, <http://wikiba.se/ontology#directClaim>), Equal(?_BODY_2, "b"), Equal(?_BODY_3, <http://wikiba.se/ontology#directClaim>), Equal(?_BODY_4, "x"), Equal(?_BODY_5, "a") >>>
07:58:26 [INFO] Execution step: Project/Reorder
07:58:26 [INFO] Saved temporary table: 1 entries (6904)
07:58:26 [INFO] Execution step: Body
07:58:26 [INFO] Trie does not contain any elements
07:58:26 [INFO] Execution step: Duplicate Elimination (Datalog)
07:58:26 [INFO] Trie does not contain any elements
07:58:26 [INFO] Rule duration: 0 ms
07:58:26 [INFO] <<< STEP 23: APPLYING RULE 14 R_3(?X_1) :- inv(?Y_1, ?X_1), avgObjCountPerPredicate(?Y_1, ?_BODY_1), totalSubjCountPerPred(?Y_1, ?_BODY_2), Equal(?_BODY_1, ?Y_1), Equal(?_BODY_2, ?Y_1) >>>
07:58:26 [INFO] Execution step: Project/Reorder
07:58:26 [INFO] Saved temporary table: 2 entries (6968)
07:58:26 [INFO] Execution step: Project/Reorder
07:58:26 [INFO] Saved temporary table: 2 entries (6968)
07:58:26 [INFO] Execution step: Body
07:58:26 [INFO] Saved temporary table: 1 entries (3404)
07:58:26 [INFO] Execution step: Duplicate Elimination (Datalog)
07:58:26 [INFO] Saved permanent table R_3 (23) Permutation { idx_to_val: [], val_to_idx: [] } with 1 entries (3452)
07:58:26 [INFO] Rule duration: 0 ms
07:58:26 [INFO] <<< STEP 24: APPLYING RULE 14 R_3(?X_1) :- inv(?Y_1, ?X_1), avgObjCountPerPredicate(?Y_1, ?_BODY_1), totalSubjCountPerPred(?Y_1, ?_BODY_2), Equal(?_BODY_1, ?Y_1), Equal(?_BODY_2, ?Y_1) >>>
07:58:26 [INFO] Execution step: Project/Reorder
07:58:26 [INFO] Saved temporary table: 2 entries (6968)
07:58:26 [INFO] Execution step: Project/Reorder
07:58:26 [INFO] Saved temporary table: 2 entries (6968)
07:58:26 [INFO] Execution step: Body
07:58:26 [INFO] Trie does not contain any elements
07:58:26 [INFO] Execution step: Duplicate Elimination (Datalog)
07:58:26 [INFO] Trie does not contain any elements
07:58:26 [INFO] Rule duration: 0 ms
07:58:26 [INFO] <<< STEP 25: APPLYING RULE 11 R_4(?X_5, "x", ?X_1, ?X_6, ?X_4, ?X_2) :- R_6(?X_5, ?_BODY_1, ?X_1, ?X_6, ?X_4, ?X_2), Equal(?_BODY_1, "x") >>>
07:58:26 [INFO] Loading source SimpleTable { arity: 6, data: [AnyDataValue(UnsignedLong(UnsignedLongDataValue(2087221696270115565))), AnyDataValue(PlainString(StringDataValue("str_1"))), AnyDataValue(PlainString(StringDataValue("a"))), AnyDataValue(PlainString(StringDataValue("a"))), AnyDataValue(PlainString(StringDataValue("entityA"))), AnyDataValue(PlainString(StringDataValue("a"))), AnyDataValue(UnsignedLong(UnsignedLongDataValue(5457333523262291919))), AnyDataValue(Iri(IriDataValue("c_7"))), AnyDataValue(Iri(IriDataValue("c_8"))), AnyDataValue(Iri(IriDataValue("http://wikiba.se/ontology#directClaim"))), AnyDataValue(UnsignedLong(UnsignedLongDataValue(5457333523262291919))), AnyDataValue(UnsignedLong(UnsignedLongDataValue(17800131631543247776)))] }
07:58:26 [INFO] Execution step: Body
07:58:26 [INFO] Trie does not contain any elements
07:58:26 [INFO] Execution step: Duplicate Elimination (Datalog)
07:58:26 [INFO] Trie does not contain any elements
07:58:26 [INFO] Rule duration: 0 ms
07:58:26 [INFO] <<< STEP 26: APPLYING RULE 16 R_6(?X_4, <http://www.wikidata.org/prop/direct/P1696>, ?X_5, ?X_2, ?X_6, ?X_1) :- R_4(?X_4, ?_BODY_1, ?X_5, ?X_2, ?X_6, ?X_1), inversePropEntities(?Z_1, ?X_2), R_2(?Z_6, ?X_1, ?Z_2, ?_BODY_2, ?_BODY_3, ?X_2), Equal(?_BODY_1, <http://www.wikidata.org/prop/direct/P1696>), Equal(?_BODY_2, ?X_1), Equal(?_BODY_3, ?X_1) >>>
07:58:26 [INFO] Execution step: Body
07:58:26 [INFO] Trie does not contain any elements
07:58:26 [INFO] Execution step: Duplicate Elimination (Datalog)
07:58:26 [INFO] Trie does not contain any elements
07:58:26 [INFO] Rule duration: 0 ms
07:58:26 [INFO] <<< STEP 27: APPLYING RULE 17 R_1(?X_3, ?X_2, ?X_1, ?X_6, "b", ?X_2) :- totalSubjCountPerPred(?X_3, ?X_2), totalSubjCountPerPred(?X_1, ?X_6), totalSubjCountPerPred(?_BODY_1, ?X_2), wikidata(?X_6, ?X_2, ?_BODY_2), R_6(?X_2, ?Z_3, ?X_6, ?Z_2, ?X_1, ?_BODY_3), R_3(?X_6), Equal(?_BODY_1, "b"), Equal(?_BODY_2, ?X_2), Equal(?_BODY_3, ?X_6) >>>
07:58:26 [INFO] Execution step: Project/Reorder
07:58:26 [INFO] Saved temporary table: 1 entries (3452)
07:58:26 [INFO] Execution step: Body
07:58:26 [INFO] Trie does not contain any elements
07:58:26 [INFO] Execution step: Duplicate Elimination (Datalog)
07:58:26 [INFO] Trie does not contain any elements
07:58:26 [INFO] Rule duration: 0 ms
07:58:26 [INFO] <<< STEP 28: APPLYING RULE 18 R_2(?X_1, ?X_6, ?X_2, <http://www.wikidata.org/prop/direct/P1696>, ?X_4, ?X_3) :- R_1(?X_1, ?X_6, ?X_2, ?_BODY_1, ?X_4, ?X_3), objCountPerPredAndSource(?X_3, ?Z_4, ?Z_3), R_4(?Z_5, ?X_4, ?X_1, ?X_6, ?_BODY_2, ?Z_7), R_5(?X_2), R_10(?Z_3, ?X_2, ?X_1), Equal(?_BODY_1, <http://www.wikidata.org/prop/direct/P1696>), Equal(?_BODY_2, <http://wikiba.se/ontology#directClaim>) >>>
07:58:26 [INFO] Execution step: Body
07:58:26 [INFO] Trie does not contain any elements
07:58:26 [INFO] Execution step: Duplicate Elimination (Datalog)
07:58:26 [INFO] Trie does not contain any elements
07:58:26 [INFO] Rule duration: 0 ms
07:58:26 [INFO] <<< STEP 29: APPLYING RULE 15 R_11(?X_4, ?X_3, ?X_5, ?X_2, "entityA") :- R_1(?_BODY_1, ?X_3, ?X_5, ?X_2, ?_BODY_2, ?X_4), R_1(?_BODY_3, ?X_4, ?_BODY_4, ?Z_1, ?X_2, ?X_3), Equal(?_BODY_1, "x"), Equal(?_BODY_2, "entityA"), Equal(?_BODY_3, "x"), Equal(?_BODY_4, ?X_4) >>>
07:58:26 [INFO] Execution step: Body
07:58:26 [INFO] Trie does not contain any elements
07:58:26 [INFO] Execution step: Duplicate Elimination (Datalog)
07:58:26 [INFO] Trie does not contain any elements
07:58:26 [INFO] Rule duration: 0 ms
07:58:26 [INFO] <<< STEP 30: APPLYING RULE 19 R_7(?X_2, ?X_2, ?X_3, "x", ?X_1, ?X_5) :- totalSubjCountPerPred(?X_2, ?_BODY_1), totalSubjCountPerPred(?X_3, ?_BODY_2), totalSubjCountPerPred(?X_1, ?X_5), R_11(?X_2, ?X_1, ?X_5, ?_BODY_3, ?_BODY_4), Equal(?_BODY_1, ?X_2), Equal(?_BODY_2, "x"), Equal(?_BODY_3, ?X_2), Equal(?_BODY_4, ?X_5) >>>
07:58:26 [INFO] Execution step: Body
07:58:26 [INFO] Trie does not contain any elements
07:58:26 [INFO] Execution step: Duplicate Elimination (Datalog)
07:58:26 [INFO] Trie does not contain any elements
07:58:26 [INFO] Rule duration: 0 ms
07:58:26 [INFO] <<< STEP 31: APPLYING RULE 10 R_OUT(?X_2, ?X_6, ?X_4, ?X_5, "x", ?X_3) :- R_7(?X_2, ?X_6, ?X_4, ?X_5, ?_BODY_1, ?X_3), Equal(?_BODY_1, "x") >>>
07:58:26 [INFO] Execution step: Body
07:58:26 [INFO] Trie does not contain any elements
07:58:26 [INFO] Execution step: Duplicate Elimination (Datalog)
07:58:26 [INFO] Trie does not contain any elements
07:58:26 [INFO] Rule duration: 0 ms
07:58:26 [INFO] <<< STEP 32: APPLYING RULE 20 R_OUT(?X_3, ?X_2, ?X_5, ?X_1, ?X_5, ?X_6) :- predToKeep(?X_3), predToKeep(?X_2), predToKeep(?X_5), predToKeep(?X_1), predToKeep(?X_5), predToKeep(?X_6), predToKeep(?X_3) >>>
07:58:26 [INFO] Execution step: Project/Reorder
07:58:26 [INFO] Saved temporary table: 1 entries (3452)
07:58:26 [INFO] Execution step: Body
07:58:26 [INFO] Trie does not contain any elements
07:58:26 [INFO] Execution step: Duplicate Elimination (Datalog)
07:58:26 [INFO] Trie does not contain any elements
07:58:26 [INFO] Rule duration: 0 ms
07:58:26 [INFO] ----------------------------------------------
07:58:26 [INFO]  Finished Nemo Execution - Transformed Program
07:58:26 [INFO] Output size: 0
07:58:26 [INFO] ----------------------------------------------
07:58:26 [INFO] 
07:58:26 [INFO] ----------------------------------------------
07:58:26 [INFO] ------------ Asserting Oracle EQU ------------
07:58:26 [INFO] ----------------------------------------------
07:58:26 [INFO] All good, output is equivalent
07:58:26 [INFO] old_dir "/home/leo_repp/masterthesis/nemo/nemo-metamorphic-testing/benchmark_500k_r"
