18:44:51 [INFO] ----------------------------------------------
18:44:51 [INFO] Beginning transformation mtf_EQU_5500012
                Oracle:     EQU          Number of T: 21
                Debug Mode: false          u64 Seed:    5500012
                Number of generating transformations: 23
                Internal Seed:          [75, 207, 153, 39, 103, 198, 134, 251, 210, 231, 138, 106, 35, 192, 242, 125, 41, 157, 161, 192, 61, 23, 175, 156, 215, 141, 40, 52, 102, 199, 242, 48]
                Seed File: Currently not supported!
18:44:51 [INFO] ----------------------------------------------
18:44:51 [INFO] -------------- Reading Seed File: ------------
18:44:51 [INFO] "/home/leo_repp/masterthesis/nemo/nemo-metamorphic-testing/examples/wind-turbines/permissions.rls"
18:44:51 [INFO] Renaming of rules complete
18:44:51 [INFO] --------- Finished Reading Seed file ---------
18:44:51 [INFO] ----------------------------------------------
18:44:51 [INFO] 
18:44:51 [INFO] ----------------------------------------------
18:44:51 [INFO] -------- Beginning Program Generation --------
18:44:51 [INFO] ----------------------------------------------
18:44:51 [INFO] 
18:44:51 [INFO] Removing old export statements
18:44:51 [INFO] Beginning inverse_stratum and ancestry computation starting at node R_OUT
18:44:51 [INFO] Ancestry and Inverse Stratum computation complete.
18:44:51 [INFO] Constructed lite ADG
18:44:51 [INFO] Generating Program...
18:44:51 [INFO] 
18:44:51 [INFO] 1 / 22
18:44:51 [INFO]   I Add Relational Node
18:44:51 [INFO]   Added new relation R_1
18:44:51 [INFO] 2 / 22
18:44:51 [INFO]   I Add Relational Node
18:44:51 [INFO]   Added new relation R_2
18:44:51 [INFO] 3 / 22
18:44:51 [INFO]   I Add Relational Node
18:44:51 [INFO]   Added new relation R_3
18:44:51 [INFO] 4 / 22
18:44:51 [INFO]   I Add Relational Node
18:44:51 [INFO]   Added new relation R_4
18:44:51 [INFO] 5 / 22
18:44:51 [INFO]   I Add Relational Node
18:44:51 [INFO]   Added new relation R_5
18:44:51 [INFO] 6 / 22
18:44:51 [INFO]   I Add Relational Node
18:44:51 [INFO]   Added new relation R_6
18:44:51 [INFO] 7 / 22
18:44:51 [INFO]   I Add Relational Node
18:44:51 [INFO]   Added new relation R_7
18:44:51 [INFO] 8 / 22
18:44:51 [INFO]   I Add Relational Node
18:44:51 [INFO]   Added new relation R_8
18:44:51 [INFO] 9 / 22
18:44:51 [INFO]   I Add Relational Node
18:44:51 [INFO]   Added new relation R_9
18:44:51 [INFO] 10 / 22
18:44:51 [INFO]   I Add Relational Node
18:44:51 [INFO]   Added new relation R_10
18:44:51 [INFO] 11 / 22
18:44:51 [INFO]   I Add Relational Node
18:44:51 [INFO]   Added new relation R_11
18:44:51 [INFO] 12 / 22
18:44:51 [INFO]   I Add Relational Node
18:44:51 [INFO]   Added new relation R_12
18:44:51 [INFO] 13 / 22
18:44:51 [INFO]   I Add Relational Node
18:44:51 [INFO]   Added new relation R_13
18:44:51 [INFO] 14 / 22
18:44:51 [INFO]   I Add Relational Node
18:44:51 [INFO]   Added new relation R_14
18:44:51 [INFO] 15 / 22
18:44:51 [INFO]   I Add Relational Node
18:44:51 [INFO]   Added new relation R_15
18:44:51 [INFO] 16 / 22
18:44:51 [INFO]   I Add Relational Node
18:44:51 [INFO]   Added new relation R_16
18:44:51 [INFO] 17 / 22
18:44:51 [INFO]   I Add Relational Node
18:44:51 [INFO]   Added new relation R_17
18:44:51 [INFO] 18 / 22
18:44:51 [INFO]   I Add Relational Node
18:44:51 [INFO]   Added new relation R_18
18:44:51 [INFO] 19 / 22
18:44:51 [INFO]   I Add Relational Node
18:44:51 [INFO]   Added new relation R_19
18:44:51 [INFO] 20 / 22
18:44:51 [INFO]   I Add Relational Node
18:44:51 [INFO]   Added new relation R_20
18:44:51 [INFO] 21 / 22
18:44:51 [INFO]   I Add Relational Node
18:44:51 [INFO]   Added new relation R_21
18:44:51 [INFO] 22 / 22
18:44:51 [INFO]   I Add Relational Node
18:44:51 [INFO]   Added new relation R_22
18:44:51 [INFO] 
18:44:51 [INFO] Adding a new rule for each relation other than the seed relations
18:44:51 [INFO] 
18:44:51 [INFO] 1 / 23
18:44:51 [INFO]   Generating new single body literal rule for R_OUT
18:44:51 [INFO]   Assigned relation R_OUT the artiy 3
18:44:51 [INFO]   Added new rule of name r_GEN_1
18:44:51 [INFO]   R_OUT(?X_1, ?X_3, ?X_3) :- distance(?X_1, ?X_3), distance(?X_3, ?X_3) .
18:44:51 [INFO] 2 / 23
18:44:51 [INFO]   Generating new single body literal rule for R_1
18:44:51 [INFO]   Assigned relation R_1 the artiy 4
18:44:51 [INFO]   Added new rule of name r_GEN_2
18:44:51 [INFO]   R_1(?X_3, ?X_4, ?X_2, ?X_2) :- coordinates(?X_3, ?X_4), coordinates(?X_2, ?X_2) .
18:44:51 [INFO] 3 / 23
18:44:51 [INFO]   Generating new single body literal rule for R_2
18:44:51 [INFO]   Assigned relation R_2 the artiy 5
18:44:51 [INFO]   Assigned relation R_11 the artiy 6
18:44:51 [INFO]   Added new rule of name r_GEN_3
18:44:51 [INFO]   R_2(?X_5, ?X_2, ?X_1, ?X_1, ?X_4) :- R_11(?X_5, ?X_2, ?X_1, ?X_1, ?X_4, ?X_2) .
18:44:51 [INFO] 4 / 23
18:44:51 [INFO]   Generating new single body literal rule for R_3
18:44:51 [INFO]   Assigned relation R_3 the artiy 5
18:44:51 [INFO]   Assigned relation R_12 the artiy 6
18:44:51 [INFO]   Added new rule of name r_GEN_4
18:44:51 [INFO]   R_3(?X_1, ?X_5, ?X_3, ?X_4, "Wind Turbine A") :- R_12(?X_1, ?X_5, ?X_5, ?X_4, "Wind Turbine A", ?X_3) .
18:44:51 [INFO] 5 / 23
18:44:51 [INFO]   Generating new single body literal rule for R_4
18:44:51 [INFO]   Assigned relation R_4 the artiy 3
18:44:51 [INFO]   Added new rule of name r_GEN_5
18:44:51 [INFO]   R_4(?X_2, ?X_3, "addr") :- endangered(?X_2), endangered(?X_3), endangered("addr") .
18:44:51 [INFO] 6 / 23
18:44:51 [INFO]   Generating new single body literal rule for R_5
18:44:51 [INFO]   Assigned relation R_5 the artiy 1
18:44:51 [INFO]   Added new rule of name r_GEN_6
18:44:51 [INFO]   R_5("Wind Turbine C") :- coordinates_m(?Y_1, "Wind Turbine C") .
18:44:51 [INFO] 7 / 23
18:44:51 [INFO]   Generating new single body literal rule for R_6
18:44:51 [INFO]   Assigned relation R_6 the artiy 6
18:44:51 [INFO]   Assigned relation R_8 the artiy 6
18:44:51 [INFO]   Added new rule of name r_GEN_7
18:44:51 [INFO]   R_6(?X_5, ?X_1, 60, ?X_4, ?X_2, ?X_3) :- R_8(?X_5, ?X_1, 60, ?X_4, ?X_2, ?X_3) .
18:44:51 [INFO] 8 / 23
18:44:51 [INFO]   Generating new single body literal rule for R_7
18:44:51 [INFO]   Assigned relation R_7 the artiy 5
18:44:51 [INFO]   Added new rule of name r_GEN_8
18:44:51 [INFO]   R_7(?X_3, "Wind Turbine B", ?X_1, ?X_4, ?X_2) :- R_11(?X_3, "Wind Turbine B", ?X_1, ?X_4, ?X_2, ?X_2) .
18:44:51 [INFO] 9 / 23
18:44:51 [INFO]   Generating new single body literal rule for R_8
18:44:51 [INFO]   Added new rule of name r_GEN_9
18:44:51 [INFO]   R_8(?X_3, ?X_4, ?X_1, ?X_3, ?X_5, "50.90297432498729"^^<http://www.w3.org/2001/XMLSchema#double>) :- project_height_m(?X_3, ?X_4), project_height_m(?X_1, ?X_3), project_height_m(?X_5, "50.90297432498729"^^<http://www.w3.org/2001/XMLSchema#double>) .
18:44:51 [INFO] 10 / 23
18:44:51 [INFO]   Generating new single body literal rule for R_9
18:44:51 [INFO]   Assigned relation R_9 the artiy 1
18:44:51 [INFO]   Added new rule of name r_GEN_10
18:44:51 [INFO]   R_9(?X_1) :- project_approved(?X_1) .
18:44:51 [INFO] 11 / 23
18:44:51 [INFO]   Generating new single body literal rule for R_10
18:44:51 [INFO]   Assigned relation R_10 the artiy 5
18:44:51 [INFO]   Added new rule of name r_GEN_11
18:44:51 [INFO]   R_10(60, ?X_4, ?X_2, ?X_5, ?X_1) :- PI(60), PI(?X_4), PI(?X_2), PI(?X_5), PI(?X_1) .
18:44:51 [INFO] 12 / 23
18:44:51 [INFO]   Generating new single body literal rule for R_11
18:44:51 [INFO]   Added new rule of name r_GEN_12
18:44:51 [INFO]   R_11(?X_2, ?X_3, ?X_6, ?X_2, ?X_4, "Wind Turbine B") :- environmental_impact(?X_2), environmental_impact(?X_3), environmental_impact(?X_6), environmental_impact(?X_2), environmental_impact(?X_4), environmental_impact("Wind Turbine B") .
18:44:51 [INFO] 13 / 23
18:44:51 [INFO]   Generating new single body literal rule for R_12
18:44:51 [INFO]   Assigned relation R_22 the artiy 6
18:44:51 [INFO]   Added new rule of name r_GEN_13
18:44:51 [INFO]   R_12(?X_3, ?X_5, ?X_4, ?X_4, ?X_1, ?X_2) :- R_22(?X_3, ?X_5, ?X_4, ?X_4, ?X_1, ?X_2) .
18:44:51 [INFO] 14 / 23
18:44:51 [INFO]   Generating new single body literal rule for R_13
18:44:51 [INFO]   Assigned relation R_13 the artiy 2
18:44:51 [INFO]   Added new rule of name r_GEN_14
18:44:51 [INFO]   R_13(?X_2, ?X_1) :- TRUE(?X_2), TRUE(?X_1) .
18:44:51 [INFO] 15 / 23
18:44:51 [INFO]   Generating new single body literal rule for R_14
18:44:51 [INFO]   Assigned relation R_14 the artiy 6
18:44:51 [INFO]   Added new rule of name r_GEN_15
18:44:51 [INFO]   R_14(?X_5, ?X_6, ?X_1, ?X_2, 60, ?X_3) :- PI(?X_5), PI(?X_6), PI(?X_1), PI(?X_2), PI(60), PI(?X_3) .
18:44:51 [INFO] 16 / 23
18:44:51 [INFO]   Generating new single body literal rule for R_15
18:44:51 [INFO]   Assigned relation R_15 the artiy 3
18:44:51 [INFO]   Added new rule of name r_GEN_16
18:44:51 [INFO]   R_15(?X_2, "true"^^<http://www.w3.org/2001/XMLSchema#boolean>, ?X_1) :- R_OUT(?X_2, "true"^^<http://www.w3.org/2001/XMLSchema#boolean>, ?X_1) .
18:44:51 [INFO] 17 / 23
18:44:51 [INFO]   Generating new single body literal rule for R_16
18:44:51 [INFO]   Assigned relation R_16 the artiy 4
18:44:51 [INFO]   Added new rule of name r_GEN_17
18:44:51 [INFO]   R_16(?X_2, "Wind Turbine C", ?X_3, ?X_1) :- R_11(?X_2, ?X_2, ?X_3, ?X_1, "Wind Turbine C", ?X_1) .
18:44:51 [INFO] 18 / 23
18:44:51 [INFO]   Generating new single body literal rule for R_17
18:44:51 [INFO]   Assigned relation R_17 the artiy 1
18:44:51 [INFO]   Added new rule of name r_GEN_18
18:44:51 [INFO]   R_17(60) :- R_2("Wind Turbine C", 60, "Wind Turbine C", ?Y_1, ?Y_1) .
18:44:51 [INFO] 19 / 23
18:44:51 [INFO]   Generating new single body literal rule for R_18
18:44:51 [INFO]   Assigned relation R_18 the artiy 5
18:44:51 [INFO]   Added new rule of name r_GEN_19
18:44:51 [INFO]   R_18(?X_2, ?X_5, "Wind Turbine B", ?X_3, ?X_2) :- R_11(?X_2, "Wind Turbine B", "Wind Turbine B", ?X_3, ?X_2, ?X_5) .
18:44:51 [INFO] 20 / 23
18:44:51 [INFO]   Generating new single body literal rule for R_19
18:44:51 [INFO]   Assigned relation R_19 the artiy 4
18:44:51 [INFO]   Added new rule of name r_GEN_20
18:44:51 [INFO]   R_19(?X_4, "40075000"^^<http://www.w3.org/2001/XMLSchema#double>, ?X_2, ?X_3) :- R_4("40075000"^^<http://www.w3.org/2001/XMLSchema#double>, "40075000"^^<http://www.w3.org/2001/XMLSchema#double>, ?X_2), R_4(?X_3, ?X_3, ?X_4) .
18:44:51 [INFO] 21 / 23
18:44:51 [INFO]   Generating new single body literal rule for R_20
18:44:51 [INFO]   Assigned relation R_20 the artiy 6
18:44:51 [INFO]   Added new rule of name r_GEN_21
18:44:51 [INFO]   R_20(?X_6, ?X_2, ?X_4, "Wind Turbine B", ?X_1, ?X_3) :- project_species(?X_6, ?X_2), project_species(?X_4, "Wind Turbine B"), project_species(?X_1, ?X_3) .
18:44:51 [INFO] 22 / 23
18:44:51 [INFO]   Generating new single body literal rule for R_21
18:44:51 [INFO]   Assigned relation R_21 the artiy 5
18:44:51 [INFO]   Added new rule of name r_GEN_22
18:44:51 [INFO]   R_21(?X_2, ?X_5, ?X_1, ?X_3, ?X_4) :- distance(?X_2, ?X_5), distance(?X_1, ?X_4), distance(?X_4, ?X_3) .
18:44:51 [INFO] 23 / 23
18:44:51 [INFO]   Generating new single body literal rule for R_22
18:44:51 [INFO]   Added new rule of name r_GEN_23
18:44:51 [INFO]   R_22(?X_1, ?X_3, ?X_5, "50.89816338631804"^^<http://www.w3.org/2001/XMLSchema#double>, ?X_4, ?X_6) :- coordinates(?X_1, ?X_3), coordinates(?X_5, "50.89816338631804"^^<http://www.w3.org/2001/XMLSchema#double>), coordinates(?X_4, ?X_6) .
18:44:51 [INFO] 
18:44:51 [INFO] Adding a outgoing relational edge for each relation other than R_OUT
18:44:51 [INFO] 
18:44:51 [INFO] 1 / 39
18:44:51 [INFO]   Adding outgoing relational edge from CIRC_EARTH for r_GEN_4
18:44:51 [INFO]   Generated literal CIRC_EARTH("Wind Turbine C") for rule r_GEN_4
18:44:51 [INFO] 2 / 39
18:44:51 [INFO]   Adding outgoing relational edge from PI for r_GEN_17
18:44:51 [INFO]   Generated literal PI(?Z_1) for rule r_GEN_17
18:44:51 [INFO] 3 / 39
18:44:51 [INFO]   Adding outgoing relational edge from TRUE for r_GEN_14
18:44:51 [INFO]   Generated literal TRUE(?X_1) for rule r_GEN_14
18:44:51 [INFO] 4 / 39
18:44:51 [INFO]   Adding outgoing relational edge from closest_house for r_GEN_17
18:44:51 [INFO]   Generated literal ~closest_house(?X_1, ?X_2) for rule r_GEN_17
18:44:51 [INFO] 5 / 39
18:44:51 [INFO]   Adding outgoing relational edge from coordinates for r_GEN_12
18:44:51 [INFO]   Generated literal coordinates(?X_6, ?X_3) for rule r_GEN_12
18:44:51 [INFO] 6 / 39
18:44:51 [INFO]   Adding outgoing relational edge from coordinates_m for r_GEN_19
18:44:51 [INFO]   Generated literal ~coordinates_m(?X_5, ?X_3) for rule r_GEN_19
18:44:51 [INFO] 7 / 39
18:44:51 [INFO]   Adding outgoing relational edge from distance for r_GEN_4
18:44:51 [INFO]   Generated literal distance(?X_4, ?X_5) for rule r_GEN_4
18:44:51 [INFO] 8 / 39
18:44:51 [INFO]   Adding outgoing relational edge from endangered for r_GEN_23
18:44:51 [INFO]   Generated literal endangered(?X_5) for rule r_GEN_23
18:44:51 [INFO] 9 / 39
18:44:51 [INFO]   Adding outgoing relational edge from environmental_impact for r_GEN_18
18:44:51 [INFO]   Generated literal ~environmental_impact(?Y_1) for rule r_GEN_18
18:44:51 [INFO] 10 / 39
18:44:51 [INFO]   Adding outgoing relational edge from locations for r_GEN_8
18:44:51 [INFO]   Generated literal locations(?X_3, ?X_4, ?Z_2) for rule r_GEN_8
18:44:51 [INFO] 11 / 39
18:44:51 [INFO]   Adding outgoing relational edge from project for r_GEN_23
18:44:51 [INFO]   Generated literal project("Wind Turbine B") for rule r_GEN_23
18:44:51 [INFO] 12 / 39
18:44:51 [INFO]   Adding outgoing relational edge from project_approved for r_GEN_16
18:44:51 [INFO]   Generated literal project_approved("Wind Turbine B") for rule r_GEN_16
18:44:51 [INFO] 13 / 39
18:44:51 [INFO]   Adding outgoing relational edge from project_height_m for r_GEN_12
18:44:51 [INFO]   Generated literal project_height_m(?X_2, ?Z_3) for rule r_GEN_12
18:44:51 [INFO] 14 / 39
18:44:51 [INFO]   Adding outgoing relational edge from project_location for r_GEN_8
18:44:51 [INFO]   Generated literal project_location(?X_2, ?X_3, ?X_4) for rule r_GEN_8
18:44:51 [INFO] 15 / 39
18:44:51 [INFO]   Adding outgoing relational edge from project_location_m for r_GEN_6
18:44:51 [INFO]   Generated literal project_location_m(?Y_1, ?Y_1, ?Z_1) for rule r_GEN_6
18:44:51 [INFO] 16 / 39
18:44:51 [INFO]   Adding outgoing relational edge from project_reject for r_GEN_18
18:44:51 [INFO]   Generated literal project_reject(?Y_1) for rule r_GEN_18
18:44:51 [INFO] 17 / 39
18:44:51 [INFO]   Adding outgoing relational edge from project_species for r_GEN_5
18:44:51 [INFO]   Generated literal project_species(?X_3, "50.90297432498729"^^<http://www.w3.org/2001/XMLSchema#double>) for rule r_GEN_5
18:44:51 [INFO] 18 / 39
18:44:51 [INFO]   Adding outgoing relational edge from R_1 for r_GEN_11
18:44:51 [INFO]   Generated literal R_1(?X_4, ?Z_1, ?X_5, ?Z_2) for rule r_GEN_11
18:44:51 [INFO] 19 / 39
18:44:51 [INFO]   Adding outgoing relational edge from R_2 for r_GEN_7
18:44:51 [INFO]   Generated literal R_2(?X_2, ?X_2, ?X_4, ?X_4, ?X_5) for rule r_GEN_7
18:44:51 [INFO] 20 / 39
18:44:51 [INFO]   Adding outgoing relational edge from R_3 for r_GEN_12
18:44:51 [INFO]   Generated literal R_3(?Z_6, ?X_6, ?Z_1, ?X_3, ?X_2) for rule r_GEN_12
18:44:51 [INFO] 21 / 39
18:44:51 [INFO]   Adding outgoing relational edge from R_4 for r_GEN_4
18:44:51 [INFO]   Generated literal R_4(?Z_4, ?Z_3, ?X_3) for rule r_GEN_4
18:44:51 [INFO] 22 / 39
18:44:51 [INFO]   Adding outgoing relational edge from R_5 for r_GEN_12
18:44:51 [INFO]   Generated literal ~R_5(?X_6) for rule r_GEN_12
18:44:51 [INFO] 23 / 39
18:44:51 [INFO]   Adding outgoing relational edge from R_6 for r_GEN_16
18:44:51 [INFO]   Generated literal ~R_6(?X_1, "Wind Turbine A", ?X_2, ?X_2, ?X_2, ?X_1) for rule r_GEN_16
18:44:51 [INFO] 24 / 39
18:44:51 [INFO]   Adding outgoing relational edge from R_7 for r_GEN_8
18:44:51 [INFO]   Generated literal R_7(?X_4, ?X_1, ?X_3, ?X_3, ?X_2) for rule r_GEN_8
18:44:51 [INFO] 25 / 39
18:44:51 [INFO]   Adding outgoing relational edge from R_8 for r_GEN_23
18:44:51 [INFO]   Generated literal ~R_8(?X_6, ?X_6, 60, ?X_3, ?X_5, ?X_3) for rule r_GEN_23
18:44:51 [INFO] 26 / 39
18:44:51 [INFO]   Adding outgoing relational edge from R_9 for r_GEN_6
18:44:51 [INFO]   Generated literal ~R_9("true"^^<http://www.w3.org/2001/XMLSchema#boolean>) for rule r_GEN_6
18:44:51 [INFO] 27 / 39
18:44:51 [INFO]   Adding outgoing relational edge from R_10 for r_GEN_13
18:44:51 [INFO]   Generated literal ~R_10(?X_4, ?X_3, ?X_1, ?X_2, ?X_2) for rule r_GEN_13
18:44:51 [INFO] 28 / 39
18:44:51 [INFO]   Adding outgoing relational edge from R_11 for r_GEN_22
18:44:51 [INFO]   Generated literal R_11(?X_4, ?X_4, ?Z_1, ?X_4, ?X_1, ?X_2) for rule r_GEN_22
18:44:51 [INFO] 29 / 39
18:44:51 [INFO]   Adding outgoing relational edge from R_12 for r_GEN_12
18:44:51 [INFO]   Generated literal R_12(?X_6, ?X_4, ?X_2, ?X_2, ?X_6, ?X_3) for rule r_GEN_12
18:44:51 [INFO] 30 / 39
18:44:51 [INFO]   Adding outgoing relational edge from R_13 for r_GEN_10
18:44:51 [INFO]   Generated literal ~R_13(?X_1, ?X_1) for rule r_GEN_10
18:44:51 [INFO] 31 / 39
18:44:51 [INFO]   Adding outgoing relational edge from R_14 for r_GEN_6
18:44:51 [INFO]   Generated literal R_14(?Z_1, ?Y_1, "13.704927907097524"^^<http://www.w3.org/2001/XMLSchema#double>, ?Z_3, ?Y_1, ?Y_1) for rule r_GEN_6
18:44:51 [INFO] 32 / 39
18:44:51 [INFO]   Adding outgoing relational edge from R_15 for r_GEN_1
18:44:51 [INFO]   Generated literal R_15(?X_3, ?X_3, "50.89816338631804"^^<http://www.w3.org/2001/XMLSchema#double>) for rule r_GEN_1
18:44:51 [INFO] 33 / 39
18:44:51 [INFO]   Adding outgoing relational edge from R_16 for r_GEN_23
18:44:51 [INFO]   Generated literal R_16(?Z_6, ?Z_5, "Wind Turbine B", ?X_6) for rule r_GEN_23
18:44:51 [INFO] 34 / 39
18:44:51 [INFO]   Adding outgoing relational edge from R_17 for r_GEN_16
18:44:51 [INFO]   Generated literal R_17(?X_1) for rule r_GEN_16
18:44:51 [INFO] 35 / 39
18:44:51 [INFO]   Adding outgoing relational edge from R_18 for r_GEN_19
18:44:51 [INFO]   Generated literal R_18(?X_2, ?X_2, ?X_2, ?X_3, ?X_3) for rule r_GEN_19
18:44:51 [INFO] 36 / 39
18:44:51 [INFO]   Adding outgoing relational edge from R_19 for r_GEN_23
18:44:51 [INFO]   Generated literal R_19(?Z_9, ?X_5, ?Z_6, ?Z_7) for rule r_GEN_23
18:44:51 [INFO] 37 / 39
18:44:51 [INFO]   Adding outgoing relational edge from R_20 for r_GEN_12
18:44:51 [INFO]   Generated literal R_20(?X_3, ?Z_12, ?X_2, ?Z_10, ?X_2, ?X_4) for rule r_GEN_12
18:44:51 [INFO] 38 / 39
18:44:51 [INFO]   Adding outgoing relational edge from R_21 for r_GEN_7
18:44:51 [INFO]   Generated literal ~R_21(60, ?X_5, ?X_2, ?X_5, ?X_3) for rule r_GEN_7
18:44:51 [INFO] 39 / 39
18:44:51 [INFO]   Adding outgoing relational edge from R_22 for r_GEN_19
18:44:51 [INFO]   Generated literal R_22(?X_2, ?X_3, ?X_2, ?X_2, ?X_2, ?X_2) for rule r_GEN_19
18:44:51 [INFO] 
18:44:51 [INFO] Adding gen. size facts
18:44:51 [INFO] 
18:44:51 [INFO] 1 / 23
18:44:51 [INFO]   II Add Fact Node and Edge
18:44:51 [INFO]   Added new fact R_OUT(c_1, "40075000"^^<http://www.w3.org/2001/XMLSchema#double>, 40).
18:44:51 [INFO] 2 / 23
18:44:51 [INFO]   II Add Fact Node and Edge
18:44:51 [INFO]   Added new fact R_7("Mauersegler", c_2, "Wind Turbine A", "Wind Turbine A", "13.69510396381167"^^<http://www.w3.org/2001/XMLSchema#double>).
18:44:51 [INFO] 3 / 23
18:44:51 [INFO]   II Add Fact Node and Edge
18:44:51 [INFO]   Added new fact R_17("Wind Turbine A").
18:44:51 [INFO] 4 / 23
18:44:51 [INFO]   II Add Fact Node and Edge
18:44:51 [INFO]   Added new fact R_18(14109768026439282240, 60, c_3, "Wind Turbine B", c_4).
18:44:51 [INFO] 5 / 23
18:44:51 [INFO]   II Add Fact Node and Edge
18:44:51 [INFO]   Added new fact R_18("str_1", 14426202395987745209, c_5, c_4, "Wind Turbine A").
18:44:51 [INFO] 6 / 23
18:44:51 [INFO]   II Add Fact Node and Edge
18:44:51 [INFO]   Added new fact R_7(c_6, "str_2", c_7, 15106946749840987684, "true"^^<http://www.w3.org/2001/XMLSchema#boolean>).
18:44:51 [INFO] 7 / 23
18:44:51 [INFO]   II Add Fact Node and Edge
18:44:51 [INFO]   Added new fact R_18(c_8, c_8, 60, c_9, "Wind Turbine C").
18:44:51 [INFO] 8 / 23
18:44:51 [INFO]   II Add Fact Node and Edge
18:44:51 [INFO]   Added new fact R_21("str_3", c_10, c_11, c_12, c_13).
18:44:51 [INFO] 9 / 23
18:44:51 [INFO]   II Add Fact Node and Edge
18:44:51 [INFO]   Added new fact R_18(c_14, "Wind Turbine C", 40, "str_4", "Wind Turbine C").
18:44:51 [INFO] 10 / 23
18:44:51 [INFO]   II Add Fact Node and Edge
18:44:51 [INFO]   Added new fact R_18(c_2, "Wind Turbine B", 15106946749840987684, 18180685899101057123, 8969868044270486694).
18:44:51 [INFO] 11 / 23
18:44:51 [INFO]   II Add Fact Node and Edge
18:44:51 [INFO]   Added new fact R_15("Gartenschläfer", 2341568535130100074, c_15).
18:44:51 [INFO] 12 / 23
18:44:51 [INFO]   II Add Fact Node and Edge
18:44:51 [INFO]   Added new fact R_7("str_1", "str_5", "str_6", c_16, c_14).
18:44:51 [INFO] 13 / 23
18:44:51 [INFO]   II Add Fact Node and Edge
18:44:51 [INFO]   Added new fact R_18("50.89816338631804"^^<http://www.w3.org/2001/XMLSchema#double>, c_17, "str_7", 9733831621299167687, "40075000"^^<http://www.w3.org/2001/XMLSchema#double>).
18:44:51 [INFO] 14 / 23
18:44:51 [INFO]   II Add Fact Node and Edge
18:44:51 [INFO]   Added new fact R_18(c_18, 6322635810792376606, "Mauersegler", c_14, "Wind Turbine C").
18:44:51 [INFO] 15 / 23
18:44:51 [INFO]   II Add Fact Node and Edge
18:44:51 [INFO]   Added new fact R_18(8745527409791900605, c_19, c_9, c_20, c_21).
18:44:51 [INFO] 16 / 23
18:44:51 [INFO]   II Add Fact Node and Edge
18:44:51 [INFO]   Added new fact R_17(c_22).
18:44:51 [INFO] 17 / 23
18:44:51 [INFO]   II Add Fact Node and Edge
18:44:51 [INFO]   Added new fact R_15("50.89816338631804"^^<http://www.w3.org/2001/XMLSchema#double>, 9733831621299167687, c_23).
18:44:51 [INFO] 18 / 23
18:44:51 [INFO]   II Add Fact Node and Edge
18:44:51 [INFO]   Added new fact R_17(1450050055392881522).
18:44:51 [INFO] 19 / 23
18:44:51 [INFO]   II Add Fact Node and Edge
18:44:51 [INFO]   Added new fact R_6("Wind Turbine A", c_24, "str_4", c_2, c_25, "Wind Turbine A").
18:44:51 [INFO] 20 / 23
18:44:51 [INFO]   II Add Fact Node and Edge
18:44:51 [INFO]   Added new fact R_18(c_26, c_21, c_11, 12252447108134014433, c_25).
18:44:51 [INFO] 21 / 23
18:44:51 [INFO]   II Add Fact Node and Edge
18:44:51 [INFO]   Added new fact R_6(c_27, 60, c_28, "Mauersegler", "addr", "addr").
18:44:51 [INFO] 22 / 23
18:44:51 [INFO]   II Add Fact Node and Edge
18:44:51 [INFO]   Added new fact R_18(14254915721639293457, c_29, c_28, "str_5", 15854200322867509259).
18:44:51 [INFO] 23 / 23
18:44:51 [INFO]   II Add Fact Node and Edge
18:44:51 [INFO]   Added new fact R_17(c_30).
18:44:51 [INFO] 
18:44:51 [INFO] ----------------------------------------------
18:44:51 [INFO] ----------- Program Generation Done ----------
18:44:51 [INFO] ----------------------------------------------
18:44:51 [INFO] 
18:44:51 [INFO] ----------- Generated ADG Summary: -----------
18:44:51 [INFO] ADG Fact Nodes:                  23
18:44:51 [INFO] ADG Relational Nodes:            40
18:44:51 [INFO] ADG Fact Edges:                  23
18:44:51 [INFO] ADG Relational Edges:            90
18:44:51 [INFO] Number of inv. Strata:           5
18:44:51 [INFO] 
18:44:51 [INFO] Nodes with None Ancestry:        4
18:44:51 [INFO] Nodes with Positive Ancestry:    5
18:44:51 [INFO] Nodes with Negative Ancestry:    1
18:44:51 [INFO] Nodes with Unknown Ancestry:     30
18:44:51 [INFO] 
18:44:51 [INFO] Next rule name would be:         r_EQU_24
18:44:51 [INFO] Next predicate name would be:    R_23
18:44:51 [INFO] Next constant name would be:     c_31
18:44:51 [INFO] Next string would be:            "str_8"
18:44:51 [INFO] 
18:44:51 [INFO] Output predicate:                R_OUT
18:44:51 [INFO] Generated rule count:            23
18:44:51 [INFO] Rule count:                      32
18:44:51 [INFO] Average rel. arity:              3.175
18:44:51 [INFO] Arity calc. may be inaccurate if arity > f64
18:44:51 [INFO] ----------------------------------------------
18:44:51 [INFO] 
18:44:51 [INFO] ------ Performed Gen. Transformations: -------
18:44:51 [INFO]  #      Type
18:44:51 [INFO]  23      Generate New Rule with Probably Single Lit
18:44:51 [INFO]  39      Generating an Outgoing Relational Edge
18:44:51 [INFO]  22      I     Add Relational Node
18:44:51 [INFO]  23      II    Add Fact Node and Edge
18:44:51 [INFO] ----------------------------------------------
18:44:51 [INFO] 
18:44:51 [INFO] Storing input ADG and input program
18:44:51 [INFO] 
18:44:51 [INFO] ----------------------------------------------
18:44:51 [INFO] --------- Beginning Transformations ----------
18:44:51 [INFO] --------  Oracle: EQU    Number: 21
18:44:51 [INFO] ----------------------------------------------
18:44:51 [INFO] 1 / 21
18:44:51 [INFO]   IV Add Relational Edge - New Literal
18:44:51 [INFO]   Generated literal closest_house(?X_2, ?X_3) for rule r_GEN_19
18:44:51 [INFO] 2 / 21
18:44:51 [INFO]   VIII Modify Rule - Remove Equality
18:44:51 [INFO]   Replaced a random number of var X_3 with var X_3_new_1 in the rule r_GEN_8
18:44:51 [INFO] 3 / 21
18:44:51 [INFO]   VII Modify Rule - Add Equality
18:44:51 [INFO]   Replaced var ?X_2 with var ?X_3 in the rule r_GEN_19
18:44:51 [INFO] 4 / 21
18:44:51 [INFO]   II Add Fact Node and Edge
18:44:51 [INFO]   Added new fact R_18(7743972667738184601, 12252447108134014433, 14109768026439282240, "str_2", "40075000"^^<http://www.w3.org/2001/XMLSchema#double>).
18:44:51 [INFO] 5 / 21
18:44:51 [INFO]   XI Add Contradictory Rule
18:44:51 [INFO]   Added new contradictory rule of name r_EQU_26
18:44:51 [INFO]   R_22(c_25, ?X_6, ?X_4, ?X_5, ?X_1, ?X_2) :- project_height_m(c_25, ?X_6), project_height_m(?X_4, ?X_5), project_height_m(?X_1, ?X_2), ~project_height_m(c_25, ?X_6) .
18:44:51 [INFO] 6 / 21
18:44:51 [INFO]   II Add Fact Node and Edge
18:44:51 [INFO]   Added new fact R_18(14958256473710714664, 8969868044270486694, c_30, "50.90297432498729"^^<http://www.w3.org/2001/XMLSchema#double>, "Wind Turbine C").
18:44:51 [INFO] 7 / 21
18:44:51 [INFO]   Xa Remove Relational Node - Rule Variant
18:44:51 [INFO]   Removing relational node R_18
18:44:51 [INFO]   Removing the Rule of the name r_GEN_19
18:44:51 [INFO]   Removing at least 5 relational edges.
18:44:51 [INFO] 8 / 21
18:44:51 [INFO]   III Add Relational edges - New Rule
18:44:51 [INFO]   Added new rule of name r_EQU_27
18:44:51 [INFO]   R_7(?X_5, ?X_3, ?X_2, ?X_1, ?X_4) :- R_14(?X_2, ?X_3, ?X_2, ?X_1, "13.688126881341304"^^<http://www.w3.org/2001/XMLSchema#double>, ?Y_1), R_9("13.688126881341304"^^<http://www.w3.org/2001/XMLSchema#double>), project_species("13.688126881341304"^^<http://www.w3.org/2001/XMLSchema#double>, ?X_4), R_4(?X_1, ?X_4, ?X_5), ~TRUE(?Y_1), ~R_16(?X_2, "13.688126881341304"^^<http://www.w3.org/2001/XMLSchema#double>, ?X_3, ?X_4), ~R_3(?X_1, ?X_1, c_27, ?X_1, ?X_4) .
18:44:51 [INFO] 9 / 21
18:44:51 [INFO]   IX Remove Fact Node and Edge
18:44:51 [INFO]   Removed fact R_7("Mauersegler", c_2, "Wind Turbine A", "Wind Turbine A", "13.69510396381167"^^<http://www.w3.org/2001/XMLSchema#double>). from the program
18:44:51 [INFO]   Removed fact R_7("Mauersegler", c_2, "Wind Turbine A", "Wind Turbine A", "13.69510396381167"^^<http://www.w3.org/2001/XMLSchema#double>). from the ADG.
18:44:51 [INFO] 10 / 21
18:44:51 [INFO]   Xa Remove Relational Node - Rule Variant
18:44:51 [INFO]   Removing relational node R_7
18:44:51 [INFO]   Removing the Rule of the name r_GEN_8
18:44:51 [INFO]   Removing the Rule of the name r_EQU_27
18:44:51 [INFO]   Removing at least 11 relational edges.
18:44:51 [INFO] 11 / 21
18:44:51 [INFO]   I Add Relational Node
18:44:51 [INFO]   Added new relation R_25
18:44:51 [INFO] 12 / 21
18:44:51 [INFO]   XI Add Contradictory Rule
18:44:51 [INFO]   Added new contradictory rule of name r_EQU_28
18:44:51 [INFO]   R_21(?X_5, ?X_1, "3.14159"^^<http://www.w3.org/2001/XMLSchema#double>, ?X_2, ?X_4) :- R_16(?X_5, ?X_1, ?X_5, ?Y_1), R_16(?X_4, ?X_4, "3.14159"^^<http://www.w3.org/2001/XMLSchema#double>, ?X_2), ~R_16(?X_5, ?X_1, ?X_5, ?Y_1) .
18:44:51 [INFO] 13 / 21
18:44:51 [INFO]   I Add Relational Node
18:44:51 [INFO]   Added new relation R_26
18:44:51 [INFO] 14 / 21
18:44:51 [INFO]   I Add Relational Node
18:44:51 [INFO]   Added new relation R_27
18:44:51 [INFO] 15 / 21
18:44:51 [INFO]   XI Add Contradictory Rule
18:44:51 [INFO]   Assigned relation R_26 the artiy 2
18:44:51 [INFO]   Added new contradictory rule of name r_EQU_29
18:44:51 [INFO]   R_11(15854200322867509259, ?X_1, ?X_3, ?X_5, ?X_6, ?X_2) :- R_26(15854200322867509259, ?X_1), R_26(?X_3, ?X_5), R_26(?X_6, ?X_2), ~R_26(15854200322867509259, ?X_1) .
18:44:51 [INFO] 16 / 21
18:44:51 [INFO]   XI Add Contradictory Rule
18:44:51 [INFO]   Added new contradictory rule of name r_EQU_30
18:44:51 [INFO]   R_26(?X_2, "Mauersegler") :- TRUE(?X_2), TRUE("Mauersegler"), ~TRUE(?X_2) .
18:44:51 [INFO] 17 / 21
18:44:51 [INFO]   I Add Relational Node
18:44:51 [INFO]   Added new relation R_28
18:44:51 [INFO] 18 / 21
18:44:51 [INFO]   I Add Relational Node
18:44:51 [INFO]   Added new relation R_29
18:44:51 [INFO] 19 / 21
18:44:51 [INFO]   XI Add Contradictory Rule
18:44:51 [INFO]   Added new contradictory rule of name r_EQU_31
18:44:51 [INFO]   R_13(?X_1, "Wind Turbine A") :- project_species(?X_1, "Wind Turbine A"), ~project_species(?X_1, "Wind Turbine A") .
18:44:51 [INFO] 20 / 21
18:44:51 [INFO]   XI Add Contradictory Rule
18:44:51 [INFO]   Assigned relation R_28 the artiy 5
18:44:51 [INFO]   Added new contradictory rule of name r_EQU_32
18:44:51 [INFO]   R_28(c_8, ?X_5, ?X_4, ?X_4, ?X_2) :- R_15(c_8, ?X_5, 9733831621299167687), R_15(?X_4, ?X_2, ?X_4), ~R_15(c_8, ?X_5, 9733831621299167687) .
18:44:51 [INFO] 21 / 21
18:44:51 [INFO]   VIII Modify Rule - Remove Equality
18:44:51 [INFO]   Replaced a random number of var X_4 with var X_4_new_1 in the rule r_EQU_32
18:44:51 [INFO] ----------------------------------------------
18:44:51 [INFO] ------------ Transformations Done ------------
18:44:51 [INFO] ----------------------------------------------
18:44:51 [INFO]  Ressources required: 
                data/endangered.csv
                data/locations.csv
                
18:44:51 [INFO] ---------- Transformed ADG Summary: ----------
18:44:51 [INFO] ADG Fact Nodes:                  10
18:44:51 [INFO] ADG Relational Nodes:            43
18:44:51 [INFO] ADG Fact Edges:                  10
18:44:51 [INFO] ADG Relational Edges:            101
18:44:51 [INFO] Number of inv. Strata:           8
18:44:51 [INFO] 
18:44:51 [INFO] Nodes with None Ancestry:        3
18:44:51 [INFO] Nodes with Positive Ancestry:    5
18:44:51 [INFO] Nodes with Negative Ancestry:    1
18:44:51 [INFO] Nodes with Unknown Ancestry:     31
18:44:51 [INFO] 
18:44:51 [INFO] Next rule name would be:         r_EQU_33
18:44:51 [INFO] Next predicate name would be:    R_30
18:44:51 [INFO] Next constant name would be:     c_33
18:44:51 [INFO] Next string would be:            "str_10"
18:44:51 [INFO] 
18:44:51 [INFO] Output predicate:                R_OUT
18:44:51 [INFO] Rule count:                      36
18:44:51 [INFO] Average rel. arity:              3.1904761904761907
18:44:51 [INFO] Arity calc. may be inaccurate if arity > f64
18:44:51 [INFO] ----------------------------------------------
18:44:51 [INFO] 
18:44:51 [INFO] --------- Performed Transformations: ---------
18:44:51 [INFO]  #      Type
18:44:51 [INFO]  16      Failed Transformation Attempts
18:44:51 [INFO]  5      I     Add Relational Node
18:44:51 [INFO]  2      II    Add Fact Node and Edge
18:44:51 [INFO]  1      III   Add Relational edges - New Rule
18:44:51 [INFO]  1      IV    Add Relational Edge - New Literal
18:44:51 [INFO]  1      IX    Remove Fact Node and Edge
18:44:51 [INFO]  0      V     Remove Relational Edges - Whole Rule
18:44:51 [INFO]  0      VI    Remove Relational Edge - Single Literal
18:44:51 [INFO]  1      VII   Modify Rule - Add Equality
18:44:51 [INFO]  2      VIII  Modify Rule - Remove Equality
18:44:51 [INFO]  6      XI   Add Contradictory Rule
18:44:51 [INFO]  2      Xa     Remove Relational Node Rule Variant - None anc only
18:44:51 [INFO] ----------------------------------------------
18:44:51 [INFO] 
18:44:51 [INFO] Writing output ADG and file.
18:44:51 [INFO] 
18:44:51 [INFO] ----------------------------------------------
18:44:51 [INFO] -- Beginning Nemo Execution - Input Program --
18:44:51 [INFO] ----------------------------------------------
18:44:51 [INFO] Stratified program: [[0, 1, 2, 3, 4, 5, 6, 9, 11, 12, 13, 14, 15, 18, 19], [7, 8, 23], [24], [10, 16, 17, 20, 21, 22, 27, 28], [29], [25, 26]]
18:44:51 [INFO] Loading source SimpleTable { arity: 3, data: [AnyDataValue(Iri(IriDataValue("c_1"))), AnyDataValue(Double(DoubleDataValue(40075000.0))), AnyDataValue(Long(LongDataValue(40)))] }
18:44:51 [INFO] Execution step: Combining Tables
18:44:51 [INFO] Saved permanent table R_OUT (0-1) Permutation { idx_to_val: [], val_to_idx: [] } with 1 entries (10364)
18:44:51 [INFO] <<< STEP 1: APPLYING RULE 0 coordinates(?longitude, ?latitude) :- locations(?longitude, ?latitude, ?tag), TRUE(?_BODY_1), Equal(?_BODY_1, StringContains(?tag, "addr")) >>>
18:44:51 [INFO] Loading source DsvReader { read: "<unspecified std::io::Read>", delimiter: 44, escape: None, value formats: DsvValueFormats([Double, Double, Skip, Skip, Skip, Skip, Skip, Skip, Skip, Skip, Skip, Skip, String]) }
18:44:51 [INFO] Starting data import
18:44:51 [INFO] Finished import: processed 782 lines (dropped 1)
18:44:51 [INFO] Loading source SimpleTable { arity: 1, data: [AnyDataValue(Boolean(BooleanDataValue(true)))] }
18:44:51 [INFO] Execution step: Body
18:44:51 [INFO] Saved temporary table: 122 entries (9140)
18:44:51 [INFO] Execution step: Duplicate Elimination (Datalog)
18:44:51 [INFO] Saved permanent table coordinates (1) Permutation { idx_to_val: [], val_to_idx: [] } with 122 entries (9188)
18:44:51 [INFO] Rule duration: 4 ms
18:44:51 [INFO] <<< STEP 2: APPLYING RULE 0 coordinates(?longitude, ?latitude) :- locations(?longitude, ?latitude, ?tag), TRUE(?_BODY_1), Equal(?_BODY_1, StringContains(?tag, "addr")) >>>
18:44:51 [INFO] Execution step: Body
18:44:51 [INFO] Trie does not contain any elements
18:44:51 [INFO] Execution step: Duplicate Elimination (Datalog)
18:44:51 [INFO] Trie does not contain any elements
18:44:51 [INFO] Rule duration: 0 ms
18:44:51 [INFO] <<< STEP 3: APPLYING RULE 1 coordinates_m(?Xm, ?Ym) :- coordinates(?longitude, ?latitude), PI(?PI), CIRC_EARTH(?earth), Equal(?Xm, NumericDivision(NumericProduct(NumericProduct(?longitude, ?earth), NumericCosine(NumericProduct(NumericDivision(?latitude, "180"^^<http://www.w3.org/2001/XMLSchema#double>), ?PI))), "360"^^<http://www.w3.org/2001/XMLSchema#double>)), Equal(?Ym, NumericProduct(?latitude, NumericDivision(?earth, "360"^^<http://www.w3.org/2001/XMLSchema#double>))) >>>
18:44:51 [INFO] Loading source SimpleTable { arity: 1, data: [AnyDataValue(Double(DoubleDataValue(3.14159)))] }
18:44:51 [INFO] Loading source SimpleTable { arity: 1, data: [AnyDataValue(Double(DoubleDataValue(40075000.0)))] }
18:44:51 [INFO] Execution step: Body
18:44:51 [INFO] Saved temporary table: 122 entries (9140)
18:44:51 [INFO] Execution step: Duplicate Elimination (Datalog)
18:44:51 [INFO] Saved permanent table coordinates_m (3) Permutation { idx_to_val: [], val_to_idx: [] } with 122 entries (9188)
18:44:51 [INFO] Rule duration: 0 ms
18:44:51 [INFO] <<< STEP 4: APPLYING RULE 1 coordinates_m(?Xm, ?Ym) :- coordinates(?longitude, ?latitude), PI(?PI), CIRC_EARTH(?earth), Equal(?Xm, NumericDivision(NumericProduct(NumericProduct(?longitude, ?earth), NumericCosine(NumericProduct(NumericDivision(?latitude, "180"^^<http://www.w3.org/2001/XMLSchema#double>), ?PI))), "360"^^<http://www.w3.org/2001/XMLSchema#double>)), Equal(?Ym, NumericProduct(?latitude, NumericDivision(?earth, "360"^^<http://www.w3.org/2001/XMLSchema#double>))) >>>
18:44:51 [INFO] Execution step: Body
18:44:51 [INFO] Trie does not contain any elements
18:44:51 [INFO] Execution step: Duplicate Elimination (Datalog)
18:44:51 [INFO] Trie does not contain any elements
18:44:51 [INFO] Rule duration: 0 ms
18:44:51 [INFO] <<< STEP 5: APPLYING RULE 2 project_location_m(?project, ?Xm, ?Ym) :- project_location(?project, ?longitude, ?latitude), PI(?PI), CIRC_EARTH(?earth), Equal(?Xm, NumericDivision(NumericProduct(NumericProduct(?longitude, ?earth), NumericCosine(NumericProduct(NumericDivision(?latitude, "180"^^<http://www.w3.org/2001/XMLSchema#double>), ?PI))), "360"^^<http://www.w3.org/2001/XMLSchema#double>)), Equal(?Ym, NumericProduct(?latitude, NumericDivision(?earth, "360"^^<http://www.w3.org/2001/XMLSchema#double>))) >>>
18:44:51 [INFO] Loading source SimpleTable { arity: 3, data: [AnyDataValue(PlainString(StringDataValue("Wind Turbine A"))), AnyDataValue(Double(DoubleDataValue(13.69510396381167))), AnyDataValue(Double(DoubleDataValue(50.89312291453255))), AnyDataValue(PlainString(StringDataValue("Wind Turbine B"))), AnyDataValue(Double(DoubleDataValue(13.704927907097524))), AnyDataValue(Double(DoubleDataValue(50.89816338631804))), AnyDataValue(PlainString(StringDataValue("Wind Turbine C"))), AnyDataValue(Double(DoubleDataValue(13.688126881341304))), AnyDataValue(Double(DoubleDataValue(50.90297432498729)))] }
18:44:51 [INFO] Execution step: Body
18:44:51 [INFO] Saved temporary table: 3 entries (10548)
18:44:51 [INFO] Execution step: Duplicate Elimination (Datalog)
18:44:51 [INFO] Saved permanent table project_location_m (5) Permutation { idx_to_val: [], val_to_idx: [] } with 3 entries (10596)
18:44:51 [INFO] Rule duration: 0 ms
18:44:51 [INFO] <<< STEP 6: APPLYING RULE 2 project_location_m(?project, ?Xm, ?Ym) :- project_location(?project, ?longitude, ?latitude), PI(?PI), CIRC_EARTH(?earth), Equal(?Xm, NumericDivision(NumericProduct(NumericProduct(?longitude, ?earth), NumericCosine(NumericProduct(NumericDivision(?latitude, "180"^^<http://www.w3.org/2001/XMLSchema#double>), ?PI))), "360"^^<http://www.w3.org/2001/XMLSchema#double>)), Equal(?Ym, NumericProduct(?latitude, NumericDivision(?earth, "360"^^<http://www.w3.org/2001/XMLSchema#double>))) >>>
18:44:51 [INFO] Execution step: Body
18:44:51 [INFO] Trie does not contain any elements
18:44:51 [INFO] Execution step: Duplicate Elimination (Datalog)
18:44:51 [INFO] Trie does not contain any elements
18:44:51 [INFO] Rule duration: 0 ms
18:44:51 [INFO] <<< STEP 7: APPLYING RULE 3 environmental_impact(?project) :- project_height_m(?project, ?height), NumericGreaterthaneq(?height, 50) >>>
18:44:51 [INFO] Loading source SimpleTable { arity: 2, data: [AnyDataValue(PlainString(StringDataValue("Wind Turbine A"))), AnyDataValue(Long(LongDataValue(60))), AnyDataValue(PlainString(StringDataValue("Wind Turbine B"))), AnyDataValue(Long(LongDataValue(40))), AnyDataValue(PlainString(StringDataValue("Wind Turbine C"))), AnyDataValue(Long(LongDataValue(60)))] }
18:44:51 [INFO] Execution step: Body
18:44:51 [INFO] Saved temporary table: 2 entries (3408)
18:44:51 [INFO] Execution step: Duplicate Elimination (Datalog)
18:44:51 [INFO] Saved permanent table environmental_impact (7) Permutation { idx_to_val: [], val_to_idx: [] } with 2 entries (3456)
18:44:51 [INFO] Rule duration: 0 ms
18:44:51 [INFO] <<< STEP 8: APPLYING RULE 3 environmental_impact(?project) :- project_height_m(?project, ?height), NumericGreaterthaneq(?height, 50) >>>
18:44:51 [INFO] Execution step: Body
18:44:51 [INFO] Trie does not contain any elements
18:44:51 [INFO] Execution step: Duplicate Elimination (Datalog)
18:44:51 [INFO] Trie does not contain any elements
18:44:51 [INFO] Rule duration: 0 ms
18:44:51 [INFO] <<< STEP 9: APPLYING RULE 4 distance(?project, ?distance) :- project_location_m(?project, ?Xp, ?Yp), coordinates_m(?Xr, ?Yr), Equal(?distance, NumericSquareroot(NumericSum(NumericPower(NumericSubtraction(?Xp, ?Xr), "2"^^<http://www.w3.org/2001/XMLSchema#double>), NumericPower(NumericSubtraction(?Yp, ?Yr), "2"^^<http://www.w3.org/2001/XMLSchema#double>)))) >>>
18:44:51 [INFO] Execution step: Body
18:44:51 [INFO] Saved temporary table: 366 entries (9884)
18:44:51 [INFO] Execution step: Duplicate Elimination (Datalog)
18:44:51 [INFO] Saved permanent table distance (9) Permutation { idx_to_val: [], val_to_idx: [] } with 366 entries (9932)
18:44:51 [INFO] Rule duration: 0 ms
18:44:51 [INFO] <<< STEP 10: APPLYING RULE 4 distance(?project, ?distance) :- project_location_m(?project, ?Xp, ?Yp), coordinates_m(?Xr, ?Yr), Equal(?distance, NumericSquareroot(NumericSum(NumericPower(NumericSubtraction(?Xp, ?Xr), "2"^^<http://www.w3.org/2001/XMLSchema#double>), NumericPower(NumericSubtraction(?Yp, ?Yr), "2"^^<http://www.w3.org/2001/XMLSchema#double>)))) >>>
18:44:51 [INFO] Execution step: Body
18:44:51 [INFO] Trie does not contain any elements
18:44:51 [INFO] Execution step: Duplicate Elimination (Datalog)
18:44:51 [INFO] Trie does not contain any elements
18:44:51 [INFO] Rule duration: 0 ms
18:44:51 [INFO] <<< STEP 11: APPLYING RULE 5 project_reject(?project) :- distance(?project, ?distance), NumericLessthan(?distance, "200"^^<http://www.w3.org/2001/XMLSchema#double>) >>>
18:44:51 [INFO] Execution step: Body
18:44:51 [INFO] Saved temporary table: 1 entries (3404)
18:44:51 [INFO] Execution step: Duplicate Elimination (Datalog)
18:44:51 [INFO] Saved permanent table project_reject (11) Permutation { idx_to_val: [], val_to_idx: [] } with 1 entries (3452)
18:44:51 [INFO] Rule duration: 0 ms
18:44:51 [INFO] <<< STEP 12: APPLYING RULE 5 project_reject(?project) :- distance(?project, ?distance), NumericLessthan(?distance, "200"^^<http://www.w3.org/2001/XMLSchema#double>) >>>
18:44:51 [INFO] Execution step: Body
18:44:51 [INFO] Trie does not contain any elements
18:44:51 [INFO] Execution step: Duplicate Elimination (Datalog)
18:44:51 [INFO] Trie does not contain any elements
18:44:51 [INFO] Rule duration: 0 ms
18:44:51 [INFO] <<< STEP 13: APPLYING RULE 6 project_reject(?project) :- environmental_impact(?project), project_species(?project, ?species), endangered(?species) >>>
18:44:51 [INFO] Loading source SimpleTable { arity: 2, data: [AnyDataValue(PlainString(StringDataValue("Wind Turbine A"))), AnyDataValue(PlainString(StringDataValue("Rotmilan"))), AnyDataValue(PlainString(StringDataValue("Wind Turbine A"))), AnyDataValue(PlainString(StringDataValue("Feldsperling"))), AnyDataValue(PlainString(StringDataValue("Wind Turbine B"))), AnyDataValue(PlainString(StringDataValue("Gartenschläfer"))), AnyDataValue(PlainString(StringDataValue("Wind Turbine C"))), AnyDataValue(PlainString(StringDataValue("Mauersegler")))] }
18:44:51 [INFO] Loading source DsvReader { read: "<unspecified std::io::Read>", delimiter: 44, escape: None, value formats: DsvValueFormats([String]) }
18:44:51 [INFO] Starting data import
18:44:51 [INFO] Finished import: processed 21 lines (dropped 0)
18:44:51 [INFO] Execution step: Body
18:44:51 [INFO] Saved temporary table: 1 entries (3404)
18:44:51 [INFO] Execution step: Duplicate Elimination (Datalog)
18:44:51 [INFO] Saved permanent table project_reject (13) Permutation { idx_to_val: [], val_to_idx: [] } with 1 entries (3452)
18:44:51 [INFO] Rule duration: 0 ms
18:44:51 [INFO] <<< STEP 14: APPLYING RULE 6 project_reject(?project) :- environmental_impact(?project), project_species(?project, ?species), endangered(?species) >>>
18:44:51 [INFO] Execution step: Body
18:44:51 [INFO] Trie does not contain any elements
18:44:51 [INFO] Execution step: Duplicate Elimination (Datalog)
18:44:51 [INFO] Trie does not contain any elements
18:44:51 [INFO] Rule duration: 0 ms
18:44:51 [INFO] <<< STEP 15: APPLYING RULE 9 R_1(?X_3, ?X_4, ?X_2, ?X_2) :- coordinates(?X_3, ?X_4), coordinates(?X_2, ?_BODY_1), Equal(?_BODY_1, ?X_2) >>>
18:44:51 [INFO] Execution step: Body
18:44:51 [INFO] Trie does not contain any elements
18:44:51 [INFO] Execution step: Duplicate Elimination (Datalog)
18:44:51 [INFO] Trie does not contain any elements
18:44:51 [INFO] Rule duration: 0 ms
18:44:51 [INFO] <<< STEP 16: APPLYING RULE 11 R_8(?X_3, ?X_4, ?X_1, ?X_3, ?X_5, "50.90297432498729"^^<http://www.w3.org/2001/XMLSchema#double>) :- project_height_m(?X_3, ?X_4), project_height_m(?X_1, ?X_3), project_height_m(?X_5, ?_BODY_1), Equal(?_BODY_1, "50.90297432498729"^^<http://www.w3.org/2001/XMLSchema#double>) >>>
18:44:51 [INFO] Execution step: Body
18:44:51 [INFO] Trie does not contain any elements
18:44:51 [INFO] Execution step: Duplicate Elimination (Datalog)
18:44:51 [INFO] Trie does not contain any elements
18:44:51 [INFO] Rule duration: 0 ms
18:44:51 [INFO] <<< STEP 17: APPLYING RULE 12 R_14(?X_5, ?X_6, ?X_1, ?X_2, 60, ?X_3) :- PI(?X_5), PI(?X_6), PI(?X_1), PI(?X_2), PI(?_BODY_1), PI(?X_3), Equal(?_BODY_1, 60) >>>
18:44:51 [INFO] Execution step: Body
18:44:51 [INFO] Trie does not contain any elements
18:44:51 [INFO] Execution step: Duplicate Elimination (Datalog)
18:44:51 [INFO] Trie does not contain any elements
18:44:51 [INFO] Rule duration: 0 ms
18:44:51 [INFO] <<< STEP 18: APPLYING RULE 18 R_4(?X_2, ?X_3, "addr") :- endangered(?X_2), endangered(?X_3), endangered(?_BODY_1), project_species(?X_3, ?_BODY_2), Equal(?_BODY_1, "addr"), Equal(?_BODY_2, "50.90297432498729"^^<http://www.w3.org/2001/XMLSchema#double>) >>>
18:44:51 [INFO] Execution step: Body
18:44:51 [INFO] Trie does not contain any elements
18:44:51 [INFO] Execution step: Duplicate Elimination (Datalog)
18:44:51 [INFO] Trie does not contain any elements
18:44:51 [INFO] Rule duration: 0 ms
18:44:51 [INFO] <<< STEP 19: APPLYING RULE 13 R_19(?X_4, "40075000"^^<http://www.w3.org/2001/XMLSchema#double>, ?X_2, ?X_3) :- R_4(?_BODY_1, ?_BODY_2, ?X_2), R_4(?X_3, ?_BODY_3, ?X_4), Equal(?_BODY_1, "40075000"^^<http://www.w3.org/2001/XMLSchema#double>), Equal(?_BODY_2, "40075000"^^<http://www.w3.org/2001/XMLSchema#double>), Equal(?_BODY_3, ?X_3) >>>
18:44:51 [INFO] Execution step: Body
18:44:51 [INFO] Trie does not contain any elements
18:44:51 [INFO] Execution step: Duplicate Elimination (Datalog)
18:44:51 [INFO] Trie does not contain any elements
18:44:51 [INFO] Rule duration: 0 ms
18:44:51 [INFO] <<< STEP 20: APPLYING RULE 14 R_20(?X_6, ?X_2, ?X_4, "Wind Turbine B", ?X_1, ?X_3) :- project_species(?X_6, ?X_2), project_species(?X_4, ?_BODY_1), project_species(?X_1, ?X_3), Equal(?_BODY_1, "Wind Turbine B") >>>
18:44:51 [INFO] Execution step: Body
18:44:51 [INFO] Trie does not contain any elements
18:44:51 [INFO] Execution step: Duplicate Elimination (Datalog)
18:44:51 [INFO] Trie does not contain any elements
18:44:51 [INFO] Rule duration: 0 ms
18:44:51 [INFO] <<< STEP 21: APPLYING RULE 15 R_13(?X_2, ?X_1) :- TRUE(?X_2), TRUE(?X_1), TRUE(?X_1) >>>
18:44:51 [INFO] Execution step: Body
18:44:51 [INFO] Saved temporary table: 1 entries (6856)
18:44:51 [INFO] Execution step: Duplicate Elimination (Datalog)
18:44:51 [INFO] Saved permanent table R_13 (21) Permutation { idx_to_val: [], val_to_idx: [] } with 1 entries (6904)
18:44:51 [INFO] Rule duration: 0 ms
18:44:51 [INFO] <<< STEP 22: APPLYING RULE 15 R_13(?X_2, ?X_1) :- TRUE(?X_2), TRUE(?X_1), TRUE(?X_1) >>>
18:44:51 [INFO] Execution step: Body
18:44:51 [INFO] Trie does not contain any elements
18:44:51 [INFO] Execution step: Duplicate Elimination (Datalog)
18:44:51 [INFO] Trie does not contain any elements
18:44:51 [INFO] Rule duration: 0 ms
18:44:51 [INFO] <<< STEP 23: APPLYING RULE 19 R_10(60, ?X_4, ?X_2, ?X_5, ?X_1) :- PI(?_BODY_1), PI(?X_4), PI(?X_2), PI(?X_5), PI(?X_1), R_1(?X_4, ?Z_1, ?X_5, ?Z_2), Equal(?_BODY_1, 60) >>>
18:44:51 [INFO] Execution step: Body
18:44:51 [INFO] Trie does not contain any elements
18:44:51 [INFO] Execution step: Duplicate Elimination (Datalog)
18:44:51 [INFO] Trie does not contain any elements
18:44:51 [INFO] Rule duration: 0 ms
18:44:51 [INFO] <<< STEP 24: APPLYING RULE 7 project_approved(?project) :- project(?project), project_reject(?project) >>>
18:44:51 [INFO] Loading source SimpleTable { arity: 1, data: [AnyDataValue(PlainString(StringDataValue("Wind Turbine A"))), AnyDataValue(PlainString(StringDataValue("Wind Turbine B"))), AnyDataValue(PlainString(StringDataValue("Wind Turbine C")))] }
18:44:51 [INFO] Execution step: Project/Reorder
18:44:51 [INFO] Saved temporary table: 2 entries (3456)
18:44:51 [INFO] Execution step: Body
18:44:51 [INFO] Saved temporary table: 1 entries (3404)
18:44:51 [INFO] Execution step: Duplicate Elimination (Datalog)
18:44:51 [INFO] Saved permanent table project_approved (24) Permutation { idx_to_val: [], val_to_idx: [] } with 1 entries (3452)
18:44:51 [INFO] Rule duration: 0 ms
18:44:51 [INFO] <<< STEP 25: APPLYING RULE 7 project_approved(?project) :- project(?project), project_reject(?project) >>>
18:44:51 [INFO] Execution step: Project/Reorder
18:44:51 [INFO] Saved temporary table: 2 entries (3456)
18:44:51 [INFO] Execution step: Body
18:44:51 [INFO] Trie does not contain any elements
18:44:51 [INFO] Execution step: Duplicate Elimination (Datalog)
18:44:51 [INFO] Trie does not contain any elements
18:44:51 [INFO] Rule duration: 0 ms
18:44:51 [INFO] <<< STEP 26: APPLYING RULE 8 closest_house(?project, ?_AGGREGATION_OUT) :- distance(?project, ?distance), ?_AGGREGATION_OUT = #min(?distance) >>>
18:44:51 [INFO] Execution step: Body
18:44:51 [INFO] Saved temporary table: 366 entries (9884)
18:44:51 [INFO] Execution step: Aggregate output
18:44:51 [INFO] Execution step: Project/Reorder
18:44:51 [INFO] Saved temporary table: 3 entries (7028)
18:44:51 [INFO] Execution step: Duplicate Elimination (Datalog)
18:44:51 [INFO] Saved permanent table closest_house (26) Permutation { idx_to_val: [], val_to_idx: [] } with 3 entries (7028)
18:44:51 [INFO] Rule duration: 0 ms
18:44:51 [INFO] <<< STEP 27: APPLYING RULE 8 closest_house(?project, ?_AGGREGATION_OUT) :- distance(?project, ?distance), ?_AGGREGATION_OUT = #min(?distance) >>>
18:44:51 [INFO] Execution step: Body
18:44:51 [INFO] Trie does not contain any elements
18:44:51 [INFO] Execution step: Aggregate output
18:44:51 [INFO] Trie does not contain any elements
18:44:51 [INFO] Execution step: Duplicate Elimination (Datalog)
18:44:51 [INFO] Trie does not contain any elements
18:44:51 [INFO] Rule duration: 0 ms
18:44:51 [INFO] <<< STEP 28: APPLYING RULE 23 R_9(?X_1) :- project_approved(?X_1), R_13(?X_1, ?_BODY_1), Equal(?_BODY_1, ?X_1) >>>
18:44:51 [INFO] Execution step: Project/Reorder
18:44:51 [INFO] Saved temporary table: 1 entries (6904)
18:44:51 [INFO] Execution step: Body
18:44:51 [INFO] Saved temporary table: 1 entries (3404)
18:44:51 [INFO] Execution step: Duplicate Elimination (Datalog)
18:44:51 [INFO] Saved permanent table R_9 (28) Permutation { idx_to_val: [], val_to_idx: [] } with 1 entries (3452)
18:44:51 [INFO] Rule duration: 0 ms
18:44:51 [INFO] <<< STEP 29: APPLYING RULE 23 R_9(?X_1) :- project_approved(?X_1), R_13(?X_1, ?_BODY_1), Equal(?_BODY_1, ?X_1) >>>
18:44:51 [INFO] Execution step: Project/Reorder
18:44:51 [INFO] Saved temporary table: 1 entries (6904)
18:44:51 [INFO] Execution step: Body
18:44:51 [INFO] Trie does not contain any elements
18:44:51 [INFO] Execution step: Duplicate Elimination (Datalog)
18:44:51 [INFO] Trie does not contain any elements
18:44:51 [INFO] Rule duration: 0 ms
18:44:51 [INFO] <<< STEP 30: APPLYING RULE 24 R_5("Wind Turbine C") :- coordinates_m(?Y_1, ?_BODY_1), project_location_m(?Y_1, ?_BODY_2, ?Z_1), R_14(?Z_1, ?Y_1, ?_BODY_3, ?Z_3, ?_BODY_4, ?_BODY_5), R_9(?_BODY_6), Equal(?_BODY_1, "Wind Turbine C"), Equal(?_BODY_2, ?Y_1), Equal(?_BODY_3, "13.704927907097524"^^<http://www.w3.org/2001/XMLSchema#double>), Equal(?_BODY_4, ?Y_1), Equal(?_BODY_5, ?Y_1), Equal(?_BODY_6, "true"^^<http://www.w3.org/2001/XMLSchema#boolean>) >>>
18:44:51 [INFO] Execution step: Project/Reorder
18:44:51 [INFO] Saved temporary table: 1 entries (3452)
18:44:51 [INFO] Execution step: Body
18:44:51 [INFO] Trie does not contain any elements
18:44:51 [INFO] Execution step: Duplicate Elimination (Datalog)
18:44:51 [INFO] Trie does not contain any elements
18:44:51 [INFO] Rule duration: 0 ms
18:44:51 [INFO] <<< STEP 31: APPLYING RULE 16 R_16(?X_2, "Wind Turbine C", ?X_3, ?X_1) :- R_11(?X_2, ?_BODY_1, ?X_3, ?X_1, ?_BODY_2, ?_BODY_3), PI(?Z_1), closest_house(?X_1, ?X_2), Equal(?_BODY_1, ?X_2), Equal(?_BODY_2, "Wind Turbine C"), Equal(?_BODY_3, ?X_1) >>>
18:44:51 [INFO] Execution step: Project/Reorder
18:44:51 [INFO] Saved temporary table: 3 entries (7028)
18:44:51 [INFO] Execution step: Body
18:44:51 [INFO] Trie does not contain any elements
18:44:51 [INFO] Execution step: Duplicate Elimination (Datalog)
18:44:51 [INFO] Trie does not contain any elements
18:44:51 [INFO] Rule duration: 0 ms
18:44:51 [INFO] <<< STEP 32: APPLYING RULE 20 R_3(?X_1, ?X_5, ?X_3, ?X_4, "Wind Turbine A") :- R_12(?X_1, ?X_5, ?_BODY_1, ?X_4, ?_BODY_2, ?X_3), CIRC_EARTH(?_BODY_3), distance(?X_4, ?X_5), R_4(?Z_4, ?Z_3, ?X_3), Equal(?_BODY_1, ?X_5), Equal(?_BODY_2, "Wind Turbine A"), Equal(?_BODY_3, "Wind Turbine C") >>>
18:44:51 [INFO] Execution step: Body
18:44:51 [INFO] Trie does not contain any elements
18:44:51 [INFO] Execution step: Duplicate Elimination (Datalog)
18:44:51 [INFO] Trie does not contain any elements
18:44:51 [INFO] Rule duration: 0 ms
18:44:51 [INFO] <<< STEP 33: APPLYING RULE 21 R_12(?X_3, ?X_5, ?X_4, ?X_4, ?X_1, ?X_2) :- R_22(?X_3, ?X_5, ?X_4, ?_BODY_1, ?X_1, ?X_2), R_10(?X_4, ?X_3, ?X_1, ?X_2, ?_BODY_2), Equal(?_BODY_1, ?X_4), Equal(?_BODY_2, ?X_2) >>>
18:44:51 [INFO] Execution step: Project/Reorder
18:44:51 [INFO] Trie does not contain any elements
18:44:51 [INFO] Execution step: Body
18:44:51 [INFO] Trie does not contain any elements
18:44:51 [INFO] Execution step: Duplicate Elimination (Datalog)
18:44:51 [INFO] Trie does not contain any elements
18:44:51 [INFO] Rule duration: 0 ms
18:44:51 [INFO] <<< STEP 34: APPLYING RULE 27 R_22(?X_1, ?X_3, ?X_5, "50.89816338631804"^^<http://www.w3.org/2001/XMLSchema#double>, ?X_4, ?X_6) :- coordinates(?X_1, ?X_3), coordinates(?X_5, ?_BODY_1), coordinates(?X_4, ?X_6), endangered(?X_5), project(?_BODY_2), R_16(?Z_6, ?Z_5, ?_BODY_3, ?X_6), R_19(?Z_9, ?X_5, ?Z_6, ?Z_7), R_8(?X_6, ?_BODY_4, ?_BODY_5, ?X_3, ?X_5, ?_BODY_6), Equal(?_BODY_1, "50.89816338631804"^^<http://www.w3.org/2001/XMLSchema#double>), Equal(?_BODY_2, "Wind Turbine B"), Equal(?_BODY_3, "Wind Turbine B"), Equal(?_BODY_4, ?X_6), Equal(?_BODY_5, 60), Equal(?_BODY_6, ?X_3) >>>
18:44:51 [INFO] Execution step: Project/Reorder
18:44:51 [INFO] Trie does not contain any elements
18:44:51 [INFO] Execution step: Body
18:44:51 [INFO] Trie does not contain any elements
18:44:51 [INFO] Execution step: Duplicate Elimination (Datalog)
18:44:51 [INFO] Trie does not contain any elements
18:44:51 [INFO] Rule duration: 0 ms
18:44:51 [INFO] <<< STEP 35: APPLYING RULE 28 R_11(?X_2, ?X_3, ?X_6, ?X_2, ?X_4, "Wind Turbine B") :- environmental_impact(?X_2), environmental_impact(?X_3), environmental_impact(?X_6), environmental_impact(?X_2), environmental_impact(?X_4), environmental_impact(?_BODY_1), coordinates(?X_6, ?X_3), project_height_m(?X_2, ?Z_3), R_3(?Z_6, ?X_6, ?Z_1, ?X_3, ?X_2), R_12(?X_6, ?X_4, ?X_2, ?_BODY_2, ?_BODY_3, ?X_3), R_20(?X_3, ?Z_12, ?X_2, ?Z_10, ?_BODY_4, ?X_4), R_5(?X_6), Equal(?_BODY_1, "Wind Turbine B"), Equal(?_BODY_2, ?X_2), Equal(?_BODY_3, ?X_6), Equal(?_BODY_4, ?X_2) >>>
18:44:51 [INFO] Execution step: Project/Reorder
18:44:51 [INFO] Trie does not contain any elements
18:44:51 [INFO] Execution step: Body
18:44:51 [INFO] Trie does not contain any elements
18:44:51 [INFO] Execution step: Duplicate Elimination (Datalog)
18:44:51 [INFO] Trie does not contain any elements
18:44:51 [INFO] Rule duration: 0 ms
18:44:51 [INFO] <<< STEP 36: APPLYING RULE 10 R_2(?X_5, ?X_2, ?X_1, ?X_1, ?X_4) :- R_11(?X_5, ?X_2, ?X_1, ?_BODY_1, ?X_4, ?_BODY_2), Equal(?_BODY_1, ?X_1), Equal(?_BODY_2, ?X_2) >>>
18:44:51 [INFO] Execution step: Body
18:44:51 [INFO] Trie does not contain any elements
18:44:51 [INFO] Execution step: Duplicate Elimination (Datalog)
18:44:51 [INFO] Trie does not contain any elements
18:44:51 [INFO] Rule duration: 0 ms
18:44:51 [INFO] <<< STEP 37: APPLYING RULE 17 R_17(60) :- R_2(?_BODY_1, ?_BODY_2, ?_BODY_3, ?Y_1, ?_BODY_4), project_reject(?Y_1), environmental_impact(?Y_1), Equal(?_BODY_1, "Wind Turbine C"), Equal(?_BODY_2, 60), Equal(?_BODY_3, "Wind Turbine C"), Equal(?_BODY_4, ?Y_1) >>>
18:44:51 [INFO] Loading source SimpleTable { arity: 1, data: [AnyDataValue(PlainString(StringDataValue("Wind Turbine A"))), AnyDataValue(Iri(IriDataValue("c_22"))), AnyDataValue(UnsignedLong(UnsignedLongDataValue(1450050055392881522))), AnyDataValue(Iri(IriDataValue("c_30")))] }
18:44:51 [INFO] Execution step: Project/Reorder
18:44:51 [INFO] Saved temporary table: 2 entries (3456)
18:44:51 [INFO] Execution step: Body
18:44:51 [INFO] Trie does not contain any elements
18:44:51 [INFO] Execution step: Duplicate Elimination (Datalog)
18:44:51 [INFO] Trie does not contain any elements
18:44:51 [INFO] Rule duration: 0 ms
18:44:51 [INFO] <<< STEP 38: APPLYING RULE 22 R_21(?X_2, ?X_5, ?X_1, ?X_3, ?X_4) :- distance(?X_2, ?X_5), distance(?X_1, ?X_4), distance(?X_4, ?X_3), R_11(?X_4, ?_BODY_1, ?Z_1, ?_BODY_2, ?X_1, ?X_2), Equal(?_BODY_1, ?X_4), Equal(?_BODY_2, ?X_4) >>>
18:44:51 [INFO] Loading source SimpleTable { arity: 5, data: [AnyDataValue(PlainString(StringDataValue("str_3"))), AnyDataValue(Iri(IriDataValue("c_10"))), AnyDataValue(Iri(IriDataValue("c_11"))), AnyDataValue(Iri(IriDataValue("c_12"))), AnyDataValue(Iri(IriDataValue("c_13")))] }
18:44:51 [INFO] Execution step: Body
18:44:51 [INFO] Trie does not contain any elements
18:44:51 [INFO] Execution step: Duplicate Elimination (Datalog)
18:44:51 [INFO] Trie does not contain any elements
18:44:51 [INFO] Rule duration: 0 ms
18:44:51 [INFO] <<< STEP 39: APPLYING RULE 29 R_6(?X_5, ?X_1, 60, ?X_4, ?X_2, ?X_3) :- R_8(?X_5, ?X_1, ?_BODY_1, ?X_4, ?X_2, ?X_3), R_2(?X_2, ?_BODY_2, ?X_4, ?_BODY_3, ?X_5), R_21(?_BODY_4, ?X_5, ?X_2, ?_BODY_5, ?X_3), Equal(?_BODY_1, 60), Equal(?_BODY_2, ?X_2), Equal(?_BODY_3, ?X_4), Equal(?_BODY_4, 60), Equal(?_BODY_5, ?X_5) >>>
18:44:51 [INFO] Loading source SimpleTable { arity: 6, data: [AnyDataValue(PlainString(StringDataValue("Wind Turbine A"))), AnyDataValue(Iri(IriDataValue("c_24"))), AnyDataValue(PlainString(StringDataValue("str_4"))), AnyDataValue(Iri(IriDataValue("c_2"))), AnyDataValue(Iri(IriDataValue("c_25"))), AnyDataValue(PlainString(StringDataValue("Wind Turbine A"))), AnyDataValue(Iri(IriDataValue("c_27"))), AnyDataValue(Long(LongDataValue(60))), AnyDataValue(Iri(IriDataValue("c_28"))), AnyDataValue(PlainString(StringDataValue("Mauersegler"))), AnyDataValue(PlainString(StringDataValue("addr"))), AnyDataValue(PlainString(StringDataValue("addr")))] }
18:44:51 [INFO] Execution step: Project/Reorder
18:44:51 [INFO] Saved temporary table: 1 entries (17212)
18:44:51 [INFO] Execution step: Body
18:44:51 [INFO] Trie does not contain any elements
18:44:51 [INFO] Execution step: Duplicate Elimination (Datalog)
18:44:51 [INFO] Trie does not contain any elements
18:44:51 [INFO] Rule duration: 0 ms
18:44:51 [INFO] <<< STEP 40: APPLYING RULE 25 R_OUT(?X_1, ?X_3, ?X_3) :- distance(?X_1, ?X_3), distance(?X_3, ?_BODY_1), R_15(?X_3, ?_BODY_2, ?_BODY_3), Equal(?_BODY_1, ?X_3), Equal(?_BODY_2, ?X_3), Equal(?_BODY_3, "50.89816338631804"^^<http://www.w3.org/2001/XMLSchema#double>) >>>
18:44:51 [INFO] Loading source SimpleTable { arity: 3, data: [AnyDataValue(PlainString(StringDataValue("Gartenschläfer"))), AnyDataValue(UnsignedLong(UnsignedLongDataValue(2341568535130100074))), AnyDataValue(Iri(IriDataValue("c_15"))), AnyDataValue(Double(DoubleDataValue(50.89816338631804))), AnyDataValue(UnsignedLong(UnsignedLongDataValue(9733831621299167687))), AnyDataValue(Iri(IriDataValue("c_23")))] }
18:44:51 [INFO] Execution step: Body
18:44:51 [INFO] Trie does not contain any elements
18:44:51 [INFO] Execution step: Duplicate Elimination (Datalog)
18:44:51 [INFO] Trie does not contain any elements
18:44:51 [INFO] Rule duration: 0 ms
18:44:51 [INFO] <<< STEP 41: APPLYING RULE 26 R_15(?X_2, "true"^^<http://www.w3.org/2001/XMLSchema#boolean>, ?X_1) :- R_OUT(?X_2, ?_BODY_1, ?X_1), project_approved(?_BODY_2), R_17(?X_1), R_6(?X_1, ?_BODY_3, ?X_2, ?_BODY_4, ?_BODY_5, ?_BODY_6), Equal(?_BODY_1, "true"^^<http://www.w3.org/2001/XMLSchema#boolean>), Equal(?_BODY_2, "Wind Turbine B"), Equal(?_BODY_3, "Wind Turbine A"), Equal(?_BODY_4, ?X_2), Equal(?_BODY_5, ?X_2), Equal(?_BODY_6, ?X_1) >>>
18:44:51 [INFO] Execution step: Project/Reorder
18:44:51 [INFO] Saved temporary table: 2 entries (20932)
18:44:51 [INFO] Execution step: Body
18:44:51 [INFO] Trie does not contain any elements
18:44:51 [INFO] Execution step: Duplicate Elimination (Datalog)
18:44:51 [INFO] Trie does not contain any elements
18:44:51 [INFO] Rule duration: 0 ms
18:44:51 [INFO] Execution step: Combining Tables
18:44:51 [INFO] Saved permanent table R_OUT (0-1) Permutation { idx_to_val: [], val_to_idx: [] } with 1 entries (10364)
18:44:51 [INFO] ----------------------------------------------
18:44:51 [INFO] --- Finished Nemo Execution - Input Program --
18:44:51 [INFO] Output size: 1
18:44:51 [INFO] ----------------------------------------------
18:44:51 [INFO] 
18:44:51 [INFO] ----------------------------------------------
18:44:51 [INFO] Beginning Nemo Execution - Transformed Program
18:44:51 [INFO] ----------------------------------------------
18:44:51 [INFO] Stratified program: [[0, 1, 2, 3, 4, 5, 6, 9, 11, 12, 13, 14, 15, 18, 19, 30, 33, 34], [7, 8, 23, 32], [24], [10, 16, 17, 20, 21, 22, 27, 28], [31], [29], [25, 26]]
18:44:51 [INFO] Loading source SimpleTable { arity: 3, data: [AnyDataValue(Iri(IriDataValue("c_1"))), AnyDataValue(Double(DoubleDataValue(40075000.0))), AnyDataValue(Long(LongDataValue(40)))] }
18:44:51 [INFO] Execution step: Combining Tables
18:44:51 [INFO] Saved permanent table R_OUT (0-1) Permutation { idx_to_val: [], val_to_idx: [] } with 1 entries (10364)
18:44:51 [INFO] <<< STEP 1: APPLYING RULE 0 coordinates(?longitude, ?latitude) :- locations(?longitude, ?latitude, ?tag), TRUE(?_BODY_1), Equal(?_BODY_1, StringContains(?tag, "addr")) >>>
18:44:51 [INFO] Loading source DsvReader { read: "<unspecified std::io::Read>", delimiter: 44, escape: None, value formats: DsvValueFormats([Double, Double, Skip, Skip, Skip, Skip, Skip, Skip, Skip, Skip, Skip, Skip, String]) }
18:44:51 [INFO] Starting data import
18:44:51 [INFO] Finished import: processed 782 lines (dropped 1)
18:44:51 [INFO] Loading source SimpleTable { arity: 1, data: [AnyDataValue(Boolean(BooleanDataValue(true)))] }
18:44:51 [INFO] Execution step: Body
18:44:51 [INFO] Saved temporary table: 122 entries (9140)
18:44:51 [INFO] Execution step: Duplicate Elimination (Datalog)
18:44:51 [INFO] Saved permanent table coordinates (1) Permutation { idx_to_val: [], val_to_idx: [] } with 122 entries (9188)
18:44:51 [INFO] Rule duration: 2 ms
18:44:51 [INFO] <<< STEP 2: APPLYING RULE 0 coordinates(?longitude, ?latitude) :- locations(?longitude, ?latitude, ?tag), TRUE(?_BODY_1), Equal(?_BODY_1, StringContains(?tag, "addr")) >>>
18:44:51 [INFO] Execution step: Body
18:44:51 [INFO] Trie does not contain any elements
18:44:51 [INFO] Execution step: Duplicate Elimination (Datalog)
18:44:51 [INFO] Trie does not contain any elements
18:44:51 [INFO] Rule duration: 0 ms
18:44:51 [INFO] <<< STEP 3: APPLYING RULE 1 coordinates_m(?Xm, ?Ym) :- coordinates(?longitude, ?latitude), PI(?PI), CIRC_EARTH(?earth), Equal(?Xm, NumericDivision(NumericProduct(NumericProduct(?longitude, ?earth), NumericCosine(NumericProduct(NumericDivision(?latitude, "180"^^<http://www.w3.org/2001/XMLSchema#double>), ?PI))), "360"^^<http://www.w3.org/2001/XMLSchema#double>)), Equal(?Ym, NumericProduct(?latitude, NumericDivision(?earth, "360"^^<http://www.w3.org/2001/XMLSchema#double>))) >>>
18:44:51 [INFO] Loading source SimpleTable { arity: 1, data: [AnyDataValue(Double(DoubleDataValue(3.14159)))] }
18:44:51 [INFO] Loading source SimpleTable { arity: 1, data: [AnyDataValue(Double(DoubleDataValue(40075000.0)))] }
18:44:51 [INFO] Execution step: Body
18:44:51 [INFO] Saved temporary table: 122 entries (9140)
18:44:51 [INFO] Execution step: Duplicate Elimination (Datalog)
18:44:51 [INFO] Saved permanent table coordinates_m (3) Permutation { idx_to_val: [], val_to_idx: [] } with 122 entries (9188)
18:44:51 [INFO] Rule duration: 0 ms
18:44:51 [INFO] <<< STEP 4: APPLYING RULE 1 coordinates_m(?Xm, ?Ym) :- coordinates(?longitude, ?latitude), PI(?PI), CIRC_EARTH(?earth), Equal(?Xm, NumericDivision(NumericProduct(NumericProduct(?longitude, ?earth), NumericCosine(NumericProduct(NumericDivision(?latitude, "180"^^<http://www.w3.org/2001/XMLSchema#double>), ?PI))), "360"^^<http://www.w3.org/2001/XMLSchema#double>)), Equal(?Ym, NumericProduct(?latitude, NumericDivision(?earth, "360"^^<http://www.w3.org/2001/XMLSchema#double>))) >>>
18:44:51 [INFO] Execution step: Body
18:44:51 [INFO] Trie does not contain any elements
18:44:51 [INFO] Execution step: Duplicate Elimination (Datalog)
18:44:51 [INFO] Trie does not contain any elements
18:44:51 [INFO] Rule duration: 0 ms
18:44:51 [INFO] <<< STEP 5: APPLYING RULE 2 project_location_m(?project, ?Xm, ?Ym) :- project_location(?project, ?longitude, ?latitude), PI(?PI), CIRC_EARTH(?earth), Equal(?Xm, NumericDivision(NumericProduct(NumericProduct(?longitude, ?earth), NumericCosine(NumericProduct(NumericDivision(?latitude, "180"^^<http://www.w3.org/2001/XMLSchema#double>), ?PI))), "360"^^<http://www.w3.org/2001/XMLSchema#double>)), Equal(?Ym, NumericProduct(?latitude, NumericDivision(?earth, "360"^^<http://www.w3.org/2001/XMLSchema#double>))) >>>
18:44:51 [INFO] Loading source SimpleTable { arity: 3, data: [AnyDataValue(PlainString(StringDataValue("Wind Turbine A"))), AnyDataValue(Double(DoubleDataValue(13.69510396381167))), AnyDataValue(Double(DoubleDataValue(50.89312291453255))), AnyDataValue(PlainString(StringDataValue("Wind Turbine B"))), AnyDataValue(Double(DoubleDataValue(13.704927907097524))), AnyDataValue(Double(DoubleDataValue(50.89816338631804))), AnyDataValue(PlainString(StringDataValue("Wind Turbine C"))), AnyDataValue(Double(DoubleDataValue(13.688126881341304))), AnyDataValue(Double(DoubleDataValue(50.90297432498729)))] }
18:44:51 [INFO] Execution step: Body
18:44:51 [INFO] Saved temporary table: 3 entries (10548)
18:44:51 [INFO] Execution step: Duplicate Elimination (Datalog)
18:44:51 [INFO] Saved permanent table project_location_m (5) Permutation { idx_to_val: [], val_to_idx: [] } with 3 entries (10596)
18:44:51 [INFO] Rule duration: 0 ms
18:44:51 [INFO] <<< STEP 6: APPLYING RULE 2 project_location_m(?project, ?Xm, ?Ym) :- project_location(?project, ?longitude, ?latitude), PI(?PI), CIRC_EARTH(?earth), Equal(?Xm, NumericDivision(NumericProduct(NumericProduct(?longitude, ?earth), NumericCosine(NumericProduct(NumericDivision(?latitude, "180"^^<http://www.w3.org/2001/XMLSchema#double>), ?PI))), "360"^^<http://www.w3.org/2001/XMLSchema#double>)), Equal(?Ym, NumericProduct(?latitude, NumericDivision(?earth, "360"^^<http://www.w3.org/2001/XMLSchema#double>))) >>>
18:44:51 [INFO] Execution step: Body
18:44:51 [INFO] Trie does not contain any elements
18:44:51 [INFO] Execution step: Duplicate Elimination (Datalog)
18:44:51 [INFO] Trie does not contain any elements
18:44:51 [INFO] Rule duration: 0 ms
18:44:51 [INFO] <<< STEP 7: APPLYING RULE 3 environmental_impact(?project) :- project_height_m(?project, ?height), NumericGreaterthaneq(?height, 50) >>>
18:44:51 [INFO] Loading source SimpleTable { arity: 2, data: [AnyDataValue(PlainString(StringDataValue("Wind Turbine A"))), AnyDataValue(Long(LongDataValue(60))), AnyDataValue(PlainString(StringDataValue("Wind Turbine B"))), AnyDataValue(Long(LongDataValue(40))), AnyDataValue(PlainString(StringDataValue("Wind Turbine C"))), AnyDataValue(Long(LongDataValue(60)))] }
18:44:51 [INFO] Execution step: Body
18:44:51 [INFO] Saved temporary table: 2 entries (3408)
18:44:51 [INFO] Execution step: Duplicate Elimination (Datalog)
18:44:51 [INFO] Saved permanent table environmental_impact (7) Permutation { idx_to_val: [], val_to_idx: [] } with 2 entries (3456)
18:44:51 [INFO] Rule duration: 0 ms
18:44:51 [INFO] <<< STEP 8: APPLYING RULE 3 environmental_impact(?project) :- project_height_m(?project, ?height), NumericGreaterthaneq(?height, 50) >>>
18:44:51 [INFO] Execution step: Body
18:44:51 [INFO] Trie does not contain any elements
18:44:51 [INFO] Execution step: Duplicate Elimination (Datalog)
18:44:51 [INFO] Trie does not contain any elements
18:44:51 [INFO] Rule duration: 0 ms
18:44:51 [INFO] <<< STEP 9: APPLYING RULE 4 distance(?project, ?distance) :- project_location_m(?project, ?Xp, ?Yp), coordinates_m(?Xr, ?Yr), Equal(?distance, NumericSquareroot(NumericSum(NumericPower(NumericSubtraction(?Xp, ?Xr), "2"^^<http://www.w3.org/2001/XMLSchema#double>), NumericPower(NumericSubtraction(?Yp, ?Yr), "2"^^<http://www.w3.org/2001/XMLSchema#double>)))) >>>
18:44:51 [INFO] Execution step: Body
18:44:51 [INFO] Saved temporary table: 366 entries (9884)
18:44:51 [INFO] Execution step: Duplicate Elimination (Datalog)
18:44:51 [INFO] Saved permanent table distance (9) Permutation { idx_to_val: [], val_to_idx: [] } with 366 entries (9932)
18:44:51 [INFO] Rule duration: 0 ms
18:44:51 [INFO] <<< STEP 10: APPLYING RULE 4 distance(?project, ?distance) :- project_location_m(?project, ?Xp, ?Yp), coordinates_m(?Xr, ?Yr), Equal(?distance, NumericSquareroot(NumericSum(NumericPower(NumericSubtraction(?Xp, ?Xr), "2"^^<http://www.w3.org/2001/XMLSchema#double>), NumericPower(NumericSubtraction(?Yp, ?Yr), "2"^^<http://www.w3.org/2001/XMLSchema#double>)))) >>>
18:44:51 [INFO] Execution step: Body
18:44:51 [INFO] Trie does not contain any elements
18:44:51 [INFO] Execution step: Duplicate Elimination (Datalog)
18:44:51 [INFO] Trie does not contain any elements
18:44:51 [INFO] Rule duration: 0 ms
18:44:51 [INFO] <<< STEP 11: APPLYING RULE 5 project_reject(?project) :- distance(?project, ?distance), NumericLessthan(?distance, "200"^^<http://www.w3.org/2001/XMLSchema#double>) >>>
18:44:51 [INFO] Execution step: Body
18:44:51 [INFO] Saved temporary table: 1 entries (3404)
18:44:51 [INFO] Execution step: Duplicate Elimination (Datalog)
18:44:51 [INFO] Saved permanent table project_reject (11) Permutation { idx_to_val: [], val_to_idx: [] } with 1 entries (3452)
18:44:51 [INFO] Rule duration: 0 ms
18:44:51 [INFO] <<< STEP 12: APPLYING RULE 5 project_reject(?project) :- distance(?project, ?distance), NumericLessthan(?distance, "200"^^<http://www.w3.org/2001/XMLSchema#double>) >>>
18:44:51 [INFO] Execution step: Body
18:44:51 [INFO] Trie does not contain any elements
18:44:51 [INFO] Execution step: Duplicate Elimination (Datalog)
18:44:51 [INFO] Trie does not contain any elements
18:44:51 [INFO] Rule duration: 0 ms
18:44:51 [INFO] <<< STEP 13: APPLYING RULE 6 project_reject(?project) :- environmental_impact(?project), project_species(?project, ?species), endangered(?species) >>>
18:44:51 [INFO] Loading source SimpleTable { arity: 2, data: [AnyDataValue(PlainString(StringDataValue("Wind Turbine A"))), AnyDataValue(PlainString(StringDataValue("Rotmilan"))), AnyDataValue(PlainString(StringDataValue("Wind Turbine A"))), AnyDataValue(PlainString(StringDataValue("Feldsperling"))), AnyDataValue(PlainString(StringDataValue("Wind Turbine B"))), AnyDataValue(PlainString(StringDataValue("Gartenschläfer"))), AnyDataValue(PlainString(StringDataValue("Wind Turbine C"))), AnyDataValue(PlainString(StringDataValue("Mauersegler")))] }
18:44:51 [INFO] Loading source DsvReader { read: "<unspecified std::io::Read>", delimiter: 44, escape: None, value formats: DsvValueFormats([String]) }
18:44:51 [INFO] Starting data import
18:44:51 [INFO] Finished import: processed 21 lines (dropped 0)
18:44:51 [INFO] Execution step: Body
18:44:51 [INFO] Saved temporary table: 1 entries (3404)
18:44:51 [INFO] Execution step: Duplicate Elimination (Datalog)
18:44:51 [INFO] Saved permanent table project_reject (13) Permutation { idx_to_val: [], val_to_idx: [] } with 1 entries (3452)
18:44:51 [INFO] Rule duration: 0 ms
18:44:51 [INFO] <<< STEP 14: APPLYING RULE 6 project_reject(?project) :- environmental_impact(?project), project_species(?project, ?species), endangered(?species) >>>
18:44:51 [INFO] Execution step: Body
18:44:51 [INFO] Trie does not contain any elements
18:44:51 [INFO] Execution step: Duplicate Elimination (Datalog)
18:44:51 [INFO] Trie does not contain any elements
18:44:51 [INFO] Rule duration: 0 ms
18:44:51 [INFO] <<< STEP 15: APPLYING RULE 9 R_1(?X_3, ?X_4, ?X_2, ?X_2) :- coordinates(?X_3, ?X_4), coordinates(?X_2, ?_BODY_1), Equal(?_BODY_1, ?X_2) >>>
18:44:51 [INFO] Execution step: Body
18:44:51 [INFO] Trie does not contain any elements
18:44:51 [INFO] Execution step: Duplicate Elimination (Datalog)
18:44:51 [INFO] Trie does not contain any elements
18:44:51 [INFO] Rule duration: 0 ms
18:44:51 [INFO] <<< STEP 16: APPLYING RULE 11 R_8(?X_3, ?X_4, ?X_1, ?X_3, ?X_5, "50.90297432498729"^^<http://www.w3.org/2001/XMLSchema#double>) :- project_height_m(?X_3, ?X_4), project_height_m(?X_1, ?X_3), project_height_m(?X_5, ?_BODY_1), Equal(?_BODY_1, "50.90297432498729"^^<http://www.w3.org/2001/XMLSchema#double>) >>>
18:44:51 [INFO] Execution step: Body
18:44:51 [INFO] Trie does not contain any elements
18:44:51 [INFO] Execution step: Duplicate Elimination (Datalog)
18:44:51 [INFO] Trie does not contain any elements
18:44:51 [INFO] Rule duration: 0 ms
18:44:51 [INFO] <<< STEP 17: APPLYING RULE 12 R_14(?X_5, ?X_6, ?X_1, ?X_2, 60, ?X_3) :- PI(?X_5), PI(?X_6), PI(?X_1), PI(?X_2), PI(?_BODY_1), PI(?X_3), Equal(?_BODY_1, 60) >>>
18:44:51 [INFO] Execution step: Body
18:44:51 [INFO] Trie does not contain any elements
18:44:51 [INFO] Execution step: Duplicate Elimination (Datalog)
18:44:51 [INFO] Trie does not contain any elements
18:44:51 [INFO] Rule duration: 0 ms
18:44:51 [INFO] <<< STEP 18: APPLYING RULE 18 R_4(?X_2, ?X_3, "addr") :- endangered(?X_2), endangered(?X_3), endangered(?_BODY_1), project_species(?X_3, ?_BODY_2), Equal(?_BODY_1, "addr"), Equal(?_BODY_2, "50.90297432498729"^^<http://www.w3.org/2001/XMLSchema#double>) >>>
18:44:51 [INFO] Execution step: Body
18:44:51 [INFO] Trie does not contain any elements
18:44:51 [INFO] Execution step: Duplicate Elimination (Datalog)
18:44:51 [INFO] Trie does not contain any elements
18:44:51 [INFO] Rule duration: 0 ms
18:44:51 [INFO] <<< STEP 19: APPLYING RULE 13 R_19(?X_4, "40075000"^^<http://www.w3.org/2001/XMLSchema#double>, ?X_2, ?X_3) :- R_4(?_BODY_1, ?_BODY_2, ?X_2), R_4(?X_3, ?_BODY_3, ?X_4), Equal(?_BODY_1, "40075000"^^<http://www.w3.org/2001/XMLSchema#double>), Equal(?_BODY_2, "40075000"^^<http://www.w3.org/2001/XMLSchema#double>), Equal(?_BODY_3, ?X_3) >>>
18:44:51 [INFO] Execution step: Body
18:44:51 [INFO] Trie does not contain any elements
18:44:51 [INFO] Execution step: Duplicate Elimination (Datalog)
18:44:51 [INFO] Trie does not contain any elements
18:44:51 [INFO] Rule duration: 0 ms
18:44:51 [INFO] <<< STEP 20: APPLYING RULE 14 R_20(?X_6, ?X_2, ?X_4, "Wind Turbine B", ?X_1, ?X_3) :- project_species(?X_6, ?X_2), project_species(?X_4, ?_BODY_1), project_species(?X_1, ?X_3), Equal(?_BODY_1, "Wind Turbine B") >>>
18:44:51 [INFO] Execution step: Body
18:44:51 [INFO] Trie does not contain any elements
18:44:51 [INFO] Execution step: Duplicate Elimination (Datalog)
18:44:51 [INFO] Trie does not contain any elements
18:44:51 [INFO] Rule duration: 0 ms
18:44:51 [INFO] <<< STEP 21: APPLYING RULE 15 R_13(?X_2, ?X_1) :- TRUE(?X_2), TRUE(?X_1), TRUE(?X_1) >>>
18:44:51 [INFO] Execution step: Body
18:44:51 [INFO] Saved temporary table: 1 entries (6856)
18:44:51 [INFO] Execution step: Duplicate Elimination (Datalog)
18:44:51 [INFO] Saved permanent table R_13 (21) Permutation { idx_to_val: [], val_to_idx: [] } with 1 entries (6904)
18:44:51 [INFO] Rule duration: 0 ms
18:44:51 [INFO] <<< STEP 22: APPLYING RULE 15 R_13(?X_2, ?X_1) :- TRUE(?X_2), TRUE(?X_1), TRUE(?X_1) >>>
18:44:51 [INFO] Execution step: Body
18:44:51 [INFO] Trie does not contain any elements
18:44:51 [INFO] Execution step: Duplicate Elimination (Datalog)
18:44:51 [INFO] Trie does not contain any elements
18:44:51 [INFO] Rule duration: 0 ms
18:44:51 [INFO] <<< STEP 23: APPLYING RULE 19 R_10(60, ?X_4, ?X_2, ?X_5, ?X_1) :- PI(?_BODY_1), PI(?X_4), PI(?X_2), PI(?X_5), PI(?X_1), R_1(?X_4, ?Z_1, ?X_5, ?Z_2), Equal(?_BODY_1, 60) >>>
18:44:51 [INFO] Execution step: Body
18:44:51 [INFO] Trie does not contain any elements
18:44:51 [INFO] Execution step: Duplicate Elimination (Datalog)
18:44:51 [INFO] Trie does not contain any elements
18:44:51 [INFO] Rule duration: 0 ms
18:44:51 [INFO] <<< STEP 24: APPLYING RULE 30 R_22(c_25, ?X_6, ?X_4, ?X_5, ?X_1, ?X_2) :- project_height_m(?_BODY_1, ?X_6), project_height_m(?X_4, ?X_5), project_height_m(?X_1, ?X_2), project_height_m(?_BODY_2, ?X_6), Equal(?_BODY_1, c_25), Equal(?_BODY_2, c_25) >>>
18:44:51 [INFO] Execution step: Project/Reorder
18:44:51 [INFO] Saved temporary table: 3 entries (6924)
18:44:51 [INFO] Execution step: Body
18:44:51 [INFO] Trie does not contain any elements
18:44:51 [INFO] Execution step: Duplicate Elimination (Datalog)
18:44:51 [INFO] Trie does not contain any elements
18:44:51 [INFO] Rule duration: 0 ms
18:44:51 [INFO] <<< STEP 25: APPLYING RULE 33 R_26(?X_2, "Mauersegler") :- TRUE(?X_2), TRUE(?_BODY_1), TRUE(?X_2), Equal(?_BODY_1, "Mauersegler") >>>
18:44:51 [INFO] Execution step: Project/Reorder
18:44:51 [INFO] Saved temporary table: 1 entries (3452)
18:44:51 [INFO] Execution step: Body
18:44:51 [INFO] Trie does not contain any elements
18:44:51 [INFO] Execution step: Duplicate Elimination (Datalog)
18:44:51 [INFO] Trie does not contain any elements
18:44:51 [INFO] Rule duration: 0 ms
18:44:51 [INFO] <<< STEP 26: APPLYING RULE 34 R_13(?X_1, "Wind Turbine A") :- project_species(?X_1, ?_BODY_1), project_species(?X_1, ?_BODY_2), Equal(?_BODY_1, "Wind Turbine A"), Equal(?_BODY_2, "Wind Turbine A") >>>
18:44:51 [INFO] Execution step: Project/Reorder
18:44:51 [INFO] Saved temporary table: 4 entries (7020)
18:44:51 [INFO] Execution step: Body
18:44:51 [INFO] Trie does not contain any elements
18:44:51 [INFO] Execution step: Duplicate Elimination (Datalog)
18:44:51 [INFO] Trie does not contain any elements
18:44:51 [INFO] Rule duration: 0 ms
18:44:51 [INFO] <<< STEP 27: APPLYING RULE 7 project_approved(?project) :- project(?project), project_reject(?project) >>>
18:44:51 [INFO] Loading source SimpleTable { arity: 1, data: [AnyDataValue(PlainString(StringDataValue("Wind Turbine A"))), AnyDataValue(PlainString(StringDataValue("Wind Turbine B"))), AnyDataValue(PlainString(StringDataValue("Wind Turbine C")))] }
18:44:51 [INFO] Execution step: Project/Reorder
18:44:51 [INFO] Saved temporary table: 2 entries (3456)
18:44:51 [INFO] Execution step: Body
18:44:51 [INFO] Saved temporary table: 1 entries (3404)
18:44:51 [INFO] Execution step: Duplicate Elimination (Datalog)
18:44:51 [INFO] Saved permanent table project_approved (27) Permutation { idx_to_val: [], val_to_idx: [] } with 1 entries (3452)
18:44:51 [INFO] Rule duration: 0 ms
18:44:51 [INFO] <<< STEP 28: APPLYING RULE 7 project_approved(?project) :- project(?project), project_reject(?project) >>>
18:44:51 [INFO] Execution step: Project/Reorder
18:44:51 [INFO] Saved temporary table: 2 entries (3456)
18:44:51 [INFO] Execution step: Body
18:44:51 [INFO] Trie does not contain any elements
18:44:51 [INFO] Execution step: Duplicate Elimination (Datalog)
18:44:51 [INFO] Trie does not contain any elements
18:44:51 [INFO] Rule duration: 0 ms
18:44:51 [INFO] <<< STEP 29: APPLYING RULE 8 closest_house(?project, ?_AGGREGATION_OUT) :- distance(?project, ?distance), ?_AGGREGATION_OUT = #min(?distance) >>>
18:44:51 [INFO] Execution step: Body
18:44:51 [INFO] Saved temporary table: 366 entries (9884)
18:44:51 [INFO] Execution step: Aggregate output
18:44:51 [INFO] Execution step: Project/Reorder
18:44:51 [INFO] Saved temporary table: 3 entries (7028)
18:44:51 [INFO] Execution step: Duplicate Elimination (Datalog)
18:44:51 [INFO] Saved permanent table closest_house (29) Permutation { idx_to_val: [], val_to_idx: [] } with 3 entries (7028)
18:44:51 [INFO] Rule duration: 0 ms
18:44:51 [INFO] <<< STEP 30: APPLYING RULE 8 closest_house(?project, ?_AGGREGATION_OUT) :- distance(?project, ?distance), ?_AGGREGATION_OUT = #min(?distance) >>>
18:44:51 [INFO] Execution step: Body
18:44:51 [INFO] Trie does not contain any elements
18:44:51 [INFO] Execution step: Aggregate output
18:44:51 [INFO] Trie does not contain any elements
18:44:51 [INFO] Execution step: Duplicate Elimination (Datalog)
18:44:51 [INFO] Trie does not contain any elements
18:44:51 [INFO] Rule duration: 0 ms
18:44:51 [INFO] <<< STEP 31: APPLYING RULE 23 R_9(?X_1) :- project_approved(?X_1), R_13(?X_1, ?_BODY_1), Equal(?_BODY_1, ?X_1) >>>
18:44:51 [INFO] Execution step: Project/Reorder
18:44:51 [INFO] Saved temporary table: 1 entries (6904)
18:44:51 [INFO] Execution step: Body
18:44:51 [INFO] Saved temporary table: 1 entries (3404)
18:44:51 [INFO] Execution step: Duplicate Elimination (Datalog)
18:44:51 [INFO] Saved permanent table R_9 (31) Permutation { idx_to_val: [], val_to_idx: [] } with 1 entries (3452)
18:44:51 [INFO] Rule duration: 0 ms
18:44:51 [INFO] <<< STEP 32: APPLYING RULE 23 R_9(?X_1) :- project_approved(?X_1), R_13(?X_1, ?_BODY_1), Equal(?_BODY_1, ?X_1) >>>
18:44:51 [INFO] Execution step: Project/Reorder
18:44:51 [INFO] Saved temporary table: 1 entries (6904)
18:44:51 [INFO] Execution step: Body
18:44:51 [INFO] Trie does not contain any elements
18:44:51 [INFO] Execution step: Duplicate Elimination (Datalog)
18:44:51 [INFO] Trie does not contain any elements
18:44:51 [INFO] Rule duration: 0 ms
18:44:51 [INFO] <<< STEP 33: APPLYING RULE 32 R_11(15854200322867509259, ?X_1, ?X_3, ?X_5, ?X_6, ?X_2) :- R_26(?_BODY_1, ?X_1), R_26(?X_3, ?X_5), R_26(?X_6, ?X_2), R_26(?_BODY_2, ?X_1), Equal(?_BODY_1, 15854200322867509259), Equal(?_BODY_2, 15854200322867509259) >>>
18:44:51 [INFO] Execution step: Project/Reorder
18:44:51 [INFO] Trie does not contain any elements
18:44:51 [INFO] Execution step: Body
18:44:51 [INFO] Trie does not contain any elements
18:44:51 [INFO] Execution step: Duplicate Elimination (Datalog)
18:44:51 [INFO] Trie does not contain any elements
18:44:51 [INFO] Rule duration: 0 ms
18:44:51 [INFO] <<< STEP 34: APPLYING RULE 24 R_5("Wind Turbine C") :- coordinates_m(?Y_1, ?_BODY_1), project_location_m(?Y_1, ?_BODY_2, ?Z_1), R_14(?Z_1, ?Y_1, ?_BODY_3, ?Z_3, ?_BODY_4, ?_BODY_5), R_9(?_BODY_6), Equal(?_BODY_1, "Wind Turbine C"), Equal(?_BODY_2, ?Y_1), Equal(?_BODY_3, "13.704927907097524"^^<http://www.w3.org/2001/XMLSchema#double>), Equal(?_BODY_4, ?Y_1), Equal(?_BODY_5, ?Y_1), Equal(?_BODY_6, "true"^^<http://www.w3.org/2001/XMLSchema#boolean>) >>>
18:44:51 [INFO] Execution step: Project/Reorder
18:44:51 [INFO] Saved temporary table: 1 entries (3452)
18:44:51 [INFO] Execution step: Body
18:44:51 [INFO] Trie does not contain any elements
18:44:51 [INFO] Execution step: Duplicate Elimination (Datalog)
18:44:51 [INFO] Trie does not contain any elements
18:44:51 [INFO] Rule duration: 0 ms
18:44:51 [INFO] <<< STEP 35: APPLYING RULE 16 R_16(?X_2, "Wind Turbine C", ?X_3, ?X_1) :- R_11(?X_2, ?_BODY_1, ?X_3, ?X_1, ?_BODY_2, ?_BODY_3), PI(?Z_1), closest_house(?X_1, ?X_2), Equal(?_BODY_1, ?X_2), Equal(?_BODY_2, "Wind Turbine C"), Equal(?_BODY_3, ?X_1) >>>
18:44:51 [INFO] Execution step: Project/Reorder
18:44:51 [INFO] Saved temporary table: 3 entries (7028)
18:44:51 [INFO] Execution step: Body
18:44:51 [INFO] Trie does not contain any elements
18:44:51 [INFO] Execution step: Duplicate Elimination (Datalog)
18:44:51 [INFO] Trie does not contain any elements
18:44:51 [INFO] Rule duration: 0 ms
18:44:51 [INFO] <<< STEP 36: APPLYING RULE 20 R_3(?X_1, ?X_5, ?X_3, ?X_4, "Wind Turbine A") :- R_12(?X_1, ?X_5, ?_BODY_1, ?X_4, ?_BODY_2, ?X_3), CIRC_EARTH(?_BODY_3), distance(?X_4, ?X_5), R_4(?Z_4, ?Z_3, ?X_3), Equal(?_BODY_1, ?X_5), Equal(?_BODY_2, "Wind Turbine A"), Equal(?_BODY_3, "Wind Turbine C") >>>
18:44:51 [INFO] Execution step: Body
18:44:51 [INFO] Trie does not contain any elements
18:44:51 [INFO] Execution step: Duplicate Elimination (Datalog)
18:44:51 [INFO] Trie does not contain any elements
18:44:51 [INFO] Rule duration: 0 ms
18:44:51 [INFO] <<< STEP 37: APPLYING RULE 21 R_12(?X_3, ?X_5, ?X_4, ?X_4, ?X_1, ?X_2) :- R_22(?X_3, ?X_5, ?X_4, ?_BODY_1, ?X_1, ?X_2), R_10(?X_4, ?X_3, ?X_1, ?X_2, ?_BODY_2), Equal(?_BODY_1, ?X_4), Equal(?_BODY_2, ?X_2) >>>
18:44:51 [INFO] Execution step: Project/Reorder
18:44:51 [INFO] Trie does not contain any elements
18:44:51 [INFO] Execution step: Body
18:44:51 [INFO] Trie does not contain any elements
18:44:51 [INFO] Execution step: Duplicate Elimination (Datalog)
18:44:51 [INFO] Trie does not contain any elements
18:44:51 [INFO] Rule duration: 0 ms
18:44:51 [INFO] <<< STEP 38: APPLYING RULE 27 R_22(?X_1, ?X_3, ?X_5, "50.89816338631804"^^<http://www.w3.org/2001/XMLSchema#double>, ?X_4, ?X_6) :- coordinates(?X_1, ?X_3), coordinates(?X_5, ?_BODY_1), coordinates(?X_4, ?X_6), endangered(?X_5), project(?_BODY_2), R_16(?Z_6, ?Z_5, ?_BODY_3, ?X_6), R_19(?Z_9, ?X_5, ?Z_6, ?Z_7), R_8(?X_6, ?_BODY_4, ?_BODY_5, ?X_3, ?X_5, ?_BODY_6), Equal(?_BODY_1, "50.89816338631804"^^<http://www.w3.org/2001/XMLSchema#double>), Equal(?_BODY_2, "Wind Turbine B"), Equal(?_BODY_3, "Wind Turbine B"), Equal(?_BODY_4, ?X_6), Equal(?_BODY_5, 60), Equal(?_BODY_6, ?X_3) >>>
18:44:51 [INFO] Execution step: Project/Reorder
18:44:51 [INFO] Trie does not contain any elements
18:44:51 [INFO] Execution step: Body
18:44:51 [INFO] Trie does not contain any elements
18:44:51 [INFO] Execution step: Duplicate Elimination (Datalog)
18:44:51 [INFO] Trie does not contain any elements
18:44:51 [INFO] Rule duration: 0 ms
18:44:51 [INFO] <<< STEP 39: APPLYING RULE 28 R_11(?X_2, ?X_3, ?X_6, ?X_2, ?X_4, "Wind Turbine B") :- environmental_impact(?X_2), environmental_impact(?X_3), environmental_impact(?X_6), environmental_impact(?X_2), environmental_impact(?X_4), environmental_impact(?_BODY_1), coordinates(?X_6, ?X_3), project_height_m(?X_2, ?Z_3), R_3(?Z_6, ?X_6, ?Z_1, ?X_3, ?X_2), R_12(?X_6, ?X_4, ?X_2, ?_BODY_2, ?_BODY_3, ?X_3), R_20(?X_3, ?Z_12, ?X_2, ?Z_10, ?_BODY_4, ?X_4), R_5(?X_6), Equal(?_BODY_1, "Wind Turbine B"), Equal(?_BODY_2, ?X_2), Equal(?_BODY_3, ?X_6), Equal(?_BODY_4, ?X_2) >>>
18:44:51 [INFO] Execution step: Project/Reorder
18:44:51 [INFO] Trie does not contain any elements
18:44:51 [INFO] Execution step: Body
18:44:51 [INFO] Trie does not contain any elements
18:44:51 [INFO] Execution step: Duplicate Elimination (Datalog)
18:44:51 [INFO] Trie does not contain any elements
18:44:51 [INFO] Rule duration: 0 ms
18:44:51 [INFO] <<< STEP 40: APPLYING RULE 10 R_2(?X_5, ?X_2, ?X_1, ?X_1, ?X_4) :- R_11(?X_5, ?X_2, ?X_1, ?_BODY_1, ?X_4, ?_BODY_2), Equal(?_BODY_1, ?X_1), Equal(?_BODY_2, ?X_2) >>>
18:44:51 [INFO] Execution step: Body
18:44:51 [INFO] Trie does not contain any elements
18:44:51 [INFO] Execution step: Duplicate Elimination (Datalog)
18:44:51 [INFO] Trie does not contain any elements
18:44:51 [INFO] Rule duration: 0 ms
18:44:51 [INFO] <<< STEP 41: APPLYING RULE 17 R_17(60) :- R_2(?_BODY_1, ?_BODY_2, ?_BODY_3, ?Y_1, ?_BODY_4), project_reject(?Y_1), environmental_impact(?Y_1), Equal(?_BODY_1, "Wind Turbine C"), Equal(?_BODY_2, 60), Equal(?_BODY_3, "Wind Turbine C"), Equal(?_BODY_4, ?Y_1) >>>
18:44:51 [INFO] Loading source SimpleTable { arity: 1, data: [AnyDataValue(PlainString(StringDataValue("Wind Turbine A"))), AnyDataValue(Iri(IriDataValue("c_22"))), AnyDataValue(UnsignedLong(UnsignedLongDataValue(1450050055392881522))), AnyDataValue(Iri(IriDataValue("c_30")))] }
18:44:51 [INFO] Execution step: Project/Reorder
18:44:51 [INFO] Saved temporary table: 2 entries (3456)
18:44:51 [INFO] Execution step: Body
18:44:51 [INFO] Trie does not contain any elements
18:44:51 [INFO] Execution step: Duplicate Elimination (Datalog)
18:44:51 [INFO] Trie does not contain any elements
18:44:51 [INFO] Rule duration: 0 ms
18:44:51 [INFO] <<< STEP 42: APPLYING RULE 22 R_21(?X_2, ?X_5, ?X_1, ?X_3, ?X_4) :- distance(?X_2, ?X_5), distance(?X_1, ?X_4), distance(?X_4, ?X_3), R_11(?X_4, ?_BODY_1, ?Z_1, ?_BODY_2, ?X_1, ?X_2), Equal(?_BODY_1, ?X_4), Equal(?_BODY_2, ?X_4) >>>
18:44:51 [INFO] Loading source SimpleTable { arity: 5, data: [AnyDataValue(PlainString(StringDataValue("str_3"))), AnyDataValue(Iri(IriDataValue("c_10"))), AnyDataValue(Iri(IriDataValue("c_11"))), AnyDataValue(Iri(IriDataValue("c_12"))), AnyDataValue(Iri(IriDataValue("c_13")))] }
18:44:51 [INFO] Execution step: Body
18:44:51 [INFO] Trie does not contain any elements
18:44:51 [INFO] Execution step: Duplicate Elimination (Datalog)
18:44:51 [INFO] Trie does not contain any elements
18:44:51 [INFO] Rule duration: 0 ms
18:44:51 [INFO] <<< STEP 43: APPLYING RULE 31 R_21(?X_5, ?X_1, "3.14159"^^<http://www.w3.org/2001/XMLSchema#double>, ?X_2, ?X_4) :- R_16(?X_5, ?X_1, ?_BODY_1, ?Y_1), R_16(?X_4, ?_BODY_2, ?_BODY_3, ?X_2), R_16(?X_5, ?X_1, ?_BODY_4, ?Y_1), Equal(?_BODY_1, ?X_5), Equal(?_BODY_2, ?X_4), Equal(?_BODY_3, "3.14159"^^<http://www.w3.org/2001/XMLSchema#double>), Equal(?_BODY_4, ?X_5) >>>
18:44:51 [INFO] Execution step: Project/Reorder
18:44:51 [INFO] Trie does not contain any elements
18:44:51 [INFO] Execution step: Body
18:44:51 [INFO] Trie does not contain any elements
18:44:51 [INFO] Execution step: Duplicate Elimination (Datalog)
18:44:51 [INFO] Trie does not contain any elements
18:44:51 [INFO] Rule duration: 0 ms
18:44:51 [INFO] <<< STEP 44: APPLYING RULE 29 R_6(?X_5, ?X_1, 60, ?X_4, ?X_2, ?X_3) :- R_8(?X_5, ?X_1, ?_BODY_1, ?X_4, ?X_2, ?X_3), R_2(?X_2, ?_BODY_2, ?X_4, ?_BODY_3, ?X_5), R_21(?_BODY_4, ?X_5, ?X_2, ?_BODY_5, ?X_3), Equal(?_BODY_1, 60), Equal(?_BODY_2, ?X_2), Equal(?_BODY_3, ?X_4), Equal(?_BODY_4, 60), Equal(?_BODY_5, ?X_5) >>>
18:44:51 [INFO] Loading source SimpleTable { arity: 6, data: [AnyDataValue(PlainString(StringDataValue("Wind Turbine A"))), AnyDataValue(Iri(IriDataValue("c_24"))), AnyDataValue(PlainString(StringDataValue("str_4"))), AnyDataValue(Iri(IriDataValue("c_2"))), AnyDataValue(Iri(IriDataValue("c_25"))), AnyDataValue(PlainString(StringDataValue("Wind Turbine A"))), AnyDataValue(Iri(IriDataValue("c_27"))), AnyDataValue(Long(LongDataValue(60))), AnyDataValue(Iri(IriDataValue("c_28"))), AnyDataValue(PlainString(StringDataValue("Mauersegler"))), AnyDataValue(PlainString(StringDataValue("addr"))), AnyDataValue(PlainString(StringDataValue("addr")))] }
18:44:51 [INFO] Execution step: Project/Reorder
18:44:51 [INFO] Saved temporary table: 1 entries (17212)
18:44:51 [INFO] Execution step: Body
18:44:51 [INFO] Trie does not contain any elements
18:44:51 [INFO] Execution step: Duplicate Elimination (Datalog)
18:44:51 [INFO] Trie does not contain any elements
18:44:51 [INFO] Rule duration: 0 ms
18:44:51 [INFO] <<< STEP 45: APPLYING RULE 25 R_OUT(?X_1, ?X_3, ?X_3) :- distance(?X_1, ?X_3), distance(?X_3, ?_BODY_1), R_15(?X_3, ?_BODY_2, ?_BODY_3), Equal(?_BODY_1, ?X_3), Equal(?_BODY_2, ?X_3), Equal(?_BODY_3, "50.89816338631804"^^<http://www.w3.org/2001/XMLSchema#double>) >>>
18:44:51 [INFO] Loading source SimpleTable { arity: 3, data: [AnyDataValue(PlainString(StringDataValue("Gartenschläfer"))), AnyDataValue(UnsignedLong(UnsignedLongDataValue(2341568535130100074))), AnyDataValue(Iri(IriDataValue("c_15"))), AnyDataValue(Double(DoubleDataValue(50.89816338631804))), AnyDataValue(UnsignedLong(UnsignedLongDataValue(9733831621299167687))), AnyDataValue(Iri(IriDataValue("c_23")))] }
18:44:51 [INFO] Execution step: Body
18:44:51 [INFO] Trie does not contain any elements
18:44:51 [INFO] Execution step: Duplicate Elimination (Datalog)
18:44:51 [INFO] Trie does not contain any elements
18:44:51 [INFO] Rule duration: 0 ms
18:44:51 [INFO] <<< STEP 46: APPLYING RULE 26 R_15(?X_2, "true"^^<http://www.w3.org/2001/XMLSchema#boolean>, ?X_1) :- R_OUT(?X_2, ?_BODY_1, ?X_1), project_approved(?_BODY_2), R_17(?X_1), R_6(?X_1, ?_BODY_3, ?X_2, ?_BODY_4, ?_BODY_5, ?_BODY_6), Equal(?_BODY_1, "true"^^<http://www.w3.org/2001/XMLSchema#boolean>), Equal(?_BODY_2, "Wind Turbine B"), Equal(?_BODY_3, "Wind Turbine A"), Equal(?_BODY_4, ?X_2), Equal(?_BODY_5, ?X_2), Equal(?_BODY_6, ?X_1) >>>
18:44:51 [INFO] Execution step: Project/Reorder
18:44:51 [INFO] Saved temporary table: 2 entries (20932)
18:44:51 [INFO] Execution step: Body
18:44:51 [INFO] Trie does not contain any elements
18:44:51 [INFO] Execution step: Duplicate Elimination (Datalog)
18:44:51 [INFO] Trie does not contain any elements
18:44:51 [INFO] Rule duration: 0 ms
18:44:51 [INFO] Execution step: Combining Tables
18:44:51 [INFO] Saved permanent table R_OUT (0-1) Permutation { idx_to_val: [], val_to_idx: [] } with 1 entries (10364)
18:44:51 [INFO] ----------------------------------------------
18:44:51 [INFO]  Finished Nemo Execution - Transformed Program
18:44:51 [INFO] Output size: 1
18:44:51 [INFO] ----------------------------------------------
18:44:51 [INFO] 
18:44:51 [INFO] ----------------------------------------------
18:44:51 [INFO] ------------ Asserting Oracle EQU ------------
18:44:51 [INFO] ----------------------------------------------
18:44:51 [INFO] All good, output is equivalent
18:44:51 [INFO] old_dir "/home/leo_repp/masterthesis/nemo/nemo-metamorphic-testing/benchmark_500k_r"
