22:53:24 [INFO] ----------------------------------------------
22:53:24 [INFO] Beginning transformation mtf_EQU_5500036
                Oracle:     EQU          Number of T: 45
                Debug Mode: false          u64 Seed:    5500036
                Number of generating transformations: 47
                Internal Seed:          [23, 99, 215, 3, 228, 151, 114, 180, 85, 234, 95, 237, 186, 38, 131, 22, 140, 91, 124, 246, 86, 79, 253, 97, 239, 232, 237, 145, 46, 200, 74, 74]
                Seed File: Currently not supported!
22:53:24 [INFO] ----------------------------------------------
22:53:24 [INFO] -------------- Reading Seed File: ------------
22:53:24 [INFO] "/home/leo_repp/masterthesis/nemo/nemo-metamorphic-testing/examples/owl-el/from-owl-rdf/owl-rdf-preprocessing.rls"
22:53:24 [INFO] Renaming of rules complete
22:53:24 [INFO] --------- Finished Reading Seed file ---------
22:53:24 [INFO] ----------------------------------------------
22:53:24 [INFO] 
22:53:24 [INFO] ----------------------------------------------
22:53:24 [INFO] -------- Beginning Program Generation --------
22:53:24 [INFO] ----------------------------------------------
22:53:24 [INFO] 
22:53:24 [INFO] Removing old export statements
22:53:24 [INFO] Beginning inverse_stratum and ancestry computation starting at node R_OUT
22:53:24 [INFO] Ancestry and Inverse Stratum computation complete.
22:53:24 [INFO] Constructed lite ADG
22:53:24 [INFO] Generating Program...
22:53:24 [INFO] 
22:53:24 [INFO] 1 / 46
22:53:24 [INFO]   I Add Relational Node
22:53:24 [INFO]   Added new relation R_1
22:53:24 [INFO] 2 / 46
22:53:24 [INFO]   I Add Relational Node
22:53:24 [INFO]   Added new relation R_2
22:53:24 [INFO] 3 / 46
22:53:24 [INFO]   I Add Relational Node
22:53:24 [INFO]   Added new relation R_3
22:53:24 [INFO] 4 / 46
22:53:24 [INFO]   I Add Relational Node
22:53:24 [INFO]   Added new relation R_4
22:53:24 [INFO] 5 / 46
22:53:24 [INFO]   I Add Relational Node
22:53:24 [INFO]   Added new relation R_5
22:53:24 [INFO] 6 / 46
22:53:24 [INFO]   I Add Relational Node
22:53:24 [INFO]   Added new relation R_6
22:53:24 [INFO] 7 / 46
22:53:24 [INFO]   I Add Relational Node
22:53:24 [INFO]   Added new relation R_7
22:53:24 [INFO] 8 / 46
22:53:24 [INFO]   I Add Relational Node
22:53:24 [INFO]   Added new relation R_8
22:53:24 [INFO] 9 / 46
22:53:24 [INFO]   I Add Relational Node
22:53:24 [INFO]   Added new relation R_9
22:53:24 [INFO] 10 / 46
22:53:24 [INFO]   I Add Relational Node
22:53:24 [INFO]   Added new relation R_10
22:53:24 [INFO] 11 / 46
22:53:24 [INFO]   I Add Relational Node
22:53:24 [INFO]   Added new relation R_11
22:53:24 [INFO] 12 / 46
22:53:24 [INFO]   I Add Relational Node
22:53:24 [INFO]   Added new relation R_12
22:53:24 [INFO] 13 / 46
22:53:24 [INFO]   I Add Relational Node
22:53:24 [INFO]   Added new relation R_13
22:53:24 [INFO] 14 / 46
22:53:24 [INFO]   I Add Relational Node
22:53:24 [INFO]   Added new relation R_14
22:53:24 [INFO] 15 / 46
22:53:24 [INFO]   I Add Relational Node
22:53:24 [INFO]   Added new relation R_15
22:53:24 [INFO] 16 / 46
22:53:24 [INFO]   I Add Relational Node
22:53:24 [INFO]   Added new relation R_16
22:53:24 [INFO] 17 / 46
22:53:24 [INFO]   I Add Relational Node
22:53:24 [INFO]   Added new relation R_17
22:53:24 [INFO] 18 / 46
22:53:24 [INFO]   I Add Relational Node
22:53:24 [INFO]   Added new relation R_18
22:53:24 [INFO] 19 / 46
22:53:24 [INFO]   I Add Relational Node
22:53:24 [INFO]   Added new relation R_19
22:53:24 [INFO] 20 / 46
22:53:24 [INFO]   I Add Relational Node
22:53:24 [INFO]   Added new relation R_20
22:53:24 [INFO] 21 / 46
22:53:24 [INFO]   I Add Relational Node
22:53:24 [INFO]   Added new relation R_21
22:53:24 [INFO] 22 / 46
22:53:24 [INFO]   I Add Relational Node
22:53:24 [INFO]   Added new relation R_22
22:53:24 [INFO] 23 / 46
22:53:24 [INFO]   I Add Relational Node
22:53:24 [INFO]   Added new relation R_23
22:53:24 [INFO] 24 / 46
22:53:24 [INFO]   I Add Relational Node
22:53:24 [INFO]   Added new relation R_24
22:53:24 [INFO] 25 / 46
22:53:24 [INFO]   I Add Relational Node
22:53:24 [INFO]   Added new relation R_25
22:53:24 [INFO] 26 / 46
22:53:24 [INFO]   I Add Relational Node
22:53:24 [INFO]   Added new relation R_26
22:53:24 [INFO] 27 / 46
22:53:24 [INFO]   I Add Relational Node
22:53:24 [INFO]   Added new relation R_27
22:53:24 [INFO] 28 / 46
22:53:24 [INFO]   I Add Relational Node
22:53:24 [INFO]   Added new relation R_28
22:53:24 [INFO] 29 / 46
22:53:24 [INFO]   I Add Relational Node
22:53:24 [INFO]   Added new relation R_29
22:53:24 [INFO] 30 / 46
22:53:24 [INFO]   I Add Relational Node
22:53:24 [INFO]   Added new relation R_30
22:53:24 [INFO] 31 / 46
22:53:24 [INFO]   I Add Relational Node
22:53:24 [INFO]   Added new relation R_31
22:53:24 [INFO] 32 / 46
22:53:24 [INFO]   I Add Relational Node
22:53:24 [INFO]   Added new relation R_32
22:53:24 [INFO] 33 / 46
22:53:24 [INFO]   I Add Relational Node
22:53:24 [INFO]   Added new relation R_33
22:53:24 [INFO] 34 / 46
22:53:24 [INFO]   I Add Relational Node
22:53:24 [INFO]   Added new relation R_34
22:53:24 [INFO] 35 / 46
22:53:24 [INFO]   I Add Relational Node
22:53:24 [INFO]   Added new relation R_35
22:53:24 [INFO] 36 / 46
22:53:24 [INFO]   I Add Relational Node
22:53:24 [INFO]   Added new relation R_36
22:53:24 [INFO] 37 / 46
22:53:24 [INFO]   I Add Relational Node
22:53:24 [INFO]   Added new relation R_37
22:53:24 [INFO] 38 / 46
22:53:24 [INFO]   I Add Relational Node
22:53:24 [INFO]   Added new relation R_38
22:53:24 [INFO] 39 / 46
22:53:24 [INFO]   I Add Relational Node
22:53:24 [INFO]   Added new relation R_39
22:53:24 [INFO] 40 / 46
22:53:24 [INFO]   I Add Relational Node
22:53:24 [INFO]   Added new relation R_40
22:53:24 [INFO] 41 / 46
22:53:24 [INFO]   I Add Relational Node
22:53:24 [INFO]   Added new relation R_41
22:53:24 [INFO] 42 / 46
22:53:24 [INFO]   I Add Relational Node
22:53:24 [INFO]   Added new relation R_42
22:53:24 [INFO] 43 / 46
22:53:24 [INFO]   I Add Relational Node
22:53:24 [INFO]   Added new relation R_43
22:53:24 [INFO] 44 / 46
22:53:24 [INFO]   I Add Relational Node
22:53:24 [INFO]   Added new relation R_44
22:53:24 [INFO] 45 / 46
22:53:24 [INFO]   I Add Relational Node
22:53:24 [INFO]   Added new relation R_45
22:53:24 [INFO] 46 / 46
22:53:24 [INFO]   I Add Relational Node
22:53:24 [INFO]   Added new relation R_46
22:53:24 [INFO] 
22:53:24 [INFO] Adding a new rule for each relation other than the seed relations
22:53:24 [INFO] 
22:53:24 [INFO] 1 / 47
22:53:24 [INFO]   Generating new single body literal rule for R_OUT
22:53:24 [INFO]   Assigned relation R_OUT the artiy 5
22:53:24 [INFO]   Assigned relation R_39 the artiy 5
22:53:24 [INFO]   Added new rule of name r_GEN_1
22:53:24 [INFO]   R_OUT(?X_5, ?X_5, ?X_1, ?X_3, <http://www.w3.org/1999/02/22-rdf-syntax-ns#nil>) :- R_39(?X_5, ?X_5, ?X_1, ?X_3, <http://www.w3.org/1999/02/22-rdf-syntax-ns#nil>) .
22:53:24 [INFO] 2 / 47
22:53:24 [INFO]   Generating new single body literal rule for R_1
22:53:24 [INFO]   Assigned relation R_1 the artiy 2
22:53:24 [INFO]   Assigned relation R_7 the artiy 2
22:53:24 [INFO]   Added new rule of name r_GEN_2
22:53:24 [INFO]   R_1(?X_1, ?X_2) :- R_7(?X_1, ?X_2) .
22:53:24 [INFO] 3 / 47
22:53:24 [INFO]   Generating new single body literal rule for R_2
22:53:24 [INFO]   Assigned relation R_2 the artiy 4
22:53:24 [INFO]   Assigned relation R_16 the artiy 6
22:53:24 [INFO]   Added new rule of name r_GEN_3
22:53:24 [INFO]   R_2(?X_1, ?X_2, <http://www.w3.org/2000/01/rdf-schema#subPropertyOf>, ?X_3) :- R_16(?X_1, ?X_3, <http://www.w3.org/2000/01/rdf-schema#subPropertyOf>, ?Y_1, ?X_3, ?X_2) .
22:53:24 [INFO] 4 / 47
22:53:24 [INFO]   Generating new single body literal rule for R_3
22:53:24 [INFO]   Assigned relation R_3 the artiy 3
22:53:24 [INFO]   Assigned relation R_19 the artiy 3
22:53:24 [INFO]   Added new rule of name r_GEN_4
22:53:24 [INFO]   R_3(?X_1, ?X_3, ?X_3) :- R_19(?X_1, ?X_3, ?X_3) .
22:53:24 [INFO] 5 / 47
22:53:24 [INFO]   Generating new single body literal rule for R_4
22:53:24 [INFO]   Assigned relation R_4 the artiy 3
22:53:24 [INFO]   Assigned relation R_27 the artiy 4
22:53:24 [INFO]   Added new rule of name r_GEN_5
22:53:24 [INFO]   R_4(?X_3, ?X_1, ?X_2) :- R_27(?X_3, ?X_3, ?X_2, ?X_1) .
22:53:24 [INFO] 6 / 47
22:53:24 [INFO]   Generating new single body literal rule for R_5
22:53:24 [INFO]   Assigned relation R_5 the artiy 2
22:53:24 [INFO]   Added new rule of name r_GEN_6
22:53:24 [INFO]   R_5(?X_2, <http://www.w3.org/2002/07/owl#disjointWith>) :- R_39(?Y_1, <http://www.w3.org/2002/07/owl#disjointWith>, <http://www.w3.org/2002/07/owl#disjointWith>, ?X_2, <http://www.w3.org/2002/07/owl#equivalentClass>) .
22:53:24 [INFO] 7 / 47
22:53:24 [INFO]   Generating new single body literal rule for R_6
22:53:24 [INFO]   Assigned relation R_6 the artiy 1
22:53:24 [INFO]   Assigned relation R_35 the artiy 5
22:53:24 [INFO]   Added new rule of name r_GEN_7
22:53:24 [INFO]   R_6(?X_1) :- R_35(?Y_1, ?Y_1, ?X_1, ?X_1, <http://www.w3.org/2002/07/owl#someValuesFrom>) .
22:53:24 [INFO] 8 / 47
22:53:24 [INFO]   Generating new single body literal rule for R_7
22:53:24 [INFO]   Assigned relation R_21 the artiy 5
22:53:24 [INFO]   Added new rule of name r_GEN_8
22:53:24 [INFO]   R_7(<http://www.w3.org/2002/07/owl#propertyChain>, ?X_2) :- R_21(?X_2, ?X_2, ?X_2, <http://www.w3.org/2002/07/owl#propertyChain>, <http://www.w3.org/2002/07/owl#equivalentClass>) .
22:53:24 [INFO] 9 / 47
22:53:24 [INFO]   Generating new single body literal rule for R_8
22:53:24 [INFO]   Assigned relation R_8 the artiy 2
22:53:24 [INFO]   Added new rule of name r_GEN_9
22:53:24 [INFO]   R_8(?X_1, ?X_1) :- nonlast(?X_1), nonlast(?X_1) .
22:53:24 [INFO] 10 / 47
22:53:24 [INFO]   Generating new single body literal rule for R_9
22:53:24 [INFO]   Assigned relation R_9 the artiy 1
22:53:24 [INFO]   Added new rule of name r_GEN_10
22:53:24 [INFO]   R_9(?X_1) :- http://rulewerk.semantic-web.org/normalForm/exists(?X_1, <http://www.w3.org/2000/01/rdf-schema#subPropertyOf>, <http://www.w3.org/2000/01/rdf-schema#subPropertyOf>) .
22:53:24 [INFO] 11 / 47
22:53:24 [INFO]   Generating new single body literal rule for R_10
22:53:24 [INFO]   Assigned relation R_10 the artiy 2
22:53:24 [INFO]   Assigned relation R_17 the artiy 2
22:53:24 [INFO]   Added new rule of name r_GEN_11
22:53:24 [INFO]   R_10(?X_1, ?X_1) :- R_17(?X_1, ?X_1) .
22:53:24 [INFO] 12 / 47
22:53:24 [INFO]   Generating new single body literal rule for R_11
22:53:24 [INFO]   Assigned relation R_11 the artiy 6
22:53:24 [INFO]   Added new rule of name r_GEN_12
22:53:24 [INFO]   R_11(?X_6, ?X_2, <http://www.w3.org/2000/01/rdf-schema#subClassOf>, ?X_3, ?X_1, ?X_4) :- R_35(?X_6, ?Y_1, ?Y_2, ?X_3, ?X_1), R_35(?X_4, ?X_1, <http://www.w3.org/2000/01/rdf-schema#subClassOf>, ?X_2, ?Y_2) .
22:53:24 [INFO] 13 / 47
22:53:24 [INFO]   Generating new single body literal rule for R_12
22:53:24 [INFO]   Assigned relation R_12 the artiy 4
22:53:24 [INFO]   Assigned relation R_43 the artiy 6
22:53:24 [INFO]   Added new rule of name r_GEN_13
22:53:24 [INFO]   R_12(?X_2, <http://www.w3.org/2000/01/rdf-schema#subClassOf>, ?X_1, ?X_1) :- R_43(?Y_1, <http://www.w3.org/2002/07/owl#intersectionOf>, ?X_1, ?X_1, <http://www.w3.org/2000/01/rdf-schema#subClassOf>, ?X_2) .
22:53:24 [INFO] 14 / 47
22:53:24 [INFO]   Generating new single body literal rule for R_13
22:53:24 [INFO]   Assigned relation R_13 the artiy 3
22:53:24 [INFO]   Added new rule of name r_GEN_14
22:53:24 [INFO]   R_13(<http://www.w3.org/1999/02/22-rdf-syntax-ns#first>, ?X_3, ?X_1) :- R_27(<http://www.w3.org/1999/02/22-rdf-syntax-ns#first>, ?X_3, ?X_1, ?X_1) .
22:53:24 [INFO] 15 / 47
22:53:24 [INFO]   Generating new single body literal rule for R_14
22:53:24 [INFO]   Assigned relation R_14 the artiy 3
22:53:24 [INFO]   Assigned relation R_20 the artiy 4
22:53:24 [INFO]   Added new rule of name r_GEN_15
22:53:24 [INFO]   R_14(?X_2, <http://www.w3.org/1999/02/22-rdf-syntax-ns#rest>, ?X_1) :- R_20(?X_2, <http://www.w3.org/1999/02/22-rdf-syntax-ns#rest>, ?X_1, <http://www.w3.org/1999/02/22-rdf-syntax-ns#rest>) .
22:53:24 [INFO] 16 / 47
22:53:24 [INFO]   Generating new single body literal rule for R_15
22:53:24 [INFO]   Assigned relation R_15 the artiy 4
22:53:24 [INFO]   Added new rule of name r_GEN_16
22:53:24 [INFO]   R_15(?X_3, ?X_4, ?X_1, ?X_2) :- R_21(?X_3, ?X_4, ?X_4, ?X_2, ?X_1) .
22:53:24 [INFO] 17 / 47
22:53:24 [INFO]   Generating new single body literal rule for R_16
22:53:24 [INFO]   Added new rule of name r_GEN_17
22:53:24 [INFO]   R_16(?X_4, ?X_5, ?X_1, <http://www.w3.org/1999/02/22-rdf-syntax-ns#nil>, ?X_6, ?X_2) :- first(?X_4), first(?X_5), first(?X_1), first(<http://www.w3.org/1999/02/22-rdf-syntax-ns#nil>), first(?X_6), first(?X_2) .
22:53:24 [INFO] 18 / 47
22:53:24 [INFO]   Generating new single body literal rule for R_17
22:53:24 [INFO]   Assigned relation R_42 the artiy 2
22:53:24 [INFO]   Added new rule of name r_GEN_18
22:53:24 [INFO]   R_17(<http://www.w3.org/1999/02/22-rdf-syntax-ns#rest>, ?X_1) :- R_42(<http://www.w3.org/1999/02/22-rdf-syntax-ns#rest>, ?X_1) .
22:53:24 [INFO] 19 / 47
22:53:24 [INFO]   Generating new single body literal rule for R_18
22:53:24 [INFO]   Assigned relation R_18 the artiy 1
22:53:24 [INFO]   Assigned relation R_23 the artiy 1
22:53:24 [INFO]   Added new rule of name r_GEN_19
22:53:24 [INFO]   R_18(<http://www.w3.org/2000/01/rdf-schema#subClassOf>) :- R_23(<http://www.w3.org/2000/01/rdf-schema#subClassOf>) .
22:53:24 [INFO] 20 / 47
22:53:24 [INFO]   Generating new single body literal rule for R_19
22:53:24 [INFO]   Assigned relation R_34 the artiy 5
22:53:24 [INFO]   Added new rule of name r_GEN_20
22:53:24 [INFO]   R_19(<http://www.w3.org/1999/02/22-rdf-syntax-ns#first>, ?X_1, ?X_2) :- R_34(<http://www.w3.org/2000/01/rdf-schema#subPropertyOf>, ?X_1, <http://www.w3.org/2000/01/rdf-schema#subPropertyOf>, <http://www.w3.org/1999/02/22-rdf-syntax-ns#first>, ?X_2) .
22:53:24 [INFO] 21 / 47
22:53:24 [INFO]   Generating new single body literal rule for R_20
22:53:24 [INFO]   Added new rule of name r_GEN_21
22:53:24 [INFO]   R_20(<http://www.w3.org/2002/07/owl#intersectionOf>, ?X_1, ?X_1, ?X_3) :- R_15(<http://www.w3.org/2002/07/owl#intersectionOf>, ?X_1, ?X_1, ?X_3) .
22:53:24 [INFO] 22 / 47
22:53:24 [INFO]   Generating new single body literal rule for R_21
22:53:24 [INFO]   Added new rule of name r_GEN_22
22:53:24 [INFO]   R_21(?X_4, ?X_1, ?X_4, ?X_2, <http://www.w3.org/2000/01/rdf-schema#subPropertyOf>) :- http://rulewerk.semantic-web.org/normalForm/isSubClass(?X_4), http://rulewerk.semantic-web.org/normalForm/isSubClass(?X_1), http://rulewerk.semantic-web.org/normalForm/isSubClass(?X_4), http://rulewerk.semantic-web.org/normalForm/isSubClass(?X_2), http://rulewerk.semantic-web.org/normalForm/isSubClass(<http://www.w3.org/2000/01/rdf-schema#subPropertyOf>) .
22:53:24 [INFO] 23 / 47
22:53:24 [INFO]   Generating new single body literal rule for R_22
22:53:24 [INFO]   Assigned relation R_22 the artiy 4
22:53:24 [INFO]   Assigned relation R_25 the artiy 5
22:53:24 [INFO]   Added new rule of name r_GEN_23
22:53:24 [INFO]   R_22(?X_4, ?X_2, ?X_1, ?X_2) :- R_25(?X_4, ?X_2, ?X_1, ?X_2, ?X_2) .
22:53:24 [INFO] 24 / 47
22:53:24 [INFO]   Generating new single body literal rule for R_23
22:53:24 [INFO]   Added new rule of name r_GEN_24
22:53:24 [INFO]   R_23(?X_1) :- http://rulewerk.semantic-web.org/normalForm/isMainClass(?X_1) .
22:53:24 [INFO] 25 / 47
22:53:24 [INFO]   Generating new single body literal rule for R_24
22:53:24 [INFO]   Assigned relation R_24 the artiy 3
22:53:24 [INFO]   Added new rule of name r_GEN_25
22:53:24 [INFO]   R_24(?X_1, ?X_2, ?X_3) :- http://rulewerk.semantic-web.org/normalForm/subPropChain(?X_1, ?X_2, ?X_3) .
22:53:24 [INFO] 26 / 47
22:53:24 [INFO]   Generating new single body literal rule for R_25
22:53:24 [INFO]   Assigned relation R_33 the artiy 5
22:53:24 [INFO]   Added new rule of name r_GEN_26
22:53:24 [INFO]   R_25(?X_3, ?X_1, ?X_4, ?X_4, <http://www.w3.org/2002/07/owl#onProperty>) :- R_33(?X_3, ?X_1, ?X_4, ?X_4, <http://www.w3.org/2002/07/owl#onProperty>) .
22:53:24 [INFO] 27 / 47
22:53:24 [INFO]   Generating new single body literal rule for R_26
22:53:24 [INFO]   Assigned relation R_26 the artiy 4
22:53:24 [INFO]   Added new rule of name r_GEN_27
22:53:24 [INFO]   R_26(?X_4, ?X_2, ?X_3, ?X_1) :- R_33(?X_4, ?X_2, ?X_1, ?X_1, ?X_3) .
22:53:24 [INFO] 28 / 47
22:53:24 [INFO]   Generating new single body literal rule for R_27
22:53:24 [INFO]   Added new rule of name r_GEN_28
22:53:24 [INFO]   R_27(?X_1, ?X_1, ?X_3, ?X_2) :- first(?X_1), first(?X_1), first(?X_3), first(?X_2) .
22:53:24 [INFO] 29 / 47
22:53:24 [INFO]   Generating new single body literal rule for R_28
22:53:24 [INFO]   Assigned relation R_28 the artiy 3
22:53:24 [INFO]   Added new rule of name r_GEN_29
22:53:24 [INFO]   R_28(?X_2, ?X_3, ?X_1) :- R_18(?X_2), R_18(?X_3), R_18(?X_1) .
22:53:24 [INFO] 30 / 47
22:53:24 [INFO]   Generating new single body literal rule for R_29
22:53:24 [INFO]   Assigned relation R_29 the artiy 3
22:53:24 [INFO]   Assigned relation R_45 the artiy 6
22:53:24 [INFO]   Added new rule of name r_GEN_30
22:53:24 [INFO]   R_29(?X_3, ?X_3, ?X_1) :- R_45(?X_3, ?X_3, <http://www.w3.org/2002/07/owl#intersectionOf>, ?X_3, ?X_1, ?X_3) .
22:53:24 [INFO] 31 / 47
22:53:24 [INFO]   Generating new single body literal rule for R_30
22:53:24 [INFO]   Assigned relation R_30 the artiy 2
22:53:24 [INFO]   Added new rule of name r_GEN_31
22:53:24 [INFO]   R_30(<http://www.w3.org/2002/07/owl#intersectionOf>, ?X_1) :- R_24(<http://www.w3.org/2002/07/owl#intersectionOf>, <http://www.w3.org/2002/07/owl#intersectionOf>, ?X_1) .
22:53:24 [INFO] 32 / 47
22:53:24 [INFO]   Generating new single body literal rule for R_31
22:53:24 [INFO]   Assigned relation R_31 the artiy 1
22:53:24 [INFO]   Added new rule of name r_GEN_32
22:53:24 [INFO]   R_31(?X_1) :- R_15(?X_1, ?X_1, ?X_1, ?X_1) .
22:53:24 [INFO] 33 / 47
22:53:24 [INFO]   Generating new single body literal rule for R_32
22:53:24 [INFO]   Assigned relation R_32 the artiy 4
22:53:24 [INFO]   Added new rule of name r_GEN_33
22:53:24 [INFO]   R_32(?X_4, ?X_2, ?X_3, ?X_1) :- ClassSubject(?X_4), ClassSubject(?X_2), ClassSubject(?X_3), ClassSubject(?X_1) .
22:53:24 [INFO] 34 / 47
22:53:24 [INFO]   Generating new single body literal rule for R_33
22:53:24 [INFO]   Added new rule of name r_GEN_34
22:53:24 [INFO]   R_33(?X_2, ?X_1, ?X_4, ?X_5, <http://www.w3.org/1999/02/22-rdf-syntax-ns#first>) :- R_13(?X_2, ?X_4, ?X_4), R_13(?X_5, <http://www.w3.org/1999/02/22-rdf-syntax-ns#first>, ?X_1) .
22:53:24 [INFO] 35 / 47
22:53:24 [INFO]   Generating new single body literal rule for R_34
22:53:24 [INFO]   Added new rule of name r_GEN_35
22:53:24 [INFO]   R_34(?X_3, ?X_1, <http://www.w3.org/2002/07/owl#equivalentClass>, ?X_4, ?X_1) :- R_11(?X_3, ?Y_1, <http://www.w3.org/2002/07/owl#equivalentClass>, ?X_4, ?X_1, ?X_1) .
22:53:24 [INFO] 36 / 47
22:53:24 [INFO]   Generating new single body literal rule for R_35
22:53:24 [INFO]   Added new rule of name r_GEN_36
22:53:24 [INFO]   R_35(?X_3, ?X_2, ?X_3, ?X_4, ?X_5) :- auxClass(?X_3), auxClass(?X_2), auxClass(?X_3), auxClass(?X_4), auxClass(?X_5) .
22:53:24 [INFO] 37 / 47
22:53:24 [INFO]   Generating new single body literal rule for R_36
22:53:24 [INFO]   Assigned relation R_36 the artiy 1
22:53:24 [INFO]   Added new rule of name r_GEN_37
22:53:24 [INFO]   R_36(?X_1) :- R_43(?X_1, <http://www.w3.org/1999/02/22-rdf-syntax-ns#rest>, ?X_1, ?X_1, ?X_1, ?X_1) .
22:53:24 [INFO] 38 / 47
22:53:24 [INFO]   Generating new single body literal rule for R_37
22:53:24 [INFO]   Assigned relation R_37 the artiy 3
22:53:24 [INFO]   Added new rule of name r_GEN_38
22:53:24 [INFO]   R_37(<http://www.w3.org/2000/01/rdf-schema#subPropertyOf>, ?X_2, ?X_3) :- R_45(<http://www.w3.org/2000/01/rdf-schema#subPropertyOf>, ?X_2, ?X_3, ?Y_1, ?Y_1, ?X_3) .
22:53:24 [INFO] 39 / 47
22:53:24 [INFO]   Generating new single body literal rule for R_38
22:53:24 [INFO]   Assigned relation R_38 the artiy 5
22:53:24 [INFO]   Added new rule of name r_GEN_39
22:53:24 [INFO]   R_38(?X_2, ?X_1, <http://www.w3.org/2002/07/owl#equivalentClass>, ?X_5, ?X_3) :- synConj(?X_2, ?X_1, <http://www.w3.org/2002/07/owl#equivalentClass>), synConj(?X_3, ?X_3, ?X_5) .
22:53:24 [INFO] 40 / 47
22:53:24 [INFO]   Generating new single body literal rule for R_39
22:53:24 [INFO]   Added new rule of name r_GEN_40
22:53:24 [INFO]   R_39(<http://www.w3.org/2000/01/rdf-schema#subPropertyOf>, ?X_5, ?X_4, ?X_1, ?X_3) :- R_16(<http://www.w3.org/2000/01/rdf-schema#subPropertyOf>, ?X_5, ?X_4, ?X_1, ?X_1, ?X_3) .
22:53:24 [INFO] 41 / 47
22:53:24 [INFO]   Generating new single body literal rule for R_40
22:53:24 [INFO]   Assigned relation R_40 the artiy 2
22:53:24 [INFO]   Added new rule of name r_GEN_41
22:53:24 [INFO]   R_40(?X_1, ?X_2) :- R_14(?X_1, ?X_2, ?X_1) .
22:53:24 [INFO] 42 / 47
22:53:24 [INFO]   Generating new single body literal rule for R_41
22:53:24 [INFO]   Assigned relation R_41 the artiy 4
22:53:24 [INFO]   Added new rule of name r_GEN_42
22:53:24 [INFO]   R_41(?X_1, ?X_3, ?X_2, ?X_4) :- auxClass(?X_1), auxClass(?X_3), auxClass(?X_2), auxClass(?X_4) .
22:53:24 [INFO] 43 / 47
22:53:24 [INFO]   Generating new single body literal rule for R_42
22:53:24 [INFO]   Added new rule of name r_GEN_43
22:53:24 [INFO]   R_42(?X_1, <http://www.w3.org/1999/02/22-rdf-syntax-ns#first>) :- R_32(?X_1, <http://www.w3.org/1999/02/22-rdf-syntax-ns#first>, <http://www.w3.org/2002/07/owl#someValuesFrom>, <http://www.w3.org/1999/02/22-rdf-syntax-ns#first>) .
22:53:24 [INFO] 44 / 47
22:53:24 [INFO]   Generating new single body literal rule for R_43
22:53:24 [INFO]   Added new rule of name r_GEN_44
22:53:24 [INFO]   R_43(?X_1, ?X_6, ?X_4, ?X_5, ?X_3, <http://www.w3.org/1999/02/22-rdf-syntax-ns#rest>) :- http://rulewerk.semantic-web.org/normalForm/subClassOf(?X_1, ?X_6), http://rulewerk.semantic-web.org/normalForm/subClassOf(?X_4, ?X_5), http://rulewerk.semantic-web.org/normalForm/subClassOf(?X_3, <http://www.w3.org/1999/02/22-rdf-syntax-ns#rest>) .
22:53:24 [INFO] 45 / 47
22:53:24 [INFO]   Generating new single body literal rule for R_44
22:53:24 [INFO]   Assigned relation R_44 the artiy 1
22:53:24 [INFO]   Added new rule of name r_GEN_45
22:53:24 [INFO]   R_44(?X_1) :- http://rulewerk.semantic-web.org/normalForm/isMainClass(?X_1) .
22:53:24 [INFO] 46 / 47
22:53:24 [INFO]   Generating new single body literal rule for R_45
22:53:24 [INFO]   Added new rule of name r_GEN_46
22:53:24 [INFO]   R_45(?X_1, <http://www.w3.org/2002/07/owl#equivalentClass>, ?X_2, ?X_4, ?X_6, ?X_5) :- repOf(?X_1, <http://www.w3.org/2002/07/owl#equivalentClass>), repOf(?X_2, ?X_4), repOf(?X_6, ?X_5) .
22:53:24 [INFO] 47 / 47
22:53:24 [INFO]   Generating new single body literal rule for R_46
22:53:24 [INFO]   Assigned relation R_46 the artiy 5
22:53:24 [INFO]   Added new rule of name r_GEN_47
22:53:24 [INFO]   R_46(?X_3, ?X_2, <http://www.w3.org/2000/01/rdf-schema#subClassOf>, ?X_1, ?X_2) :- R_40(?X_3, ?X_2), R_40(<http://www.w3.org/2000/01/rdf-schema#subClassOf>, ?X_1), R_40(<http://www.w3.org/2002/07/owl#intersectionOf>, ?X_2) .
22:53:24 [INFO] 
22:53:24 [INFO] Adding a outgoing relational edge for each relation other than R_OUT
22:53:24 [INFO] 
22:53:24 [INFO] 1 / 70
22:53:24 [INFO]   Adding outgoing relational edge from ClassObject for r_GEN_17
22:53:24 [INFO]   Generated literal ~ClassObject(?X_4) for rule r_GEN_17
22:53:24 [INFO] 2 / 70
22:53:24 [INFO]   Adding outgoing relational edge from ClassSubject for r_GEN_26
22:53:24 [INFO]   Generated literal ~ClassSubject(?X_1) for rule r_GEN_26
22:53:24 [INFO] 3 / 70
22:53:24 [INFO]   Adding outgoing relational edge from TRIPLE for r_GEN_4
22:53:24 [INFO]   Generated literal TRIPLE(?X_3, ?X_3, ?X_1) for rule r_GEN_4
22:53:24 [INFO] 4 / 70
22:53:24 [INFO]   Adding outgoing relational edge from auxClass for r_GEN_21
22:53:24 [INFO]   Generated literal auxClass(?X_1) for rule r_GEN_21
22:53:24 [INFO] 5 / 70
22:53:24 [INFO]   Adding outgoing relational edge from class for r_GEN_23
22:53:24 [INFO]   Generated literal ~class(?X_2) for rule r_GEN_23
22:53:24 [INFO] 6 / 70
22:53:24 [INFO]   Adding outgoing relational edge from directSubProp for r_GEN_37
22:53:24 [INFO]   Generated literal directSubProp(?Z_1, ?X_1) for rule r_GEN_37
22:53:24 [INFO] 7 / 70
22:53:24 [INFO]   Adding outgoing relational edge from first for r_GEN_5
22:53:24 [INFO]   Generated literal ~first(?X_1) for rule r_GEN_5
22:53:24 [INFO] 8 / 70
22:53:24 [INFO]   Adding outgoing relational edge from http://rulewerk.semantic-web.org/normalForm/conj for r_GEN_34
22:53:24 [INFO]   Generated literal http://rulewerk.semantic-web.org/normalForm/conj(?X_4, ?X_1, ?X_5) for rule r_GEN_34
22:53:24 [INFO] 9 / 70
22:53:24 [INFO]   Adding outgoing relational edge from http://rulewerk.semantic-web.org/normalForm/exists for r_GEN_32
22:53:24 [INFO]   Generated literal http://rulewerk.semantic-web.org/normalForm/exists(?X_1, <http://www.w3.org/2000/01/rdf-schema#subPropertyOf>, ?X_1) for rule r_GEN_32
22:53:24 [INFO] 10 / 70
22:53:24 [INFO]   Adding outgoing relational edge from http://rulewerk.semantic-web.org/normalForm/isMainClass for r_GEN_1
22:53:24 [INFO]   Generated literal http://rulewerk.semantic-web.org/normalForm/isMainClass(?Z_3) for rule r_GEN_1
22:53:24 [INFO] 11 / 70
22:53:24 [INFO]   Adding outgoing relational edge from http://rulewerk.semantic-web.org/normalForm/isSubClass for r_GEN_20
22:53:24 [INFO]   Generated literal http://rulewerk.semantic-web.org/normalForm/isSubClass(?Z_1) for rule r_GEN_20
22:53:24 [INFO] 12 / 70
22:53:24 [INFO]   Adding outgoing relational edge from http://rulewerk.semantic-web.org/normalForm/subClassOf for r_GEN_16
22:53:24 [INFO]   Generated literal ~http://rulewerk.semantic-web.org/normalForm/subClassOf(?X_1, ?X_4) for rule r_GEN_16
22:53:24 [INFO] 13 / 70
22:53:24 [INFO]   Adding outgoing relational edge from http://rulewerk.semantic-web.org/normalForm/subProp for r_GEN_42
22:53:24 [INFO]   Generated literal http://rulewerk.semantic-web.org/normalForm/subProp(<http://www.w3.org/2002/07/owl#onProperty>, ?X_4) for rule r_GEN_42
22:53:24 [INFO] 14 / 70
22:53:24 [INFO]   Adding outgoing relational edge from http://rulewerk.semantic-web.org/normalForm/subPropChain for r_GEN_19
22:53:24 [INFO]   Generated literal http://rulewerk.semantic-web.org/normalForm/subPropChain(?Z_1, <http://www.w3.org/2002/07/owl#equivalentClass>, <http://www.w3.org/2002/07/owl#propertyChain>) for rule r_GEN_19
22:53:24 [INFO] 15 / 70
22:53:24 [INFO]   Adding outgoing relational edge from in for r_GEN_29
22:53:24 [INFO]   Generated literal in(<http://www.w3.org/1999/02/22-rdf-syntax-ns#first>, ?X_3) for rule r_GEN_29
22:53:24 [INFO] 16 / 70
22:53:24 [INFO]   Adding outgoing relational edge from last for r_GEN_15
22:53:24 [INFO]   Generated literal ~last(?X_1) for rule r_GEN_15
22:53:24 [INFO] 17 / 70
22:53:24 [INFO]   Adding outgoing relational edge from next for r_GEN_46
22:53:24 [INFO]   Generated literal next(?X_1, ?Z_3) for rule r_GEN_46
22:53:24 [INFO] 18 / 70
22:53:24 [INFO]   Adding outgoing relational edge from nonfirst for r_GEN_4
22:53:24 [INFO]   Generated literal nonfirst(?X_3) for rule r_GEN_4
22:53:24 [INFO] 19 / 70
22:53:24 [INFO]   Adding outgoing relational edge from nonlast for r_GEN_42
22:53:24 [INFO]   Generated literal ~nonlast(<http://www.w3.org/1999/02/22-rdf-syntax-ns#first>) for rule r_GEN_42
22:53:24 [INFO] 20 / 70
22:53:24 [INFO]   Adding outgoing relational edge from prepareSco for r_GEN_10
22:53:24 [INFO]   Generated literal prepareSco(?X_1, ?X_1) for rule r_GEN_10
22:53:24 [INFO] 21 / 70
22:53:24 [INFO]   Adding outgoing relational edge from repOf for r_GEN_40
22:53:24 [INFO]   Generated literal repOf(?X_1, <http://www.w3.org/1999/02/22-rdf-syntax-ns#first>) for rule r_GEN_40
22:53:24 [INFO] 22 / 70
22:53:24 [INFO]   Adding outgoing relational edge from synConj for r_GEN_25
22:53:24 [INFO]   Generated literal ~synConj(<http://www.w3.org/1999/02/22-rdf-syntax-ns#first>, ?X_1, ?X_3) for rule r_GEN_25
22:53:24 [INFO] 23 / 70
22:53:24 [INFO]   Adding outgoing relational edge from synEx for r_GEN_44
22:53:24 [INFO]   Generated literal synEx(?Z_2, ?X_1, ?Z_1) for rule r_GEN_44
22:53:24 [INFO] 24 / 70
22:53:24 [INFO]   Adding outgoing relational edge from synExRep for r_GEN_23
22:53:24 [INFO]   Generated literal synExRep(?X_2, ?Z_1, ?X_2) for rule r_GEN_23
22:53:24 [INFO] 25 / 70
22:53:24 [INFO]   Adding outgoing relational edge from R_1 for r_GEN_29
22:53:24 [INFO]   Generated literal R_1(?Z_2, ?X_3) for rule r_GEN_29
22:53:24 [INFO] 26 / 70
22:53:24 [INFO]   Adding outgoing relational edge from R_2 for r_GEN_43
22:53:24 [INFO]   Generated literal ~R_2(?X_1, ?X_1, <http://www.w3.org/2000/01/rdf-schema#subClassOf>, ?X_1) for rule r_GEN_43
22:53:24 [INFO] 27 / 70
22:53:24 [INFO]   Adding outgoing relational edge from R_3 for r_GEN_33
22:53:24 [INFO]   Generated literal ~R_3(?X_2, <http://www.w3.org/2002/07/owl#intersectionOf>, ?X_1) for rule r_GEN_33
22:53:24 [INFO] 28 / 70
22:53:24 [INFO]   Adding outgoing relational edge from R_4 for r_GEN_34
22:53:24 [INFO]   Generated literal R_4(?Z_3, ?X_4, ?X_4) for rule r_GEN_34
22:53:24 [INFO] 29 / 70
22:53:24 [INFO]   Adding outgoing relational edge from R_5 for r_GEN_8
22:53:24 [INFO]   Generated literal R_5(?X_2, ?X_2) for rule r_GEN_8
22:53:24 [INFO] 30 / 70
22:53:24 [INFO]   Adding outgoing relational edge from R_6 for r_GEN_27
22:53:24 [INFO]   Generated literal ~R_6(?X_1) for rule r_GEN_27
22:53:24 [INFO] 31 / 70
22:53:24 [INFO]   Adding outgoing relational edge from R_7 for r_GEN_16
22:53:24 [INFO]   Generated literal R_7(?X_4, ?X_4) for rule r_GEN_16
22:53:24 [INFO] 32 / 70
22:53:24 [INFO]   Adding outgoing relational edge from R_8 for r_GEN_20
22:53:24 [INFO]   Generated literal R_8(?Z_1, ?X_1) for rule r_GEN_20
22:53:24 [INFO] 33 / 70
22:53:24 [INFO]   Adding outgoing relational edge from R_9 for r_GEN_19
22:53:24 [INFO]   Generated literal R_9(?Z_2) for rule r_GEN_19
22:53:24 [INFO] 34 / 70
22:53:24 [INFO]   Adding outgoing relational edge from R_10 for r_GEN_24
22:53:24 [INFO]   Generated literal R_10(<http://www.w3.org/2002/07/owl#equivalentClass>, ?X_1) for rule r_GEN_24
22:53:24 [INFO] 35 / 70
22:53:24 [INFO]   Adding outgoing relational edge from R_11 for r_GEN_37
22:53:24 [INFO]   Generated literal ~R_11(?Z_1, ?X_1, ?X_1, ?X_1, ?X_1, ?X_1) for rule r_GEN_37
22:53:24 [INFO] 36 / 70
22:53:24 [INFO]   Adding outgoing relational edge from R_12 for r_GEN_42
22:53:24 [INFO]   Generated literal R_12(?X_4, ?Z_2, ?X_2, ?X_4) for rule r_GEN_42
22:53:24 [INFO] 37 / 70
22:53:24 [INFO]   Adding outgoing relational edge from R_13 for r_GEN_37
22:53:24 [INFO]   Generated literal ~R_13(?X_1, <http://www.w3.org/2000/01/rdf-schema#subPropertyOf>, ?X_1) for rule r_GEN_37
22:53:24 [INFO] 38 / 70
22:53:24 [INFO]   Adding outgoing relational edge from R_14 for r_GEN_23
22:53:24 [INFO]   Generated literal R_14(?X_2, ?X_2, ?X_4) for rule r_GEN_23
22:53:24 [INFO] 39 / 70
22:53:24 [INFO]   Adding outgoing relational edge from R_15 for r_GEN_25
22:53:24 [INFO]   Generated literal R_15(?X_1, ?X_1, ?X_1, <http://www.w3.org/2002/07/owl#equivalentClass>) for rule r_GEN_25
22:53:24 [INFO] 40 / 70
22:53:24 [INFO]   Adding outgoing relational edge from R_16 for r_GEN_21
22:53:24 [INFO]   Generated literal R_16(<http://www.w3.org/2002/07/owl#intersectionOf>, ?X_1, ?Z_3, ?X_1, ?X_1, ?X_1) for rule r_GEN_21
22:53:24 [INFO] 41 / 70
22:53:24 [INFO]   Adding outgoing relational edge from R_17 for r_GEN_16
22:53:24 [INFO]   Generated literal ~R_17(?X_4, ?X_1) for rule r_GEN_16
22:53:24 [INFO] 42 / 70
22:53:24 [INFO]   Adding outgoing relational edge from R_18 for r_GEN_32
22:53:24 [INFO]   Generated literal R_18(?Z_2) for rule r_GEN_32
22:53:24 [INFO] 43 / 70
22:53:24 [INFO]   Adding outgoing relational edge from R_19 for r_GEN_22
22:53:24 [INFO]   Generated literal R_19(?Z_2, ?Z_1, ?X_4) for rule r_GEN_22
22:53:24 [INFO] 44 / 70
22:53:24 [INFO]   Adding outgoing relational edge from R_20 for r_GEN_46
22:53:24 [INFO]   Generated literal R_20(?Z_3, ?X_1, ?X_6, ?X_2) for rule r_GEN_46
22:53:24 [INFO] 45 / 70
22:53:24 [INFO]   Adding outgoing relational edge from R_21 for r_GEN_1
22:53:24 [INFO]   Generated literal ~R_21(?X_1, ?X_3, ?X_3, <http://www.w3.org/2002/07/owl#equivalentClass>, ?X_1) for rule r_GEN_1
22:53:24 [INFO] 46 / 70
22:53:24 [INFO]   Adding outgoing relational edge from R_22 for r_GEN_25
22:53:24 [INFO]   Generated literal ~R_22(?X_1, ?X_1, ?X_2, ?X_1) for rule r_GEN_25
22:53:24 [INFO] 47 / 70
22:53:24 [INFO]   Adding outgoing relational edge from R_23 for r_GEN_47
22:53:24 [INFO]   Generated literal R_23(?Z_2) for rule r_GEN_47
22:53:24 [INFO] 48 / 70
22:53:24 [INFO]   Adding outgoing relational edge from R_24 for r_GEN_42
22:53:24 [INFO]   Generated literal R_24(?X_4, ?X_1, ?X_4) for rule r_GEN_42
22:53:24 [INFO] 49 / 70
22:53:24 [INFO]   Adding outgoing relational edge from R_25 for r_GEN_4
22:53:24 [INFO]   Generated literal R_25(?X_3, ?X_3, ?X_3, ?Z_1, ?Z_3) for rule r_GEN_4
22:53:24 [INFO] 50 / 70
22:53:24 [INFO]   Adding outgoing relational edge from R_26 for r_GEN_19
22:53:24 [INFO]   Generated literal ~R_26(?Z_2, ?Z_2, <http://www.w3.org/2002/07/owl#someValuesFrom>, ?Z_1) for rule r_GEN_19
22:53:24 [INFO] 51 / 70
22:53:24 [INFO]   Adding outgoing relational edge from R_27 for r_GEN_6
22:53:24 [INFO]   Generated literal R_27(?X_2, ?X_2, <http://www.w3.org/2000/01/rdf-schema#subPropertyOf>, ?Y_1) for rule r_GEN_6
22:53:24 [INFO] 52 / 70
22:53:24 [INFO]   Adding outgoing relational edge from R_28 for r_GEN_44
22:53:24 [INFO]   Generated literal R_28(?Z_2, ?X_1, ?Z_7) for rule r_GEN_44
22:53:24 [INFO] 53 / 70
22:53:24 [INFO]   Adding outgoing relational edge from R_29 for r_GEN_38
22:53:24 [INFO]   Generated literal ~R_29(?X_3, ?Y_1, ?X_2) for rule r_GEN_38
22:53:24 [INFO] 54 / 70
22:53:24 [INFO]   Adding outgoing relational edge from R_30 for r_GEN_41
22:53:24 [INFO]   Generated literal ~R_30(?X_1, ?X_1) for rule r_GEN_41
22:53:24 [INFO] 55 / 70
22:53:24 [INFO]   Adding outgoing relational edge from R_31 for r_GEN_1
22:53:24 [INFO]   Generated literal R_31(?Z_1) for rule r_GEN_1
22:53:24 [INFO] 56 / 70
22:53:24 [INFO]   Adding outgoing relational edge from R_32 for r_GEN_22
22:53:24 [INFO]   Generated literal R_32(?X_4, ?X_1, ?X_4, ?X_4) for rule r_GEN_22
22:53:24 [INFO] 57 / 70
22:53:24 [INFO]   Adding outgoing relational edge from R_33 for r_GEN_13
22:53:24 [INFO]   Generated literal ~R_33(?X_1, ?X_1, ?X_2, <http://www.w3.org/1999/02/22-rdf-syntax-ns#nil>, ?X_1) for rule r_GEN_13
22:53:24 [INFO] 58 / 70
22:53:24 [INFO]   Adding outgoing relational edge from R_34 for r_GEN_9
22:53:24 [INFO]   Generated literal R_34(<http://www.w3.org/2002/07/owl#equivalentClass>, ?Z_1, ?X_1, ?X_1, ?X_1) for rule r_GEN_9
22:53:24 [INFO] 59 / 70
22:53:24 [INFO]   Adding outgoing relational edge from R_35 for r_GEN_35
22:53:24 [INFO]   Generated literal R_35(?X_4, ?X_1, ?Z_1, <http://www.w3.org/2000/01/rdf-schema#subPropertyOf>, ?X_1) for rule r_GEN_35
22:53:24 [INFO] 60 / 70
22:53:24 [INFO]   Adding outgoing relational edge from R_36 for r_GEN_13
22:53:24 [INFO]   Generated literal R_36(?X_1) for rule r_GEN_13
22:53:24 [INFO] 61 / 70
22:53:24 [INFO]   Adding outgoing relational edge from R_37 for r_GEN_1
22:53:24 [INFO]   Generated literal R_37(?X_3, ?Z_3, ?Z_2) for rule r_GEN_1
22:53:24 [INFO] 62 / 70
22:53:24 [INFO]   Adding outgoing relational edge from R_38 for r_GEN_32
22:53:24 [INFO]   Generated literal R_38(?X_1, ?Z_3, ?Z_2, ?X_1, ?X_1) for rule r_GEN_32
22:53:24 [INFO] 63 / 70
22:53:24 [INFO]   Adding outgoing relational edge from R_39 for r_GEN_34
22:53:24 [INFO]   Generated literal ~R_39(?Z_3, ?X_4, ?Z_3, <http://www.w3.org/1999/02/22-rdf-syntax-ns#first>, ?X_1) for rule r_GEN_34
22:53:24 [INFO] 64 / 70
22:53:24 [INFO]   Adding outgoing relational edge from R_40 for r_GEN_2
22:53:24 [INFO]   Generated literal R_40(?X_1, ?X_2) for rule r_GEN_2
22:53:24 [INFO] 65 / 70
22:53:24 [INFO]   Adding outgoing relational edge from R_41 for r_GEN_32
22:53:24 [INFO]   Generated literal R_41(?X_1, ?Z_5, <http://www.w3.org/2002/07/owl#disjointWith>, ?Z_2) for rule r_GEN_32
22:53:24 [INFO] 66 / 70
22:53:24 [INFO]   Adding outgoing relational edge from R_42 for r_GEN_23
22:53:24 [INFO]   Generated literal R_42(?X_2, ?Z_7) for rule r_GEN_23
22:53:24 [INFO] 67 / 70
22:53:24 [INFO]   Adding outgoing relational edge from R_43 for r_GEN_13
22:53:24 [INFO]   Generated literal ~R_43(?X_2, ?X_1, ?X_1, ?X_1, <http://www.w3.org/1999/02/22-rdf-syntax-ns#first>, ?X_1) for rule r_GEN_13
22:53:24 [INFO] 68 / 70
22:53:24 [INFO]   Adding outgoing relational edge from R_44 for r_GEN_17
22:53:24 [INFO]   Generated literal ~R_44(?X_2) for rule r_GEN_17
22:53:24 [INFO] 69 / 70
22:53:24 [INFO]   Adding outgoing relational edge from R_45 for r_GEN_32
22:53:24 [INFO]   Generated literal R_45(?X_1, <http://www.w3.org/1999/02/22-rdf-syntax-ns#rest>, ?Z_5, ?X_1, ?Z_4, ?X_1) for rule r_GEN_32
22:53:24 [INFO] 70 / 70
22:53:24 [INFO]   Adding outgoing relational edge from R_46 for r_GEN_10
22:53:24 [INFO]   Generated literal R_46(?X_1, ?X_1, ?X_1, ?Z_2, ?X_1) for rule r_GEN_10
22:53:24 [INFO] 
22:53:24 [INFO] Adding gen. size facts
22:53:24 [INFO] 
22:53:24 [INFO] 1 / 47
22:53:24 [INFO]   II Add Fact Node and Edge
22:53:24 [INFO]   Added new fact R_31(c_1).
22:53:24 [INFO] 2 / 47
22:53:24 [INFO]   II Add Fact Node and Edge
22:53:24 [INFO]   Added new fact R_29("str_1", <http://www.w3.org/2002/07/owl#onProperty>, 9661556202680132248).
22:53:24 [INFO] 3 / 47
22:53:24 [INFO]   II Add Fact Node and Edge
22:53:24 [INFO]   Added new fact R_29(c_2, <http://www.w3.org/1999/02/22-rdf-syntax-ns#first>, "str_2").
22:53:24 [INFO] 4 / 47
22:53:24 [INFO]   II Add Fact Node and Edge
22:53:24 [INFO]   Added new fact R_29(<http://www.w3.org/2002/07/owl#intersectionOf>, <http://www.w3.org/2000/01/rdf-schema#subClassOf>, c_3).
22:53:24 [INFO] 5 / 47
22:53:24 [INFO]   II Add Fact Node and Edge
22:53:24 [INFO]   Added new fact R_OUT("str_2", 1045597876567993156, <http://www.w3.org/2002/07/owl#equivalentClass>, c_4, c_5).
22:53:24 [INFO] 6 / 47
22:53:24 [INFO]   II Add Fact Node and Edge
22:53:24 [INFO]   Added new fact R_29(3850767149834294433, <http://www.w3.org/2002/07/owl#intersectionOf>, <http://www.w3.org/2000/01/rdf-schema#subPropertyOf>).
22:53:24 [INFO] 7 / 47
22:53:24 [INFO]   II Add Fact Node and Edge
22:53:24 [INFO]   Added new fact R_31(6327871576295115789).
22:53:24 [INFO] 8 / 47
22:53:24 [INFO]   II Add Fact Node and Edge
22:53:24 [INFO]   Added new fact R_41(5009331858319565217, <http://www.w3.org/2002/07/owl#intersectionOf>, c_6, <http://www.w3.org/1999/02/22-rdf-syntax-ns#rest>).
22:53:24 [INFO] 9 / 47
22:53:24 [INFO]   II Add Fact Node and Edge
22:53:24 [INFO]   Added new fact R_31(c_7).
22:53:24 [INFO] 10 / 47
22:53:24 [INFO]   II Add Fact Node and Edge
22:53:24 [INFO]   Added new fact R_29("str_3", <http://www.w3.org/2000/01/rdf-schema#subPropertyOf>, c_8).
22:53:24 [INFO] 11 / 47
22:53:24 [INFO]   II Add Fact Node and Edge
22:53:24 [INFO]   Added new fact R_29(c_3, <http://www.w3.org/1999/02/22-rdf-syntax-ns#first>, <http://www.w3.org/2000/01/rdf-schema#subClassOf>).
22:53:24 [INFO] 12 / 47
22:53:24 [INFO]   II Add Fact Node and Edge
22:53:24 [INFO]   Added new fact R_29("str_1", c_6, <http://www.w3.org/2002/07/owl#someValuesFrom>).
22:53:24 [INFO] 13 / 47
22:53:24 [INFO]   II Add Fact Node and Edge
22:53:24 [INFO]   Added new fact R_29(c_9, 5009331858319565217, <http://www.w3.org/2002/07/owl#someValuesFrom>).
22:53:24 [INFO] 14 / 47
22:53:24 [INFO]   II Add Fact Node and Edge
22:53:24 [INFO]   Added new fact R_38(18333497745237527666, <http://www.w3.org/2002/07/owl#disjointWith>, <http://www.w3.org/2002/07/owl#someValuesFrom>, c_8, c_10).
22:53:24 [INFO] 15 / 47
22:53:24 [INFO]   II Add Fact Node and Edge
22:53:24 [INFO]   Added new fact R_41(16656777498466405210, c_11, c_12, "str_4").
22:53:24 [INFO] 16 / 47
22:53:24 [INFO]   II Add Fact Node and Edge
22:53:24 [INFO]   Added new fact R_29(<http://www.w3.org/2000/01/rdf-schema#subClassOf>, c_13, c_10).
22:53:24 [INFO] 17 / 47
22:53:24 [INFO]   II Add Fact Node and Edge
22:53:24 [INFO]   Added new fact R_29(<http://www.w3.org/2000/01/rdf-schema#subPropertyOf>, c_14, <http://www.w3.org/2002/07/owl#onProperty>).
22:53:24 [INFO] 18 / 47
22:53:24 [INFO]   II Add Fact Node and Edge
22:53:24 [INFO]   Added new fact R_29(c_15, c_16, c_17).
22:53:24 [INFO] 19 / 47
22:53:24 [INFO]   II Add Fact Node and Edge
22:53:24 [INFO]   Added new fact R_29(<http://www.w3.org/2000/01/rdf-schema#subClassOf>, c_11, c_1).
22:53:24 [INFO] 20 / 47
22:53:24 [INFO]   II Add Fact Node and Edge
22:53:24 [INFO]   Added new fact R_OUT("str_5", c_18, c_11, c_11, "str_6").
22:53:24 [INFO] 21 / 47
22:53:24 [INFO]   II Add Fact Node and Edge
22:53:24 [INFO]   Added new fact R_29(14533819649989583594, c_19, c_20).
22:53:24 [INFO] 22 / 47
22:53:24 [INFO]   II Add Fact Node and Edge
22:53:24 [INFO]   Added new fact R_29(c_21, "str_7", "str_8").
22:53:24 [INFO] 23 / 47
22:53:24 [INFO]   II Add Fact Node and Edge
22:53:24 [INFO]   Added new fact R_29(<http://www.w3.org/1999/02/22-rdf-syntax-ns#rest>, 11021594230607461676, c_22).
22:53:24 [INFO] 24 / 47
22:53:24 [INFO]   II Add Fact Node and Edge
22:53:24 [INFO]   Added new fact R_31(c_23).
22:53:24 [INFO] 25 / 47
22:53:24 [INFO]   II Add Fact Node and Edge
22:53:24 [INFO]   Added new fact R_36(16279010217740579825).
22:53:24 [INFO] 26 / 47
22:53:24 [INFO]   II Add Fact Node and Edge
22:53:24 [INFO]   Added new fact R_29(c_21, c_21, c_24).
22:53:24 [INFO] 27 / 47
22:53:24 [INFO]   II Add Fact Node and Edge
22:53:24 [INFO]   Added new fact R_12(9892050386696499199, "str_9", <http://www.w3.org/2002/07/owl#equivalentClass>, c_16).
22:53:24 [INFO] 28 / 47
22:53:24 [INFO]   II Add Fact Node and Edge
22:53:24 [INFO]   Added new fact R_29(c_25, c_20, <http://www.w3.org/2000/01/rdf-schema#subPropertyOf>).
22:53:24 [INFO] 29 / 47
22:53:24 [INFO]   II Add Fact Node and Edge
22:53:24 [INFO]   Added new fact R_29(<http://www.w3.org/2002/07/owl#intersectionOf>, "str_10", c_12).
22:53:24 [INFO] 30 / 47
22:53:24 [INFO]   II Add Fact Node and Edge
22:53:24 [INFO]   Added new fact R_29(c_22, "str_11", 12385541383910815009).
22:53:24 [INFO] 31 / 47
22:53:24 [INFO]   II Add Fact Node and Edge
22:53:24 [INFO]   Added new fact R_31("str_12").
22:53:24 [INFO] 32 / 47
22:53:24 [INFO]   II Add Fact Node and Edge
22:53:24 [INFO]   Added new fact R_38(c_26, 11211059882932044475, "str_13", "str_14", c_27).
22:53:24 [INFO] 33 / 47
22:53:24 [INFO]   II Add Fact Node and Edge
22:53:24 [INFO]   Added new fact R_29("str_8", c_28, c_14).
22:53:24 [INFO] 34 / 47
22:53:24 [INFO]   II Add Fact Node and Edge
22:53:24 [INFO]   Added new fact R_29(<http://www.w3.org/1999/02/22-rdf-syntax-ns#first>, c_7, c_29).
22:53:24 [INFO] 35 / 47
22:53:24 [INFO]   II Add Fact Node and Edge
22:53:24 [INFO]   Added new fact R_OUT(1104874913674315829, c_30, c_31, "str_3", 6467152160202673013).
22:53:24 [INFO] 36 / 47
22:53:24 [INFO]   II Add Fact Node and Edge
22:53:24 [INFO]   Added new fact R_38(c_32, c_17, "str_13", c_33, c_34).
22:53:24 [INFO] 37 / 47
22:53:24 [INFO]   II Add Fact Node and Edge
22:53:24 [INFO]   Added new fact R_38("str_15", c_35, "str_1", 2300040993090790463, c_36).
22:53:24 [INFO] 38 / 47
22:53:24 [INFO]   II Add Fact Node and Edge
22:53:24 [INFO]   Added new fact R_29(c_9, "str_16", "str_4").
22:53:24 [INFO] 39 / 47
22:53:24 [INFO]   II Add Fact Node and Edge
22:53:24 [INFO]   Added new fact R_OUT(13765428711765385215, 18439002606387652188, c_37, 14533819649989583594, c_38).
22:53:24 [INFO] 40 / 47
22:53:24 [INFO]   II Add Fact Node and Edge
22:53:24 [INFO]   Added new fact R_29(c_3, "str_12", c_8).
22:53:24 [INFO] 41 / 47
22:53:24 [INFO]   II Add Fact Node and Edge
22:53:24 [INFO]   Added new fact R_OUT(11936580562239139163, c_39, 9744492157342820062, c_1, c_25).
22:53:24 [INFO] 42 / 47
22:53:24 [INFO]   II Add Fact Node and Edge
22:53:24 [INFO]   Added new fact R_41(15377627622574843114, "str_8", <http://www.w3.org/1999/02/22-rdf-syntax-ns#first>, <http://www.w3.org/2002/07/owl#propertyChain>).
22:53:24 [INFO] 43 / 47
22:53:24 [INFO]   II Add Fact Node and Edge
22:53:24 [INFO]   Added new fact R_38(12758190557750116786, c_40, 16279010217740579825, <http://www.w3.org/2002/07/owl#intersectionOf>, c_21).
22:53:24 [INFO] 44 / 47
22:53:24 [INFO]   II Add Fact Node and Edge
22:53:24 [INFO]   Added new fact R_38(3850767149834294433, "str_17", c_33, 11138809273553593218, c_41).
22:53:24 [INFO] 45 / 47
22:53:24 [INFO]   II Add Fact Node and Edge
22:53:24 [INFO]   Added new fact R_29(c_36, c_2, <http://www.w3.org/2002/07/owl#someValuesFrom>).
22:53:24 [INFO] 46 / 47
22:53:24 [INFO]   II Add Fact Node and Edge
22:53:24 [INFO]   Added new fact R_31(c_42).
22:53:24 [INFO] 47 / 47
22:53:24 [INFO]   II Add Fact Node and Edge
22:53:24 [INFO]   Added new fact R_29(c_43, <http://www.w3.org/2002/07/owl#equivalentClass>, c_27).
22:53:24 [INFO] 
22:53:24 [INFO] ----------------------------------------------
22:53:24 [INFO] ----------- Program Generation Done ----------
22:53:24 [INFO] ----------------------------------------------
22:53:24 [INFO] 
22:53:24 [INFO] ----------- Generated ADG Summary: -----------
22:53:24 [INFO] ADG Fact Nodes:                  47
22:53:24 [INFO] ADG Relational Nodes:            71
22:53:24 [INFO] ADG Fact Edges:                  47
22:53:24 [INFO] ADG Relational Edges:            151
22:53:24 [INFO] Number of inv. Strata:           7
22:53:24 [INFO] 
22:53:24 [INFO] Nodes with None Ancestry:        0
22:53:24 [INFO] Nodes with Positive Ancestry:    9
22:53:24 [INFO] Nodes with Negative Ancestry:    1
22:53:24 [INFO] Nodes with Unknown Ancestry:     61
22:53:24 [INFO] 
22:53:24 [INFO] Next rule name would be:         r_EQU_48
22:53:24 [INFO] Next predicate name would be:    R_47
22:53:24 [INFO] Next constant name would be:     c_44
22:53:24 [INFO] Next string would be:            "str_18"
22:53:24 [INFO] 
22:53:24 [INFO] Output predicate:                R_OUT
22:53:24 [INFO] Generated rule count:            47
22:53:24 [INFO] Rule count:                      79
22:53:24 [INFO] Average rel. arity:              2.8450704225352115
22:53:24 [INFO] Arity calc. may be inaccurate if arity > f64
22:53:24 [INFO] ----------------------------------------------
22:53:24 [INFO] 
22:53:24 [INFO] ------ Performed Gen. Transformations: -------
22:53:24 [INFO]  #      Type
22:53:24 [INFO]  47      Generate New Rule with Probably Single Lit
22:53:24 [INFO]  70      Generating an Outgoing Relational Edge
22:53:24 [INFO]  46      I     Add Relational Node
22:53:24 [INFO]  47      II    Add Fact Node and Edge
22:53:24 [INFO] ----------------------------------------------
22:53:24 [INFO] 
22:53:24 [INFO] Storing input ADG and input program
22:53:24 [INFO] 
22:53:24 [INFO] ----------------------------------------------
22:53:24 [INFO] --------- Beginning Transformations ----------
22:53:24 [INFO] --------  Oracle: EQU    Number: 45
22:53:24 [INFO] ----------------------------------------------
22:53:24 [INFO] 1 / 45
22:53:24 [INFO]   I Add Relational Node
22:53:24 [INFO]   Added new relation R_49
22:53:24 [INFO] 2 / 45
22:53:24 [INFO]   I Add Relational Node
22:53:24 [INFO]   Added new relation R_50
22:53:24 [INFO] 3 / 45
22:53:24 [INFO]   XI Add Contradictory Rule
22:53:24 [INFO]   Added new contradictory rule of name r_EQU_50
22:53:24 [INFO]   R_26(?X_3, ?X_4, 15377627622574843114, ?X_2) :- class(?X_3), class(?X_4), class(15377627622574843114), class(?X_2), ~class(?X_3) .
22:53:24 [INFO] 4 / 45
22:53:24 [INFO]   XI Add Contradictory Rule
22:53:24 [INFO]   Assigned relation R_50 the artiy 6
22:53:24 [INFO]   Added new contradictory rule of name r_EQU_51
22:53:24 [INFO]   R_29(?X_3, ?X_1, ?X_3) :- R_50(?X_3, ?Y_1, ?Y_1, ?X_1, ?X_3, ?X_3), ~R_50(?X_3, ?Y_1, ?Y_1, ?X_1, ?X_3, ?X_3) .
22:53:24 [INFO] 5 / 45
22:53:24 [INFO]   XI Add Contradictory Rule
22:53:24 [INFO]   Added new contradictory rule of name r_EQU_52
22:53:24 [INFO]   R_10(?X_2, ?X_1) :- R_4(?X_2, ?X_2, ?X_1), ~R_4(?X_2, ?X_2, ?X_1) .
22:53:24 [INFO] 6 / 45
22:53:24 [INFO]   XI Add Contradictory Rule
22:53:24 [INFO]   Added new contradictory rule of name r_EQU_53
22:53:24 [INFO]   R_12(?X_4, <http://www.w3.org/2002/07/owl#someValuesFrom>, ?X_4, ?X_3) :- R_27(?X_4, <http://www.w3.org/2002/07/owl#someValuesFrom>, ?X_4, ?X_3), ~R_27(?X_4, <http://www.w3.org/2002/07/owl#someValuesFrom>, ?X_4, ?X_3) .
22:53:24 [INFO] 7 / 45
22:53:24 [INFO]   XI Add Contradictory Rule
22:53:24 [INFO]   Added new contradictory rule of name r_EQU_54
22:53:24 [INFO]   R_44(?X_1) :- in(c_10, ?X_1), ~in(c_10, ?X_1) .
22:53:24 [INFO] 8 / 45
22:53:24 [INFO]   XI Add Contradictory Rule
22:53:24 [INFO]   Added new contradictory rule of name r_EQU_55
22:53:24 [INFO]   R_41(?X_1, ?X_3, ?X_2, ?X_3) :- R_44(?X_1), R_44(?X_3), R_44(?X_2), R_44(?X_3), ~R_44(?X_1) .
22:53:24 [INFO] 9 / 45
22:53:24 [INFO]   I Add Relational Node
22:53:24 [INFO]   Added new relation R_51
22:53:24 [INFO] 10 / 45
22:53:24 [INFO]   XI Add Contradictory Rule
22:53:24 [INFO]   Added new contradictory rule of name r_EQU_56
22:53:24 [INFO]   R_50("str_1", ?X_2, ?X_4, ?X_5, ?X_3, ?X_1) :- R_12("str_1", ?X_2, ?X_4, ?X_5), R_12(?X_3, ?X_5, ?X_1, ?Y_2), ~R_12("str_1", ?X_2, ?X_4, ?X_5) .
22:53:24 [INFO] 11 / 45
22:53:24 [INFO]   I Add Relational Node
22:53:24 [INFO]   Added new relation R_52
22:53:24 [INFO] 12 / 45
22:53:24 [INFO]   I Add Relational Node
22:53:24 [INFO]   Added new relation R_53
22:53:24 [INFO] 13 / 45
22:53:24 [INFO]   XI Add Contradictory Rule
22:53:24 [INFO]   Added new contradictory rule of name r_EQU_57
22:53:24 [INFO]   R_5(?X_2, ?X_1) :- synConj(?X_1, ?X_1, ?X_2), ~synConj(?X_1, ?X_1, ?X_2) .
22:53:24 [INFO] 14 / 45
22:53:24 [INFO]   XI Add Contradictory Rule
22:53:24 [INFO]   Added new contradictory rule of name r_EQU_58
22:53:24 [INFO]   R_32(?X_2, ?X_1, ?X_3, 16279010217740579825) :- nonfirst(?X_2), nonfirst(?X_1), nonfirst(?X_3), nonfirst(16279010217740579825), ~nonfirst(?X_2) .
22:53:24 [INFO] 15 / 45
22:53:24 [INFO]   XI Add Contradictory Rule
22:53:24 [INFO]   Added new contradictory rule of name r_EQU_59
22:53:24 [INFO]   R_39(c_37, ?X_3, ?X_4, ?X_5, ?X_5) :- R_13(c_37, ?X_3, ?X_4), R_13(?X_5, ?X_3, ?X_5), ~R_13(c_37, ?X_3, ?X_4) .
22:53:24 [INFO] 16 / 45
22:53:24 [INFO]   XI Add Contradictory Rule
22:53:24 [INFO]   Added new contradictory rule of name r_EQU_60
22:53:24 [INFO]   R_40(?X_1, ?X_2) :- R_14(?X_1, ?X_2, ?X_1), ~R_14(?X_1, ?X_2, ?X_1) .
22:53:24 [INFO] 17 / 45
22:53:24 [INFO]   I Add Relational Node
22:53:24 [INFO]   Added new relation R_54
22:53:24 [INFO] 18 / 45
22:53:24 [INFO]   XI Add Contradictory Rule
22:53:24 [INFO]   Added new contradictory rule of name r_EQU_61
22:53:24 [INFO]   R_40(?X_2, ?X_1) :- last(?X_2), last(?X_1), ~last(?X_2) .
22:53:24 [INFO] 19 / 45
22:53:24 [INFO]   XI Add Contradictory Rule
22:53:24 [INFO]   Added new contradictory rule of name r_EQU_62
22:53:24 [INFO]   R_4(?X_3, ?X_1, ?X_2) :- ClassSubject(?X_3), ClassSubject(?X_1), ClassSubject(?X_2), ~ClassSubject(?X_3) .
22:53:24 [INFO] 20 / 45
22:53:24 [INFO]   XI Add Contradictory Rule
22:53:24 [INFO]   Added new contradictory rule of name r_EQU_63
22:53:24 [INFO]   R_44(?X_1) :- http://rulewerk.semantic-web.org/normalForm/subClassOf(18333497745237527666, ?X_1), ~http://rulewerk.semantic-web.org/normalForm/subClassOf(18333497745237527666, ?X_1) .
22:53:24 [INFO] 21 / 45
22:53:24 [INFO]   I Add Relational Node
22:53:24 [INFO]   Added new relation R_55
22:53:24 [INFO] 22 / 45
22:53:24 [INFO]   I Add Relational Node
22:53:24 [INFO]   Added new relation R_56
22:53:24 [INFO] 23 / 45
22:53:24 [INFO]   XI Add Contradictory Rule
22:53:24 [INFO]   Assigned relation R_51 the artiy 2
22:53:24 [INFO]   Added new contradictory rule of name r_EQU_64
22:53:24 [INFO]   R_51(?X_1, <http://www.w3.org/2000/01/rdf-schema#subPropertyOf>) :- last(?X_1), last(<http://www.w3.org/2000/01/rdf-schema#subPropertyOf>), ~last(?X_1) .
22:53:24 [INFO] 24 / 45
22:53:24 [INFO]   VI Remove Relational Edge - Single Literal
22:53:24 [INFO]   Found the rule of the name r_EQU_64
22:53:24 [INFO]   Removed relational edge NodeIndex(16): (last -> R_51)
22:53:24 [INFO]   Attempting to remove the literal +last(, <http://www.w3.org/2000/01/rdf-schema#subPropertyOf>) from the rule r_EQU_64
22:53:24 [INFO] 25 / 45
22:53:24 [INFO]   XI Add Contradictory Rule
22:53:24 [INFO]   Added new contradictory rule of name r_EQU_65
22:53:24 [INFO]   R_2(?X_4, ?X_2, ?X_1, ?X_3) :- nonlast(?X_4), nonlast(?X_2), nonlast(?X_1), nonlast(?X_3), ~nonlast(?X_4) .
22:53:24 [INFO] 26 / 45
22:53:24 [INFO]   II Add Fact Node and Edge
22:53:24 [INFO]   Added new fact R_51(c_17, "str_6").
22:53:24 [INFO] 27 / 45
22:53:24 [INFO]   I Add Relational Node
22:53:24 [INFO]   Added new relation R_57
22:53:24 [INFO] 28 / 45
22:53:24 [INFO]   Xa Remove Relational Node - Rule Variant
22:53:24 [INFO]   Removing relational node R_51
22:53:24 [INFO]   Removing the Rule of the name r_EQU_64
22:53:24 [INFO]   Removing at least 2 relational edges.
22:53:24 [INFO] 29 / 45
22:53:24 [INFO]   I Add Relational Node
22:53:24 [INFO]   Added new relation R_58
22:53:24 [INFO] 30 / 45
22:53:24 [INFO]   I Add Relational Node
22:53:24 [INFO]   Added new relation R_59
22:53:24 [INFO] 31 / 45
22:53:24 [INFO]   XI Add Contradictory Rule
22:53:24 [INFO]   Added new contradictory rule of name r_EQU_66
22:53:24 [INFO]   R_39(c_19, ?X_4, ?X_3, ?X_5, ?X_2) :- ClassSubject(c_19), ClassSubject(?X_4), ClassSubject(?X_3), ClassSubject(?X_5), ClassSubject(?X_2), ~ClassSubject(c_19) .
22:53:24 [INFO] 32 / 45
22:53:24 [INFO]   XI Add Contradictory Rule
22:53:24 [INFO]   Added new contradictory rule of name r_EQU_67
22:53:24 [INFO]   R_4(?X_3, ?X_1, <http://www.w3.org/2002/07/owl#propertyChain>) :- last(?X_3), last(?X_1), last(<http://www.w3.org/2002/07/owl#propertyChain>), ~last(?X_3) .
22:53:24 [INFO] 33 / 45
22:53:24 [INFO]   I Add Relational Node
22:53:24 [INFO]   Added new relation R_60
22:53:24 [INFO] 34 / 45
22:53:24 [INFO]   XI Add Contradictory Rule
22:53:24 [INFO]   Added new contradictory rule of name r_EQU_68
22:53:24 [INFO]   R_17(?X_2, 9661556202680132248) :- R_4(<http://www.w3.org/1999/02/22-rdf-syntax-ns#rest>, 9661556202680132248, ?X_2), ~R_4(<http://www.w3.org/1999/02/22-rdf-syntax-ns#rest>, 9661556202680132248, ?X_2) .
22:53:24 [INFO] 35 / 45
22:53:24 [INFO]   XI Add Contradictory Rule
22:53:24 [INFO]   Assigned relation R_55 the artiy 6
22:53:24 [INFO]   Added new contradictory rule of name r_EQU_69
22:53:24 [INFO]   R_55(?X_6, ?X_1, ?X_4, ?X_2, ?X_5, ?X_6) :- R_11(?X_6, ?X_1, ?X_4, ?X_2, ?X_5, ?X_6), ~R_11(?X_6, ?X_1, ?X_4, ?X_2, ?X_5, ?X_6) .
22:53:24 [INFO] 36 / 45
22:53:24 [INFO]   XI Add Contradictory Rule
22:53:24 [INFO]   Added new contradictory rule of name r_EQU_70
22:53:24 [INFO]   R_30(?X_1, "str_10") :- next(?X_1, "str_10"), ~next(?X_1, "str_10") .
22:53:24 [INFO] 37 / 45
22:53:24 [INFO]   II Add Fact Node and Edge
22:53:24 [INFO]   Added new fact R_55("str_19", c_46, <http://www.w3.org/2002/07/owl#equivalentClass>, c_47, <http://www.w3.org/2002/07/owl#someValuesFrom>, c_48).
22:53:24 [INFO] 38 / 45
22:53:24 [INFO]   VII Modify Rule - Add Equality
22:53:24 [INFO]   Replaced var ?X_5 with var ?X_4 in the rule r_EQU_69
22:53:24 [INFO] 39 / 45
22:53:24 [INFO]   VIII Modify Rule - Remove Equality
22:53:24 [INFO]   Replaced a random number of var X_4 with var X_4_new_1 in the rule r_EQU_69
22:53:24 [INFO] 40 / 45
22:53:24 [INFO]   IX Remove Fact Node and Edge
22:53:24 [INFO]   Removed fact R_55("str_19", c_46, <http://www.w3.org/2002/07/owl#equivalentClass>, c_47, <http://www.w3.org/2002/07/owl#someValuesFrom>, c_48). from the program
22:53:24 [INFO]   Removed fact R_55("str_19", c_46, <http://www.w3.org/2002/07/owl#equivalentClass>, c_47, <http://www.w3.org/2002/07/owl#someValuesFrom>, c_48). from the ADG.
22:53:24 [INFO] 41 / 45
22:53:24 [INFO]   XI Add Contradictory Rule
22:53:24 [INFO]   Added new contradictory rule of name r_EQU_71
22:53:24 [INFO]   R_55(?X_3, <http://www.w3.org/2002/07/owl#equivalentClass>, ?X_5, ?X_4, ?X_2, ?X_6) :- R_15(c_41, <http://www.w3.org/2002/07/owl#equivalentClass>, ?X_5, ?X_4), R_15(?X_2, c_41, ?X_6, ?X_3), ~R_15(c_41, <http://www.w3.org/2002/07/owl#equivalentClass>, ?X_5, ?X_4) .
22:53:24 [INFO] 42 / 45
22:53:24 [INFO]   I Add Relational Node
22:53:24 [INFO]   Added new relation R_61
22:53:24 [INFO] 43 / 45
22:53:24 [INFO]   IV Add Relational Edge - New Literal
22:53:24 [INFO]   Generated literal R_11(?X_1, 15377627622574843114, ?X_4_new_1, ?X_4, ?X_6, ?X_1) for rule r_EQU_69
22:53:24 [INFO] 44 / 45
22:53:24 [INFO]   VIII Modify Rule - Remove Equality
22:53:24 [INFO]   Replaced a random number of var X_4 with var X_4_new_2 in the rule r_EQU_69
22:53:24 [INFO] 45 / 45
22:53:24 [INFO]   II Add Fact Node and Edge
22:53:24 [INFO]   Added new fact R_55(c_49, c_50, c_51, c_52, "str_20", c_2).
22:53:24 [INFO] ----------------------------------------------
22:53:24 [INFO] ------------ Transformations Done ------------
22:53:24 [INFO] ----------------------------------------------
22:53:24 [INFO]  Ressources required: 
                galen-el.nt.gz
                
22:53:24 [INFO] ---------- Transformed ADG Summary: ----------
22:53:24 [INFO] ADG Fact Nodes:                  48
22:53:24 [INFO] ADG Relational Nodes:            83
22:53:24 [INFO] ADG Fact Edges:                  48
22:53:24 [INFO] ADG Relational Edges:            218
22:53:24 [INFO] Number of inv. Strata:           11
22:53:24 [INFO] 
22:53:24 [INFO] Nodes with None Ancestry:        1
22:53:24 [INFO] Nodes with Positive Ancestry:    6
22:53:24 [INFO] Nodes with Negative Ancestry:    1
22:53:24 [INFO] Nodes with Unknown Ancestry:     65
22:53:24 [INFO] 
22:53:24 [INFO] Next rule name would be:         r_EQU_72
22:53:24 [INFO] Next predicate name would be:    R_62
22:53:24 [INFO] Next constant name would be:     c_53
22:53:24 [INFO] Next string would be:            "str_21"
22:53:24 [INFO] 
22:53:24 [INFO] Output predicate:                R_OUT
22:53:24 [INFO] Rule count:                      100
22:53:24 [INFO] Average rel. arity:              2.918918918918919
22:53:24 [INFO] Arity calc. may be inaccurate if arity > f64
22:53:24 [INFO] ----------------------------------------------
22:53:24 [INFO] 
22:53:24 [INFO] --------- Performed Transformations: ---------
22:53:24 [INFO]  #      Type
22:53:24 [INFO]  162      Failed Transformation Attempts
22:53:24 [INFO]  13      I     Add Relational Node
22:53:24 [INFO]  3      II    Add Fact Node and Edge
22:53:24 [INFO]  0      III   Add Relational edges - New Rule
22:53:24 [INFO]  1      IV    Add Relational Edge - New Literal
22:53:24 [INFO]  1      IX    Remove Fact Node and Edge
22:53:24 [INFO]  0      V     Remove Relational Edges - Whole Rule
22:53:24 [INFO]  1      VI    Remove Relational Edge - Single Literal
22:53:24 [INFO]  1      VII   Modify Rule - Add Equality
22:53:24 [INFO]  2      VIII  Modify Rule - Remove Equality
22:53:24 [INFO]  22      XI   Add Contradictory Rule
22:53:24 [INFO]  1      Xa     Remove Relational Node Rule Variant - None anc only
22:53:24 [INFO] ----------------------------------------------
22:53:24 [INFO] 
22:53:24 [INFO] Writing output ADG and file.
22:53:24 [INFO] 
22:53:24 [INFO] ----------------------------------------------
22:53:24 [INFO] -- Beginning Nemo Execution - Input Program --
22:53:24 [INFO] ----------------------------------------------
22:53:24 [INFO] Stratified program: [[0, 1, 2, 3, 4, 5, 6, 7, 8, 9, 10, 11, 12, 13, 14, 22, 23, 24, 26, 29, 33, 35, 36, 38, 41, 42, 69, 70], [15, 16, 17, 18, 19, 20, 21, 25, 27, 28, 30, 31, 43, 45, 53], [32, 47, 64, 76], [44, 52, 62, 72], [34, 37, 49, 50, 51, 54, 68], [39, 46, 56, 57, 58, 74], [40, 59, 66], [48, 55, 60, 63, 65, 67, 73, 78], [61, 71, 75, 77]]
22:53:24 [INFO] Loading source SimpleTable { arity: 5, data: [AnyDataValue(PlainString(StringDataValue("str_2"))), AnyDataValue(UnsignedLong(UnsignedLongDataValue(1045597876567993156))), AnyDataValue(Iri(IriDataValue("http://www.w3.org/2002/07/owl#equivalentClass"))), AnyDataValue(Iri(IriDataValue("c_4"))), AnyDataValue(Iri(IriDataValue("c_5"))), AnyDataValue(PlainString(StringDataValue("str_5"))), AnyDataValue(Iri(IriDataValue("c_18"))), AnyDataValue(Iri(IriDataValue("c_11"))), AnyDataValue(Iri(IriDataValue("c_11"))), AnyDataValue(PlainString(StringDataValue("str_6"))), AnyDataValue(UnsignedLong(UnsignedLongDataValue(1104874913674315829))), AnyDataValue(Iri(IriDataValue("c_30"))), AnyDataValue(Iri(IriDataValue("c_31"))), AnyDataValue(PlainString(StringDataValue("str_3"))), AnyDataValue(UnsignedLong(UnsignedLongDataValue(6467152160202673013))), AnyDataValue(UnsignedLong(UnsignedLongDataValue(13765428711765385215))), AnyDataValue(UnsignedLong(UnsignedLongDataValue(18439002606387652188))), AnyDataValue(Iri(IriDataValue("c_37"))), AnyDataValue(UnsignedLong(UnsignedLongDataValue(14533819649989583594))), AnyDataValue(Iri(IriDataValue("c_38"))), AnyDataValue(UnsignedLong(UnsignedLongDataValue(11936580562239139163))), AnyDataValue(Iri(IriDataValue("c_39"))), AnyDataValue(UnsignedLong(UnsignedLongDataValue(9744492157342820062))), AnyDataValue(Iri(IriDataValue("c_1"))), AnyDataValue(Iri(IriDataValue("c_25")))] }
22:53:24 [INFO] Execution step: Combining Tables
22:53:24 [INFO] Saved permanent table R_OUT (0-1) Permutation { idx_to_val: [], val_to_idx: [] } with 5 entries (18128)
22:53:24 [INFO] <<< STEP 1: APPLYING RULE 0 class(?O) :- TRIPLE(?X, ?P, ?O), ClassObject(?P) >>>
22:53:24 [INFO] Loading source RdfReader { read: "<unspecified std::io::Read>", variant: NTriples, base: None }
22:53:24 [INFO] Starting RDF import (format ntriples)
22:53:25 [INFO] Finished import: processed 245662 triples
22:53:25 [INFO] Loading source SimpleTable { arity: 1, data: [AnyDataValue(Iri(IriDataValue("http://www.w3.org/2002/07/owl#someValuesFrom"))), AnyDataValue(Iri(IriDataValue("http://www.w3.org/1999/02/22-rdf-syntax-ns#first"))), AnyDataValue(Iri(IriDataValue("http://www.w3.org/2000/01/rdf-schema#subClassOf"))), AnyDataValue(Iri(IriDataValue("http://www.w3.org/2002/07/owl#equivalentClass")))] }
22:53:25 [INFO] Execution step: Body
22:53:25 [INFO] Saved temporary table: 54932 entries (223128)
22:53:25 [INFO] Execution step: Duplicate Elimination (Datalog)
22:53:25 [INFO] Saved permanent table class (1) Permutation { idx_to_val: [], val_to_idx: [] } with 54932 entries (223176)
22:53:25 [INFO] Rule duration: 1443 ms
22:53:25 [INFO] <<< STEP 2: APPLYING RULE 0 class(?O) :- TRIPLE(?X, ?P, ?O), ClassObject(?P) >>>
22:53:25 [INFO] Execution step: Body
22:53:25 [INFO] Trie does not contain any elements
22:53:25 [INFO] Execution step: Duplicate Elimination (Datalog)
22:53:25 [INFO] Trie does not contain any elements
22:53:25 [INFO] Rule duration: 0 ms
22:53:25 [INFO] <<< STEP 3: APPLYING RULE 1 class(?X) :- TRIPLE(?X, ?P, ?O), ClassSubject(?P) >>>
22:53:25 [INFO] Loading source SimpleTable { arity: 1, data: [AnyDataValue(Iri(IriDataValue("http://www.w3.org/2000/01/rdf-schema#subClassOf"))), AnyDataValue(Iri(IriDataValue("http://www.w3.org/2002/07/owl#equivalentClass")))] }
22:53:25 [INFO] Execution step: Body
22:53:25 [INFO] Saved temporary table: 23117 entries (95868)
22:53:25 [INFO] Execution step: Duplicate Elimination (Datalog)
22:53:25 [INFO] Saved permanent table class (3) Permutation { idx_to_val: [], val_to_idx: [] } with 13170 entries (56128)
22:53:25 [INFO] Rule duration: 27 ms
22:53:25 [INFO] <<< STEP 4: APPLYING RULE 1 class(?X) :- TRIPLE(?X, ?P, ?O), ClassSubject(?P) >>>
22:53:25 [INFO] Execution step: Body
22:53:25 [INFO] Trie does not contain any elements
22:53:25 [INFO] Execution step: Duplicate Elimination (Datalog)
22:53:25 [INFO] Trie does not contain any elements
22:53:25 [INFO] Rule duration: 0 ms
22:53:25 [INFO] <<< STEP 5: APPLYING RULE 2 synEx(?Y, ?P, ?X), auxClass(?X) :- TRIPLE(?X, ?_BODY_1, ?Y), TRIPLE(?X, ?_BODY_2, ?P), Equal(?_BODY_1, <http://www.w3.org/2002/07/owl#someValuesFrom>), Equal(?_BODY_2, <http://www.w3.org/2002/07/owl#onProperty>) >>>
22:53:26 [INFO] Execution step: Body
22:53:26 [INFO] Saved temporary table: 29618 entries (121872)
22:53:26 [INFO] Saved temporary table: 29618 entries (468332)
22:53:26 [INFO] Execution step: Duplicate Elimination (Datalog)
22:53:26 [INFO] Saved permanent table auxClass (5) Permutation { idx_to_val: [], val_to_idx: [] } with 29618 entries (121920)
22:53:26 [INFO] Execution step: Duplicate Elimination (Datalog)
22:53:26 [INFO] Saved permanent table synEx (5) Permutation { idx_to_val: [], val_to_idx: [] } with 29618 entries (468380)
22:53:26 [INFO] Rule duration: 246 ms
22:53:26 [INFO] <<< STEP 6: APPLYING RULE 2 synEx(?Y, ?P, ?X), auxClass(?X) :- TRIPLE(?X, ?_BODY_1, ?Y), TRIPLE(?X, ?_BODY_2, ?P), Equal(?_BODY_1, <http://www.w3.org/2002/07/owl#someValuesFrom>), Equal(?_BODY_2, <http://www.w3.org/2002/07/owl#onProperty>) >>>
22:53:26 [INFO] Execution step: Body
22:53:26 [INFO] Trie does not contain any elements
22:53:26 [INFO] Trie does not contain any elements
22:53:26 [INFO] Execution step: Duplicate Elimination (Datalog)
22:53:26 [INFO] Trie does not contain any elements
22:53:26 [INFO] Execution step: Duplicate Elimination (Datalog)
22:53:26 [INFO] Trie does not contain any elements
22:53:26 [INFO] Rule duration: 0 ms
22:53:26 [INFO] <<< STEP 7: APPLYING RULE 3 next(?L1, ?L2) :- TRIPLE(?L1, ?_BODY_1, ?L2), Equal(?_BODY_1, <http://www.w3.org/1999/02/22-rdf-syntax-ns#rest>) >>>
22:53:26 [INFO] Execution step: Body
22:53:26 [INFO] Saved temporary table: 32739 entries (269100)
22:53:26 [INFO] Execution step: Duplicate Elimination (Datalog)
22:53:26 [INFO] Saved permanent table next (7) Permutation { idx_to_val: [], val_to_idx: [] } with 32739 entries (269148)
22:53:26 [INFO] Rule duration: 233 ms
22:53:26 [INFO] <<< STEP 8: APPLYING RULE 3 next(?L1, ?L2) :- TRIPLE(?L1, ?_BODY_1, ?L2), Equal(?_BODY_1, <http://www.w3.org/1999/02/22-rdf-syntax-ns#rest>) >>>
22:53:26 [INFO] Execution step: Body
22:53:26 [INFO] Trie does not contain any elements
22:53:26 [INFO] Execution step: Duplicate Elimination (Datalog)
22:53:26 [INFO] Trie does not contain any elements
22:53:26 [INFO] Rule duration: 0 ms
22:53:26 [INFO] <<< STEP 9: APPLYING RULE 4 first(?L1) :- TRIPLE(?X, ?_BODY_1, ?L1), Equal(?_BODY_1, <http://www.w3.org/2002/07/owl#intersectionOf>) >>>
22:53:26 [INFO] Execution step: Body
22:53:26 [INFO] Saved temporary table: 15348 entries (64792)
22:53:26 [INFO] Execution step: Duplicate Elimination (Datalog)
22:53:26 [INFO] Saved permanent table first (9) Permutation { idx_to_val: [], val_to_idx: [] } with 15348 entries (64840)
22:53:26 [INFO] Rule duration: 10 ms
22:53:26 [INFO] <<< STEP 10: APPLYING RULE 4 first(?L1) :- TRIPLE(?X, ?_BODY_1, ?L1), Equal(?_BODY_1, <http://www.w3.org/2002/07/owl#intersectionOf>) >>>
22:53:26 [INFO] Execution step: Body
22:53:26 [INFO] Trie does not contain any elements
22:53:26 [INFO] Execution step: Duplicate Elimination (Datalog)
22:53:26 [INFO] Trie does not contain any elements
22:53:26 [INFO] Rule duration: 0 ms
22:53:26 [INFO] <<< STEP 11: APPLYING RULE 5 nonfirst(?L2) :- first(?L1), next(?L1, ?L2) >>>
22:53:26 [INFO] Execution step: Body
22:53:26 [INFO] Saved temporary table: 15348 entries (64792)
22:53:26 [INFO] Execution step: Duplicate Elimination (Datalog)
22:53:26 [INFO] Saved permanent table nonfirst (11) Permutation { idx_to_val: [], val_to_idx: [] } with 15348 entries (64840)
22:53:26 [INFO] Rule duration: 12 ms
22:53:26 [INFO] <<< STEP 12: APPLYING RULE 5 nonfirst(?L2) :- first(?L1), next(?L1, ?L2) >>>
22:53:26 [INFO] Execution step: Body
22:53:26 [INFO] Trie does not contain any elements
22:53:26 [INFO] Execution step: Duplicate Elimination (Datalog)
22:53:26 [INFO] Trie does not contain any elements
22:53:26 [INFO] Rule duration: 0 ms
22:53:26 [INFO] <<< STEP 13: APPLYING RULE 6 nonfirst(?L2) :- nonfirst(?L1), next(?L1, ?L2) >>>
22:53:26 [INFO] Execution step: Body
22:53:26 [INFO] Saved temporary table: 1719 entries (10276)
22:53:26 [INFO] Execution step: Duplicate Elimination (Datalog)
22:53:26 [INFO] Saved permanent table nonfirst (13) Permutation { idx_to_val: [], val_to_idx: [] } with 1719 entries (10324)
22:53:26 [INFO] Rule duration: 8 ms
22:53:26 [INFO] <<< STEP 14: APPLYING RULE 6 nonfirst(?L2) :- nonfirst(?L1), next(?L1, ?L2) >>>
22:53:26 [INFO] Execution step: Body
22:53:26 [INFO] Saved temporary table: 298 entries (4592)
22:53:26 [INFO] Execution step: Duplicate Elimination (Datalog)
22:53:26 [INFO] Saved permanent table nonfirst (14) Permutation { idx_to_val: [], val_to_idx: [] } with 297 entries (4636)
22:53:26 [INFO] Rule duration: 1 ms
22:53:26 [INFO] <<< STEP 15: APPLYING RULE 6 nonfirst(?L2) :- nonfirst(?L1), next(?L1, ?L2) >>>
22:53:26 [INFO] Execution step: Body
22:53:26 [INFO] Saved temporary table: 26 entries (3504)
22:53:26 [INFO] Execution step: Duplicate Elimination (Datalog)
22:53:26 [INFO] Saved permanent table nonfirst (15) Permutation { idx_to_val: [], val_to_idx: [] } with 25 entries (3548)
22:53:26 [INFO] Rule duration: 0 ms
22:53:26 [INFO] <<< STEP 16: APPLYING RULE 6 nonfirst(?L2) :- nonfirst(?L1), next(?L1, ?L2) >>>
22:53:26 [INFO] Execution step: Body
22:53:26 [INFO] Saved temporary table: 4 entries (3416)
22:53:26 [INFO] Execution step: Duplicate Elimination (Datalog)
22:53:26 [INFO] Saved permanent table nonfirst (16) Permutation { idx_to_val: [], val_to_idx: [] } with 3 entries (3460)
22:53:26 [INFO] Rule duration: 0 ms
22:53:26 [INFO] <<< STEP 17: APPLYING RULE 6 nonfirst(?L2) :- nonfirst(?L1), next(?L1, ?L2) >>>
22:53:26 [INFO] Execution step: Body
22:53:26 [INFO] Saved temporary table: 1 entries (3404)
22:53:26 [INFO] Execution step: Duplicate Elimination (Datalog)
22:53:26 [INFO] Trie does not contain any elements
22:53:26 [INFO] Rule duration: 0 ms
22:53:26 [INFO] <<< STEP 18: APPLYING RULE 7 last(?Ln) :- next(?Ln, ?_BODY_1), Equal(?_BODY_1, <http://www.w3.org/1999/02/22-rdf-syntax-ns#nil>) >>>
22:53:26 [INFO] Execution step: Body
22:53:26 [INFO] Saved temporary table: 15348 entries (64792)
22:53:26 [INFO] Execution step: Duplicate Elimination (Datalog)
22:53:26 [INFO] Saved permanent table last (18) Permutation { idx_to_val: [], val_to_idx: [] } with 15348 entries (64840)
22:53:26 [INFO] Rule duration: 25 ms
22:53:26 [INFO] <<< STEP 19: APPLYING RULE 7 last(?Ln) :- next(?Ln, ?_BODY_1), Equal(?_BODY_1, <http://www.w3.org/1999/02/22-rdf-syntax-ns#nil>) >>>
22:53:26 [INFO] Execution step: Body
22:53:26 [INFO] Trie does not contain any elements
22:53:26 [INFO] Execution step: Duplicate Elimination (Datalog)
22:53:26 [INFO] Trie does not contain any elements
22:53:26 [INFO] Rule duration: 0 ms
22:53:26 [INFO] <<< STEP 20: APPLYING RULE 8 nonlast(?L) :- next(?L, ?Ln), last(?Ln) >>>
22:53:26 [INFO] Execution step: Body
22:53:26 [INFO] Saved temporary table: 15348 entries (64792)
22:53:26 [INFO] Execution step: Duplicate Elimination (Datalog)
22:53:26 [INFO] Saved permanent table nonlast (20) Permutation { idx_to_val: [], val_to_idx: [] } with 15348 entries (64840)
22:53:26 [INFO] Rule duration: 12 ms
22:53:26 [INFO] <<< STEP 21: APPLYING RULE 8 nonlast(?L) :- next(?L, ?Ln), last(?Ln) >>>
22:53:26 [INFO] Execution step: Body
22:53:26 [INFO] Trie does not contain any elements
22:53:26 [INFO] Execution step: Duplicate Elimination (Datalog)
22:53:26 [INFO] Trie does not contain any elements
22:53:26 [INFO] Rule duration: 0 ms
22:53:26 [INFO] <<< STEP 22: APPLYING RULE 9 nonlast(?L1) :- next(?L1, ?L2), nonlast(?L2) >>>
22:53:26 [INFO] Execution step: Body
22:53:26 [INFO] Saved temporary table: 1718 entries (10272)
22:53:26 [INFO] Execution step: Duplicate Elimination (Datalog)
22:53:26 [INFO] Saved permanent table nonlast (22) Permutation { idx_to_val: [], val_to_idx: [] } with 1718 entries (10320)
22:53:26 [INFO] Rule duration: 2 ms
22:53:26 [INFO] <<< STEP 23: APPLYING RULE 9 nonlast(?L1) :- next(?L1, ?L2), nonlast(?L2) >>>
22:53:26 [INFO] Execution step: Body
22:53:26 [INFO] Saved temporary table: 297 entries (4588)
22:53:26 [INFO] Execution step: Duplicate Elimination (Datalog)
22:53:26 [INFO] Saved permanent table nonlast (23) Permutation { idx_to_val: [], val_to_idx: [] } with 297 entries (4636)
22:53:26 [INFO] Rule duration: 0 ms
22:53:26 [INFO] <<< STEP 24: APPLYING RULE 9 nonlast(?L1) :- next(?L1, ?L2), nonlast(?L2) >>>
22:53:26 [INFO] Execution step: Body
22:53:26 [INFO] Saved temporary table: 25 entries (3500)
22:53:26 [INFO] Execution step: Duplicate Elimination (Datalog)
22:53:26 [INFO] Saved permanent table nonlast (24) Permutation { idx_to_val: [], val_to_idx: [] } with 25 entries (3548)
22:53:26 [INFO] Rule duration: 0 ms
22:53:26 [INFO] <<< STEP 25: APPLYING RULE 9 nonlast(?L1) :- next(?L1, ?L2), nonlast(?L2) >>>
22:53:26 [INFO] Execution step: Body
22:53:26 [INFO] Saved temporary table: 3 entries (3412)
22:53:26 [INFO] Execution step: Duplicate Elimination (Datalog)
22:53:26 [INFO] Saved permanent table nonlast (25) Permutation { idx_to_val: [], val_to_idx: [] } with 3 entries (3460)
22:53:26 [INFO] Rule duration: 0 ms
22:53:26 [INFO] <<< STEP 26: APPLYING RULE 9 nonlast(?L1) :- next(?L1, ?L2), nonlast(?L2) >>>
22:53:26 [INFO] Execution step: Body
22:53:26 [INFO] Trie does not contain any elements
22:53:26 [INFO] Execution step: Duplicate Elimination (Datalog)
22:53:26 [INFO] Trie does not contain any elements
22:53:26 [INFO] Rule duration: 0 ms
22:53:26 [INFO] <<< STEP 27: APPLYING RULE 10 in(?L, ?C) :- TRIPLE(?L, ?_BODY_1, ?C), Equal(?_BODY_1, <http://www.w3.org/1999/02/22-rdf-syntax-ns#first>) >>>
22:53:26 [INFO] Execution step: Body
22:53:26 [INFO] Saved temporary table: 32739 entries (269100)
22:53:26 [INFO] Execution step: Duplicate Elimination (Datalog)
22:53:26 [INFO] Saved permanent table in (27) Permutation { idx_to_val: [], val_to_idx: [] } with 32739 entries (269148)
22:53:26 [INFO] Rule duration: 14 ms
22:53:26 [INFO] <<< STEP 28: APPLYING RULE 10 in(?L, ?C) :- TRIPLE(?L, ?_BODY_1, ?C), Equal(?_BODY_1, <http://www.w3.org/1999/02/22-rdf-syntax-ns#first>) >>>
22:53:26 [INFO] Execution step: Body
22:53:26 [INFO] Trie does not contain any elements
22:53:26 [INFO] Execution step: Duplicate Elimination (Datalog)
22:53:26 [INFO] Trie does not contain any elements
22:53:26 [INFO] Rule duration: 0 ms
22:53:26 [INFO] <<< STEP 29: APPLYING RULE 11 synConj(?X, ?C1, ?C2), auxClass(?X) :- TRIPLE(?X, ?_BODY_1, ?L1), next(?L1, ?L2), last(?L2), in(?L1, ?C1), in(?L2, ?C2), Equal(?_BODY_1, <http://www.w3.org/2002/07/owl#intersectionOf>) >>>
22:53:26 [INFO] Execution step: Body
22:53:26 [INFO] Saved temporary table: 13630 entries (174536)
22:53:26 [INFO] Saved temporary table: 13630 entries (57920)
22:53:26 [INFO] Execution step: Duplicate Elimination (Datalog)
22:53:26 [INFO] Saved permanent table synConj (29) Permutation { idx_to_val: [], val_to_idx: [] } with 13630 entries (174584)
22:53:26 [INFO] Execution step: Duplicate Elimination (Datalog)
22:53:26 [INFO] Saved permanent table auxClass (29) Permutation { idx_to_val: [], val_to_idx: [] } with 13630 entries (57968)
22:53:26 [INFO] Rule duration: 107 ms
22:53:26 [INFO] <<< STEP 30: APPLYING RULE 11 synConj(?X, ?C1, ?C2), auxClass(?X) :- TRIPLE(?X, ?_BODY_1, ?L1), next(?L1, ?L2), last(?L2), in(?L1, ?C1), in(?L2, ?C2), Equal(?_BODY_1, <http://www.w3.org/2002/07/owl#intersectionOf>) >>>
22:53:26 [INFO] Execution step: Body
22:53:26 [INFO] Trie does not contain any elements
22:53:26 [INFO] Trie does not contain any elements
22:53:26 [INFO] Execution step: Duplicate Elimination (Datalog)
22:53:26 [INFO] Trie does not contain any elements
22:53:26 [INFO] Execution step: Duplicate Elimination (Datalog)
22:53:26 [INFO] Trie does not contain any elements
22:53:26 [INFO] Rule duration: 0 ms
22:53:26 [INFO] <<< STEP 31: APPLYING RULE 12 synConj(?X, ?C1, ?L2), auxClass(?X) :- TRIPLE(?X, ?_BODY_1, ?L1), next(?L1, ?L2), nonlast(?L2), in(?L1, ?C1), Equal(?_BODY_1, <http://www.w3.org/2002/07/owl#intersectionOf>) >>>
22:53:26 [INFO] Execution step: Body
22:53:26 [INFO] Saved temporary table: 1718 entries (10272)
22:53:26 [INFO] Saved temporary table: 1718 entries (31592)
22:53:26 [INFO] Execution step: Duplicate Elimination (Datalog)
22:53:26 [INFO] Saved permanent table auxClass (31) Permutation { idx_to_val: [], val_to_idx: [] } with 1718 entries (10320)
22:53:26 [INFO] Execution step: Duplicate Elimination (Datalog)
22:53:26 [INFO] Saved permanent table synConj (31) Permutation { idx_to_val: [], val_to_idx: [] } with 1718 entries (31640)
22:53:26 [INFO] Rule duration: 19 ms
22:53:26 [INFO] <<< STEP 32: APPLYING RULE 12 synConj(?X, ?C1, ?L2), auxClass(?X) :- TRIPLE(?X, ?_BODY_1, ?L1), next(?L1, ?L2), nonlast(?L2), in(?L1, ?C1), Equal(?_BODY_1, <http://www.w3.org/2002/07/owl#intersectionOf>) >>>
22:53:26 [INFO] Execution step: Body
22:53:26 [INFO] Trie does not contain any elements
22:53:26 [INFO] Trie does not contain any elements
22:53:26 [INFO] Execution step: Duplicate Elimination (Datalog)
22:53:26 [INFO] Trie does not contain any elements
22:53:26 [INFO] Execution step: Duplicate Elimination (Datalog)
22:53:26 [INFO] Trie does not contain any elements
22:53:26 [INFO] Rule duration: 0 ms
22:53:26 [INFO] <<< STEP 33: APPLYING RULE 13 synConj(?L1, ?C1, ?L2), auxClass(?L1) :- nonfirst(?L1), next(?L1, ?L2), nonlast(?L2), in(?L1, ?C1) >>>
22:53:26 [INFO] Execution step: Body
22:53:26 [INFO] Saved temporary table: 325 entries (14876)
22:53:26 [INFO] Saved temporary table: 325 entries (4700)
22:53:26 [INFO] Execution step: Duplicate Elimination (Datalog)
22:53:26 [INFO] Saved permanent table synConj (33) Permutation { idx_to_val: [], val_to_idx: [] } with 325 entries (14924)
22:53:26 [INFO] Execution step: Duplicate Elimination (Datalog)
22:53:26 [INFO] Saved permanent table auxClass (33) Permutation { idx_to_val: [], val_to_idx: [] } with 325 entries (4748)
22:53:26 [INFO] Rule duration: 8 ms
22:53:26 [INFO] <<< STEP 34: APPLYING RULE 13 synConj(?L1, ?C1, ?L2), auxClass(?L1) :- nonfirst(?L1), next(?L1, ?L2), nonlast(?L2), in(?L1, ?C1) >>>
22:53:26 [INFO] Execution step: Body
22:53:26 [INFO] Trie does not contain any elements
22:53:26 [INFO] Trie does not contain any elements
22:53:26 [INFO] Execution step: Duplicate Elimination (Datalog)
22:53:26 [INFO] Trie does not contain any elements
22:53:26 [INFO] Execution step: Duplicate Elimination (Datalog)
22:53:26 [INFO] Trie does not contain any elements
22:53:26 [INFO] Rule duration: 0 ms
22:53:26 [INFO] <<< STEP 35: APPLYING RULE 14 synConj(?L1, ?C1, ?C2), auxClass(?L1) :- nonfirst(?L1), next(?L1, ?L2), last(?L2), in(?L1, ?C1), in(?L2, ?C2) >>>
22:53:26 [INFO] Execution step: Body
22:53:26 [INFO] Saved temporary table: 1718 entries (31592)
22:53:26 [INFO] Saved temporary table: 1718 entries (10272)
22:53:26 [INFO] Execution step: Duplicate Elimination (Datalog)
22:53:26 [INFO] Saved permanent table synConj (35) Permutation { idx_to_val: [], val_to_idx: [] } with 1718 entries (31640)
22:53:26 [INFO] Execution step: Duplicate Elimination (Datalog)
22:53:26 [INFO] Saved permanent table auxClass (35) Permutation { idx_to_val: [], val_to_idx: [] } with 1718 entries (10320)
22:53:26 [INFO] Rule duration: 19 ms
22:53:26 [INFO] <<< STEP 36: APPLYING RULE 14 synConj(?L1, ?C1, ?C2), auxClass(?L1) :- nonfirst(?L1), next(?L1, ?L2), last(?L2), in(?L1, ?C1), in(?L2, ?C2) >>>
22:53:26 [INFO] Execution step: Body
22:53:26 [INFO] Trie does not contain any elements
22:53:26 [INFO] Trie does not contain any elements
22:53:26 [INFO] Execution step: Duplicate Elimination (Datalog)
22:53:26 [INFO] Trie does not contain any elements
22:53:26 [INFO] Execution step: Duplicate Elimination (Datalog)
22:53:26 [INFO] Trie does not contain any elements
22:53:26 [INFO] Rule duration: 0 ms
22:53:26 [INFO] <<< STEP 37: APPLYING RULE 22 http://rulewerk.semantic-web.org/normalForm/subPropChain(?S, ?T, ?R), http://rulewerk.semantic-web.org/normalForm/subProp(?R, ?R) :- TRIPLE(?L, ?_BODY_1, ?R), TRIPLE(?L, ?_BODY_2, ?L1), in(?L1, ?S), next(?L1, ?L2), in(?L2, ?T), Equal(?_BODY_1, <http://www.w3.org/2000/01/rdf-schema#subPropertyOf>), Equal(?_BODY_2, <http://www.w3.org/2002/07/owl#propertyChain>) >>>
22:53:26 [INFO] Execution step: Body
22:53:26 [INFO] Trie does not contain any elements
22:53:26 [INFO] Trie does not contain any elements
22:53:26 [INFO] Execution step: Duplicate Elimination (Datalog)
22:53:26 [INFO] Trie does not contain any elements
22:53:26 [INFO] Execution step: Duplicate Elimination (Datalog)
22:53:26 [INFO] Trie does not contain any elements
22:53:26 [INFO] Rule duration: 31 ms
22:53:26 [INFO] <<< STEP 38: APPLYING RULE 23 prepareSco(?X, ?Y) :- TRIPLE(?X, ?_BODY_1, ?Y), Equal(?_BODY_1, <http://www.w3.org/2000/01/rdf-schema#subClassOf>) >>>
22:53:26 [INFO] Execution step: Body
22:53:26 [INFO] Saved temporary table: 25563 entries (290582)
22:53:26 [INFO] Execution step: Duplicate Elimination (Datalog)
22:53:26 [INFO] Saved permanent table prepareSco (38) Permutation { idx_to_val: [], val_to_idx: [] } with 25563 entries (290630)
22:53:26 [INFO] Rule duration: 8 ms
22:53:26 [INFO] <<< STEP 39: APPLYING RULE 23 prepareSco(?X, ?Y) :- TRIPLE(?X, ?_BODY_1, ?Y), Equal(?_BODY_1, <http://www.w3.org/2000/01/rdf-schema#subClassOf>) >>>
22:53:26 [INFO] Execution step: Body
22:53:26 [INFO] Trie does not contain any elements
22:53:26 [INFO] Execution step: Duplicate Elimination (Datalog)
22:53:26 [INFO] Trie does not contain any elements
22:53:26 [INFO] Rule duration: 0 ms
22:53:26 [INFO] <<< STEP 40: APPLYING RULE 24 prepareSco(?X, ?Y), prepareSco(?Y, ?X) :- TRIPLE(?X, ?_BODY_1, ?Y), Equal(?_BODY_1, <http://www.w3.org/2002/07/owl#equivalentClass>) >>>
22:53:26 [INFO] Execution step: Body
22:53:26 [INFO] Saved temporary table: 9968 entries (86932)
22:53:26 [INFO] Saved temporary table: 9968 entries (86932)
22:53:26 [INFO] Execution step: Duplicate Elimination (Datalog)
22:53:26 [INFO] Saved permanent table prepareSco (40) Permutation { idx_to_val: [], val_to_idx: [] } with 19936 entries (166724)
22:53:26 [INFO] Rule duration: 21 ms
22:53:26 [INFO] <<< STEP 41: APPLYING RULE 24 prepareSco(?X, ?Y), prepareSco(?Y, ?X) :- TRIPLE(?X, ?_BODY_1, ?Y), Equal(?_BODY_1, <http://www.w3.org/2002/07/owl#equivalentClass>) >>>
22:53:26 [INFO] Execution step: Body
22:53:26 [INFO] Trie does not contain any elements
22:53:26 [INFO] Trie does not contain any elements
22:53:26 [INFO] Execution step: Duplicate Elimination (Datalog)
22:53:26 [INFO] Trie does not contain any elements
22:53:26 [INFO] Rule duration: 0 ms
22:53:26 [INFO] <<< STEP 42: APPLYING RULE 26 http://rulewerk.semantic-web.org/normalForm/subClassOf(!C, <http://www.w3.org/2002/07/owl#Nothing>), http://rulewerk.semantic-web.org/normalForm/conj(!C, ?X, ?Y), http://rulewerk.semantic-web.org/normalForm/isSubClass(!C), http://rulewerk.semantic-web.org/normalForm/isSubClass(?X), http://rulewerk.semantic-web.org/normalForm/isSubClass(?Y) :- TRIPLE(?X, ?_BODY_1, ?Y), Equal(?_BODY_1, <http://www.w3.org/2002/07/owl#disjointWith>) >>>
22:53:26 [INFO] Execution step: Project/Reorder
22:53:26 [INFO] Trie does not contain any elements
22:53:26 [INFO] Execution step: Body
22:53:26 [INFO] Trie does not contain any elements
22:53:26 [INFO] Trie does not contain any elements
22:53:26 [INFO] Trie does not contain any elements
22:53:26 [INFO] Execution step: Head (Restricted): Updated Sat. Frontier
22:53:26 [INFO] Trie does not contain any elements
22:53:26 [INFO] Execution step: Head (Restricted): Nulls
22:53:26 [INFO] Trie does not contain any elements
22:53:26 [INFO] Trie does not contain any elements
22:53:26 [INFO] Trie does not contain any elements
22:53:26 [INFO] Execution step: Duplicate Elimination (Datalog)
22:53:26 [INFO] Trie does not contain any elements
22:53:26 [INFO] Execution step: Duplicate Elimination (Datalog)
22:53:26 [INFO] Trie does not contain any elements
22:53:26 [INFO] Execution step: Duplicate Elimination (Datalog)
22:53:26 [INFO] Trie does not contain any elements
22:53:26 [INFO] Rule duration: 0 ms
22:53:26 [INFO] <<< STEP 43: APPLYING RULE 29 directSubProp(?R, ?S) :- TRIPLE(?R, ?_BODY_1, ?S), Equal(?_BODY_1, <http://www.w3.org/2000/01/rdf-schema#subPropertyOf>) >>>
22:53:26 [INFO] Execution step: Body
22:53:26 [INFO] Saved temporary table: 958 entries (22218)
22:53:26 [INFO] Execution step: Duplicate Elimination (Datalog)
22:53:26 [INFO] Saved permanent table directSubProp (43) Permutation { idx_to_val: [], val_to_idx: [] } with 958 entries (22266)
22:53:26 [INFO] Rule duration: 1 ms
22:53:26 [INFO] <<< STEP 44: APPLYING RULE 29 directSubProp(?R, ?S) :- TRIPLE(?R, ?_BODY_1, ?S), Equal(?_BODY_1, <http://www.w3.org/2000/01/rdf-schema#subPropertyOf>) >>>
22:53:26 [INFO] Execution step: Body
22:53:26 [INFO] Trie does not contain any elements
22:53:26 [INFO] Execution step: Duplicate Elimination (Datalog)
22:53:26 [INFO] Trie does not contain any elements
22:53:26 [INFO] Rule duration: 0 ms
22:53:26 [INFO] <<< STEP 45: APPLYING RULE 41 R_35(?X_3, ?X_2, ?X_3, ?X_4, ?X_5) :- auxClass(?X_3), auxClass(?X_2), auxClass(?X_3), auxClass(?X_4), auxClass(?X_5) >>>
22:53:26 [INFO] Execution step: Body
