Remember to cargo build --release
Transformations: 1  -  8  / 500.000
Finished transformation. Input, output and log can be found in the folder ./mtf_EQU_5500001
Finished transformation. Input, output and log can be found in the folder ./mtf_EXP_5500002
Finished transformation. Input, output and log can be found in the folder ./mtf_EXP_5500005
Finished transformation. Input, output and log can be found in the folder ./mtf_EXP_5500008
Finished transformation. Input, output and log can be found in the folder ./mtf_CON_5500003
Finished transformation. Input, output and log can be found in the folder ./mtf_EQU_5500004
Finished transformation. Input, output and log can be found in the folder ./mtf_CON_5500009
[32mAll good, output has contracted[39m
Finished transformation. Input, output and log can be found in the folder ./mtf_CON_5500006
[32mAll good, output is equivalent[39m
[32mAll good, output has contracted[39m
[32mAll good, output has contracted[39m
[32mAll good, output is expanding[39m
[32mAll good, output is equivalent[39m
Transformations: 9  -  16  / 500.000
18:44:51 [0m[33m[WARN] [0mCould not generate outgoing relational edge for R_21
Finished transformation. Input, output and log can be found in the folder ./mtf_EXP_5500010
Finished transformation. Input, output and log can be found in the folder ./mtf_CON_5500011
Finished transformation. Input, output and log can be found in the folder ./mtf_EQU_5500012
Finished transformation. Input, output and log can be found in the folder ./mtf_CON_5500014
[32mAll good, output is expanding[39m
Finished transformation. Input, output and log can be found in the folder ./mtf_EXP_5500016
[32mAll good, output has contracted[39m
Finished transformation. Input, output and log can be found in the folder ./mtf_CON_5500017
Finished transformation. Input, output and log can be found in the folder ./mtf_EQU_5500009
Finished transformation. Input, output and log can be found in the folder ./mtf_EXP_5500013
[32mAll good, output is expanding[39m
[32mAll good, output is equivalent[39m
[32mAll good, output has contracted[39m
[32mAll good, output is equivalent[39m
[32mAll good, output has contracted[39m
[32mAll good, output is expanding[39m
Transformations: 17  -  24  / 500.000
18:44:55 [0m[33m[WARN] [0mCould not generate outgoing relational edge for R_27
Finished transformation. Input, output and log can be found in the folder ./mtf_EXP_5500018
Finished transformation. Input, output and log can be found in the folder ./mtf_CON_5500025
Finished transformation. Input, output and log can be found in the folder ./mtf_CON_5500022
[32mAll good, output has contracted[39m
Finished transformation. Input, output and log can be found in the folder ./mtf_EQU_5500020
Finished transformation. Input, output and log can be found in the folder ./mtf_EXP_5500024
[32mAll good, output is expanding[39m
Finished transformation. Input, output and log can be found in the folder ./mtf_EQU_5500017
Finished transformation. Input, output and log can be found in the folder ./mtf_EXP_5500021
Finished transformation. Input, output and log can be found in the folder ./mtf_CON_5500019
[32mAll good, output has contracted[39m
[32mAll good, output is equivalent[39m
Transformations: 25  -  32  / 500.000
Finished transformation. Input, output and log can be found in the folder ./mtf_EQU_5500025
Finished transformation. Input, output and log can be found in the folder ./mtf_EXP_5500026
[32mAll good, output is equivalent[39m
Finished transformation. Input, output and log can be found in the folder ./mtf_EXP_5500032
Finished transformation. Input, output and log can be found in the folder ./mtf_CON_5500033
Finished transformation. Input, output and log can be found in the folder ./mtf_EXP_5500029
Finished transformation. Input, output and log can be found in the folder ./mtf_CON_5500027
Finished transformation. Input, output and log can be found in the folder ./mtf_CON_5500030
Finished transformation. Input, output and log can be found in the folder ./mtf_EQU_5500028
[32mAll good, output has contracted[39m
[32mAll good, output has contracted[39m
[32mAll good, output is expanding[39m
[32mAll good, output is expanding[39m
[32mAll good, output has contracted[39m
Transformations: 33  -  40  / 500.000
Finished transformation. Input, output and log can be found in the folder ./mtf_EQU_5500033
Finished transformation. Input, output and log can be found in the folder ./mtf_EXP_5500034
Finished transformation. Input, output and log can be found in the folder ./mtf_CON_5500041
Finished transformation. Input, output and log can be found in the folder ./mtf_EXP_5500040
Finished transformation. Input, output and log can be found in the folder ./mtf_EXP_5500037
Finished transformation. Input, output and log can be found in the folder ./mtf_EQU_5500036
Finished transformation. Input, output and log can be found in the folder ./mtf_CON_5500038
Finished transformation. Input, output and log can be found in the folder ./mtf_CON_5500035
[32mAll good, output is equivalent[39m
[32mAll good, output is expanding[39m
[32mAll good, output has contracted[39m
[32mAll good, output has contracted[39m
[32mAll good, output is expanding[39m
Transformations: 41  -  48  / 500.000
Finished transformation. Input, output and log can be found in the folder ./mtf_EQU_5500041
Finished transformation. Input, output and log can be found in the folder ./mtf_CON_5500046
Finished transformation. Input, output and log can be found in the folder ./mtf_EXP_5500045
Finished transformation. Input, output and log can be found in the folder ./mtf_CON_5500049
Finished transformation. Input, output and log can be found in the folder ./mtf_EXP_5500048
Finished transformation. Input, output and log can be found in the folder ./mtf_CON_5500043
Finished transformation. Input, output and log can be found in the folder ./mtf_EXP_5500042
[32mAll good, output is equivalent[39m
[32mAll good, output is expanding[39m
[32mAll good, output has contracted[39m
Finished transformation. Input, output and log can be found in the folder ./mtf_EQU_5500044
[32mAll good, output is expanding[39m
[32mAll good, output has contracted[39m
[32mAll good, output is expanding[39m
[32mAll good, output is equivalent[39m
Transformations: 49  -  56  / 500.000
Finished transformation. Input, output and log can be found in the folder ./mtf_EQU_5500049
Finished transformation. Input, output and log can be found in the folder ./mtf_EXP_5500050
Finished transformation. Input, output and log can be found in the folder ./mtf_EXP_5500056
Finished transformation. Input, output and log can be found in the folder ./mtf_EXP_5500053
Finished transformation. Input, output and log can be found in the folder ./mtf_EQU_5500052
08:51:33 [0m[33m[WARN] [0mCould not generate outgoing relational edge for R_24
Finished transformation. Input, output and log can be found in the folder ./mtf_CON_5500051
Finished transformation. Input, output and log can be found in the folder ./mtf_CON_5500057
Finished transformation. Input, output and log can be found in the folder ./mtf_CON_5500054
[32mAll good, output is equivalent[39m
[32mAll good, output is expanding[39m
[32mAll good, output is expanding[39m
[32mAll good, output is equivalent[39m
[32mAll good, output has contracted[39m
