08:51:33 [INFO] ----------------------------------------------
08:51:33 [INFO] Beginning transformation mtf_CON_5500054
                Oracle:     CON          Number of T: 63
                Debug Mode: false          u64 Seed:    5500054
                Number of generating transformations: 25
                Internal Seed:          [65, 227, 19, 133, 196, 123, 59, 3, 211, 18, 226, 121, 222, 161, 136, 159, 94, 154, 0, 9, 186, 147, 62, 183, 205, 122, 121, 121, 87, 193, 68, 174]
                Seed File: Currently not supported!
08:51:33 [INFO] ----------------------------------------------
08:51:33 [INFO] -------------- Reading Seed File: ------------
08:51:33 [INFO] "/home/leo_repp/masterthesis/nemo/nemo-metamorphic-testing/examples/owl-el/from-owl-rdf/owl-rdf-preprocessing.rls"
08:51:33 [INFO] Renaming of rules complete
08:51:33 [INFO] --------- Finished Reading Seed file ---------
08:51:33 [INFO] ----------------------------------------------
08:51:33 [INFO] 
08:51:33 [INFO] ----------------------------------------------
08:51:33 [INFO] -------- Beginning Program Generation --------
08:51:33 [INFO] ----------------------------------------------
08:51:33 [INFO] 
08:51:33 [INFO] Removing old export statements
08:51:33 [INFO] Beginning inverse_stratum and ancestry computation starting at node R_OUT
08:51:33 [INFO] Ancestry and Inverse Stratum computation complete.
08:51:33 [INFO] Constructed lite ADG
08:51:33 [INFO] Generating Program...
08:51:33 [INFO] 
08:51:33 [INFO] 1 / 24
08:51:33 [INFO]   I Add Relational Node
08:51:33 [INFO]   Added new relation R_1
08:51:33 [INFO] 2 / 24
08:51:33 [INFO]   I Add Relational Node
08:51:33 [INFO]   Added new relation R_2
08:51:33 [INFO] 3 / 24
08:51:33 [INFO]   I Add Relational Node
08:51:33 [INFO]   Added new relation R_3
08:51:33 [INFO] 4 / 24
08:51:33 [INFO]   I Add Relational Node
08:51:33 [INFO]   Added new relation R_4
08:51:33 [INFO] 5 / 24
08:51:33 [INFO]   I Add Relational Node
08:51:33 [INFO]   Added new relation R_5
08:51:33 [INFO] 6 / 24
08:51:33 [INFO]   I Add Relational Node
08:51:33 [INFO]   Added new relation R_6
08:51:33 [INFO] 7 / 24
08:51:33 [INFO]   I Add Relational Node
08:51:33 [INFO]   Added new relation R_7
08:51:33 [INFO] 8 / 24
08:51:33 [INFO]   I Add Relational Node
08:51:33 [INFO]   Added new relation R_8
08:51:33 [INFO] 9 / 24
08:51:33 [INFO]   I Add Relational Node
08:51:33 [INFO]   Added new relation R_9
08:51:33 [INFO] 10 / 24
08:51:33 [INFO]   I Add Relational Node
08:51:33 [INFO]   Added new relation R_10
08:51:33 [INFO] 11 / 24
08:51:33 [INFO]   I Add Relational Node
08:51:33 [INFO]   Added new relation R_11
08:51:33 [INFO] 12 / 24
08:51:33 [INFO]   I Add Relational Node
08:51:33 [INFO]   Added new relation R_12
08:51:33 [INFO] 13 / 24
08:51:33 [INFO]   I Add Relational Node
08:51:33 [INFO]   Added new relation R_13
08:51:33 [INFO] 14 / 24
08:51:33 [INFO]   I Add Relational Node
08:51:33 [INFO]   Added new relation R_14
08:51:33 [INFO] 15 / 24
08:51:33 [INFO]   I Add Relational Node
08:51:33 [INFO]   Added new relation R_15
08:51:33 [INFO] 16 / 24
08:51:33 [INFO]   I Add Relational Node
08:51:33 [INFO]   Added new relation R_16
08:51:33 [INFO] 17 / 24
08:51:33 [INFO]   I Add Relational Node
08:51:33 [INFO]   Added new relation R_17
08:51:33 [INFO] 18 / 24
08:51:33 [INFO]   I Add Relational Node
08:51:33 [INFO]   Added new relation R_18
08:51:33 [INFO] 19 / 24
08:51:33 [INFO]   I Add Relational Node
08:51:33 [INFO]   Added new relation R_19
08:51:33 [INFO] 20 / 24
08:51:33 [INFO]   I Add Relational Node
08:51:33 [INFO]   Added new relation R_20
08:51:33 [INFO] 21 / 24
08:51:33 [INFO]   I Add Relational Node
08:51:33 [INFO]   Added new relation R_21
08:51:33 [INFO] 22 / 24
08:51:33 [INFO]   I Add Relational Node
08:51:33 [INFO]   Added new relation R_22
08:51:33 [INFO] 23 / 24
08:51:33 [INFO]   I Add Relational Node
08:51:33 [INFO]   Added new relation R_23
08:51:33 [INFO] 24 / 24
08:51:33 [INFO]   I Add Relational Node
08:51:33 [INFO]   Added new relation R_24
08:51:33 [INFO] 
08:51:33 [INFO] Adding a new rule for each relation other than the seed relations
08:51:33 [INFO] 
08:51:33 [INFO] 1 / 25
08:51:33 [INFO]   Generating new single body literal rule for R_OUT
08:51:33 [INFO]   Assigned relation R_OUT the artiy 6
08:51:33 [INFO]   Assigned relation R_8 the artiy 6
08:51:33 [INFO]   Added new rule of name r_GEN_1
08:51:33 [INFO]   R_OUT(?X_1, ?X_5, ?X_5, <http://www.w3.org/2002/07/owl#onProperty>, ?X_4, ?X_2) :- R_8(?X_1, ?X_5, ?X_5, <http://www.w3.org/2002/07/owl#onProperty>, ?X_4, ?X_2) .
08:51:33 [INFO] 2 / 25
08:51:33 [INFO]   Generating new single body literal rule for R_1
08:51:33 [INFO]   Assigned relation R_1 the artiy 1
08:51:33 [INFO]   Added new rule of name r_GEN_2
08:51:33 [INFO]   R_1(<http://www.w3.org/2002/07/owl#equivalentClass>) :- ClassObject(<http://www.w3.org/2002/07/owl#equivalentClass>) .
08:51:33 [INFO] 3 / 25
08:51:33 [INFO]   Generating new single body literal rule for R_2
08:51:33 [INFO]   Assigned relation R_2 the artiy 1
08:51:33 [INFO]   Assigned relation R_16 the artiy 2
08:51:33 [INFO]   Added new rule of name r_GEN_3
08:51:33 [INFO]   R_2(?X_1) :- R_16(?X_1, ?X_1) .
08:51:33 [INFO] 4 / 25
08:51:33 [INFO]   Generating new single body literal rule for R_3
08:51:33 [INFO]   Assigned relation R_3 the artiy 3
08:51:33 [INFO]   Assigned relation R_10 the artiy 5
08:51:33 [INFO]   Added new rule of name r_GEN_4
08:51:33 [INFO]   R_3(?X_2, ?X_3, ?X_1) :- R_10(?X_2, ?X_3, ?X_1, ?X_1, ?Y_1) .
08:51:33 [INFO] 5 / 25
08:51:33 [INFO]   Generating new single body literal rule for R_4
08:51:33 [INFO]   Assigned relation R_4 the artiy 4
08:51:33 [INFO]   Added new rule of name r_GEN_5
08:51:33 [INFO]   R_4(?X_3, ?X_2, ?X_1, ?X_4) :- http://rulewerk.semantic-web.org/normalForm/isMainClass(?X_3), http://rulewerk.semantic-web.org/normalForm/isMainClass(?X_2), http://rulewerk.semantic-web.org/normalForm/isMainClass(?X_1), http://rulewerk.semantic-web.org/normalForm/isMainClass(?X_4) .
08:51:33 [INFO] 6 / 25
08:51:33 [INFO]   Generating new single body literal rule for R_5
08:51:33 [INFO]   Assigned relation R_5 the artiy 5
08:51:33 [INFO]   Assigned relation R_24 the artiy 6
08:51:33 [INFO]   Added new rule of name r_GEN_6
08:51:33 [INFO]   R_5(?X_5, <http://www.w3.org/2002/07/owl#disjointWith>, ?X_3, ?X_1, ?X_2) :- R_24(?Y_1, <http://www.w3.org/2002/07/owl#disjointWith>, ?X_3, ?X_1, ?X_2, ?X_5) .
08:51:33 [INFO] 7 / 25
08:51:33 [INFO]   Generating new single body literal rule for R_6
08:51:33 [INFO]   Assigned relation R_6 the artiy 2
08:51:33 [INFO]   Assigned relation R_15 the artiy 6
08:51:33 [INFO]   Added new rule of name r_GEN_7
08:51:33 [INFO]   R_6(?X_2, ?X_1) :- R_15(?X_1, ?X_1, <http://www.w3.org/1999/02/22-rdf-syntax-ns#rest>, <http://www.w3.org/1999/02/22-rdf-syntax-ns#rest>, ?X_2, ?X_1) .
08:51:33 [INFO] 8 / 25
08:51:33 [INFO]   Generating new single body literal rule for R_7
08:51:33 [INFO]   Assigned relation R_7 the artiy 2
08:51:33 [INFO]   Added new rule of name r_GEN_8
08:51:33 [INFO]   R_7(<http://www.w3.org/2002/07/owl#someValuesFrom>, ?X_1) :- R_5(<http://www.w3.org/2000/01/rdf-schema#subPropertyOf>, ?X_1, <http://www.w3.org/2002/07/owl#someValuesFrom>, ?Y_1, <http://www.w3.org/2000/01/rdf-schema#subPropertyOf>) .
08:51:33 [INFO] 9 / 25
08:51:33 [INFO]   Generating new single body literal rule for R_8
08:51:33 [INFO]   Added new rule of name r_GEN_9
08:51:33 [INFO]   R_8(?X_1, ?X_4, <http://www.w3.org/2000/01/rdf-schema#subClassOf>, ?X_2, ?X_3, ?X_5) :- ClassSubject(?X_1), ClassSubject(?X_4), ClassSubject(<http://www.w3.org/2000/01/rdf-schema#subClassOf>), ClassSubject(?X_2), ClassSubject(?X_3), ClassSubject(?X_5) .
08:51:33 [INFO] 10 / 25
08:51:33 [INFO]   Generating new single body literal rule for R_9
08:51:33 [INFO]   Assigned relation R_9 the artiy 2
08:51:33 [INFO]   Added new rule of name r_GEN_10
08:51:33 [INFO]   R_9(<http://www.w3.org/2000/01/rdf-schema#subClassOf>, ?X_1) :- R_1(<http://www.w3.org/2000/01/rdf-schema#subClassOf>), R_1(?X_1) .
08:51:33 [INFO] 11 / 25
08:51:33 [INFO]   Generating new single body literal rule for R_10
08:51:33 [INFO]   Assigned relation R_20 the artiy 6
08:51:33 [INFO]   Added new rule of name r_GEN_11
08:51:33 [INFO]   R_10(?X_4, ?X_1, ?X_3, ?X_1, ?X_2) :- R_20(?X_4, ?X_1, ?X_3, ?X_1, ?X_2, ?X_1) .
08:51:33 [INFO] 12 / 25
08:51:33 [INFO]   Generating new single body literal rule for R_11
08:51:33 [INFO]   Assigned relation R_11 the artiy 3
08:51:33 [INFO]   Added new rule of name r_GEN_12
08:51:33 [INFO]   R_11(<http://www.w3.org/2000/01/rdf-schema#subClassOf>, ?X_3, ?X_2) :- synConj(<http://www.w3.org/2000/01/rdf-schema#subClassOf>, ?X_3, ?X_2) .
08:51:33 [INFO] 13 / 25
08:51:33 [INFO]   Generating new single body literal rule for R_12
08:51:33 [INFO]   Assigned relation R_12 the artiy 5
08:51:33 [INFO]   Added new rule of name r_GEN_13
08:51:33 [INFO]   R_12(<http://www.w3.org/2000/01/rdf-schema#subClassOf>, ?X_5, ?X_4, ?X_2, ?X_5) :- R_10(<http://www.w3.org/2000/01/rdf-schema#subClassOf>, ?X_5, ?X_4, ?X_2, ?X_5) .
08:51:33 [INFO] 14 / 25
08:51:33 [INFO]   Generating new single body literal rule for R_13
08:51:33 [INFO]   Assigned relation R_13 the artiy 1
08:51:33 [INFO]   Added new rule of name r_GEN_14
08:51:33 [INFO]   R_13(?X_1) :- http://rulewerk.semantic-web.org/normalForm/conj(?Y_1, ?Y_1, ?X_1) .
08:51:33 [INFO] 15 / 25
08:51:33 [INFO]   Generating new single body literal rule for R_14
08:51:33 [INFO]   Assigned relation R_14 the artiy 1
08:51:33 [INFO]   Added new rule of name r_GEN_15
08:51:33 [INFO]   R_14(<http://www.w3.org/1999/02/22-rdf-syntax-ns#first>) :- directSubProp(<http://www.w3.org/1999/02/22-rdf-syntax-ns#first>, <http://www.w3.org/1999/02/22-rdf-syntax-ns#first>) .
08:51:33 [INFO] 16 / 25
08:51:33 [INFO]   Generating new single body literal rule for R_15
08:51:33 [INFO]   Added new rule of name r_GEN_16
08:51:33 [INFO]   R_15(<http://www.w3.org/1999/02/22-rdf-syntax-ns#first>, ?X_2, ?X_5, ?X_3, ?X_1, ?X_4) :- R_11(<http://www.w3.org/1999/02/22-rdf-syntax-ns#first>, ?X_2, ?X_5), R_11(?X_3, ?X_1, ?X_4) .
08:51:33 [INFO] 17 / 25
08:51:33 [INFO]   Generating new single body literal rule for R_16
08:51:33 [INFO]   Added new rule of name r_GEN_17
08:51:33 [INFO]   R_16(<http://www.w3.org/2000/01/rdf-schema#subClassOf>, ?X_2) :- R_11(?X_2, ?X_2, <http://www.w3.org/2000/01/rdf-schema#subClassOf>) .
08:51:33 [INFO] 18 / 25
08:51:33 [INFO]   Generating new single body literal rule for R_17
08:51:33 [INFO]   Assigned relation R_17 the artiy 4
08:51:33 [INFO]   Added new rule of name r_GEN_18
08:51:33 [INFO]   R_17(<http://www.w3.org/2000/01/rdf-schema#subClassOf>, ?X_1, ?X_3, ?X_3) :- class(<http://www.w3.org/2000/01/rdf-schema#subClassOf>), class(?X_1), class(?X_3), class(?X_3) .
08:51:33 [INFO] 19 / 25
08:51:33 [INFO]   Generating new single body literal rule for R_18
08:51:33 [INFO]   Assigned relation R_18 the artiy 1
08:51:33 [INFO]   Added new rule of name r_GEN_19
08:51:33 [INFO]   R_18(?X_1) :- synEx(<http://www.w3.org/2002/07/owl#intersectionOf>, ?X_1, ?X_1) .
08:51:33 [INFO] 20 / 25
08:51:33 [INFO]   Generating new single body literal rule for R_19
08:51:33 [INFO]   Assigned relation R_19 the artiy 4
08:51:33 [INFO]   Added new rule of name r_GEN_20
08:51:33 [INFO]   R_19(?X_4, ?X_3, <http://www.w3.org/2002/07/owl#equivalentClass>, ?X_2) :- synConj(?X_4, ?X_3, ?X_3), synConj(?X_2, <http://www.w3.org/2002/07/owl#equivalentClass>, ?Y_1) .
08:51:33 [INFO] 21 / 25
08:51:33 [INFO]   Generating new single body literal rule for R_20
08:51:33 [INFO]   Added new rule of name r_GEN_21
08:51:33 [INFO]   R_20(?X_6, ?X_2, ?X_5, ?X_4, <http://www.w3.org/1999/02/22-rdf-syntax-ns#nil>, ?X_6) :- http://rulewerk.semantic-web.org/normalForm/conj(?X_6, ?X_2, ?X_5), http://rulewerk.semantic-web.org/normalForm/conj(?X_4, <http://www.w3.org/1999/02/22-rdf-syntax-ns#nil>, ?X_6) .
08:51:33 [INFO] 22 / 25
08:51:33 [INFO]   Generating new single body literal rule for R_21
08:51:33 [INFO]   Assigned relation R_21 the artiy 6
08:51:33 [INFO]   Added new rule of name r_GEN_22
08:51:33 [INFO]   R_21(?X_4, ?X_3, <http://www.w3.org/2002/07/owl#intersectionOf>, ?X_1, ?X_6, ?X_3) :- R_11(?X_4, ?X_3, <http://www.w3.org/2002/07/owl#intersectionOf>), R_11(?X_1, ?X_6, ?X_3) .
08:51:33 [INFO] 23 / 25
08:51:33 [INFO]   Generating new single body literal rule for R_22
08:51:33 [INFO]   Assigned relation R_22 the artiy 1
08:51:33 [INFO]   Added new rule of name r_GEN_23
08:51:33 [INFO]   R_22(?X_1) :- R_OUT(?Y_1, ?X_1, ?X_1, <http://www.w3.org/2002/07/owl#equivalentClass>, ?X_1, <http://www.w3.org/2002/07/owl#equivalentClass>) .
08:51:33 [INFO] 24 / 25
08:51:33 [INFO]   Generating new single body literal rule for R_23
08:51:33 [INFO]   Assigned relation R_23 the artiy 5
08:51:33 [INFO]   Added new rule of name r_GEN_24
08:51:33 [INFO]   R_23(?X_1, ?X_2, ?X_3, ?X_3, <http://www.w3.org/1999/02/22-rdf-syntax-ns#first>) :- auxClass(?X_1), auxClass(?X_2), auxClass(?X_3), auxClass(?X_3), auxClass(<http://www.w3.org/1999/02/22-rdf-syntax-ns#first>) .
08:51:33 [INFO] 25 / 25
08:51:33 [INFO]   Generating new single body literal rule for R_24
08:51:33 [INFO]   Added new rule of name r_GEN_25
08:51:33 [INFO]   R_24(<http://www.w3.org/1999/02/22-rdf-syntax-ns#first>, ?X_4, ?X_2, ?X_5, ?X_6, ?X_3) :- nonlast(<http://www.w3.org/1999/02/22-rdf-syntax-ns#first>), nonlast(?X_4), nonlast(?X_2), nonlast(?X_5), nonlast(?X_6), nonlast(?X_3) .
08:51:33 [INFO] 
08:51:33 [INFO] Adding a outgoing relational edge for each relation other than R_OUT
08:51:33 [INFO] 
08:51:33 [INFO] 1 / 48
08:51:33 [INFO]   Adding outgoing relational edge from ClassObject for r_GEN_14
08:51:33 [INFO]   Generated literal ClassObject(?Z_1) for rule r_GEN_14
08:51:33 [INFO] 2 / 48
08:51:33 [INFO]   Adding outgoing relational edge from ClassSubject for r_GEN_14
08:51:33 [INFO]   Generated literal ClassSubject(?Y_1) for rule r_GEN_14
08:51:33 [INFO] 3 / 48
08:51:33 [INFO]   Adding outgoing relational edge from TRIPLE for r_GEN_13
08:51:33 [INFO]   Generated literal TRIPLE(?X_2, ?X_4, ?X_5) for rule r_GEN_13
08:51:33 [INFO] 4 / 48
08:51:33 [INFO]   Adding outgoing relational edge from auxClass for r_GEN_24
08:51:33 [INFO]   Generated literal auxClass(?X_1) for rule r_GEN_24
08:51:33 [INFO] 5 / 48
08:51:33 [INFO]   Adding outgoing relational edge from class for r_GEN_25
08:51:33 [INFO]   Generated literal ~class(?X_3) for rule r_GEN_25
08:51:33 [INFO] 6 / 48
08:51:33 [INFO]   Adding outgoing relational edge from directSubProp for r_GEN_5
08:51:33 [INFO]   Generated literal directSubProp(?X_1, ?Z_2) for rule r_GEN_5
08:51:33 [INFO] 7 / 48
08:51:33 [INFO]   Adding outgoing relational edge from first for r_GEN_5
08:51:33 [INFO]   Generated literal first(?X_1) for rule r_GEN_5
08:51:33 [INFO] 8 / 48
08:51:33 [INFO]   Adding outgoing relational edge from http://rulewerk.semantic-web.org/normalForm/conj for r_GEN_12
08:51:33 [INFO]   Generated literal http://rulewerk.semantic-web.org/normalForm/conj(<http://www.w3.org/2000/01/rdf-schema#subClassOf>, ?X_3, ?X_3) for rule r_GEN_12
08:51:33 [INFO] 9 / 48
08:51:33 [INFO]   Adding outgoing relational edge from http://rulewerk.semantic-web.org/normalForm/exists for r_GEN_4
08:51:33 [INFO]   Generated literal ~http://rulewerk.semantic-web.org/normalForm/exists(?X_1, ?X_1, ?X_1) for rule r_GEN_4
08:51:33 [INFO] 10 / 48
08:51:33 [INFO]   Adding outgoing relational edge from http://rulewerk.semantic-web.org/normalForm/isMainClass for r_GEN_2
08:51:33 [INFO]   Generated literal ~http://rulewerk.semantic-web.org/normalForm/isMainClass(<http://www.w3.org/2002/07/owl#equivalentClass>) for rule r_GEN_2
08:51:33 [INFO] 11 / 48
08:51:33 [INFO]   Adding outgoing relational edge from http://rulewerk.semantic-web.org/normalForm/isSubClass for r_GEN_10
08:51:33 [INFO]   Generated literal http://rulewerk.semantic-web.org/normalForm/isSubClass(?X_1) for rule r_GEN_10
08:51:33 [INFO] 12 / 48
08:51:33 [INFO]   Adding outgoing relational edge from http://rulewerk.semantic-web.org/normalForm/subClassOf for r_GEN_2
08:51:33 [INFO]   Generated literal http://rulewerk.semantic-web.org/normalForm/subClassOf(?Z_1, <http://www.w3.org/2000/01/rdf-schema#subPropertyOf>) for rule r_GEN_2
08:51:33 [INFO] 13 / 48
08:51:33 [INFO]   Adding outgoing relational edge from http://rulewerk.semantic-web.org/normalForm/subProp for r_GEN_7
08:51:33 [INFO]   Generated literal http://rulewerk.semantic-web.org/normalForm/subProp(?X_1, ?Z_2) for rule r_GEN_7
08:51:33 [INFO] 14 / 48
08:51:33 [INFO]   Adding outgoing relational edge from http://rulewerk.semantic-web.org/normalForm/subPropChain for r_GEN_2
08:51:33 [INFO]   Generated literal ~http://rulewerk.semantic-web.org/normalForm/subPropChain(?Z_1, <http://www.w3.org/2002/07/owl#someValuesFrom>, ?Z_1) for rule r_GEN_2
08:51:33 [INFO] 15 / 48
08:51:33 [INFO]   Adding outgoing relational edge from in for r_GEN_12
08:51:33 [INFO]   Generated literal in(?X_2, ?Z_1) for rule r_GEN_12
08:51:33 [INFO] 16 / 48
08:51:33 [INFO]   Adding outgoing relational edge from last for r_GEN_8
08:51:33 [INFO]   Generated literal last(?X_1) for rule r_GEN_8
08:51:33 [INFO] 17 / 48
08:51:33 [INFO]   Adding outgoing relational edge from next for r_GEN_6
08:51:33 [INFO]   Generated literal next(?X_3, ?Z_1) for rule r_GEN_6
08:51:33 [INFO] 18 / 48
08:51:33 [INFO]   Adding outgoing relational edge from nonfirst for r_GEN_10
08:51:33 [INFO]   Generated literal nonfirst(?X_1) for rule r_GEN_10
08:51:33 [INFO] 19 / 48
08:51:33 [INFO]   Adding outgoing relational edge from nonlast for r_GEN_19
08:51:33 [INFO]   Generated literal nonlast(?Z_1) for rule r_GEN_19
08:51:33 [INFO] 20 / 48
08:51:33 [INFO]   Adding outgoing relational edge from prepareSco for r_GEN_1
08:51:33 [INFO]   Generated literal ~prepareSco(?X_1, ?X_4) for rule r_GEN_1
08:51:33 [INFO] 21 / 48
08:51:33 [INFO]   Adding outgoing relational edge from repOf for r_GEN_19
08:51:33 [INFO]   Generated literal repOf(?X_1, ?Z_3) for rule r_GEN_19
08:51:33 [INFO] 22 / 48
08:51:33 [INFO]   Adding outgoing relational edge from synConj for r_GEN_8
08:51:33 [INFO]   Generated literal synConj(?X_1, ?Y_1, <http://www.w3.org/1999/02/22-rdf-syntax-ns#rest>) for rule r_GEN_8
08:51:33 [INFO] 23 / 48
08:51:33 [INFO]   Adding outgoing relational edge from synEx for r_GEN_15
08:51:33 [INFO]   Generated literal ~synEx(<http://www.w3.org/2000/01/rdf-schema#subClassOf>, <http://www.w3.org/2002/07/owl#someValuesFrom>, <http://www.w3.org/2002/07/owl#intersectionOf>) for rule r_GEN_15
08:51:33 [INFO] 24 / 48
08:51:33 [INFO]   Adding outgoing relational edge from synExRep for r_GEN_21
08:51:33 [INFO]   Generated literal synExRep(?X_6, ?X_4, ?Z_4) for rule r_GEN_21
08:51:33 [INFO] 25 / 48
08:51:33 [INFO]   Adding outgoing relational edge from R_1 for r_GEN_16
08:51:33 [INFO]   Generated literal R_1(?X_1) for rule r_GEN_16
08:51:33 [INFO] 26 / 48
08:51:33 [INFO]   Adding outgoing relational edge from R_2 for r_GEN_16
08:51:33 [INFO]   Generated literal ~R_2(?X_1) for rule r_GEN_16
08:51:33 [INFO] 27 / 48
08:51:33 [INFO]   Adding outgoing relational edge from R_3 for r_GEN_22
08:51:33 [INFO]   Generated literal ~R_3(<http://www.w3.org/2000/01/rdf-schema#subClassOf>, ?X_3, ?X_3) for rule r_GEN_22
08:51:33 [INFO] 28 / 48
08:51:33 [INFO]   Adding outgoing relational edge from R_4 for r_GEN_11
08:51:33 [INFO]   Generated literal R_4(?X_1, ?Z_3, ?X_2, ?X_1) for rule r_GEN_11
08:51:33 [INFO] 29 / 48
08:51:33 [INFO]   Adding outgoing relational edge from R_5 for r_GEN_8
08:51:33 [INFO]   Generated literal R_5(?X_1, ?X_1, ?Y_1, ?Y_1, ?X_1) for rule r_GEN_8
08:51:33 [INFO] 30 / 48
08:51:33 [INFO]   Adding outgoing relational edge from R_6 for r_GEN_25
08:51:33 [INFO]   Generated literal ~R_6(?X_2, ?X_6) for rule r_GEN_25
08:51:33 [INFO] 31 / 48
08:51:33 [INFO]   Adding outgoing relational edge from R_7 for r_GEN_9
08:51:33 [INFO]   Generated literal R_7(?X_4, <http://www.w3.org/2002/07/owl#equivalentClass>) for rule r_GEN_9
08:51:33 [INFO] 32 / 48
08:51:33 [INFO]   Adding outgoing relational edge from R_8 for r_GEN_25
08:51:33 [INFO]   Generated literal R_8(?X_3, ?X_2, ?Z_4, ?X_4, ?Z_1, ?X_5) for rule r_GEN_25
08:51:33 [INFO] 33 / 48
08:51:33 [INFO]   Adding outgoing relational edge from R_9 for r_GEN_21
08:51:33 [INFO]   Generated literal R_9(?X_6, ?X_6) for rule r_GEN_21
08:51:33 [INFO] 34 / 48
08:51:33 [INFO]   Adding outgoing relational edge from R_10 for r_GEN_19
08:51:33 [INFO]   Generated literal R_10(?Z_4, ?X_1, ?Z_2, ?Z_3, ?X_1) for rule r_GEN_19
08:51:33 [INFO] 35 / 48
08:51:33 [INFO]   Adding outgoing relational edge from R_11 for r_GEN_13
08:51:33 [INFO]   Generated literal R_11(?X_2, ?X_2, ?X_2) for rule r_GEN_13
08:51:33 [INFO] 36 / 48
08:51:33 [INFO]   Adding outgoing relational edge from R_12 for r_GEN_19
08:51:33 [INFO]   Generated literal R_12(?Z_1, ?X_1, ?X_1, ?Z_2, ?Z_7) for rule r_GEN_19
08:51:33 [INFO] 37 / 48
08:51:33 [INFO]   Adding outgoing relational edge from R_13 for r_GEN_22
08:51:33 [INFO]   Generated literal R_13(?X_3) for rule r_GEN_22
08:51:33 [INFO] 38 / 48
08:51:33 [INFO]   Adding outgoing relational edge from R_14 for r_GEN_1
08:51:33 [INFO]   Generated literal ~R_14(?X_4) for rule r_GEN_1
08:51:33 [INFO] 39 / 48
08:51:33 [INFO]   Adding outgoing relational edge from R_15 for r_GEN_4
08:51:33 [INFO]   Generated literal R_15(?X_1, ?Z_4, ?X_2, ?X_2, ?X_1, ?X_1) for rule r_GEN_4
08:51:33 [INFO] 40 / 48
08:51:33 [INFO]   Adding outgoing relational edge from R_16 for r_GEN_8
08:51:33 [INFO]   Generated literal ~R_16(?Y_1, ?X_1) for rule r_GEN_8
08:51:33 [INFO] 41 / 48
08:51:33 [INFO]   Adding outgoing relational edge from R_17 for r_GEN_8
08:51:33 [INFO]   Generated literal ~R_17(<http://www.w3.org/1999/02/22-rdf-syntax-ns#nil>, ?X_1, ?Y_1, ?X_1) for rule r_GEN_8
08:51:33 [INFO] 42 / 48
08:51:33 [INFO]   Adding outgoing relational edge from R_18 for r_GEN_17
08:51:33 [INFO]   Generated literal ~R_18(?X_2) for rule r_GEN_17
08:51:33 [INFO] 43 / 48
08:51:33 [INFO]   Adding outgoing relational edge from R_19 for r_GEN_22
08:51:33 [INFO]   Generated literal ~R_19(?X_3, ?X_1, ?X_3, ?X_6) for rule r_GEN_22
08:51:33 [INFO] 44 / 48
08:51:33 [INFO]   Adding outgoing relational edge from R_20 for r_GEN_22
08:51:33 [INFO]   Generated literal R_20(<http://www.w3.org/2000/01/rdf-schema#subClassOf>, ?X_4, ?X_6, ?X_6, ?Z_4, ?Z_2) for rule r_GEN_22
08:51:33 [INFO] 45 / 48
08:51:33 [INFO]   Adding outgoing relational edge from R_21 for r_GEN_15
08:51:33 [INFO]   Generated literal R_21(?Z_1, <http://www.w3.org/2000/01/rdf-schema#subPropertyOf>, <http://www.w3.org/2002/07/owl#someValuesFrom>, <http://www.w3.org/1999/02/22-rdf-syntax-ns#rest>, <http://www.w3.org/2002/07/owl#propertyChain>, <http://www.w3.org/2002/07/owl#equivalentClass>) for rule r_GEN_15
08:51:33 [INFO] 46 / 48
08:51:33 [INFO]   Adding outgoing relational edge from R_22 for r_GEN_25
08:51:33 [INFO]   Generated literal R_22(?X_6) for rule r_GEN_25
08:51:33 [INFO] 47 / 48
08:51:33 [INFO]   Adding outgoing relational edge from R_23 for r_GEN_19
08:51:33 [INFO]   Generated literal ~R_23(?X_1, ?X_1, ?Z_4, ?Z_1, ?X_1) for rule r_GEN_19
08:51:33 [INFO] 48 / 48
08:51:33 [WARN] Could not generate outgoing relational edge for R_24
08:51:33 [INFO] 
08:51:33 [INFO] Adding gen. size facts
08:51:33 [INFO] 
08:51:33 [INFO] 1 / 25
08:51:33 [INFO]   II Add Fact Node and Edge
08:51:33 [INFO]   Added new fact R_7(<http://www.w3.org/2002/07/owl#someValuesFrom>, 8232497180612128639).
08:51:33 [INFO] 2 / 25
08:51:33 [INFO]   II Add Fact Node and Edge
08:51:33 [INFO]   Added new fact R_OUT(1604580361476330503, "str_1", "str_2", <http://www.w3.org/1999/02/22-rdf-syntax-ns#nil>, <http://www.w3.org/2002/07/owl#intersectionOf>, 5765519298276034456).
08:51:33 [INFO] 3 / 25
08:51:33 [INFO]   II Add Fact Node and Edge
08:51:33 [INFO]   Added new fact R_22(<http://www.w3.org/2002/07/owl#someValuesFrom>).
08:51:33 [INFO] 4 / 25
08:51:33 [INFO]   II Add Fact Node and Edge
08:51:33 [INFO]   Added new fact R_13(<http://www.w3.org/2000/01/rdf-schema#subClassOf>).
08:51:33 [INFO] 5 / 25
08:51:33 [INFO]   II Add Fact Node and Edge
08:51:33 [INFO]   Added new fact R_OUT(12238917329362994116, 1902091941023976038, 8850099415139411419, <http://www.w3.org/1999/02/22-rdf-syntax-ns#first>, c_1, 95812037336062521).
08:51:33 [INFO] 6 / 25
08:51:33 [INFO]   II Add Fact Node and Edge
08:51:33 [INFO]   Added new fact R_21(11739035530622835938, <http://www.w3.org/2002/07/owl#disjointWith>, <http://www.w3.org/1999/02/22-rdf-syntax-ns#rest>, c_2, <http://www.w3.org/2000/01/rdf-schema#subClassOf>, <http://www.w3.org/2002/07/owl#intersectionOf>).
08:51:33 [INFO] 7 / 25
08:51:33 [INFO]   II Add Fact Node and Edge
08:51:33 [INFO]   Added new fact R_7(8232497180612128639, "str_3").
08:51:33 [INFO] 8 / 25
08:51:33 [INFO]   II Add Fact Node and Edge
08:51:33 [INFO]   Added new fact R_17("str_4", <http://www.w3.org/2002/07/owl#equivalentClass>, 12238917329362994116, 3329594693672190318).
08:51:33 [INFO] 9 / 25
08:51:33 [INFO]   II Add Fact Node and Edge
08:51:33 [INFO]   Added new fact R_24(c_3, c_4, <http://www.w3.org/2002/07/owl#disjointWith>, <http://www.w3.org/1999/02/22-rdf-syntax-ns#rest>, 11739035530622835938, c_5).
08:51:33 [INFO] 10 / 25
08:51:33 [INFO]   II Add Fact Node and Edge
08:51:33 [INFO]   Added new fact R_OUT("str_5", c_1, c_1, "str_3", 8232497180612128639, <http://www.w3.org/1999/02/22-rdf-syntax-ns#first>).
08:51:33 [INFO] 11 / 25
08:51:33 [INFO]   II Add Fact Node and Edge
08:51:33 [INFO]   Added new fact R_14(c_6).
08:51:33 [INFO] 12 / 25
08:51:33 [INFO]   II Add Fact Node and Edge
08:51:33 [INFO]   Added new fact R_3("str_1", c_2, <http://www.w3.org/2002/07/owl#onProperty>).
08:51:33 [INFO] 13 / 25
08:51:33 [INFO]   II Add Fact Node and Edge
08:51:33 [INFO]   Added new fact R_6(8232497180612128639, c_7).
08:51:33 [INFO] 14 / 25
08:51:33 [INFO]   II Add Fact Node and Edge
08:51:33 [INFO]   Added new fact R_7(11739035530622835938, 1604580361476330503).
08:51:33 [INFO] 15 / 25
08:51:33 [INFO]   II Add Fact Node and Edge
08:51:33 [INFO]   Added new fact R_19(c_5, c_8, 95812037336062521, 17945957790223923231).
08:51:33 [INFO] 16 / 25
08:51:33 [INFO]   II Add Fact Node and Edge
08:51:33 [INFO]   Added new fact R_3(1604580361476330503, c_9, c_10).
08:51:33 [INFO] 17 / 25
08:51:33 [INFO]   II Add Fact Node and Edge
08:51:33 [INFO]   Added new fact R_22(<http://www.w3.org/2002/07/owl#disjointWith>).
08:51:33 [INFO] 18 / 25
08:51:33 [INFO]   II Add Fact Node and Edge
08:51:33 [INFO]   Added new fact R_24("str_4", <http://www.w3.org/2002/07/owl#intersectionOf>, "str_6", c_11, 8232497180612128639, 5765519298276034456).
08:51:33 [INFO] 19 / 25
08:51:33 [INFO]   II Add Fact Node and Edge
08:51:33 [INFO]   Added new fact R_17(c_11, "str_7", "str_8", "str_9").
08:51:33 [INFO] 20 / 25
08:51:33 [INFO]   II Add Fact Node and Edge
08:51:33 [INFO]   Added new fact R_13(c_12).
08:51:33 [INFO] 21 / 25
08:51:33 [INFO]   II Add Fact Node and Edge
08:51:33 [INFO]   Added new fact R_22(<http://www.w3.org/2002/07/owl#someValuesFrom>).
08:51:33 [INFO] 22 / 25
08:51:33 [INFO]   II Add Fact Node and Edge
08:51:33 [INFO]   Added new fact R_24("str_10", 9230208103092140503, c_13, c_14, 14475350920079861541, <http://www.w3.org/2002/07/owl#someValuesFrom>).
08:51:33 [INFO] 23 / 25
08:51:33 [INFO]   II Add Fact Node and Edge
08:51:33 [INFO]   Added new fact R_6("str_2", "str_11").
08:51:33 [INFO] 24 / 25
08:51:33 [INFO]   II Add Fact Node and Edge
08:51:33 [INFO]   Added new fact R_7(c_11, "str_12").
08:51:33 [INFO] 25 / 25
08:51:33 [INFO]   II Add Fact Node and Edge
08:51:33 [INFO]   Added new fact R_24(c_15, c_16, 6224704144895193345, 27779321443901811, 14475350920079861541, <http://www.w3.org/2000/01/rdf-schema#subClassOf>).
08:51:33 [INFO] 
08:51:33 [INFO] ----------------------------------------------
08:51:33 [INFO] ----------- Program Generation Done ----------
08:51:33 [INFO] ----------------------------------------------
08:51:33 [INFO] 
08:51:33 [INFO] ----------- Generated ADG Summary: -----------
08:51:33 [INFO] ADG Fact Nodes:                  25
08:51:33 [INFO] ADG Relational Nodes:            49
08:51:33 [INFO] ADG Fact Edges:                  25
08:51:33 [INFO] ADG Relational Edges:            97
08:51:33 [INFO] Number of inv. Strata:           5
08:51:33 [INFO] 
08:51:33 [INFO] Nodes with None Ancestry:        0
08:51:33 [INFO] Nodes with Positive Ancestry:    10
08:51:33 [INFO] Nodes with Negative Ancestry:    9
08:51:33 [INFO] Nodes with Unknown Ancestry:     30
08:51:33 [INFO] 
08:51:33 [INFO] Next rule name would be:         r_CON_26
08:51:33 [INFO] Next predicate name would be:    R_25
08:51:33 [INFO] Next constant name would be:     c_17
08:51:33 [INFO] Next string would be:            "str_13"
08:51:33 [INFO] 
08:51:33 [INFO] Output predicate:                R_OUT
08:51:33 [INFO] Generated rule count:            25
08:51:33 [INFO] Rule count:                      57
08:51:33 [INFO] Average rel. arity:              2.7142857142857144
08:51:33 [INFO] Arity calc. may be inaccurate if arity > f64
08:51:33 [INFO] ----------------------------------------------
08:51:33 [INFO] 
08:51:33 [INFO] ------ Performed Gen. Transformations: -------
08:51:33 [INFO]  #      Type
08:51:33 [INFO]  25      Generate New Rule with Probably Single Lit
08:51:33 [INFO]  47      Generating an Outgoing Relational Edge
08:51:33 [INFO]  24      I     Add Relational Node
08:51:33 [INFO]  25      II    Add Fact Node and Edge
08:51:33 [INFO] ----------------------------------------------
08:51:33 [INFO] 
08:51:33 [INFO] Storing input ADG and input program
08:51:33 [INFO] 
08:51:33 [INFO] ----------------------------------------------
08:51:33 [INFO] --------- Beginning Transformations ----------
08:51:33 [INFO] --------  Oracle: CON    Number: 63
08:51:33 [INFO] ----------------------------------------------
08:51:33 [INFO] 1 / 63
08:51:33 [INFO]   IV Add Relational Edge - New Literal
08:51:33 [INFO]   Generated literal in(?Z_2, ?X_3) for rule r_GEN_6
08:51:33 [INFO] 2 / 63
08:51:33 [INFO]   VII Modify Rule - Add Equality
08:51:33 [INFO]   Replaced var ?X_1 with var ?Z_4 in the rule r_GEN_4
08:51:33 [INFO] 3 / 63
08:51:33 [INFO]   I Add Relational Node
08:51:33 [INFO]   Added new relation R_27
08:51:33 [INFO] 4 / 63
08:51:33 [INFO]   IV Add Relational Edge - New Literal
08:51:33 [INFO]   Generated literal ~R_6(?X_3, ?Z_1) for rule r_GEN_6
08:51:33 [INFO] 5 / 63
08:51:33 [INFO]   III Add Relational edges - New Rule
08:51:33 [INFO]   Added new rule of name r_CON_28
08:51:33 [INFO]   R_6(?X_1, ?X_1) :- R_12(<http://www.w3.org/2000/01/rdf-schema#subClassOf>, ?X_1, ?X_1, ?X_1, ?X_1), http://rulewerk.semantic-web.org/normalForm/subProp(?Y_1, ?X_1), class(?X_1), ~R_15(<http://www.w3.org/1999/02/22-rdf-syntax-ns#nil>, ?X_1, ?X_1, ?X_1, ?X_1, <http://www.w3.org/1999/02/22-rdf-syntax-ns#nil>) .
08:51:33 [INFO] 6 / 63
08:51:33 [INFO]   VI Remove Relational Edge - Single Literal
08:51:33 [INFO]   Found the rule of the name r_GEN_14
08:51:33 [INFO]   Removed relational edge NodeIndex(1): (ClassSubject -> R_13)
08:51:33 [INFO]   Attempting to remove the literal +ClassSubject(, ?Y_1) from the rule r_GEN_14
08:51:33 [INFO] 7 / 63
08:51:33 [INFO]   XI Add Contradictory Rule
08:51:33 [INFO]   Assigned relation R_27 the artiy 6
08:51:33 [INFO]   Added new contradictory rule of name r_CON_29
08:51:33 [INFO]   R_4(?X_4, ?X_2, "str_6", ?X_1) :- R_27(?X_4, "str_13", "str_6", "str_13", ?X_2, ?X_1), ~R_27(?X_4, "str_13", "str_6", "str_13", ?X_2, ?X_1) .
08:51:33 [INFO] 8 / 63
08:51:33 [INFO]   III Add Relational edges - New Rule
08:51:33 [INFO]   Added new rule of name r_CON_30
08:51:33 [INFO]   R_13(?X_1) :- R_9(<http://www.w3.org/2000/01/rdf-schema#subClassOf>, ?Y_1), http://rulewerk.semantic-web.org/normalForm/subPropChain(?X_1, <http://www.w3.org/2000/01/rdf-schema#subClassOf>, ?X_1), last(<http://www.w3.org/2000/01/rdf-schema#subClassOf>), nonlast(?X_1), ~R_23(?Y_1, ?X_1, <http://www.w3.org/2000/01/rdf-schema#subClassOf>, <http://www.w3.org/2000/01/rdf-schema#subClassOf>, <http://www.w3.org/2000/01/rdf-schema#subClassOf>), ~R_17(c_17, <http://www.w3.org/2000/01/rdf-schema#subClassOf>, ?X_1, c_17), ~http://rulewerk.semantic-web.org/normalForm/isSubClass(?X_1) .
08:51:33 [INFO] 9 / 63
08:51:33 [INFO]   IV Add Relational Edge - New Literal
08:51:33 [INFO]   Generated literal ~http://rulewerk.semantic-web.org/normalForm/isMainClass(?Y_1) for rule r_GEN_23
08:51:33 [INFO] 10 / 63
08:51:33 [INFO]   IX Remove Fact Node and Edge
08:51:33 [INFO]   Removed fact R_7(8232497180612128639, "str_3"). from the program
08:51:33 [INFO]   Removed fact R_7(8232497180612128639, "str_3"). from the ADG.
08:51:33 [INFO] 11 / 63
08:51:33 [INFO]   III Add Relational edges - New Rule
08:51:33 [INFO]   Added new rule of name r_CON_31
08:51:33 [INFO]   R_21(?X_5, ?X_3, ?X_3, <http://www.w3.org/2002/07/owl#disjointWith>, ?X_4, ?X_1) :- first(?X_5), http://rulewerk.semantic-web.org/normalForm/exists(?X_3, ?X_3, ?X_1), last(?X_4), http://rulewerk.semantic-web.org/normalForm/exists(?X_1, ?X_5, <http://www.w3.org/2002/07/owl#disjointWith>), ~R_6("str_5", ?X_5), ~synEx(?X_1, ?X_1, ?X_3), ~TRIPLE(?X_1, ?X_4, ?X_5) .
08:51:33 [INFO] 12 / 63
08:51:33 [INFO]   IX Remove Fact Node and Edge
08:51:33 [INFO]   Removed fact R_7(<http://www.w3.org/2002/07/owl#someValuesFrom>, 8232497180612128639). from the program
08:51:33 [INFO]   Removed fact R_7(<http://www.w3.org/2002/07/owl#someValuesFrom>, 8232497180612128639). from the ADG.
08:51:33 [INFO] 13 / 63
08:51:33 [INFO]   IV Add Relational Edge - New Literal
08:51:33 [INFO]   Generated literal ~http://rulewerk.semantic-web.org/normalForm/isMainClass(?Z_4) for rule r_GEN_4
08:51:33 [INFO] 14 / 63
08:51:33 [INFO]   IX Remove Fact Node and Edge
08:51:33 [INFO]   Removed fact R_22(<http://www.w3.org/2002/07/owl#someValuesFrom>). from the program
08:51:33 [INFO]   Removed fact R_22(<http://www.w3.org/2002/07/owl#someValuesFrom>). from the program
08:51:33 [INFO]   Removed fact R_22(<http://www.w3.org/2002/07/owl#someValuesFrom>). from the ADG.
08:51:33 [INFO] 15 / 63
08:51:33 [INFO]   XI Add Contradictory Rule
08:51:33 [INFO]   Added new contradictory rule of name r_CON_32
08:51:33 [INFO]   R_11(?X_2, ?X_3, ?X_1) :- R_27(<http://www.w3.org/2002/07/owl#intersectionOf>, ?X_3, <http://www.w3.org/2002/07/owl#intersectionOf>, ?X_1, ?Y_1, ?X_2), ~R_27(<http://www.w3.org/2002/07/owl#intersectionOf>, ?X_3, <http://www.w3.org/2002/07/owl#intersectionOf>, ?X_1, ?Y_1, ?X_2) .
08:51:33 [INFO] 16 / 63
08:51:33 [INFO]   III Add Relational edges - New Rule
08:51:33 [INFO]   Added new rule of name r_CON_33
08:51:33 [INFO]   R_14(12238917329362994116) :- ClassObject("str_9"), R_12(?Y_1, 12238917329362994116, 12238917329362994116, 12238917329362994116, "str_9"), ~first(12238917329362994116), ~http://rulewerk.semantic-web.org/normalForm/subPropChain(12238917329362994116, "str_9", ?Y_1), ~R_10(12238917329362994116, 12238917329362994116, 12238917329362994116, "str_9", 12238917329362994116), ~class(12238917329362994116) .
08:51:33 [INFO] 17 / 63
08:51:33 [INFO]   VII Modify Rule - Add Equality
08:51:33 [INFO]   Replaced var ?X_1 with var ?Y_1 in the rule r_GEN_23
08:51:33 [INFO] 18 / 63
08:51:33 [INFO]   XI Add Contradictory Rule
08:51:33 [INFO]   Added new contradictory rule of name r_CON_34
08:51:33 [INFO]   R_2(?X_1) :- auxClass(?X_1), ~auxClass(?X_1) .
08:51:33 [INFO] 19 / 63
08:51:33 [INFO]   VIII Modify Rule - Remove Equality
08:51:33 [INFO]   Replaced a random number of var Y_1 with var Y_1_new_1 in the rule r_GEN_14
08:51:33 [INFO] 20 / 63
08:51:33 [INFO]   IX Remove Fact Node and Edge
08:51:33 [INFO]   Removed fact R_7(c_11, "str_12"). from the program
08:51:33 [INFO]   Removed fact R_7(c_11, "str_12"). from the ADG.
08:51:33 [INFO] 21 / 63
08:51:33 [INFO]   VII Modify Rule - Add Equality
08:51:33 [INFO]   Replaced var ?Z_4 with var ?X_3 in the rule r_GEN_25
08:51:33 [INFO] 22 / 63
08:51:33 [INFO]   III Add Relational edges - New Rule
08:51:33 [INFO]   Added new rule of name r_CON_35
08:51:33 [INFO]   R_21(?X_4, ?X_4, ?X_5, ?X_1, <http://www.w3.org/2000/01/rdf-schema#subPropertyOf>, ?X_6) :- http://rulewerk.semantic-web.org/normalForm/subPropChain(?X_4, ?X_4, ?X_5), R_16(?X_1, <http://www.w3.org/2000/01/rdf-schema#subPropertyOf>), R_16(?X_4, ?X_6), ~synConj(?X_5, ?X_1, ?X_4), ~R_18(<http://www.w3.org/2000/01/rdf-schema#subPropertyOf>) .
08:51:33 [INFO] 23 / 63
08:51:33 [INFO]   XI Add Contradictory Rule
08:51:33 [INFO]   Added new contradictory rule of name r_CON_36
08:51:33 [INFO]   R_21(?X_4, ?X_5, ?X_1, ?X_5, ?X_6, ?X_2) :- next(?X_4, ?X_5), next(?X_1, ?X_5), next(?X_6, ?X_2), ~next(?X_4, ?X_5) .
08:51:33 [INFO] 24 / 63
08:51:33 [INFO]   VII Modify Rule - Add Equality
08:51:33 [INFO]   Replaced var ?X_4 with var ?X_3 in the rule r_GEN_25
08:51:33 [INFO] 25 / 63
08:51:33 [INFO]   I Add Relational Node
08:51:33 [INFO]   Added new relation R_28
08:51:33 [INFO] 26 / 63
08:51:33 [INFO]   IV Add Relational Edge - New Literal
08:51:33 [INFO]   Generated literal nonfirst(?X_2) for rule r_GEN_4
08:51:33 [INFO] 27 / 63
08:51:33 [INFO]   II Add Fact Node and Edge
08:51:33 [INFO]   Added new fact R_21(c_19, 9230208103092140503, <http://www.w3.org/2002/07/owl#equivalentClass>, c_20, <http://www.w3.org/2002/07/owl#equivalentClass>, 8850099415139411419).
08:51:33 [INFO] 28 / 63
08:51:33 [INFO]   II Add Fact Node and Edge
08:51:33 [INFO]   Assigned relation R_28 the artiy 6
08:51:33 [INFO]   Added new fact R_28("str_6", 7349457706984946689, "str_10", c_13, c_15, "str_8").
08:51:33 [INFO] 29 / 63
08:51:33 [INFO]   VII Modify Rule - Add Equality
08:51:33 [INFO]   Replaced var ?X_4 with var ?X_3 in the rule r_GEN_20
08:51:33 [INFO] 30 / 63
08:51:33 [INFO]   IX Remove Fact Node and Edge
08:51:33 [INFO]   Removed fact R_7(11739035530622835938, 1604580361476330503). from the program
08:51:33 [INFO]   Removed fact R_7(11739035530622835938, 1604580361476330503). from the ADG.
08:51:33 [INFO] 31 / 63
08:51:33 [INFO]   IV Add Relational Edge - New Literal
08:51:33 [INFO]   Generated literal ~last(?X_2) for rule r_GEN_1
08:51:33 [INFO] 32 / 63
08:51:33 [INFO]   I Add Relational Node
08:51:33 [INFO]   Added new relation R_29
08:51:33 [INFO] 33 / 63
08:51:33 [INFO]   VII Modify Rule - Add Equality
08:51:33 [INFO]   Replaced var ?X_2 with var ?X_3 in the rule r_GEN_20
08:51:33 [INFO] 34 / 63
08:51:33 [INFO]   XI Add Contradictory Rule
08:51:33 [INFO]   Added new contradictory rule of name r_CON_37
08:51:33 [INFO]   R_18(?X_1) :- R_27(?Y_1, ?X_1, ?Y_1, ?X_1, ?X_1, ?Y_1), ~R_27(?Y_1, ?X_1, ?Y_1, ?X_1, ?X_1, ?Y_1) .
08:51:33 [INFO] 35 / 63
08:51:33 [INFO]   III Add Relational edges - New Rule
08:51:33 [INFO]   Added new rule of name r_CON_38
08:51:33 [INFO]   R_13(?X_1) :- http://rulewerk.semantic-web.org/normalForm/subClassOf(?Y_1, ?X_1), ~next(<http://www.w3.org/1999/02/22-rdf-syntax-ns#first>, ?X_1), ~ClassSubject(?X_1) .
08:51:33 [INFO] 36 / 63
08:51:33 [INFO]   I Add Relational Node
08:51:33 [INFO]   Added new relation R_30
08:51:33 [INFO] 37 / 63
08:51:33 [INFO]   I Add Relational Node
08:51:33 [INFO]   Added new relation R_31
08:51:33 [INFO] 38 / 63
08:51:33 [INFO]   IX Remove Fact Node and Edge
08:51:33 [INFO]   Removed fact R_28("str_6", 7349457706984946689, "str_10", c_13, c_15, "str_8"). from the program
08:51:33 [INFO]   Removed fact R_28("str_6", 7349457706984946689, "str_10", c_13, c_15, "str_8"). from the ADG.
08:51:33 [INFO] 39 / 63
08:51:33 [INFO]   VII Modify Rule - Add Equality
08:51:33 [INFO]   Replaced var ?X_3 with var ?Y_1 in the rule r_GEN_20
08:51:33 [INFO] 40 / 63
08:51:33 [INFO]   IV Add Relational Edge - New Literal
08:51:33 [INFO]   Generated literal ~http://rulewerk.semantic-web.org/normalForm/subClassOf(?Y_1, ?X_3) for rule r_GEN_6
08:51:33 [INFO] 41 / 63
08:51:33 [INFO]   I Add Relational Node
08:51:33 [INFO]   Added new relation R_32
08:51:33 [INFO] 42 / 63
08:51:33 [INFO]   VIII Modify Rule - Remove Equality
08:51:33 [INFO]   Replaced a random number of var X_1 with var X_1_new_1 in the rule r_CON_30
08:51:33 [INFO] 43 / 63
08:51:33 [INFO]   IV Add Relational Edge - New Literal
08:51:33 [INFO]   Generated literal ~http://rulewerk.semantic-web.org/normalForm/conj(?X_5, <http://www.w3.org/2000/01/rdf-schema#subClassOf>, ?X_2) for rule r_GEN_25
08:51:33 [INFO] 44 / 63
08:51:33 [INFO]   I Add Relational Node
08:51:33 [INFO]   Added new relation R_33
08:51:33 [INFO] 45 / 63
08:51:33 [INFO]   IX Remove Fact Node and Edge
08:51:33 [INFO]   Removed fact R_19(c_5, c_8, 95812037336062521, 17945957790223923231). from the program
08:51:33 [INFO]   Removed fact R_19(c_5, c_8, 95812037336062521, 17945957790223923231). from the ADG.
08:51:33 [INFO] 46 / 63
08:51:33 [INFO]   I Add Relational Node
08:51:33 [INFO]   Added new relation R_34
08:51:33 [INFO] 47 / 63
08:51:33 [INFO]   VIII Modify Rule - Remove Equality
08:51:33 [INFO]   Replaced a random number of var X_1_new_1 with var X_1_new_1_new_1 in the rule r_CON_30
08:51:33 [INFO] 48 / 63
08:51:33 [INFO]   VI Remove Relational Edge - Single Literal
08:51:33 [INFO]   Found the rule of the name r_CON_33
08:51:33 [INFO]   Removed relational edge NodeIndex(5): (class -> R_14)
08:51:33 [INFO]   Attempting to remove the literal -class(, 12238917329362994116) from the rule r_CON_33
08:51:33 [INFO] 49 / 63
08:51:33 [INFO]   II Add Fact Node and Edge
08:51:33 [INFO]   Added new fact R_14(c_21).
08:51:33 [INFO] 50 / 63
08:51:33 [INFO]   I Add Relational Node
08:51:33 [INFO]   Added new relation R_35
08:51:33 [INFO] 51 / 63
08:51:33 [INFO]   IX Remove Fact Node and Edge
08:51:33 [INFO]   Removed fact R_3(1604580361476330503, c_9, c_10). from the program
08:51:33 [INFO]   Removed fact R_3(1604580361476330503, c_9, c_10). from the ADG.
08:51:33 [INFO] 52 / 63
08:51:33 [INFO]   VII Modify Rule - Add Equality
08:51:33 [INFO]   Replaced var ?X_1 with var ?Y_1 in the rule r_GEN_8
08:51:33 [INFO] 53 / 63
08:51:33 [INFO]   XI Add Contradictory Rule
08:51:33 [INFO]   Added new contradictory rule of name r_CON_39
08:51:33 [INFO]   R_17(?X_3, ?X_1, ?X_4, <http://www.w3.org/2002/07/owl#onProperty>) :- http://rulewerk.semantic-web.org/normalForm/conj(?X_3, ?X_1, ?Y_1), http://rulewerk.semantic-web.org/normalForm/conj(<http://www.w3.org/2002/07/owl#onProperty>, ?X_4, ?X_3), ~http://rulewerk.semantic-web.org/normalForm/conj(?X_3, ?X_1, ?Y_1) .
08:51:33 [INFO] 54 / 63
08:51:33 [INFO]   I Add Relational Node
08:51:33 [INFO]   Added new relation R_36
08:51:33 [INFO] 55 / 63
08:51:33 [INFO]   II Add Fact Node and Edge
08:51:33 [INFO]   Assigned relation R_30 the artiy 2
08:51:33 [INFO]   Added new fact R_30(c_13, c_22).
08:51:33 [INFO] 56 / 63
08:51:33 [INFO]   III Add Relational edges - New Rule
08:51:33 [INFO]   Assigned relation R_35 the artiy 5
08:51:33 [INFO]   Added new rule of name r_CON_40
08:51:33 [INFO]   R_35(?X_2, ?X_5, ?X_5, ?X_3, ?X_4) :- R_12(?X_4, ?X_5, c_18, c_18, ?X_3), R_9(?X_5, ?X_5), R_OUT(?X_3, ?X_3, ?Y_1, ?X_3, ?X_4, ?X_3), R_23(?X_5, ?X_5, ?X_5, ?Y_1, ?X_2), http://rulewerk.semantic-web.org/normalForm/conj(?X_5, c_18, ?X_5) .
08:51:33 [INFO] 57 / 63
08:51:33 [INFO]   VII Modify Rule - Add Equality
08:51:33 [INFO]   Replaced var ?Y_1 with var ?X_3 in the rule r_CON_40
08:51:33 [INFO] 58 / 63
08:51:33 [INFO]   IX Remove Fact Node and Edge
08:51:33 [INFO]   Removed fact R_30(c_13, c_22). from the program
08:51:33 [INFO]   Removed fact R_30(c_13, c_22). from the ADG.
08:51:33 [INFO] 59 / 63
08:51:33 [INFO]   VIII Modify Rule - Remove Equality
08:51:33 [INFO]   Replaced a random number of var X_4 with var X_4_new_1 in the rule r_CON_35
08:51:33 [INFO] 60 / 63
08:51:33 [INFO]   Xa Remove Relational Node - Rule Variant
08:51:33 [INFO]   Removing relational node R_35
08:51:33 [INFO]   Removing the Rule of the name r_CON_40
08:51:33 [INFO]   Removing at least 5 relational edges.
08:51:33 [INFO] 61 / 63
08:51:33 [INFO]   III Add Relational edges - New Rule
08:51:33 [INFO]   Assigned relation R_32 the artiy 6
08:51:33 [INFO]   Assigned relation R_34 the artiy 3
08:51:33 [INFO]   Assigned relation R_36 the artiy 3
08:51:33 [INFO]   Added new rule of name r_CON_41
08:51:33 [INFO]   R_32(8850099415139411419, ?X_4, ?X_3, ?X_5, ?X_6, ?X_1) :- R_34(8850099415139411419, ?X_4, ?X_3), R_36(?X_5, ?X_6, ?X_1), ~R_17(?X_1, ?X_4, ?X_6, ?X_3) .
08:51:33 [INFO] 62 / 63
08:51:33 [INFO]   IV Add Relational Edge - New Literal
08:51:33 [INFO]   Generated literal R_18(?X_1) for rule r_GEN_6
08:51:33 [INFO] 63 / 63
08:51:33 [INFO]   Xa Remove Relational Node - Rule Variant
08:51:33 [INFO]   Removing relational node R_34
08:51:33 [INFO]   Removing the Rule of the name r_CON_41
08:51:33 [INFO]   Removing at least 3 relational edges.
08:51:33 [INFO] ----------------------------------------------
08:51:33 [INFO] ------------ Transformations Done ------------
08:51:33 [INFO] ----------------------------------------------
08:51:33 [INFO]  Ressources required: 
                galen-el.nt.gz
                
08:51:33 [INFO] ---------- Transformed ADG Summary: ----------
08:51:33 [INFO] ADG Fact Nodes:                  20
08:51:33 [INFO] ADG Relational Nodes:            57
08:51:33 [INFO] ADG Fact Edges:                  20
08:51:33 [INFO] ADG Relational Edges:            151
08:51:33 [INFO] Number of inv. Strata:           6
08:51:33 [INFO] 
08:51:33 [INFO] Nodes with None Ancestry:        2
08:51:33 [INFO] Nodes with Positive Ancestry:    9
08:51:33 [INFO] Nodes with Negative Ancestry:    5
08:51:33 [INFO] Nodes with Unknown Ancestry:     36
08:51:33 [INFO] 
08:51:33 [INFO] Next rule name would be:         r_CON_42
08:51:33 [INFO] Next predicate name would be:    R_37
08:51:33 [INFO] Next constant name would be:     c_23
08:51:33 [INFO] Next string would be:            "str_15"
08:51:33 [INFO] 
08:51:33 [INFO] Output predicate:                R_OUT
08:51:33 [INFO] Rule count:                      69
08:51:33 [INFO] Average rel. arity:              2.78
08:51:33 [INFO] Arity calc. may be inaccurate if arity > f64
08:51:33 [INFO] ----------------------------------------------
08:51:33 [INFO] 
08:51:33 [INFO] --------- Performed Transformations: ---------
08:51:33 [INFO]  #      Type
08:51:33 [INFO]  23      Failed Transformation Attempts
08:51:33 [INFO]  10      I     Add Relational Node
08:51:33 [INFO]  4      II    Add Fact Node and Edge
08:51:33 [INFO]  8      III   Add Relational edges - New Rule
08:51:33 [INFO]  9      IV    Add Relational Edge - New Literal
08:51:33 [INFO]  9      IX    Remove Fact Node and Edge
08:51:33 [INFO]  0      V     Remove Relational Edges - Whole Rule
08:51:33 [INFO]  2      VI    Remove Relational Edge - Single Literal
08:51:33 [INFO]  9      VII   Modify Rule - Add Equality
08:51:33 [INFO]  4      VIII  Modify Rule - Remove Equality
08:51:33 [INFO]  6      XI   Add Contradictory Rule
08:51:33 [INFO]  2      Xa     Remove Relational Node Rule Variant - None anc only
08:51:33 [INFO] ----------------------------------------------
08:51:33 [INFO] 
08:51:33 [INFO] Writing output ADG and file.
08:51:33 [INFO] 
08:51:33 [INFO] ----------------------------------------------
08:51:33 [INFO] -- Beginning Nemo Execution - Input Program --
08:51:33 [INFO] ----------------------------------------------
08:51:33 [INFO] Stratified program: [[0, 1, 2, 3, 4, 5, 6, 7, 8, 9, 10, 11, 12, 13, 14, 22, 23, 24, 26, 29, 33, 34, 37], [15, 16, 17, 18, 19, 20, 21, 25, 27, 28, 30, 31, 36, 38, 41], [40, 43, 45, 47, 48, 56], [32, 52], [39, 44, 50], [53, 54], [35, 42, 46, 49, 51, 55]]
08:51:33 [INFO] Loading source SimpleTable { arity: 6, data: [AnyDataValue(UnsignedLong(UnsignedLongDataValue(1604580361476330503))), AnyDataValue(PlainString(StringDataValue("str_1"))), AnyDataValue(PlainString(StringDataValue("str_2"))), AnyDataValue(Iri(IriDataValue("http://www.w3.org/1999/02/22-rdf-syntax-ns#nil"))), AnyDataValue(Iri(IriDataValue("http://www.w3.org/2002/07/owl#intersectionOf"))), AnyDataValue(UnsignedLong(UnsignedLongDataValue(5765519298276034456))), AnyDataValue(UnsignedLong(UnsignedLongDataValue(12238917329362994116))), AnyDataValue(UnsignedLong(UnsignedLongDataValue(1902091941023976038))), AnyDataValue(UnsignedLong(UnsignedLongDataValue(8850099415139411419))), AnyDataValue(Iri(IriDataValue("http://www.w3.org/1999/02/22-rdf-syntax-ns#first"))), AnyDataValue(Iri(IriDataValue("c_1"))), AnyDataValue(UnsignedLong(UnsignedLongDataValue(95812037336062521))), AnyDataValue(PlainString(StringDataValue("str_5"))), AnyDataValue(Iri(IriDataValue("c_1"))), AnyDataValue(Iri(IriDataValue("c_1"))), AnyDataValue(PlainString(StringDataValue("str_3"))), AnyDataValue(UnsignedLong(UnsignedLongDataValue(8232497180612128639))), AnyDataValue(Iri(IriDataValue("http://www.w3.org/1999/02/22-rdf-syntax-ns#first")))] }
08:51:33 [INFO] Execution step: Combining Tables
08:51:33 [INFO] Saved permanent table R_OUT (0-1) Permutation { idx_to_val: [], val_to_idx: [] } with 3 entries (21272)
08:51:33 [INFO] <<< STEP 1: APPLYING RULE 0 class(?O) :- TRIPLE(?X, ?P, ?O), ClassObject(?P) >>>
08:51:33 [INFO] Loading source RdfReader { read: "<unspecified std::io::Read>", variant: NTriples, base: None }
08:51:33 [INFO] Starting RDF import (format ntriples)
08:51:34 [INFO] Finished import: processed 245662 triples
08:51:34 [INFO] Loading source SimpleTable { arity: 1, data: [AnyDataValue(Iri(IriDataValue("http://www.w3.org/2002/07/owl#someValuesFrom"))), AnyDataValue(Iri(IriDataValue("http://www.w3.org/1999/02/22-rdf-syntax-ns#first"))), AnyDataValue(Iri(IriDataValue("http://www.w3.org/2000/01/rdf-schema#subClassOf"))), AnyDataValue(Iri(IriDataValue("http://www.w3.org/2002/07/owl#equivalentClass")))] }
08:51:34 [INFO] Execution step: Body
08:51:34 [INFO] Saved temporary table: 54932 entries (223128)
08:51:34 [INFO] Execution step: Duplicate Elimination (Datalog)
08:51:34 [INFO] Saved permanent table class (1) Permutation { idx_to_val: [], val_to_idx: [] } with 54932 entries (223176)
08:51:34 [INFO] Rule duration: 784 ms
08:51:34 [INFO] <<< STEP 2: APPLYING RULE 0 class(?O) :- TRIPLE(?X, ?P, ?O), ClassObject(?P) >>>
08:51:34 [INFO] Execution step: Body
08:51:34 [INFO] Trie does not contain any elements
08:51:34 [INFO] Execution step: Duplicate Elimination (Datalog)
08:51:34 [INFO] Trie does not contain any elements
08:51:34 [INFO] Rule duration: 0 ms
08:51:34 [INFO] <<< STEP 3: APPLYING RULE 1 class(?X) :- TRIPLE(?X, ?P, ?O), ClassSubject(?P) >>>
08:51:34 [INFO] Loading source SimpleTable { arity: 1, data: [AnyDataValue(Iri(IriDataValue("http://www.w3.org/2000/01/rdf-schema#subClassOf"))), AnyDataValue(Iri(IriDataValue("http://www.w3.org/2002/07/owl#equivalentClass")))] }
08:51:34 [INFO] Execution step: Body
08:51:34 [INFO] Saved temporary table: 23117 entries (95868)
08:51:34 [INFO] Execution step: Duplicate Elimination (Datalog)
08:51:34 [INFO] Saved permanent table class (3) Permutation { idx_to_val: [], val_to_idx: [] } with 13170 entries (56128)
08:51:34 [INFO] Rule duration: 8 ms
08:51:34 [INFO] <<< STEP 4: APPLYING RULE 1 class(?X) :- TRIPLE(?X, ?P, ?O), ClassSubject(?P) >>>
08:51:34 [INFO] Execution step: Body
08:51:34 [INFO] Trie does not contain any elements
08:51:34 [INFO] Execution step: Duplicate Elimination (Datalog)
08:51:34 [INFO] Trie does not contain any elements
08:51:34 [INFO] Rule duration: 0 ms
08:51:34 [INFO] <<< STEP 5: APPLYING RULE 2 synEx(?Y, ?P, ?X), auxClass(?X) :- TRIPLE(?X, ?_BODY_1, ?Y), TRIPLE(?X, ?_BODY_2, ?P), Equal(?_BODY_1, <http://www.w3.org/2002/07/owl#someValuesFrom>), Equal(?_BODY_2, <http://www.w3.org/2002/07/owl#onProperty>) >>>
08:51:34 [INFO] Execution step: Body
08:51:34 [INFO] Saved temporary table: 29618 entries (468332)
08:51:34 [INFO] Saved temporary table: 29618 entries (121872)
08:51:34 [INFO] Execution step: Duplicate Elimination (Datalog)
08:51:34 [INFO] Saved permanent table synEx (5) Permutation { idx_to_val: [], val_to_idx: [] } with 29618 entries (468380)
08:51:34 [INFO] Execution step: Duplicate Elimination (Datalog)
08:51:34 [INFO] Saved permanent table auxClass (5) Permutation { idx_to_val: [], val_to_idx: [] } with 29618 entries (121920)
08:51:34 [INFO] Rule duration: 28 ms
08:51:34 [INFO] <<< STEP 6: APPLYING RULE 2 synEx(?Y, ?P, ?X), auxClass(?X) :- TRIPLE(?X, ?_BODY_1, ?Y), TRIPLE(?X, ?_BODY_2, ?P), Equal(?_BODY_1, <http://www.w3.org/2002/07/owl#someValuesFrom>), Equal(?_BODY_2, <http://www.w3.org/2002/07/owl#onProperty>) >>>
08:51:34 [INFO] Execution step: Body
08:51:34 [INFO] Trie does not contain any elements
08:51:34 [INFO] Trie does not contain any elements
08:51:34 [INFO] Execution step: Duplicate Elimination (Datalog)
08:51:34 [INFO] Trie does not contain any elements
08:51:34 [INFO] Execution step: Duplicate Elimination (Datalog)
08:51:34 [INFO] Trie does not contain any elements
08:51:34 [INFO] Rule duration: 0 ms
08:51:34 [INFO] <<< STEP 7: APPLYING RULE 3 next(?L1, ?L2) :- TRIPLE(?L1, ?_BODY_1, ?L2), Equal(?_BODY_1, <http://www.w3.org/1999/02/22-rdf-syntax-ns#rest>) >>>
08:51:34 [INFO] Execution step: Body
08:51:34 [INFO] Saved temporary table: 32739 entries (269100)
08:51:34 [INFO] Execution step: Duplicate Elimination (Datalog)
08:51:34 [INFO] Saved permanent table next (7) Permutation { idx_to_val: [], val_to_idx: [] } with 32739 entries (269148)
08:51:34 [INFO] Rule duration: 102 ms
08:51:34 [INFO] <<< STEP 8: APPLYING RULE 3 next(?L1, ?L2) :- TRIPLE(?L1, ?_BODY_1, ?L2), Equal(?_BODY_1, <http://www.w3.org/1999/02/22-rdf-syntax-ns#rest>) >>>
08:51:34 [INFO] Execution step: Body
08:51:34 [INFO] Trie does not contain any elements
08:51:34 [INFO] Execution step: Duplicate Elimination (Datalog)
08:51:34 [INFO] Trie does not contain any elements
08:51:34 [INFO] Rule duration: 0 ms
08:51:34 [INFO] <<< STEP 9: APPLYING RULE 4 first(?L1) :- TRIPLE(?X, ?_BODY_1, ?L1), Equal(?_BODY_1, <http://www.w3.org/2002/07/owl#intersectionOf>) >>>
08:51:34 [INFO] Execution step: Body
08:51:34 [INFO] Saved temporary table: 15348 entries (64792)
08:51:34 [INFO] Execution step: Duplicate Elimination (Datalog)
08:51:34 [INFO] Saved permanent table first (9) Permutation { idx_to_val: [], val_to_idx: [] } with 15348 entries (64840)
08:51:34 [INFO] Rule duration: 8 ms
08:51:34 [INFO] <<< STEP 10: APPLYING RULE 4 first(?L1) :- TRIPLE(?X, ?_BODY_1, ?L1), Equal(?_BODY_1, <http://www.w3.org/2002/07/owl#intersectionOf>) >>>
08:51:34 [INFO] Execution step: Body
08:51:34 [INFO] Trie does not contain any elements
08:51:34 [INFO] Execution step: Duplicate Elimination (Datalog)
08:51:34 [INFO] Trie does not contain any elements
08:51:34 [INFO] Rule duration: 0 ms
08:51:34 [INFO] <<< STEP 11: APPLYING RULE 5 nonfirst(?L2) :- first(?L1), next(?L1, ?L2) >>>
08:51:34 [INFO] Execution step: Body
08:51:34 [INFO] Saved temporary table: 15348 entries (64792)
08:51:34 [INFO] Execution step: Duplicate Elimination (Datalog)
08:51:34 [INFO] Saved permanent table nonfirst (11) Permutation { idx_to_val: [], val_to_idx: [] } with 15348 entries (64840)
08:51:34 [INFO] Rule duration: 8 ms
08:51:34 [INFO] <<< STEP 12: APPLYING RULE 5 nonfirst(?L2) :- first(?L1), next(?L1, ?L2) >>>
08:51:34 [INFO] Execution step: Body
08:51:34 [INFO] Trie does not contain any elements
08:51:34 [INFO] Execution step: Duplicate Elimination (Datalog)
08:51:34 [INFO] Trie does not contain any elements
08:51:34 [INFO] Rule duration: 0 ms
08:51:34 [INFO] <<< STEP 13: APPLYING RULE 6 nonfirst(?L2) :- nonfirst(?L1), next(?L1, ?L2) >>>
08:51:34 [INFO] Execution step: Body
08:51:34 [INFO] Saved temporary table: 1719 entries (10276)
08:51:34 [INFO] Execution step: Duplicate Elimination (Datalog)
08:51:34 [INFO] Saved permanent table nonfirst (13) Permutation { idx_to_val: [], val_to_idx: [] } with 1719 entries (10324)
08:51:34 [INFO] Rule duration: 5 ms
08:51:34 [INFO] <<< STEP 14: APPLYING RULE 6 nonfirst(?L2) :- nonfirst(?L1), next(?L1, ?L2) >>>
08:51:34 [INFO] Execution step: Body
08:51:34 [INFO] Saved temporary table: 298 entries (4592)
08:51:34 [INFO] Execution step: Duplicate Elimination (Datalog)
08:51:34 [INFO] Saved permanent table nonfirst (14) Permutation { idx_to_val: [], val_to_idx: [] } with 297 entries (4636)
08:51:34 [INFO] Rule duration: 0 ms
08:51:34 [INFO] <<< STEP 15: APPLYING RULE 6 nonfirst(?L2) :- nonfirst(?L1), next(?L1, ?L2) >>>
08:51:34 [INFO] Execution step: Body
08:51:34 [INFO] Saved temporary table: 26 entries (3504)
08:51:34 [INFO] Execution step: Duplicate Elimination (Datalog)
08:51:34 [INFO] Saved permanent table nonfirst (15) Permutation { idx_to_val: [], val_to_idx: [] } with 25 entries (3548)
08:51:34 [INFO] Rule duration: 0 ms
08:51:34 [INFO] <<< STEP 16: APPLYING RULE 6 nonfirst(?L2) :- nonfirst(?L1), next(?L1, ?L2) >>>
08:51:34 [INFO] Execution step: Body
08:51:34 [INFO] Saved temporary table: 4 entries (3416)
08:51:34 [INFO] Execution step: Duplicate Elimination (Datalog)
08:51:34 [INFO] Saved permanent table nonfirst (16) Permutation { idx_to_val: [], val_to_idx: [] } with 3 entries (3460)
08:51:34 [INFO] Rule duration: 0 ms
08:51:34 [INFO] <<< STEP 17: APPLYING RULE 6 nonfirst(?L2) :- nonfirst(?L1), next(?L1, ?L2) >>>
08:51:34 [INFO] Execution step: Body
08:51:34 [INFO] Saved temporary table: 1 entries (3404)
08:51:34 [INFO] Execution step: Duplicate Elimination (Datalog)
08:51:34 [INFO] Trie does not contain any elements
08:51:34 [INFO] Rule duration: 0 ms
08:51:34 [INFO] <<< STEP 18: APPLYING RULE 7 last(?Ln) :- next(?Ln, ?_BODY_1), Equal(?_BODY_1, <http://www.w3.org/1999/02/22-rdf-syntax-ns#nil>) >>>
08:51:34 [INFO] Execution step: Body
08:51:34 [INFO] Saved temporary table: 15348 entries (64792)
08:51:34 [INFO] Execution step: Duplicate Elimination (Datalog)
08:51:34 [INFO] Saved permanent table last (18) Permutation { idx_to_val: [], val_to_idx: [] } with 15348 entries (64840)
08:51:34 [INFO] Rule duration: 16 ms
08:51:34 [INFO] <<< STEP 19: APPLYING RULE 7 last(?Ln) :- next(?Ln, ?_BODY_1), Equal(?_BODY_1, <http://www.w3.org/1999/02/22-rdf-syntax-ns#nil>) >>>
08:51:34 [INFO] Execution step: Body
08:51:34 [INFO] Trie does not contain any elements
08:51:34 [INFO] Execution step: Duplicate Elimination (Datalog)
08:51:34 [INFO] Trie does not contain any elements
08:51:34 [INFO] Rule duration: 0 ms
08:51:34 [INFO] <<< STEP 20: APPLYING RULE 8 nonlast(?L) :- next(?L, ?Ln), last(?Ln) >>>
08:51:34 [INFO] Execution step: Body
08:51:34 [INFO] Saved temporary table: 15348 entries (64792)
08:51:34 [INFO] Execution step: Duplicate Elimination (Datalog)
08:51:34 [INFO] Saved permanent table nonlast (20) Permutation { idx_to_val: [], val_to_idx: [] } with 15348 entries (64840)
08:51:34 [INFO] Rule duration: 8 ms
08:51:34 [INFO] <<< STEP 21: APPLYING RULE 8 nonlast(?L) :- next(?L, ?Ln), last(?Ln) >>>
08:51:34 [INFO] Execution step: Body
08:51:34 [INFO] Trie does not contain any elements
08:51:34 [INFO] Execution step: Duplicate Elimination (Datalog)
08:51:34 [INFO] Trie does not contain any elements
08:51:34 [INFO] Rule duration: 0 ms
08:51:34 [INFO] <<< STEP 22: APPLYING RULE 9 nonlast(?L1) :- next(?L1, ?L2), nonlast(?L2) >>>
08:51:34 [INFO] Execution step: Body
08:51:34 [INFO] Saved temporary table: 1718 entries (10272)
08:51:34 [INFO] Execution step: Duplicate Elimination (Datalog)
08:51:34 [INFO] Saved permanent table nonlast (22) Permutation { idx_to_val: [], val_to_idx: [] } with 1718 entries (10320)
08:51:34 [INFO] Rule duration: 1 ms
08:51:34 [INFO] <<< STEP 23: APPLYING RULE 9 nonlast(?L1) :- next(?L1, ?L2), nonlast(?L2) >>>
08:51:34 [INFO] Execution step: Body
08:51:34 [INFO] Saved temporary table: 297 entries (4588)
08:51:34 [INFO] Execution step: Duplicate Elimination (Datalog)
08:51:34 [INFO] Saved permanent table nonlast (23) Permutation { idx_to_val: [], val_to_idx: [] } with 297 entries (4636)
08:51:34 [INFO] Rule duration: 0 ms
08:51:34 [INFO] <<< STEP 24: APPLYING RULE 9 nonlast(?L1) :- next(?L1, ?L2), nonlast(?L2) >>>
08:51:34 [INFO] Execution step: Body
08:51:34 [INFO] Saved temporary table: 25 entries (3500)
08:51:34 [INFO] Execution step: Duplicate Elimination (Datalog)
08:51:34 [INFO] Saved permanent table nonlast (24) Permutation { idx_to_val: [], val_to_idx: [] } with 25 entries (3548)
08:51:34 [INFO] Rule duration: 0 ms
08:51:34 [INFO] <<< STEP 25: APPLYING RULE 9 nonlast(?L1) :- next(?L1, ?L2), nonlast(?L2) >>>
08:51:34 [INFO] Execution step: Body
08:51:34 [INFO] Saved temporary table: 3 entries (3412)
08:51:34 [INFO] Execution step: Duplicate Elimination (Datalog)
08:51:34 [INFO] Saved permanent table nonlast (25) Permutation { idx_to_val: [], val_to_idx: [] } with 3 entries (3460)
08:51:34 [INFO] Rule duration: 0 ms
08:51:34 [INFO] <<< STEP 26: APPLYING RULE 9 nonlast(?L1) :- next(?L1, ?L2), nonlast(?L2) >>>
08:51:34 [INFO] Execution step: Body
08:51:34 [INFO] Trie does not contain any elements
08:51:34 [INFO] Execution step: Duplicate Elimination (Datalog)
08:51:34 [INFO] Trie does not contain any elements
08:51:34 [INFO] Rule duration: 0 ms
08:51:34 [INFO] <<< STEP 27: APPLYING RULE 10 in(?L, ?C) :- TRIPLE(?L, ?_BODY_1, ?C), Equal(?_BODY_1, <http://www.w3.org/1999/02/22-rdf-syntax-ns#first>) >>>
08:51:34 [INFO] Execution step: Body
08:51:34 [INFO] Saved temporary table: 32739 entries (269100)
08:51:34 [INFO] Execution step: Duplicate Elimination (Datalog)
08:51:34 [INFO] Saved permanent table in (27) Permutation { idx_to_val: [], val_to_idx: [] } with 32739 entries (269148)
08:51:34 [INFO] Rule duration: 18 ms
08:51:34 [INFO] <<< STEP 28: APPLYING RULE 10 in(?L, ?C) :- TRIPLE(?L, ?_BODY_1, ?C), Equal(?_BODY_1, <http://www.w3.org/1999/02/22-rdf-syntax-ns#first>) >>>
08:51:34 [INFO] Execution step: Body
08:51:34 [INFO] Trie does not contain any elements
08:51:34 [INFO] Execution step: Duplicate Elimination (Datalog)
08:51:34 [INFO] Trie does not contain any elements
08:51:34 [INFO] Rule duration: 0 ms
08:51:34 [INFO] <<< STEP 29: APPLYING RULE 11 synConj(?X, ?C1, ?C2), auxClass(?X) :- TRIPLE(?X, ?_BODY_1, ?L1), next(?L1, ?L2), last(?L2), in(?L1, ?C1), in(?L2, ?C2), Equal(?_BODY_1, <http://www.w3.org/2002/07/owl#intersectionOf>) >>>
08:51:34 [INFO] Execution step: Body
08:51:34 [INFO] Saved temporary table: 13630 entries (174536)
08:51:34 [INFO] Saved temporary table: 13630 entries (57920)
08:51:34 [INFO] Execution step: Duplicate Elimination (Datalog)
08:51:34 [INFO] Saved permanent table synConj (29) Permutation { idx_to_val: [], val_to_idx: [] } with 13630 entries (174584)
08:51:34 [INFO] Execution step: Duplicate Elimination (Datalog)
08:51:34 [INFO] Saved permanent table auxClass (29) Permutation { idx_to_val: [], val_to_idx: [] } with 13630 entries (57968)
08:51:34 [INFO] Rule duration: 61 ms
08:51:34 [INFO] <<< STEP 30: APPLYING RULE 11 synConj(?X, ?C1, ?C2), auxClass(?X) :- TRIPLE(?X, ?_BODY_1, ?L1), next(?L1, ?L2), last(?L2), in(?L1, ?C1), in(?L2, ?C2), Equal(?_BODY_1, <http://www.w3.org/2002/07/owl#intersectionOf>) >>>
08:51:34 [INFO] Execution step: Body
08:51:34 [INFO] Trie does not contain any elements
08:51:34 [INFO] Trie does not contain any elements
08:51:34 [INFO] Execution step: Duplicate Elimination (Datalog)
08:51:34 [INFO] Trie does not contain any elements
08:51:34 [INFO] Execution step: Duplicate Elimination (Datalog)
08:51:34 [INFO] Trie does not contain any elements
08:51:34 [INFO] Rule duration: 0 ms
08:51:34 [INFO] <<< STEP 31: APPLYING RULE 12 synConj(?X, ?C1, ?L2), auxClass(?X) :- TRIPLE(?X, ?_BODY_1, ?L1), next(?L1, ?L2), nonlast(?L2), in(?L1, ?C1), Equal(?_BODY_1, <http://www.w3.org/2002/07/owl#intersectionOf>) >>>
08:51:34 [INFO] Execution step: Body
08:51:34 [INFO] Saved temporary table: 1718 entries (10272)
08:51:34 [INFO] Saved temporary table: 1718 entries (31592)
08:51:34 [INFO] Execution step: Duplicate Elimination (Datalog)
08:51:34 [INFO] Saved permanent table auxClass (31) Permutation { idx_to_val: [], val_to_idx: [] } with 1718 entries (10320)
08:51:34 [INFO] Execution step: Duplicate Elimination (Datalog)
08:51:34 [INFO] Saved permanent table synConj (31) Permutation { idx_to_val: [], val_to_idx: [] } with 1718 entries (31640)
08:51:34 [INFO] Rule duration: 3 ms
08:51:34 [INFO] <<< STEP 32: APPLYING RULE 12 synConj(?X, ?C1, ?L2), auxClass(?X) :- TRIPLE(?X, ?_BODY_1, ?L1), next(?L1, ?L2), nonlast(?L2), in(?L1, ?C1), Equal(?_BODY_1, <http://www.w3.org/2002/07/owl#intersectionOf>) >>>
08:51:34 [INFO] Execution step: Body
08:51:34 [INFO] Trie does not contain any elements
08:51:34 [INFO] Trie does not contain any elements
08:51:34 [INFO] Execution step: Duplicate Elimination (Datalog)
08:51:34 [INFO] Trie does not contain any elements
08:51:34 [INFO] Execution step: Duplicate Elimination (Datalog)
08:51:34 [INFO] Trie does not contain any elements
08:51:34 [INFO] Rule duration: 0 ms
08:51:34 [INFO] <<< STEP 33: APPLYING RULE 13 synConj(?L1, ?C1, ?L2), auxClass(?L1) :- nonfirst(?L1), next(?L1, ?L2), nonlast(?L2), in(?L1, ?C1) >>>
08:51:34 [INFO] Execution step: Body
08:51:34 [INFO] Saved temporary table: 325 entries (4700)
08:51:34 [INFO] Saved temporary table: 325 entries (14876)
08:51:34 [INFO] Execution step: Duplicate Elimination (Datalog)
08:51:34 [INFO] Saved permanent table auxClass (33) Permutation { idx_to_val: [], val_to_idx: [] } with 325 entries (4748)
08:51:34 [INFO] Execution step: Duplicate Elimination (Datalog)
08:51:34 [INFO] Saved permanent table synConj (33) Permutation { idx_to_val: [], val_to_idx: [] } with 325 entries (14924)
08:51:34 [INFO] Rule duration: 5 ms
08:51:34 [INFO] <<< STEP 34: APPLYING RULE 13 synConj(?L1, ?C1, ?L2), auxClass(?L1) :- nonfirst(?L1), next(?L1, ?L2), nonlast(?L2), in(?L1, ?C1) >>>
08:51:34 [INFO] Execution step: Body
08:51:34 [INFO] Trie does not contain any elements
08:51:34 [INFO] Trie does not contain any elements
08:51:34 [INFO] Execution step: Duplicate Elimination (Datalog)
08:51:34 [INFO] Trie does not contain any elements
08:51:34 [INFO] Execution step: Duplicate Elimination (Datalog)
08:51:34 [INFO] Trie does not contain any elements
08:51:34 [INFO] Rule duration: 0 ms
08:51:34 [INFO] <<< STEP 35: APPLYING RULE 14 synConj(?L1, ?C1, ?C2), auxClass(?L1) :- nonfirst(?L1), next(?L1, ?L2), last(?L2), in(?L1, ?C1), in(?L2, ?C2) >>>
08:51:34 [INFO] Execution step: Body
08:51:34 [INFO] Saved temporary table: 1718 entries (31592)
08:51:34 [INFO] Saved temporary table: 1718 entries (10272)
08:51:34 [INFO] Execution step: Duplicate Elimination (Datalog)
08:51:34 [INFO] Saved permanent table synConj (35) Permutation { idx_to_val: [], val_to_idx: [] } with 1718 entries (31640)
08:51:34 [INFO] Execution step: Duplicate Elimination (Datalog)
08:51:34 [INFO] Saved permanent table auxClass (35) Permutation { idx_to_val: [], val_to_idx: [] } with 1718 entries (10320)
08:51:34 [INFO] Rule duration: 11 ms
08:51:34 [INFO] <<< STEP 36: APPLYING RULE 14 synConj(?L1, ?C1, ?C2), auxClass(?L1) :- nonfirst(?L1), next(?L1, ?L2), last(?L2), in(?L1, ?C1), in(?L2, ?C2) >>>
08:51:34 [INFO] Execution step: Body
08:51:34 [INFO] Trie does not contain any elements
08:51:34 [INFO] Trie does not contain any elements
08:51:34 [INFO] Execution step: Duplicate Elimination (Datalog)
08:51:34 [INFO] Trie does not contain any elements
08:51:34 [INFO] Execution step: Duplicate Elimination (Datalog)
08:51:34 [INFO] Trie does not contain any elements
08:51:34 [INFO] Rule duration: 0 ms
08:51:34 [INFO] <<< STEP 37: APPLYING RULE 22 http://rulewerk.semantic-web.org/normalForm/subPropChain(?S, ?T, ?R), http://rulewerk.semantic-web.org/normalForm/subProp(?R, ?R) :- TRIPLE(?L, ?_BODY_1, ?R), TRIPLE(?L, ?_BODY_2, ?L1), in(?L1, ?S), next(?L1, ?L2), in(?L2, ?T), Equal(?_BODY_1, <http://www.w3.org/2000/01/rdf-schema#subPropertyOf>), Equal(?_BODY_2, <http://www.w3.org/2002/07/owl#propertyChain>) >>>
08:51:34 [INFO] Execution step: Body
08:51:34 [INFO] Trie does not contain any elements
08:51:34 [INFO] Trie does not contain any elements
08:51:34 [INFO] Execution step: Duplicate Elimination (Datalog)
08:51:34 [INFO] Trie does not contain any elements
08:51:34 [INFO] Execution step: Duplicate Elimination (Datalog)
08:51:34 [INFO] Trie does not contain any elements
08:51:34 [INFO] Rule duration: 89 ms
08:51:34 [INFO] <<< STEP 38: APPLYING RULE 23 prepareSco(?X, ?Y) :- TRIPLE(?X, ?_BODY_1, ?Y), Equal(?_BODY_1, <http://www.w3.org/2000/01/rdf-schema#subClassOf>) >>>
08:51:34 [INFO] Execution step: Body
08:51:34 [INFO] Saved temporary table: 25563 entries (290582)
08:51:34 [INFO] Execution step: Duplicate Elimination (Datalog)
08:51:34 [INFO] Saved permanent table prepareSco (38) Permutation { idx_to_val: [], val_to_idx: [] } with 25563 entries (290630)
08:51:34 [INFO] Rule duration: 5 ms
08:51:34 [INFO] <<< STEP 39: APPLYING RULE 23 prepareSco(?X, ?Y) :- TRIPLE(?X, ?_BODY_1, ?Y), Equal(?_BODY_1, <http://www.w3.org/2000/01/rdf-schema#subClassOf>) >>>
08:51:34 [INFO] Execution step: Body
08:51:34 [INFO] Trie does not contain any elements
08:51:34 [INFO] Execution step: Duplicate Elimination (Datalog)
08:51:34 [INFO] Trie does not contain any elements
08:51:34 [INFO] Rule duration: 0 ms
08:51:34 [INFO] <<< STEP 40: APPLYING RULE 24 prepareSco(?X, ?Y), prepareSco(?Y, ?X) :- TRIPLE(?X, ?_BODY_1, ?Y), Equal(?_BODY_1, <http://www.w3.org/2002/07/owl#equivalentClass>) >>>
08:51:34 [INFO] Execution step: Body
08:51:34 [INFO] Saved temporary table: 9968 entries (86932)
08:51:34 [INFO] Saved temporary table: 9968 entries (86932)
08:51:34 [INFO] Execution step: Duplicate Elimination (Datalog)
08:51:34 [INFO] Saved permanent table prepareSco (40) Permutation { idx_to_val: [], val_to_idx: [] } with 19936 entries (166724)
08:51:34 [INFO] Rule duration: 8 ms
08:51:34 [INFO] <<< STEP 41: APPLYING RULE 24 prepareSco(?X, ?Y), prepareSco(?Y, ?X) :- TRIPLE(?X, ?_BODY_1, ?Y), Equal(?_BODY_1, <http://www.w3.org/2002/07/owl#equivalentClass>) >>>
08:51:34 [INFO] Execution step: Body
08:51:34 [INFO] Trie does not contain any elements
08:51:34 [INFO] Trie does not contain any elements
08:51:34 [INFO] Execution step: Duplicate Elimination (Datalog)
08:51:34 [INFO] Trie does not contain any elements
08:51:34 [INFO] Rule duration: 0 ms
08:51:34 [INFO] <<< STEP 42: APPLYING RULE 26 http://rulewerk.semantic-web.org/normalForm/subClassOf(!C, <http://www.w3.org/2002/07/owl#Nothing>), http://rulewerk.semantic-web.org/normalForm/conj(!C, ?X, ?Y), http://rulewerk.semantic-web.org/normalForm/isSubClass(!C), http://rulewerk.semantic-web.org/normalForm/isSubClass(?X), http://rulewerk.semantic-web.org/normalForm/isSubClass(?Y) :- TRIPLE(?X, ?_BODY_1, ?Y), Equal(?_BODY_1, <http://www.w3.org/2002/07/owl#disjointWith>) >>>
08:51:34 [INFO] Execution step: Project/Reorder
08:51:34 [INFO] Trie does not contain any elements
08:51:34 [INFO] Execution step: Body
08:51:34 [INFO] Trie does not contain any elements
08:51:34 [INFO] Trie does not contain any elements
08:51:34 [INFO] Trie does not contain any elements
08:51:34 [INFO] Execution step: Head (Restricted): Updated Sat. Frontier
08:51:34 [INFO] Trie does not contain any elements
08:51:34 [INFO] Execution step: Head (Restricted): Nulls
08:51:34 [INFO] Trie does not contain any elements
08:51:34 [INFO] Trie does not contain any elements
08:51:34 [INFO] Trie does not contain any elements
08:51:34 [INFO] Execution step: Duplicate Elimination (Datalog)
08:51:34 [INFO] Trie does not contain any elements
08:51:34 [INFO] Execution step: Duplicate Elimination (Datalog)
08:51:34 [INFO] Trie does not contain any elements
08:51:34 [INFO] Execution step: Duplicate Elimination (Datalog)
08:51:34 [INFO] Trie does not contain any elements
08:51:34 [INFO] Rule duration: 0 ms
08:51:34 [INFO] <<< STEP 43: APPLYING RULE 29 directSubProp(?R, ?S) :- TRIPLE(?R, ?_BODY_1, ?S), Equal(?_BODY_1, <http://www.w3.org/2000/01/rdf-schema#subPropertyOf>) >>>
08:51:34 [INFO] Execution step: Body
08:51:34 [INFO] Saved temporary table: 958 entries (22218)
08:51:34 [INFO] Execution step: Duplicate Elimination (Datalog)
08:51:34 [INFO] Saved permanent table directSubProp (43) Permutation { idx_to_val: [], val_to_idx: [] } with 958 entries (22266)
08:51:34 [INFO] Rule duration: 0 ms
08:51:34 [INFO] <<< STEP 44: APPLYING RULE 29 directSubProp(?R, ?S) :- TRIPLE(?R, ?_BODY_1, ?S), Equal(?_BODY_1, <http://www.w3.org/2000/01/rdf-schema#subPropertyOf>) >>>
08:51:34 [INFO] Execution step: Body
08:51:34 [INFO] Trie does not contain any elements
08:51:34 [INFO] Execution step: Duplicate Elimination (Datalog)
08:51:34 [INFO] Trie does not contain any elements
08:51:34 [INFO] Rule duration: 0 ms
08:51:34 [INFO] <<< STEP 45: APPLYING RULE 33 R_17(<http://www.w3.org/2000/01/rdf-schema#subClassOf>, ?X_1, ?X_3, ?X_3) :- class(?_BODY_1), class(?X_1), class(?X_3), class(?X_3), Equal(?_BODY_1, <http://www.w3.org/2000/01/rdf-schema#subClassOf>) >>>
08:51:34 [INFO] Loading source SimpleTable { arity: 4, data: [AnyDataValue(PlainString(StringDataValue("str_4"))), AnyDataValue(Iri(IriDataValue("http://www.w3.org/2002/07/owl#equivalentClass"))), AnyDataValue(UnsignedLong(UnsignedLongDataValue(12238917329362994116))), AnyDataValue(UnsignedLong(UnsignedLongDataValue(3329594693672190318))), AnyDataValue(Iri(IriDataValue("c_11"))), AnyDataValue(PlainString(StringDataValue("str_7"))), AnyDataValue(PlainString(StringDataValue("str_8"))), AnyDataValue(PlainString(StringDataValue("str_9")))] }
08:51:34 [INFO] Execution step: Body
09:05:24 [INFO] Trie does not contain any elements
09:05:24 [INFO] Execution step: Duplicate Elimination (Datalog)
09:05:24 [INFO] Trie does not contain any elements
09:05:24 [INFO] Rule duration: 688022 ms
09:05:24 [INFO] <<< STEP 46: APPLYING RULE 34 R_19(?X_4, ?X_3, <http://www.w3.org/2002/07/owl#equivalentClass>, ?X_2) :- synConj(?X_4, ?X_3, ?_BODY_1), synConj(?X_2, ?_BODY_2, ?Y_1), Equal(?_BODY_1, ?X_3), Equal(?_BODY_2, <http://www.w3.org/2002/07/owl#equivalentClass>) >>>
09:05:24 [INFO] Loading source SimpleTable { arity: 4, data: [AnyDataValue(Iri(IriDataValue("c_5"))), AnyDataValue(Iri(IriDataValue("c_8"))), AnyDataValue(UnsignedLong(UnsignedLongDataValue(95812037336062521))), AnyDataValue(UnsignedLong(UnsignedLongDataValue(17945957790223923231)))] }
09:05:24 [INFO] Execution step: Body
09:05:24 [INFO] Trie does not contain any elements
09:05:24 [INFO] Execution step: Duplicate Elimination (Datalog)
09:05:24 [INFO] Trie does not contain any elements
09:05:24 [INFO] Rule duration: 5 ms
09:05:24 [INFO] <<< STEP 47: APPLYING RULE 37 R_23(?X_1, ?X_2, ?X_3, ?X_3, <http://www.w3.org/1999/02/22-rdf-syntax-ns#first>) :- auxClass(?X_1), auxClass(?X_2), auxClass(?X_3), auxClass(?X_3), auxClass(?_BODY_1), auxClass(?X_1), Equal(?_BODY_1, <http://www.w3.org/1999/02/22-rdf-syntax-ns#first>) >>>
09:05:24 [INFO] Execution step: Body
