13:31:54 [INFO] ----------------------------------------------
13:31:54 [INFO] Beginning transformation mtf_EXP_4
    Oracle:     EXP      Number of T: 32
    Debug Mode: true      u64 Seed:    4
    Internal Seed:        [197, 166, 196, 87, 44, 68, 69, 62, 55, 32, 34, 218, 130, 107, 171, 170, 247, 173, 139, 100, 133, 3, 76, 146, 4, 28, 212, 133, 157, 130, 74, 144]
    Seed File: Currently not supported!
13:31:54 [INFO] ----------------------------------------------
13:31:55 [INFO] Renaming of rules complete
13:31:55 [INFO] Choosing a predicate to export!
13:31:55 [INFO] Found export: success
13:31:55 [INFO] Output names (0): 
13:31:55 [INFO] Using the randomly chosen export predicate of 1: success
13:31:55 [INFO] Beginning inverse_stratum and ancestry computation starting at node success
13:31:55 [INFO] Ancestry and Inverse Stratum computation complete.
13:31:55 [DEBUG] (1) nemo_metamorphic_testing::transformations::annotated_dependency_graphs:     The following relational nodes were computed:
13:31:55 [DEBUG] (1) nemo_metamorphic_testing::transformations::annotated_dependency_graphs:   (allowedDiff, 2, +)
13:31:55 [DEBUG] (1) nemo_metamorphic_testing::transformations::annotated_dependency_graphs:   (canChangeAt, 0, +)
13:31:55 [DEBUG] (1) nemo_metamorphic_testing::transformations::annotated_dependency_graphs:   (choseB, 1, ?)
13:31:55 [DEBUG] (1) nemo_metamorphic_testing::transformations::annotated_dependency_graphs:   (choseU, 1, ?)
13:31:55 [DEBUG] (1) nemo_metamorphic_testing::transformations::annotated_dependency_graphs:   (elevator, 0, +)
13:31:55 [DEBUG] (1) nemo_metamorphic_testing::transformations::annotated_dependency_graphs:   (mustChangeAt, 1, ?)
13:31:55 [DEBUG] (1) nemo_metamorphic_testing::transformations::annotated_dependency_graphs:   (platformHeight, 1, -)
13:31:55 [DEBUG] (1) nemo_metamorphic_testing::transformations::annotated_dependency_graphs:   (seeTVTower, None, None)
13:31:55 [DEBUG] (1) nemo_metamorphic_testing::transformations::annotated_dependency_graphs:   (success, 0, +)
13:31:55 [DEBUG] (1) nemo_metamorphic_testing::transformations::annotated_dependency_graphs:   (tooLargeGap, 1, -)
13:31:55 [DEBUG] (1) nemo_metamorphic_testing::transformations::annotated_dependency_graphs:   (validC, 0, +)
13:31:55 [DEBUG] (1) nemo_metamorphic_testing::transformations::annotated_dependency_graphs: Writing ADG to file
13:31:55 [INFO] ----------------------------------------------
13:31:55 [INFO] --------- Beginning Transformations ----------
13:31:55 [INFO] --------  Oracle: EXP    Number: 32
13:31:55 [INFO] ----------------------------------------------
13:31:55 [DEBUG] (1) nemo_metamorphic_testing::transformations::annotated_dependency_graphs: Verifying ADG
13:31:55 [DEBUG] (1) nemo_metamorphic_testing::transformations::annotated_dependency_graphs: Writing ADG to file
13:31:55 [DEBUG] (1) nemo_metamorphic_testing::transformations::annotated_dependency_graphs: Writing reduced ADG to file
13:31:55 [DEBUG] (1) nemo_metamorphic_testing: ADG edge verification succeeded
13:31:55 [DEBUG] (1) nemo_metamorphic_testing: RNG position: 0
13:31:55 [INFO] 1 / 32
13:31:55 [DEBUG] (1) nemo_metamorphic_testing::transformations::modify_rule_remove_equality:     Incoming edges by rule name: [r_4 : [choseB, choseU, ]; r_3 : [choseU, choseB, ]; r_2 : [mustChangeAt, validC, validC, ]; r_1 : [canChangeAt, mustChangeAt, validC, validC, ]; ]
13:31:55 [INFO]   VIII Modify Rule - Remove Equality
13:31:55 [DEBUG] (1) nemo_metamorphic_testing::transformations::modify_rule_remove_equality: pos edges by tag: {Tag { origin: File { start: 523, end: 534 }, tag: "canChangeAt" }: [EdgeIndex(8)], Tag { origin: File { start: 506, end: 518 }, tag: "mustChangeAt" }: [EdgeIndex(7)], Tag { origin: File { start: 460, end: 466 }, tag: "validC" }: [EdgeIndex(6), EdgeIndex(5)]}
13:31:55 [DEBUG] (1) nemo_metamorphic_testing::transformations::modify_rule_remove_equality: neg edges by tag: {}
13:31:55 [INFO]   Replaced a random number of var y with var y_new_1 in the rule r_1
13:31:55 [DEBUG] (1) nemo_metamorphic_testing::transformations::modify_rule_remove_equality:   Old Rule: validC(?x, ?z) :- validC(?x, ?y), validC(?y, ?z), mustChangeAt(?y), canChangeAt(?y) .
13:31:55 [DEBUG] (1) nemo_metamorphic_testing::transformations::modify_rule_remove_equality:   New Rule: validC(?x, ?z) :- validC(?x, ?y), validC(?y, ?z), mustChangeAt(?y_new_1), canChangeAt(?y_new_1) .
13:31:55 [DEBUG] (1) nemo_metamorphic_testing::transformations::annotated_dependency_graphs: Verifying ADG
13:31:55 [DEBUG] (1) nemo_metamorphic_testing::transformations::annotated_dependency_graphs: Writing ADG to file
13:31:55 [DEBUG] (1) nemo_metamorphic_testing::transformations::annotated_dependency_graphs: Writing reduced ADG to file
13:31:55 [DEBUG] (1) nemo_metamorphic_testing: ADG edge verification succeeded
13:31:55 [DEBUG] (1) nemo_metamorphic_testing: RNG position: 7
13:31:55 [INFO] 2 / 32
13:31:55 [DEBUG] (1) nemo_metamorphic_testing::transformations::modify_rule_add_equality:     Incoming edges by rule name: [r_6 : [allowedDiff, platformHeight, ]; ]
13:31:55 [INFO]   VII Modify Rule - Add Equality
13:31:55 [DEBUG] (1) nemo_metamorphic_testing::transformations::modify_rule_add_equality:   Found vars for into equality: [?h, ?y,  ]
13:31:55 [INFO]   Replaced var ?h with var ?y in the rule r_6
13:31:55 [DEBUG] (1) nemo_metamorphic_testing::transformations::modify_rule_add_equality:   Old Rule: tooLargeGap(?y) :- platformHeight(?y, ?h), ~allowedDiff(?h, trainHeight) .
13:31:55 [DEBUG] (1) nemo_metamorphic_testing::transformations::modify_rule_add_equality:   New Rule: tooLargeGap(?y) :- platformHeight(?y, ?y), ~allowedDiff(?y, trainHeight) .
13:31:55 [DEBUG] (1) nemo_metamorphic_testing::transformations::annotated_dependency_graphs: Verifying ADG
13:31:55 [DEBUG] (1) nemo_metamorphic_testing::transformations::annotated_dependency_graphs: Writing ADG to file
13:31:55 [DEBUG] (1) nemo_metamorphic_testing::transformations::annotated_dependency_graphs: Writing reduced ADG to file
13:31:55 [DEBUG] (1) nemo_metamorphic_testing: ADG edge verification succeeded
13:31:55 [DEBUG] (1) nemo_metamorphic_testing: RNG position: 9
13:31:55 [INFO] 3 / 32
13:31:55 [INFO]   II Add Fact Node and Edge
13:31:55 [INFO]   Added new fact allowedDiff(trainHeight, "kottbusser_tor").
13:31:55 [DEBUG] (1) nemo_metamorphic_testing::transformations::annotated_dependency_graphs: Verifying ADG
13:31:55 [DEBUG] (1) nemo_metamorphic_testing::transformations::annotated_dependency_graphs: Writing ADG to file
13:31:55 [DEBUG] (1) nemo_metamorphic_testing::transformations::annotated_dependency_graphs: Writing reduced ADG to file
13:31:55 [DEBUG] (1) nemo_metamorphic_testing: ADG edge verification succeeded
13:31:55 [DEBUG] (1) nemo_metamorphic_testing: RNG position: 17
13:31:55 [INFO] 4 / 32
13:31:55 [DEBUG] (1) nemo_metamorphic_testing::transformations::remove_relational_edges_whole_rule:     Incoming edges by rule name: [r_6 : [allowedDiff, platformHeight, ]; ]
13:31:55 [INFO]   V Remove Relational Edges - Whole Rule
13:31:55 [INFO]   Removing the Rule of the name r_6
13:31:55 [DEBUG] (1) nemo_metamorphic_testing::transformations::remove_relational_edges_whole_rule:    tooLargeGap(?y) :- platformHeight(?y, ?y), ~allowedDiff(?y, trainHeight) .
13:31:55 [DEBUG] (1) nemo_metamorphic_testing::transformations::annotated_dependency_graphs: Verifying ADG
13:31:55 [DEBUG] (1) nemo_metamorphic_testing::transformations::annotated_dependency_graphs: Writing ADG to file
13:31:55 [DEBUG] (1) nemo_metamorphic_testing::transformations::annotated_dependency_graphs: Writing reduced ADG to file
13:31:55 [DEBUG] (1) nemo_metamorphic_testing: ADG edge verification succeeded
13:31:55 [DEBUG] (1) nemo_metamorphic_testing: RNG position: 19
13:31:55 [INFO] 5 / 32
13:31:55 [DEBUG] (1) nemo_metamorphic_testing::transformations::modify_rule_remove_equality:     Incoming edges by rule name: [r_4 : [choseB, choseU, ]; r_3 : [choseU, choseB, ]; r_2 : [mustChangeAt, validC, validC, ]; r_1 : [canChangeAt, mustChangeAt, validC, validC, ]; ]
13:31:55 [INFO]   VIII Modify Rule - Remove Equality
13:31:55 [DEBUG] (1) nemo_metamorphic_testing::transformations::modify_rule_remove_equality: pos edges by tag: {Tag { origin: File { start: 460, end: 466 }, tag: "validC" }: [EdgeIndex(10), EdgeIndex(9)]}
13:31:55 [DEBUG] (1) nemo_metamorphic_testing::transformations::modify_rule_remove_equality: neg edges by tag: {Tag { origin: File { start: 506, end: 518 }, tag: "mustChangeAt" }: [EdgeIndex(11)]}
13:31:55 [INFO]   Replaced a random number of var y with var y_new_1 in the rule r_2
13:31:55 [DEBUG] (1) nemo_metamorphic_testing::transformations::modify_rule_remove_equality:   Old Rule: validC(?x, ?z) :- validC(?x, ?y), validC(?y, ?z), ~mustChangeAt(?y) .
13:31:55 [DEBUG] (1) nemo_metamorphic_testing::transformations::modify_rule_remove_equality:   New Rule: validC(?x, ?z) :- validC(?x, ?y_new_1), validC(?y, ?z), ~mustChangeAt(?y) .
13:31:55 [DEBUG] (1) nemo_metamorphic_testing::transformations::annotated_dependency_graphs: Verifying ADG
13:31:55 [DEBUG] (1) nemo_metamorphic_testing::transformations::annotated_dependency_graphs: Writing ADG to file
13:31:55 [DEBUG] (1) nemo_metamorphic_testing::transformations::annotated_dependency_graphs: Writing reduced ADG to file
13:31:55 [DEBUG] (1) nemo_metamorphic_testing: ADG edge verification succeeded
13:31:55 [DEBUG] (1) nemo_metamorphic_testing: RNG position: 24
13:31:55 [INFO] 6 / 32
13:31:55 [DEBUG] (1) nemo_metamorphic_testing::transformations::remove_relational_edge_single_literal:     Incoming edges by rule name: [r_5 : [tooLargeGap, elevator, ]; ]
13:31:55 [DEBUG] (1) nemo_metamorphic_testing::transformations::remove_relational_edge_single_literal: Zip {
    a: Cloned {
        it: Iter(
            [
                EdgeIndex(17),
                EdgeIndex(16),
            ],
        ),
    },
    b: IntoIter(
        [
            (r_5, -, (?y, )),
            (r_5, +, (?y, )),
        ],
    ),
}
13:31:55 [DEBUG] (1) nemo_metamorphic_testing::transformations::add_relational_edge_new_literal:     Incoming edges by rule name: [r_10 : [choseB, ]; r_9 : [choseB, ]; ]
13:31:55 [INFO]   IV Add Relational Edge - New Literal
13:31:55 [INFO] Relation canChangeAt has arity Some(1)
13:31:55 [DEBUG] (1) nemo_metamorphic_testing::transformations::add_relational_edge_new_literal:   Options for literal vector: [?x, ?x, "alexanderplatz",  ]
13:31:55 [INFO]   Generated literal ~canChangeAt(?x) for rule r_10
13:31:55 [DEBUG] (1) nemo_metamorphic_testing::transformations::add_relational_edge_new_literal:    Old Rule: seeTVTower(s) :- choseB("alexanderplatz", ?x) .
13:31:55 [DEBUG] (1) nemo_metamorphic_testing::transformations::add_relational_edge_new_literal:    New Rule: seeTVTower(s) :- choseB("alexanderplatz", ?x), ~canChangeAt(?x) .
13:31:55 [DEBUG] (1) nemo_metamorphic_testing::transformations::annotated_dependency_graphs: Writing ADG to file
13:31:55 [DEBUG] (1) nemo_metamorphic_testing::transformations::annotated_dependency_graphs:   Updating Ancestry and Inverse Stratum beginning in relational node seeTVTower
13:31:55 [DEBUG] (1) nemo_metamorphic_testing::transformations::annotated_dependency_graphs: Writing ADG restricted to Incoming from seeTVTower
13:31:55 [DEBUG] (1) nemo_metamorphic_testing::transformations::annotated_dependency_graphs: Writing reduced ADG to file
13:31:55 [DEBUG] (1) nemo_metamorphic_testing::transformations::annotated_dependency_graphs:   Ancestry and Inverse Stratum update complete.
13:31:55 [DEBUG] (1) nemo_metamorphic_testing::transformations::annotated_dependency_graphs: Verifying ADG
13:31:55 [DEBUG] (1) nemo_metamorphic_testing::transformations::annotated_dependency_graphs: Writing ADG to file
13:31:55 [DEBUG] (1) nemo_metamorphic_testing::transformations::annotated_dependency_graphs: Writing reduced ADG to file
13:31:55 [DEBUG] (1) nemo_metamorphic_testing: ADG edge verification succeeded
13:31:55 [DEBUG] (1) nemo_metamorphic_testing: RNG position: 37
13:31:55 [INFO] 7 / 32
13:31:55 [DEBUG] (1) nemo_metamorphic_testing::transformations::add_relational_edge_new_literal:     Incoming edges by rule name: [r_10 : [canChangeAt, choseB, ]; r_9 : [choseB, ]; ]
13:31:55 [INFO]   IV Add Relational Edge - New Literal
13:31:55 [INFO] Relation elevator has arity Some(1)
13:31:55 [DEBUG] (1) nemo_metamorphic_testing::transformations::add_relational_edge_new_literal:   Options for literal vector: [?x, ?x, trainHeight, ?Z_1,  ]
13:31:55 [INFO]   Generated literal elevator(trainHeight) for rule r_9
13:31:55 [DEBUG] (1) nemo_metamorphic_testing::transformations::add_relational_edge_new_literal:    Old Rule: seeTVTower(s) :- choseB(?x, "alexanderplatz") .
13:31:55 [DEBUG] (1) nemo_metamorphic_testing::transformations::add_relational_edge_new_literal:    New Rule: seeTVTower(s) :- choseB(?x, "alexanderplatz"), elevator(trainHeight) .
13:31:55 [DEBUG] (1) nemo_metamorphic_testing::transformations::annotated_dependency_graphs: Writing ADG to file
13:31:55 [DEBUG] (1) nemo_metamorphic_testing::transformations::annotated_dependency_graphs:   Updating Ancestry and Inverse Stratum beginning in relational node seeTVTower
13:31:55 [DEBUG] (1) nemo_metamorphic_testing::transformations::annotated_dependency_graphs: Writing ADG restricted to Incoming from seeTVTower
13:31:55 [DEBUG] (1) nemo_metamorphic_testing::transformations::annotated_dependency_graphs: Writing reduced ADG to file
13:31:55 [DEBUG] (1) nemo_metamorphic_testing::transformations::annotated_dependency_graphs:   Ancestry and Inverse Stratum update complete.
13:31:55 [DEBUG] (1) nemo_metamorphic_testing::transformations::annotated_dependency_graphs: Verifying ADG
13:31:55 [DEBUG] (1) nemo_metamorphic_testing::transformations::annotated_dependency_graphs: Writing ADG to file
13:31:55 [DEBUG] (1) nemo_metamorphic_testing::transformations::annotated_dependency_graphs: Writing reduced ADG to file
13:31:55 [DEBUG] (1) nemo_metamorphic_testing: ADG edge verification succeeded
13:31:55 [DEBUG] (1) nemo_metamorphic_testing: RNG position: 49
13:31:55 [INFO] 8 / 32
13:31:55 [DEBUG] (1) nemo_metamorphic_testing::transformations::remove_relational_edge_single_literal:     Incoming edges by rule name: [r_5 : [tooLargeGap, elevator, ]; ]
13:31:55 [DEBUG] (1) nemo_metamorphic_testing::transformations::remove_relational_edge_single_literal: Zip {
    a: Cloned {
        it: Iter(
            [
                EdgeIndex(17),
                EdgeIndex(16),
            ],
        ),
    },
    b: IntoIter(
        [
            (r_5, -, (?y, )),
            (r_5, +, (?y, )),
        ],
    ),
}
13:31:55 [INFO]   II Add Fact Node and Edge
13:31:55 [INFO]   Added new fact success("kottbusser_tor").
13:31:55 [DEBUG] (1) nemo_metamorphic_testing::transformations::annotated_dependency_graphs: Verifying ADG
13:31:55 [DEBUG] (1) nemo_metamorphic_testing::transformations::annotated_dependency_graphs: Writing ADG to file
13:31:55 [DEBUG] (1) nemo_metamorphic_testing::transformations::annotated_dependency_graphs: Writing reduced ADG to file
13:31:55 [DEBUG] (1) nemo_metamorphic_testing: ADG edge verification succeeded
13:31:55 [DEBUG] (1) nemo_metamorphic_testing: RNG position: 56
13:31:55 [INFO] 9 / 32
13:31:55 [DEBUG] (1) nemo_metamorphic_testing::transformations::remove_relational_edge_single_literal:     Incoming edges by rule name: [r_4 : [choseB, choseU, ]; r_3 : [choseU, choseB, ]; r_2 : [mustChangeAt, validC, validC, ]; r_1 : [canChangeAt, mustChangeAt, validC, validC, ]; ]
13:31:55 [DEBUG] (1) nemo_metamorphic_testing::transformations::remove_relational_edge_single_literal: Zip {
    a: Cloned {
        it: Iter(
            [
                EdgeIndex(8),
                EdgeIndex(7),
                EdgeIndex(6),
                EdgeIndex(5),
            ],
        ),
    },
    b: IntoIter(
        [
            (r_1, +, (?y_new_1, )),
            (r_1, +, (?y_new_1, )),
            (r_1, +, (?y, ?z, )),
            (r_1, +, (?x, ?y, )),
        ],
    ),
}
13:31:55 [INFO]   VI Remove Relational Edge - Single Literal
13:31:55 [INFO]   Found the rule of the name r_1
13:31:55 [DEBUG] (1) nemo_metamorphic_testing::transformations::remove_relational_edge_single_literal:    Old rule:   validC(?x, ?z) :- validC(?x, ?y), validC(?y, ?z), mustChangeAt(?y_new_1), canChangeAt(?y_new_1) .
13:31:55 [INFO]   Removed relational edge NodeIndex(1): (canChangeAt -> validC)
13:31:55 [DEBUG] (1) nemo_metamorphic_testing::transformations::annotated_dependency_graphs:   Updating Ancestry and Inverse Stratum beginning in relational node seeTVTower
13:31:55 [DEBUG] (1) nemo_metamorphic_testing::transformations::annotated_dependency_graphs: Writing ADG restricted to Incoming from seeTVTower
13:31:55 [DEBUG] (1) nemo_metamorphic_testing::transformations::annotated_dependency_graphs: Writing reduced ADG to file
13:31:55 [DEBUG] (1) nemo_metamorphic_testing::transformations::annotated_dependency_graphs:   Ancestry and Inverse Stratum update complete.
13:31:55 [DEBUG] (1) nemo_metamorphic_testing::transformations::annotated_dependency_graphs:   Updating Ancestry and Inverse Stratum beginning in relational node canChangeAt
13:31:55 [DEBUG] (1) nemo_metamorphic_testing::transformations::annotated_dependency_graphs: Writing ADG restricted to Incoming from canChangeAt
13:31:55 [DEBUG] (1) nemo_metamorphic_testing::transformations::annotated_dependency_graphs: Writing reduced ADG to file
13:31:55 [DEBUG] (1) nemo_metamorphic_testing::transformations::annotated_dependency_graphs:   Ancestry and Inverse Stratum update complete.
13:31:55 [DEBUG] (1) nemo_metamorphic_testing::transformations::annotated_dependency_graphs:   Updating Ancestry and Inverse Stratum beginning in relational node seeTVTower
13:31:55 [DEBUG] (1) nemo_metamorphic_testing::transformations::annotated_dependency_graphs: Writing ADG restricted to Incoming from seeTVTower
13:31:55 [DEBUG] (1) nemo_metamorphic_testing::transformations::annotated_dependency_graphs: Writing reduced ADG to file
13:31:55 [DEBUG] (1) nemo_metamorphic_testing::transformations::annotated_dependency_graphs:   Ancestry and Inverse Stratum update complete.
13:31:55 [DEBUG] (1) nemo_metamorphic_testing::transformations::annotated_dependency_graphs:   Updating Ancestry and Inverse Stratum beginning in relational node canChangeAt
13:31:55 [DEBUG] (1) nemo_metamorphic_testing::transformations::annotated_dependency_graphs: Writing ADG restricted to Incoming from canChangeAt
13:31:55 [DEBUG] (1) nemo_metamorphic_testing::transformations::annotated_dependency_graphs: Writing reduced ADG to file
13:31:55 [DEBUG] (1) nemo_metamorphic_testing::transformations::annotated_dependency_graphs:   Ancestry and Inverse Stratum update complete.
13:31:55 [INFO]   Attempting to remove the literal +canChangeAt(, ?y_new_1) from the rule r_1
13:31:55 [DEBUG] (1) nemo_metamorphic_testing::transformations::remove_relational_edge_single_literal:     Modified rule: validC(?x, ?z) :- validC(?x, ?y), validC(?y, ?z), mustChangeAt(?y_new_1) .
13:31:55 [DEBUG] (1) nemo_metamorphic_testing::transformations::annotated_dependency_graphs: Verifying ADG
13:31:55 [DEBUG] (1) nemo_metamorphic_testing::transformations::annotated_dependency_graphs: Writing ADG to file
13:31:55 [DEBUG] (1) nemo_metamorphic_testing::transformations::annotated_dependency_graphs: Writing reduced ADG to file
13:31:55 [DEBUG] (1) nemo_metamorphic_testing: ADG edge verification succeeded
13:31:55 [DEBUG] (1) nemo_metamorphic_testing: RNG position: 60
13:31:55 [INFO] 10 / 32
13:31:55 [DEBUG] (1) nemo_metamorphic_testing::transformations::modify_rule_add_equality:     Incoming edges by rule name: [r_5 : [tooLargeGap, elevator, ]; ]
13:31:55 [INFO]   VII Modify Rule - Add Equality
13:31:55 [DEBUG] (1) nemo_metamorphic_testing::transformations::modify_rule_add_equality:   Found vars for into equality: [?y,  ]
13:31:55 [INFO]   Aborting the introduction of an equality - rule has too few variables!
13:31:55 [DEBUG] (1) nemo_metamorphic_testing::transformations::modify_rule_add_equality:     The rule in question: canChangeAt(?y) :- elevator(?y), ~tooLargeGap(?y) .
13:31:55 [DEBUG] (1) nemo_metamorphic_testing::transformations::annotated_dependency_graphs: Verifying ADG
13:31:55 [DEBUG] (1) nemo_metamorphic_testing::transformations::annotated_dependency_graphs: Writing ADG to file
13:31:55 [DEBUG] (1) nemo_metamorphic_testing::transformations::annotated_dependency_graphs: Writing reduced ADG to file
13:31:55 [DEBUG] (1) nemo_metamorphic_testing: ADG edge verification succeeded
13:31:55 [DEBUG] (1) nemo_metamorphic_testing: RNG position: 62
13:31:55 [INFO] 11 / 32
13:31:55 [INFO]   I Add Relational Node
13:31:55 [INFO]   Added new relation R_1
13:31:55 [DEBUG] (1) nemo_metamorphic_testing::transformations::annotated_dependency_graphs: Verifying ADG
13:31:55 [DEBUG] (1) nemo_metamorphic_testing::transformations::annotated_dependency_graphs: Writing ADG to file
13:31:55 [DEBUG] (1) nemo_metamorphic_testing::transformations::annotated_dependency_graphs: Writing reduced ADG to file
13:31:55 [DEBUG] (1) nemo_metamorphic_testing: ADG edge verification succeeded
13:31:55 [DEBUG] (1) nemo_metamorphic_testing: RNG position: 63
13:31:55 [INFO] 12 / 32
13:31:55 [INFO]   III Add Relational edges - New Rule
13:31:55 [DEBUG] (1) nemo_metamorphic_testing::transformations::add_relational_edge_new_rule:   Adding the literal allowedDiff->canChangeAt) : (r_EXP_1,+,, ?Y_1, ?Y_1)
13:31:55 [DEBUG] (1) nemo_metamorphic_testing::transformations::add_relational_edge_new_rule:   Adding the literal platformHeight->canChangeAt) : (r_EXP_1,+,, ?Y_1, ?Y_1)
13:31:55 [DEBUG] (1) nemo_metamorphic_testing::transformations::add_relational_edge_new_rule:   Adding the literal choseB->canChangeAt) : (r_EXP_1,+,, ?X_1, "jungfernheide")
13:31:55 [DEBUG] (1) nemo_metamorphic_testing::transformations::add_relational_edge_new_rule:   Adding the literal success->canChangeAt) : (r_EXP_1,+,, ?X_1)
13:31:55 [DEBUG] (1) nemo_metamorphic_testing::transformations::add_relational_edge_new_rule:   Adding the literal mustChangeAt->canChangeAt) : (r_EXP_1,-,, ?Y_1)
13:31:55 [DEBUG] (1) nemo_metamorphic_testing::transformations::add_relational_edge_new_rule:   Adding the literal validC->canChangeAt) : (r_EXP_1,-,, ?Y_1, ?Y_1)
13:31:55 [DEBUG] (1) nemo_metamorphic_testing::transformations::add_relational_edge_new_rule:   Adding the literal validC->canChangeAt) : (r_EXP_1,-,, ?Y_1, "jungfernheide")
13:31:55 [DEBUG] (1) nemo_metamorphic_testing::transformations::add_relational_edge_new_rule:   Adding the literal tooLargeGap->canChangeAt) : (r_EXP_1,-,, ?Y_1)
13:31:55 [INFO]   Added new rule of name r_EXP_1
13:31:55 [INFO]   canChangeAt(?X_1) :- allowedDiff(?Y_1, ?Y_1), platformHeight(?Y_1, ?Y_1), choseB(?X_1, "jungfernheide"), success(?X_1), ~mustChangeAt(?Y_1), ~validC(?Y_1, ?Y_1), ~validC(?Y_1, "jungfernheide"), ~tooLargeGap(?Y_1) .
13:31:55 [DEBUG] (1) nemo_metamorphic_testing::transformations::annotated_dependency_graphs: Writing ADG to file
13:31:55 [DEBUG] (1) nemo_metamorphic_testing::transformations::annotated_dependency_graphs:   Updating Ancestry and Inverse Stratum beginning in relational node canChangeAt
13:31:55 [DEBUG] (1) nemo_metamorphic_testing::transformations::annotated_dependency_graphs: Writing ADG restricted to Incoming from canChangeAt
13:31:55 [DEBUG] (1) nemo_metamorphic_testing::transformations::annotated_dependency_graphs: Writing reduced ADG to file
13:31:55 [DEBUG] (1) nemo_metamorphic_testing::transformations::annotated_dependency_graphs:   Ancestry and Inverse Stratum update complete.
13:31:55 [DEBUG] (1) nemo_metamorphic_testing::transformations::annotated_dependency_graphs: Verifying ADG
13:31:55 [DEBUG] (1) nemo_metamorphic_testing::transformations::annotated_dependency_graphs: Writing ADG to file
13:31:55 [DEBUG] (1) nemo_metamorphic_testing::transformations::annotated_dependency_graphs: Writing reduced ADG to file
13:31:55 [DEBUG] (1) nemo_metamorphic_testing: ADG edge verification succeeded
13:31:55 [DEBUG] (1) nemo_metamorphic_testing: RNG position: 133
13:31:55 [INFO] 13 / 32
13:31:55 [DEBUG] (1) nemo_metamorphic_testing::transformations::add_relational_edge_new_literal:     Incoming edges by rule name: [r_EXP_1 : [tooLargeGap, validC, validC, mustChangeAt, success, choseB, platformHeight, allowedDiff, ]; r_5 : [tooLargeGap, elevator, ]; ]
13:31:55 [INFO]   IV Add Relational Edge - New Literal
13:31:55 [INFO] Relation choseB has arity Some(2)
13:31:55 [DEBUG] (1) nemo_metamorphic_testing::transformations::add_relational_edge_new_literal:   Options for literal vector: [?y, ?y, ?y, ?y, "alexanderplatz", ?Z_1,  ]
13:31:55 [INFO]   Generated literal choseB(?y, ?Z_1) for rule r_5
13:31:55 [DEBUG] (1) nemo_metamorphic_testing::transformations::add_relational_edge_new_literal:    Old Rule: canChangeAt(?y) :- elevator(?y), ~tooLargeGap(?y) .
13:31:55 [DEBUG] (1) nemo_metamorphic_testing::transformations::add_relational_edge_new_literal:    New Rule: canChangeAt(?y) :- elevator(?y), ~tooLargeGap(?y), choseB(?y, ?Z_1) .
13:31:55 [DEBUG] (1) nemo_metamorphic_testing::transformations::annotated_dependency_graphs: Writing ADG to file
13:31:55 [DEBUG] (1) nemo_metamorphic_testing::transformations::annotated_dependency_graphs:   Updating Ancestry and Inverse Stratum beginning in relational node canChangeAt
13:31:55 [DEBUG] (1) nemo_metamorphic_testing::transformations::annotated_dependency_graphs: Writing ADG restricted to Incoming from canChangeAt
13:31:55 [DEBUG] (1) nemo_metamorphic_testing::transformations::annotated_dependency_graphs: Writing reduced ADG to file
13:31:55 [DEBUG] (1) nemo_metamorphic_testing::transformations::annotated_dependency_graphs:   Ancestry and Inverse Stratum update complete.
13:31:55 [DEBUG] (1) nemo_metamorphic_testing::transformations::annotated_dependency_graphs: Verifying ADG
13:31:55 [DEBUG] (1) nemo_metamorphic_testing::transformations::annotated_dependency_graphs: Writing ADG to file
13:31:55 [DEBUG] (1) nemo_metamorphic_testing::transformations::annotated_dependency_graphs: Writing reduced ADG to file
13:31:55 [DEBUG] (1) nemo_metamorphic_testing: ADG edge verification succeeded
13:31:55 [DEBUG] (1) nemo_metamorphic_testing: RNG position: 150
13:31:55 [INFO] 14 / 32
13:31:55 [INFO]   I Add Relational Node
13:31:55 [INFO]   Added new relation R_2
13:31:55 [DEBUG] (1) nemo_metamorphic_testing::transformations::annotated_dependency_graphs: Verifying ADG
13:31:55 [DEBUG] (1) nemo_metamorphic_testing::transformations::annotated_dependency_graphs: Writing ADG to file
13:31:55 [DEBUG] (1) nemo_metamorphic_testing::transformations::annotated_dependency_graphs: Writing reduced ADG to file
13:31:55 [DEBUG] (1) nemo_metamorphic_testing: ADG edge verification succeeded
13:31:55 [DEBUG] (1) nemo_metamorphic_testing: RNG position: 151
13:31:55 [INFO] 15 / 32
13:31:55 [DEBUG] (1) nemo_metamorphic_testing::transformations::add_relational_edge_new_literal:     Incoming edges by rule name: [r_5 : [choseB, tooLargeGap, elevator, ]; r_EXP_1 : [tooLargeGap, validC, validC, mustChangeAt, success, choseB, platformHeight, allowedDiff, ]; ]
13:31:55 [INFO]   IV Add Relational Edge - New Literal
13:31:55 [INFO] Relation allowedDiff has arity Some(2)
13:31:55 [DEBUG] (1) nemo_metamorphic_testing::transformations::add_relational_edge_new_literal:   Options for literal vector: [?y, ?y, ?y, ?y, ?Z_1, ?y, trainHeight, ?Z_2, ?Z_3,  ]
13:31:55 [INFO]   Generated literal allowedDiff(?y, ?y) for rule r_5
13:31:55 [DEBUG] (1) nemo_metamorphic_testing::transformations::add_relational_edge_new_literal:    Old Rule: canChangeAt(?y) :- elevator(?y), ~tooLargeGap(?y), choseB(?y, ?Z_1) .
13:31:55 [DEBUG] (1) nemo_metamorphic_testing::transformations::add_relational_edge_new_literal:    New Rule: canChangeAt(?y) :- elevator(?y), ~tooLargeGap(?y), choseB(?y, ?Z_1), allowedDiff(?y, ?y) .
13:31:55 [DEBUG] (1) nemo_metamorphic_testing::transformations::annotated_dependency_graphs: Writing ADG to file
13:31:55 [DEBUG] (1) nemo_metamorphic_testing::transformations::annotated_dependency_graphs:   Updating Ancestry and Inverse Stratum beginning in relational node canChangeAt
13:31:55 [DEBUG] (1) nemo_metamorphic_testing::transformations::annotated_dependency_graphs: Writing ADG restricted to Incoming from canChangeAt
13:31:55 [DEBUG] (1) nemo_metamorphic_testing::transformations::annotated_dependency_graphs: Writing reduced ADG to file
13:31:55 [DEBUG] (1) nemo_metamorphic_testing::transformations::annotated_dependency_graphs:   Ancestry and Inverse Stratum update complete.
13:31:55 [DEBUG] (1) nemo_metamorphic_testing::transformations::annotated_dependency_graphs: Verifying ADG
13:31:55 [DEBUG] (1) nemo_metamorphic_testing::transformations::annotated_dependency_graphs: Writing ADG to file
13:31:55 [DEBUG] (1) nemo_metamorphic_testing::transformations::annotated_dependency_graphs: Writing reduced ADG to file
13:31:55 [DEBUG] (1) nemo_metamorphic_testing: ADG edge verification succeeded
13:31:55 [DEBUG] (1) nemo_metamorphic_testing: RNG position: 173
13:31:55 [INFO] 16 / 32
13:31:55 [DEBUG] (1) nemo_metamorphic_testing::transformations::remove_relational_edges_whole_rule:     Incoming edges by rule name: [r_9 : [elevator, choseB, ]; r_10 : [canChangeAt, choseB, ]; ]
13:31:55 [INFO]   V Remove Relational Edges - Whole Rule
13:31:55 [INFO]   Removing the Rule of the name r_10
13:31:55 [DEBUG] (1) nemo_metamorphic_testing::transformations::remove_relational_edges_whole_rule:    seeTVTower(s) :- choseB("alexanderplatz", ?x), ~canChangeAt(?x) .
13:31:55 [DEBUG] (1) nemo_metamorphic_testing::transformations::annotated_dependency_graphs:   Updating Ancestry and Inverse Stratum beginning in relational node canChangeAt
13:31:55 [DEBUG] (1) nemo_metamorphic_testing::transformations::annotated_dependency_graphs: Writing ADG restricted to Incoming from canChangeAt
13:31:55 [DEBUG] (1) nemo_metamorphic_testing::transformations::annotated_dependency_graphs: Writing reduced ADG to file
13:31:55 [DEBUG] (1) nemo_metamorphic_testing::transformations::annotated_dependency_graphs:   Ancestry and Inverse Stratum update complete.
13:31:55 [DEBUG] (1) nemo_metamorphic_testing::transformations::annotated_dependency_graphs:   Updating Ancestry and Inverse Stratum beginning in relational node canChangeAt
13:31:55 [DEBUG] (1) nemo_metamorphic_testing::transformations::annotated_dependency_graphs: Writing ADG restricted to Incoming from canChangeAt
13:31:55 [DEBUG] (1) nemo_metamorphic_testing::transformations::annotated_dependency_graphs: Writing reduced ADG to file
13:31:55 [DEBUG] (1) nemo_metamorphic_testing::transformations::annotated_dependency_graphs:   Ancestry and Inverse Stratum update complete.
13:31:55 [DEBUG] (1) nemo_metamorphic_testing::transformations::annotated_dependency_graphs:   Updating Ancestry and Inverse Stratum beginning in relational node canChangeAt
13:31:55 [DEBUG] (1) nemo_metamorphic_testing::transformations::annotated_dependency_graphs: Writing ADG restricted to Incoming from canChangeAt
13:31:55 [DEBUG] (1) nemo_metamorphic_testing::transformations::annotated_dependency_graphs: Writing reduced ADG to file
13:31:55 [DEBUG] (1) nemo_metamorphic_testing::transformations::annotated_dependency_graphs:   Ancestry and Inverse Stratum update complete.
13:31:55 [DEBUG] (1) nemo_metamorphic_testing::transformations::annotated_dependency_graphs:   Updating Ancestry and Inverse Stratum beginning in relational node canChangeAt
13:31:55 [DEBUG] (1) nemo_metamorphic_testing::transformations::annotated_dependency_graphs: Writing ADG restricted to Incoming from canChangeAt
13:31:55 [DEBUG] (1) nemo_metamorphic_testing::transformations::annotated_dependency_graphs: Writing reduced ADG to file
13:31:55 [DEBUG] (1) nemo_metamorphic_testing::transformations::annotated_dependency_graphs:   Ancestry and Inverse Stratum update complete.
13:31:55 [DEBUG] (1) nemo_metamorphic_testing::transformations::annotated_dependency_graphs:   Updating Ancestry and Inverse Stratum beginning in relational node seeTVTower
13:31:55 [DEBUG] (1) nemo_metamorphic_testing::transformations::annotated_dependency_graphs: Writing ADG restricted to Incoming from seeTVTower
13:31:55 [DEBUG] (1) nemo_metamorphic_testing::transformations::annotated_dependency_graphs: Writing reduced ADG to file
13:31:55 [DEBUG] (1) nemo_metamorphic_testing::transformations::annotated_dependency_graphs:   Ancestry and Inverse Stratum update complete.
13:31:55 [DEBUG] (1) nemo_metamorphic_testing::transformations::annotated_dependency_graphs:   Updating Ancestry and Inverse Stratum beginning in relational node mustChangeAt
13:31:55 [DEBUG] (1) nemo_metamorphic_testing::transformations::annotated_dependency_graphs: Writing ADG restricted to Incoming from mustChangeAt
13:31:55 [DEBUG] (1) nemo_metamorphic_testing::transformations::annotated_dependency_graphs: Writing reduced ADG to file
13:31:55 [DEBUG] (1) nemo_metamorphic_testing::transformations::annotated_dependency_graphs:   Ancestry and Inverse Stratum update complete.
13:31:55 [DEBUG] (1) nemo_metamorphic_testing::transformations::annotated_dependency_graphs:   Updating Ancestry and Inverse Stratum beginning in relational node mustChangeAt
13:31:55 [DEBUG] (1) nemo_metamorphic_testing::transformations::annotated_dependency_graphs: Writing ADG restricted to Incoming from mustChangeAt
13:31:55 [DEBUG] (1) nemo_metamorphic_testing::transformations::annotated_dependency_graphs: Writing reduced ADG to file
13:31:55 [DEBUG] (1) nemo_metamorphic_testing::transformations::annotated_dependency_graphs:   Ancestry and Inverse Stratum update complete.
13:31:55 [DEBUG] (1) nemo_metamorphic_testing::transformations::annotated_dependency_graphs:   Updating Ancestry and Inverse Stratum beginning in relational node validC
13:31:55 [DEBUG] (1) nemo_metamorphic_testing::transformations::annotated_dependency_graphs: Writing ADG restricted to Incoming from validC
13:31:55 [DEBUG] (1) nemo_metamorphic_testing::transformations::annotated_dependency_graphs: Writing reduced ADG to file
13:31:55 [DEBUG] (1) nemo_metamorphic_testing::transformations::annotated_dependency_graphs:   Ancestry and Inverse Stratum update complete.
13:31:55 [DEBUG] (1) nemo_metamorphic_testing::transformations::annotated_dependency_graphs:   Updating Ancestry and Inverse Stratum beginning in relational node validC
13:31:55 [DEBUG] (1) nemo_metamorphic_testing::transformations::annotated_dependency_graphs: Writing ADG restricted to Incoming from validC
13:31:55 [DEBUG] (1) nemo_metamorphic_testing::transformations::annotated_dependency_graphs: Writing reduced ADG to file
13:31:55 [DEBUG] (1) nemo_metamorphic_testing::transformations::annotated_dependency_graphs:   Ancestry and Inverse Stratum update complete.
13:31:55 [DEBUG] (1) nemo_metamorphic_testing::transformations::annotated_dependency_graphs:   Updating Ancestry and Inverse Stratum beginning in relational node canChangeAt
13:31:55 [DEBUG] (1) nemo_metamorphic_testing::transformations::annotated_dependency_graphs: Writing ADG restricted to Incoming from canChangeAt
13:31:55 [DEBUG] (1) nemo_metamorphic_testing::transformations::annotated_dependency_graphs: Writing reduced ADG to file
13:31:55 [DEBUG] (1) nemo_metamorphic_testing::transformations::annotated_dependency_graphs:   Ancestry and Inverse Stratum update complete.
13:31:55 [DEBUG] (1) nemo_metamorphic_testing::transformations::annotated_dependency_graphs:   Updating Ancestry and Inverse Stratum beginning in relational node canChangeAt
13:31:55 [DEBUG] (1) nemo_metamorphic_testing::transformations::annotated_dependency_graphs: Writing ADG restricted to Incoming from canChangeAt
13:31:55 [DEBUG] (1) nemo_metamorphic_testing::transformations::annotated_dependency_graphs: Writing reduced ADG to file
13:31:55 [DEBUG] (1) nemo_metamorphic_testing::transformations::annotated_dependency_graphs:   Ancestry and Inverse Stratum update complete.
13:31:55 [DEBUG] (1) nemo_metamorphic_testing::transformations::annotated_dependency_graphs:   Updating Ancestry and Inverse Stratum beginning in relational node canChangeAt
13:31:55 [DEBUG] (1) nemo_metamorphic_testing::transformations::annotated_dependency_graphs: Writing ADG restricted to Incoming from canChangeAt
13:31:55 [DEBUG] (1) nemo_metamorphic_testing::transformations::annotated_dependency_graphs: Writing reduced ADG to file
13:31:55 [DEBUG] (1) nemo_metamorphic_testing::transformations::annotated_dependency_graphs:   Ancestry and Inverse Stratum update complete.
13:31:55 [DEBUG] (1) nemo_metamorphic_testing::transformations::annotated_dependency_graphs:   Updating Ancestry and Inverse Stratum beginning in relational node canChangeAt
13:31:55 [DEBUG] (1) nemo_metamorphic_testing::transformations::annotated_dependency_graphs: Writing ADG restricted to Incoming from canChangeAt
13:31:55 [DEBUG] (1) nemo_metamorphic_testing::transformations::annotated_dependency_graphs: Writing reduced ADG to file
13:31:55 [DEBUG] (1) nemo_metamorphic_testing::transformations::annotated_dependency_graphs:   Ancestry and Inverse Stratum update complete.
13:31:55 [DEBUG] (1) nemo_metamorphic_testing::transformations::annotated_dependency_graphs:   Updating Ancestry and Inverse Stratum beginning in relational node success
13:31:55 [DEBUG] (1) nemo_metamorphic_testing::transformations::annotated_dependency_graphs: Writing ADG restricted to Incoming from success
13:31:55 [DEBUG] (1) nemo_metamorphic_testing::transformations::annotated_dependency_graphs: Writing reduced ADG to file
13:31:55 [DEBUG] (1) nemo_metamorphic_testing::transformations::annotated_dependency_graphs:   Ancestry and Inverse Stratum update complete.
13:31:55 [DEBUG] (1) nemo_metamorphic_testing::transformations::annotated_dependency_graphs:   Updating Ancestry and Inverse Stratum beginning in relational node validC
13:31:55 [DEBUG] (1) nemo_metamorphic_testing::transformations::annotated_dependency_graphs: Writing ADG restricted to Incoming from validC
13:31:55 [DEBUG] (1) nemo_metamorphic_testing::transformations::annotated_dependency_graphs: Writing reduced ADG to file
13:31:55 [DEBUG] (1) nemo_metamorphic_testing::transformations::annotated_dependency_graphs:   Ancestry and Inverse Stratum update complete.
13:31:55 [DEBUG] (1) nemo_metamorphic_testing::transformations::annotated_dependency_graphs:   Updating Ancestry and Inverse Stratum beginning in relational node validC
13:31:55 [DEBUG] (1) nemo_metamorphic_testing::transformations::annotated_dependency_graphs: Writing ADG restricted to Incoming from validC
13:31:55 [DEBUG] (1) nemo_metamorphic_testing::transformations::annotated_dependency_graphs: Writing reduced ADG to file
13:31:55 [DEBUG] (1) nemo_metamorphic_testing::transformations::annotated_dependency_graphs:   Ancestry and Inverse Stratum update complete.
13:31:55 [DEBUG] (1) nemo_metamorphic_testing::transformations::annotated_dependency_graphs:   Updating Ancestry and Inverse Stratum beginning in relational node validC
13:31:55 [DEBUG] (1) nemo_metamorphic_testing::transformations::annotated_dependency_graphs: Writing ADG restricted to Incoming from validC
13:31:55 [DEBUG] (1) nemo_metamorphic_testing::transformations::annotated_dependency_graphs: Writing reduced ADG to file
13:31:55 [DEBUG] (1) nemo_metamorphic_testing::transformations::annotated_dependency_graphs:   Ancestry and Inverse Stratum update complete.
13:31:55 [DEBUG] (1) nemo_metamorphic_testing::transformations::annotated_dependency_graphs:   Updating Ancestry and Inverse Stratum beginning in relational node validC
13:31:55 [DEBUG] (1) nemo_metamorphic_testing::transformations::annotated_dependency_graphs: Writing ADG restricted to Incoming from validC
13:31:55 [DEBUG] (1) nemo_metamorphic_testing::transformations::annotated_dependency_graphs: Writing reduced ADG to file
13:31:55 [DEBUG] (1) nemo_metamorphic_testing::transformations::annotated_dependency_graphs:   Ancestry and Inverse Stratum update complete.
13:31:55 [DEBUG] (1) nemo_metamorphic_testing::transformations::annotated_dependency_graphs:   Updating Ancestry and Inverse Stratum beginning in relational node mustChangeAt
13:31:55 [DEBUG] (1) nemo_metamorphic_testing::transformations::annotated_dependency_graphs: Writing ADG restricted to Incoming from mustChangeAt
13:31:55 [DEBUG] (1) nemo_metamorphic_testing::transformations::annotated_dependency_graphs: Writing reduced ADG to file
13:31:55 [DEBUG] (1) nemo_metamorphic_testing::transformations::annotated_dependency_graphs:   Ancestry and Inverse Stratum update complete.
13:31:55 [DEBUG] (1) nemo_metamorphic_testing::transformations::annotated_dependency_graphs:   Updating Ancestry and Inverse Stratum beginning in relational node mustChangeAt
13:31:55 [DEBUG] (1) nemo_metamorphic_testing::transformations::annotated_dependency_graphs: Writing ADG restricted to Incoming from mustChangeAt
13:31:55 [DEBUG] (1) nemo_metamorphic_testing::transformations::annotated_dependency_graphs: Writing reduced ADG to file
13:31:55 [DEBUG] (1) nemo_metamorphic_testing::transformations::annotated_dependency_graphs:   Ancestry and Inverse Stratum update complete.
13:31:55 [DEBUG] (1) nemo_metamorphic_testing::transformations::annotated_dependency_graphs:   Updating Ancestry and Inverse Stratum beginning in relational node validC
13:31:55 [DEBUG] (1) nemo_metamorphic_testing::transformations::annotated_dependency_graphs: Writing ADG restricted to Incoming from validC
13:31:55 [DEBUG] (1) nemo_metamorphic_testing::transformations::annotated_dependency_graphs: Writing reduced ADG to file
13:31:55 [DEBUG] (1) nemo_metamorphic_testing::transformations::annotated_dependency_graphs:   Ancestry and Inverse Stratum update complete.
13:31:55 [DEBUG] (1) nemo_metamorphic_testing::transformations::annotated_dependency_graphs:   Updating Ancestry and Inverse Stratum beginning in relational node validC
13:31:55 [DEBUG] (1) nemo_metamorphic_testing::transformations::annotated_dependency_graphs: Writing ADG restricted to Incoming from validC
13:31:55 [DEBUG] (1) nemo_metamorphic_testing::transformations::annotated_dependency_graphs: Writing reduced ADG to file
13:31:55 [DEBUG] (1) nemo_metamorphic_testing::transformations::annotated_dependency_graphs:   Ancestry and Inverse Stratum update complete.
13:31:55 [DEBUG] (1) nemo_metamorphic_testing::transformations::annotated_dependency_graphs:   Updating Ancestry and Inverse Stratum beginning in relational node canChangeAt
13:31:55 [DEBUG] (1) nemo_metamorphic_testing::transformations::annotated_dependency_graphs: Writing ADG restricted to Incoming from canChangeAt
13:31:55 [DEBUG] (1) nemo_metamorphic_testing::transformations::annotated_dependency_graphs: Writing reduced ADG to file
13:31:55 [DEBUG] (1) nemo_metamorphic_testing::transformations::annotated_dependency_graphs:   Ancestry and Inverse Stratum update complete.
13:31:55 [DEBUG] (1) nemo_metamorphic_testing::transformations::annotated_dependency_graphs:   Updating Ancestry and Inverse Stratum beginning in relational node validC
13:31:55 [DEBUG] (1) nemo_metamorphic_testing::transformations::annotated_dependency_graphs: Writing ADG restricted to Incoming from validC
13:31:55 [DEBUG] (1) nemo_metamorphic_testing::transformations::annotated_dependency_graphs: Writing reduced ADG to file
13:31:55 [DEBUG] (1) nemo_metamorphic_testing::transformations::annotated_dependency_graphs:   Ancestry and Inverse Stratum update complete.
13:31:55 [DEBUG] (1) nemo_metamorphic_testing::transformations::annotated_dependency_graphs:   Updating Ancestry and Inverse Stratum beginning in relational node validC
13:31:55 [DEBUG] (1) nemo_metamorphic_testing::transformations::annotated_dependency_graphs: Writing ADG restricted to Incoming from validC
13:31:55 [DEBUG] (1) nemo_metamorphic_testing::transformations::annotated_dependency_graphs: Writing reduced ADG to file
13:31:55 [DEBUG] (1) nemo_metamorphic_testing::transformations::annotated_dependency_graphs:   Ancestry and Inverse Stratum update complete.
13:31:55 [DEBUG] (1) nemo_metamorphic_testing::transformations::annotated_dependency_graphs:   Updating Ancestry and Inverse Stratum beginning in relational node canChangeAt
13:31:55 [DEBUG] (1) nemo_metamorphic_testing::transformations::annotated_dependency_graphs: Writing ADG restricted to Incoming from canChangeAt
13:31:55 [DEBUG] (1) nemo_metamorphic_testing::transformations::annotated_dependency_graphs: Writing reduced ADG to file
13:31:55 [DEBUG] (1) nemo_metamorphic_testing::transformations::annotated_dependency_graphs:   Ancestry and Inverse Stratum update complete.
13:31:55 [DEBUG] (1) nemo_metamorphic_testing::transformations::annotated_dependency_graphs:   Updating Ancestry and Inverse Stratum beginning in relational node canChangeAt
13:31:55 [DEBUG] (1) nemo_metamorphic_testing::transformations::annotated_dependency_graphs: Writing ADG restricted to Incoming from canChangeAt
13:31:55 [DEBUG] (1) nemo_metamorphic_testing::transformations::annotated_dependency_graphs: Writing reduced ADG to file
13:31:55 [DEBUG] (1) nemo_metamorphic_testing::transformations::annotated_dependency_graphs:   Ancestry and Inverse Stratum update complete.
13:31:55 [DEBUG] (1) nemo_metamorphic_testing::transformations::annotated_dependency_graphs:   Updating Ancestry and Inverse Stratum beginning in relational node seeTVTower
13:31:55 [DEBUG] (1) nemo_metamorphic_testing::transformations::annotated_dependency_graphs: Writing ADG restricted to Incoming from seeTVTower
13:31:55 [DEBUG] (1) nemo_metamorphic_testing::transformations::annotated_dependency_graphs: Writing reduced ADG to file
13:31:55 [DEBUG] (1) nemo_metamorphic_testing::transformations::annotated_dependency_graphs:   Ancestry and Inverse Stratum update complete.
13:31:55 [DEBUG] (1) nemo_metamorphic_testing::transformations::annotated_dependency_graphs:   Updating Ancestry and Inverse Stratum beginning in relational node canChangeAt
13:31:55 [DEBUG] (1) nemo_metamorphic_testing::transformations::annotated_dependency_graphs: Writing ADG restricted to Incoming from canChangeAt
13:31:55 [DEBUG] (1) nemo_metamorphic_testing::transformations::annotated_dependency_graphs: Writing reduced ADG to file
13:31:55 [DEBUG] (1) nemo_metamorphic_testing::transformations::annotated_dependency_graphs:   Ancestry and Inverse Stratum update complete.
13:31:55 [DEBUG] (1) nemo_metamorphic_testing::transformations::annotated_dependency_graphs: Verifying ADG
13:31:55 [DEBUG] (1) nemo_metamorphic_testing::transformations::annotated_dependency_graphs: Writing ADG to file
13:31:55 [DEBUG] (1) nemo_metamorphic_testing::transformations::annotated_dependency_graphs: Writing reduced ADG to file
13:31:55 [DEBUG] (1) nemo_metamorphic_testing: ADG edge verification succeeded
13:31:55 [DEBUG] (1) nemo_metamorphic_testing: RNG position: 176
13:31:55 [INFO] 17 / 32
13:31:55 [INFO]   I Add Relational Node
13:31:55 [INFO]   Added new relation R_3
13:31:55 [DEBUG] (1) nemo_metamorphic_testing::transformations::annotated_dependency_graphs: Verifying ADG
13:31:55 [DEBUG] (1) nemo_metamorphic_testing::transformations::annotated_dependency_graphs: Writing ADG to file
13:31:55 [DEBUG] (1) nemo_metamorphic_testing::transformations::annotated_dependency_graphs: Writing reduced ADG to file
13:31:55 [DEBUG] (1) nemo_metamorphic_testing: ADG edge verification succeeded
13:31:55 [DEBUG] (1) nemo_metamorphic_testing: RNG position: 177
13:31:55 [INFO] 18 / 32
13:31:55 [DEBUG] (1) nemo_metamorphic_testing::transformations::remove_relational_edge_single_literal:     Incoming edges by rule name: [r_4 : [choseB, choseU, ]; r_3 : [choseU, choseB, ]; r_2 : [mustChangeAt, validC, validC, ]; r_1 : [mustChangeAt, validC, validC, ]; ]
13:31:55 [DEBUG] (1) nemo_metamorphic_testing::transformations::remove_relational_edge_single_literal: Zip {
    a: Cloned {
        it: Iter(
            [
                EdgeIndex(7),
                EdgeIndex(6),
                EdgeIndex(5),
            ],
        ),
    },
    b: IntoIter(
        [
            (r_1, +, (?y_new_1, )),
            (r_1, +, (?y, ?z, )),
            (r_1, +, (?x, ?y, )),
        ],
    ),
}
13:31:55 [INFO]   VI Remove Relational Edge - Single Literal
13:31:55 [INFO]   Found the rule of the name r_1
13:31:55 [DEBUG] (1) nemo_metamorphic_testing::transformations::remove_relational_edge_single_literal:    Old rule:   validC(?x, ?z) :- validC(?x, ?y), validC(?y, ?z), mustChangeAt(?y_new_1) .
13:31:55 [INFO]   Removed relational edge NodeIndex(5): (mustChangeAt -> validC)
13:31:55 [DEBUG] (1) nemo_metamorphic_testing::transformations::annotated_dependency_graphs:   Updating Ancestry and Inverse Stratum beginning in relational node canChangeAt
13:31:55 [DEBUG] (1) nemo_metamorphic_testing::transformations::annotated_dependency_graphs: Writing ADG restricted to Incoming from canChangeAt
13:31:55 [DEBUG] (1) nemo_metamorphic_testing::transformations::annotated_dependency_graphs: Writing reduced ADG to file
13:31:55 [DEBUG] (1) nemo_metamorphic_testing::transformations::annotated_dependency_graphs:   Ancestry and Inverse Stratum update complete.
13:31:55 [DEBUG] (1) nemo_metamorphic_testing::transformations::annotated_dependency_graphs:   Updating Ancestry and Inverse Stratum beginning in relational node validC
13:31:55 [DEBUG] (1) nemo_metamorphic_testing::transformations::annotated_dependency_graphs: Writing ADG restricted to Incoming from validC
13:31:55 [DEBUG] (1) nemo_metamorphic_testing::transformations::annotated_dependency_graphs: Writing reduced ADG to file
13:31:55 [DEBUG] (1) nemo_metamorphic_testing::transformations::annotated_dependency_graphs:   Ancestry and Inverse Stratum update complete.
13:31:55 [DEBUG] (1) nemo_metamorphic_testing::transformations::annotated_dependency_graphs:   Updating Ancestry and Inverse Stratum beginning in relational node mustChangeAt
13:31:55 [DEBUG] (1) nemo_metamorphic_testing::transformations::annotated_dependency_graphs: Writing ADG restricted to Incoming from mustChangeAt
13:31:55 [DEBUG] (1) nemo_metamorphic_testing::transformations::annotated_dependency_graphs: Writing reduced ADG to file
13:31:55 [DEBUG] (1) nemo_metamorphic_testing::transformations::annotated_dependency_graphs:   Ancestry and Inverse Stratum update complete.
13:31:55 [DEBUG] (1) nemo_metamorphic_testing::transformations::annotated_dependency_graphs:   Updating Ancestry and Inverse Stratum beginning in relational node mustChangeAt
13:31:55 [DEBUG] (1) nemo_metamorphic_testing::transformations::annotated_dependency_graphs: Writing ADG restricted to Incoming from mustChangeAt
13:31:55 [DEBUG] (1) nemo_metamorphic_testing::transformations::annotated_dependency_graphs: Writing reduced ADG to file
13:31:55 [DEBUG] (1) nemo_metamorphic_testing::transformations::annotated_dependency_graphs:   Ancestry and Inverse Stratum update complete.
13:31:55 [DEBUG] (1) nemo_metamorphic_testing::transformations::annotated_dependency_graphs:   Updating Ancestry and Inverse Stratum beginning in relational node validC
13:31:55 [DEBUG] (1) nemo_metamorphic_testing::transformations::annotated_dependency_graphs: Writing ADG restricted to Incoming from validC
13:31:55 [DEBUG] (1) nemo_metamorphic_testing::transformations::annotated_dependency_graphs: Writing reduced ADG to file
13:31:55 [DEBUG] (1) nemo_metamorphic_testing::transformations::annotated_dependency_graphs:   Ancestry and Inverse Stratum update complete.
13:31:55 [DEBUG] (1) nemo_metamorphic_testing::transformations::annotated_dependency_graphs:   Updating Ancestry and Inverse Stratum beginning in relational node validC
13:31:55 [DEBUG] (1) nemo_metamorphic_testing::transformations::annotated_dependency_graphs: Writing ADG restricted to Incoming from validC
13:31:55 [DEBUG] (1) nemo_metamorphic_testing::transformations::annotated_dependency_graphs: Writing reduced ADG to file
13:31:55 [DEBUG] (1) nemo_metamorphic_testing::transformations::annotated_dependency_graphs:   Ancestry and Inverse Stratum update complete.
13:31:55 [DEBUG] (1) nemo_metamorphic_testing::transformations::annotated_dependency_graphs:   Updating Ancestry and Inverse Stratum beginning in relational node canChangeAt
13:31:55 [DEBUG] (1) nemo_metamorphic_testing::transformations::annotated_dependency_graphs: Writing ADG restricted to Incoming from canChangeAt
13:31:55 [DEBUG] (1) nemo_metamorphic_testing::transformations::annotated_dependency_graphs: Writing reduced ADG to file
13:31:55 [DEBUG] (1) nemo_metamorphic_testing::transformations::annotated_dependency_graphs:   Ancestry and Inverse Stratum update complete.
13:31:55 [DEBUG] (1) nemo_metamorphic_testing::transformations::annotated_dependency_graphs:   Updating Ancestry and Inverse Stratum beginning in relational node canChangeAt
13:31:55 [DEBUG] (1) nemo_metamorphic_testing::transformations::annotated_dependency_graphs: Writing ADG restricted to Incoming from canChangeAt
13:31:55 [DEBUG] (1) nemo_metamorphic_testing::transformations::annotated_dependency_graphs: Writing reduced ADG to file
13:31:55 [DEBUG] (1) nemo_metamorphic_testing::transformations::annotated_dependency_graphs:   Ancestry and Inverse Stratum update complete.
13:31:55 [DEBUG] (1) nemo_metamorphic_testing::transformations::annotated_dependency_graphs:   Updating Ancestry and Inverse Stratum beginning in relational node seeTVTower
13:31:55 [DEBUG] (1) nemo_metamorphic_testing::transformations::annotated_dependency_graphs: Writing ADG restricted to Incoming from seeTVTower
13:31:55 [DEBUG] (1) nemo_metamorphic_testing::transformations::annotated_dependency_graphs: Writing reduced ADG to file
13:31:55 [DEBUG] (1) nemo_metamorphic_testing::transformations::annotated_dependency_graphs:   Ancestry and Inverse Stratum update complete.
13:31:55 [DEBUG] (1) nemo_metamorphic_testing::transformations::annotated_dependency_graphs:   Updating Ancestry and Inverse Stratum beginning in relational node mustChangeAt
13:31:55 [DEBUG] (1) nemo_metamorphic_testing::transformations::annotated_dependency_graphs: Writing ADG restricted to Incoming from mustChangeAt
13:31:55 [DEBUG] (1) nemo_metamorphic_testing::transformations::annotated_dependency_graphs: Writing reduced ADG to file
13:31:55 [DEBUG] (1) nemo_metamorphic_testing::transformations::annotated_dependency_graphs:   Ancestry and Inverse Stratum update complete.
13:31:55 [DEBUG] (1) nemo_metamorphic_testing::transformations::annotated_dependency_graphs:   Updating Ancestry and Inverse Stratum beginning in relational node mustChangeAt
13:31:55 [DEBUG] (1) nemo_metamorphic_testing::transformations::annotated_dependency_graphs: Writing ADG restricted to Incoming from mustChangeAt
13:31:55 [DEBUG] (1) nemo_metamorphic_testing::transformations::annotated_dependency_graphs: Writing reduced ADG to file
13:31:55 [DEBUG] (1) nemo_metamorphic_testing::transformations::annotated_dependency_graphs:   Ancestry and Inverse Stratum update complete.
13:31:55 [DEBUG] (1) nemo_metamorphic_testing::transformations::annotated_dependency_graphs:   Updating Ancestry and Inverse Stratum beginning in relational node validC
13:31:55 [DEBUG] (1) nemo_metamorphic_testing::transformations::annotated_dependency_graphs: Writing ADG restricted to Incoming from validC
13:31:55 [DEBUG] (1) nemo_metamorphic_testing::transformations::annotated_dependency_graphs: Writing reduced ADG to file
13:31:55 [DEBUG] (1) nemo_metamorphic_testing::transformations::annotated_dependency_graphs:   Ancestry and Inverse Stratum update complete.
13:31:55 [DEBUG] (1) nemo_metamorphic_testing::transformations::annotated_dependency_graphs:   Updating Ancestry and Inverse Stratum beginning in relational node validC
13:31:55 [DEBUG] (1) nemo_metamorphic_testing::transformations::annotated_dependency_graphs: Writing ADG restricted to Incoming from validC
13:31:55 [DEBUG] (1) nemo_metamorphic_testing::transformations::annotated_dependency_graphs: Writing reduced ADG to file
13:31:55 [DEBUG] (1) nemo_metamorphic_testing::transformations::annotated_dependency_graphs:   Ancestry and Inverse Stratum update complete.
13:31:55 [INFO]   Attempting to remove the literal +mustChangeAt(, ?y_new_1) from the rule r_1
13:31:55 [DEBUG] (1) nemo_metamorphic_testing::transformations::remove_relational_edge_single_literal:     Modified rule: validC(?x, ?z) :- validC(?x, ?y), validC(?y, ?z) .
13:31:55 [DEBUG] (1) nemo_metamorphic_testing::transformations::annotated_dependency_graphs: Verifying ADG
13:31:55 [DEBUG] (1) nemo_metamorphic_testing::transformations::annotated_dependency_graphs: Writing ADG to file
13:31:55 [DEBUG] (1) nemo_metamorphic_testing::transformations::annotated_dependency_graphs: Writing reduced ADG to file
13:31:55 [DEBUG] (1) nemo_metamorphic_testing: ADG edge verification succeeded
13:31:55 [DEBUG] (1) nemo_metamorphic_testing: RNG position: 180
13:31:55 [INFO] 19 / 32
13:31:55 [DEBUG] (1) nemo_metamorphic_testing::transformations::modify_rule_add_equality:     Incoming edges by rule name: [r_9 : [elevator, choseB, ]; ]
13:31:55 [INFO]   VII Modify Rule - Add Equality
13:31:55 [DEBUG] (1) nemo_metamorphic_testing::transformations::modify_rule_add_equality:   Found vars for into equality: [?x,  ]
13:31:55 [INFO]   Aborting the introduction of an equality - rule has too few variables!
13:31:55 [DEBUG] (1) nemo_metamorphic_testing::transformations::modify_rule_add_equality:     The rule in question: seeTVTower(s) :- choseB(?x, "alexanderplatz"), elevator(trainHeight) .
13:31:55 [DEBUG] (1) nemo_metamorphic_testing::transformations::annotated_dependency_graphs: Verifying ADG
13:31:55 [DEBUG] (1) nemo_metamorphic_testing::transformations::annotated_dependency_graphs: Writing ADG to file
13:31:55 [DEBUG] (1) nemo_metamorphic_testing::transformations::annotated_dependency_graphs: Writing reduced ADG to file
13:31:55 [DEBUG] (1) nemo_metamorphic_testing: ADG edge verification succeeded
13:31:55 [DEBUG] (1) nemo_metamorphic_testing: RNG position: 182
13:31:55 [INFO] 20 / 32
13:31:55 [DEBUG] (1) nemo_metamorphic_testing::transformations::remove_relational_edge_single_literal:     Incoming edges by rule name: [r_9 : [elevator, choseB, ]; ]
13:31:55 [DEBUG] (1) nemo_metamorphic_testing::transformations::remove_relational_edge_single_literal: Zip {
    a: Cloned {
        it: Iter(
            [
                EdgeIndex(19),
                EdgeIndex(24),
            ],
        ),
    },
    b: IntoIter(
        [
            (r_9, +, (trainHeight, )),
            (r_9, +, (?x, "alexanderplatz", )),
        ],
    ),
}
13:31:55 [INFO]   VI Remove Relational Edge - Single Literal
13:31:55 [INFO]   Found the rule of the name r_9
13:31:55 [DEBUG] (1) nemo_metamorphic_testing::transformations::remove_relational_edge_single_literal:    Old rule:   seeTVTower(s) :- choseB(?x, "alexanderplatz"), elevator(trainHeight) .
13:31:55 [INFO]   Removed relational edge NodeIndex(2): (choseB -> seeTVTower)
13:31:55 [DEBUG] (1) nemo_metamorphic_testing::transformations::annotated_dependency_graphs:   Updating Ancestry and Inverse Stratum beginning in relational node canChangeAt
13:31:55 [DEBUG] (1) nemo_metamorphic_testing::transformations::annotated_dependency_graphs: Writing ADG restricted to Incoming from canChangeAt
13:31:55 [DEBUG] (1) nemo_metamorphic_testing::transformations::annotated_dependency_graphs: Writing reduced ADG to file
13:31:55 [DEBUG] (1) nemo_metamorphic_testing::transformations::annotated_dependency_graphs:   Ancestry and Inverse Stratum update complete.
13:31:55 [DEBUG] (1) nemo_metamorphic_testing::transformations::annotated_dependency_graphs:   Updating Ancestry and Inverse Stratum beginning in relational node canChangeAt
13:31:55 [DEBUG] (1) nemo_metamorphic_testing::transformations::annotated_dependency_graphs: Writing ADG restricted to Incoming from canChangeAt
13:31:55 [DEBUG] (1) nemo_metamorphic_testing::transformations::annotated_dependency_graphs: Writing reduced ADG to file
13:31:55 [DEBUG] (1) nemo_metamorphic_testing::transformations::annotated_dependency_graphs:   Ancestry and Inverse Stratum update complete.
13:31:55 [DEBUG] (1) nemo_metamorphic_testing::transformations::annotated_dependency_graphs:   Updating Ancestry and Inverse Stratum beginning in relational node mustChangeAt
13:31:55 [DEBUG] (1) nemo_metamorphic_testing::transformations::annotated_dependency_graphs: Writing ADG restricted to Incoming from mustChangeAt
13:31:55 [DEBUG] (1) nemo_metamorphic_testing::transformations::annotated_dependency_graphs: Writing reduced ADG to file
13:31:55 [DEBUG] (1) nemo_metamorphic_testing::transformations::annotated_dependency_graphs:   Ancestry and Inverse Stratum update complete.
13:31:55 [DEBUG] (1) nemo_metamorphic_testing::transformations::annotated_dependency_graphs:   Updating Ancestry and Inverse Stratum beginning in relational node mustChangeAt
13:31:55 [DEBUG] (1) nemo_metamorphic_testing::transformations::annotated_dependency_graphs: Writing ADG restricted to Incoming from mustChangeAt
13:31:55 [DEBUG] (1) nemo_metamorphic_testing::transformations::annotated_dependency_graphs: Writing reduced ADG to file
13:31:55 [DEBUG] (1) nemo_metamorphic_testing::transformations::annotated_dependency_graphs:   Ancestry and Inverse Stratum update complete.
13:31:55 [DEBUG] (1) nemo_metamorphic_testing::transformations::annotated_dependency_graphs:   Updating Ancestry and Inverse Stratum beginning in relational node validC
13:31:55 [DEBUG] (1) nemo_metamorphic_testing::transformations::annotated_dependency_graphs: Writing ADG restricted to Incoming from validC
13:31:55 [DEBUG] (1) nemo_metamorphic_testing::transformations::annotated_dependency_graphs: Writing reduced ADG to file
13:31:55 [DEBUG] (1) nemo_metamorphic_testing::transformations::annotated_dependency_graphs:   Ancestry and Inverse Stratum update complete.
13:31:55 [DEBUG] (1) nemo_metamorphic_testing::transformations::annotated_dependency_graphs:   Updating Ancestry and Inverse Stratum beginning in relational node validC
13:31:55 [DEBUG] (1) nemo_metamorphic_testing::transformations::annotated_dependency_graphs: Writing ADG restricted to Incoming from validC
13:31:55 [DEBUG] (1) nemo_metamorphic_testing::transformations::annotated_dependency_graphs: Writing reduced ADG to file
13:31:55 [DEBUG] (1) nemo_metamorphic_testing::transformations::annotated_dependency_graphs:   Ancestry and Inverse Stratum update complete.
13:31:55 [INFO]   Attempting to remove the literal +choseB(, ?x, "alexanderplatz") from the rule r_9
13:31:55 [DEBUG] (1) nemo_metamorphic_testing::transformations::remove_relational_edge_single_literal:     Modified rule: seeTVTower(s) :- elevator(trainHeight) .
13:31:55 [DEBUG] (1) nemo_metamorphic_testing::transformations::annotated_dependency_graphs: Verifying ADG
13:31:55 [DEBUG] (1) nemo_metamorphic_testing::transformations::annotated_dependency_graphs: Writing ADG to file
13:31:55 [DEBUG] (1) nemo_metamorphic_testing::transformations::annotated_dependency_graphs: Writing reduced ADG to file
13:31:55 [DEBUG] (1) nemo_metamorphic_testing: ADG edge verification succeeded
13:31:55 [DEBUG] (1) nemo_metamorphic_testing: RNG position: 185
13:31:55 [INFO] 21 / 32
13:31:55 [DEBUG] (1) nemo_metamorphic_testing::transformations::modify_rule_remove_equality:     Incoming edges by rule name: [r_4 : [choseB, choseU, ]; r_3 : [choseU, choseB, ]; r_2 : [mustChangeAt, validC, validC, ]; r_1 : [validC, validC, ]; ]
13:31:55 [INFO]   VIII Modify Rule - Remove Equality
13:31:55 [DEBUG] (1) nemo_metamorphic_testing::transformations::modify_rule_remove_equality: pos edges by tag: {Tag { origin: File { start: 460, end: 466 }, tag: "validC" }: [EdgeIndex(6), EdgeIndex(5)]}
13:31:55 [DEBUG] (1) nemo_metamorphic_testing::transformations::modify_rule_remove_equality: neg edges by tag: {}
13:31:55 [INFO]   Replaced a random number of var y with var y_new_1 in the rule r_1
13:31:55 [DEBUG] (1) nemo_metamorphic_testing::transformations::modify_rule_remove_equality:   Old Rule: validC(?x, ?z) :- validC(?x, ?y), validC(?y, ?z) .
13:31:55 [DEBUG] (1) nemo_metamorphic_testing::transformations::modify_rule_remove_equality:   New Rule: validC(?x, ?z) :- validC(?x, ?y_new_1), validC(?y, ?z) .
13:31:55 [DEBUG] (1) nemo_metamorphic_testing::transformations::annotated_dependency_graphs: Verifying ADG
13:31:55 [DEBUG] (1) nemo_metamorphic_testing::transformations::annotated_dependency_graphs: Writing ADG to file
13:31:55 [DEBUG] (1) nemo_metamorphic_testing::transformations::annotated_dependency_graphs: Writing reduced ADG to file
13:31:55 [DEBUG] (1) nemo_metamorphic_testing: ADG edge verification succeeded
13:31:55 [DEBUG] (1) nemo_metamorphic_testing: RNG position: 188
13:31:55 [INFO] 22 / 32
13:31:55 [DEBUG] (1) nemo_metamorphic_testing::transformations::modify_rule_add_equality:     Incoming edges by rule name: [r_5 : [allowedDiff, choseB, tooLargeGap, elevator, ]; r_EXP_1 : [tooLargeGap, validC, validC, mustChangeAt, success, choseB, platformHeight, allowedDiff, ]; ]
13:31:55 [INFO]   VII Modify Rule - Add Equality
13:31:55 [DEBUG] (1) nemo_metamorphic_testing::transformations::modify_rule_add_equality:   Found vars for into equality: [?Z_1, ?y,  ]
13:31:55 [INFO]   Replaced var ?Z_1 with var ?y in the rule r_5
13:31:55 [DEBUG] (1) nemo_metamorphic_testing::transformations::modify_rule_add_equality:   Old Rule: canChangeAt(?y) :- elevator(?y), ~tooLargeGap(?y), choseB(?y, ?Z_1), allowedDiff(?y, ?y) .
13:31:55 [DEBUG] (1) nemo_metamorphic_testing::transformations::modify_rule_add_equality:   New Rule: canChangeAt(?y) :- elevator(?y), ~tooLargeGap(?y), choseB(?y, ?y), allowedDiff(?y, ?y) .
13:31:55 [DEBUG] (1) nemo_metamorphic_testing::transformations::annotated_dependency_graphs: Verifying ADG
13:31:55 [DEBUG] (1) nemo_metamorphic_testing::transformations::annotated_dependency_graphs: Writing ADG to file
13:31:55 [DEBUG] (1) nemo_metamorphic_testing::transformations::annotated_dependency_graphs: Writing reduced ADG to file
13:31:55 [DEBUG] (1) nemo_metamorphic_testing: ADG edge verification succeeded
13:31:55 [DEBUG] (1) nemo_metamorphic_testing: RNG position: 191
13:31:55 [INFO] 23 / 32
13:31:55 [DEBUG] (1) nemo_metamorphic_testing::transformations::remove_relational_edges_whole_rule:     Incoming edges by rule name: [r_4 : [choseB, choseU, ]; r_3 : [choseU, choseB, ]; r_2 : [mustChangeAt, validC, validC, ]; r_1 : [validC, validC, ]; ]
13:31:55 [INFO]   V Remove Relational Edges - Whole Rule
13:31:55 [INFO]   Removing the Rule of the name r_4
13:31:55 [DEBUG] (1) nemo_metamorphic_testing::transformations::remove_relational_edges_whole_rule:    validC(?x, ?y) :- choseU(?x, ?y), ~choseB(?x, ?y) .
13:31:55 [DEBUG] (1) nemo_metamorphic_testing::transformations::annotated_dependency_graphs:   Updating Ancestry and Inverse Stratum beginning in relational node canChangeAt
13:31:55 [DEBUG] (1) nemo_metamorphic_testing::transformations::annotated_dependency_graphs: Writing ADG restricted to Incoming from canChangeAt
13:31:55 [DEBUG] (1) nemo_metamorphic_testing::transformations::annotated_dependency_graphs: Writing reduced ADG to file
13:31:55 [DEBUG] (1) nemo_metamorphic_testing::transformations::annotated_dependency_graphs:   Ancestry and Inverse Stratum update complete.
13:31:55 [DEBUG] (1) nemo_metamorphic_testing::transformations::annotated_dependency_graphs:   Updating Ancestry and Inverse Stratum beginning in relational node canChangeAt
13:31:55 [DEBUG] (1) nemo_metamorphic_testing::transformations::annotated_dependency_graphs: Writing ADG restricted to Incoming from canChangeAt
13:31:55 [DEBUG] (1) nemo_metamorphic_testing::transformations::annotated_dependency_graphs: Writing reduced ADG to file
13:31:55 [DEBUG] (1) nemo_metamorphic_testing::transformations::annotated_dependency_graphs:   Ancestry and Inverse Stratum update complete.
13:31:55 [DEBUG] (1) nemo_metamorphic_testing::transformations::annotated_dependency_graphs:   Updating Ancestry and Inverse Stratum beginning in relational node mustChangeAt
13:31:55 [DEBUG] (1) nemo_metamorphic_testing::transformations::annotated_dependency_graphs: Writing ADG restricted to Incoming from mustChangeAt
13:31:55 [DEBUG] (1) nemo_metamorphic_testing::transformations::annotated_dependency_graphs: Writing reduced ADG to file
13:31:55 [DEBUG] (1) nemo_metamorphic_testing::transformations::annotated_dependency_graphs:   Ancestry and Inverse Stratum update complete.
13:31:55 [DEBUG] (1) nemo_metamorphic_testing::transformations::annotated_dependency_graphs:   Updating Ancestry and Inverse Stratum beginning in relational node mustChangeAt
13:31:55 [DEBUG] (1) nemo_metamorphic_testing::transformations::annotated_dependency_graphs: Writing ADG restricted to Incoming from mustChangeAt
13:31:55 [DEBUG] (1) nemo_metamorphic_testing::transformations::annotated_dependency_graphs: Writing reduced ADG to file
13:31:55 [DEBUG] (1) nemo_metamorphic_testing::transformations::annotated_dependency_graphs:   Ancestry and Inverse Stratum update complete.
13:31:55 [DEBUG] (1) nemo_metamorphic_testing::transformations::annotated_dependency_graphs:   Updating Ancestry and Inverse Stratum beginning in relational node validC
13:31:55 [DEBUG] (1) nemo_metamorphic_testing::transformations::annotated_dependency_graphs: Writing ADG restricted to Incoming from validC
13:31:55 [DEBUG] (1) nemo_metamorphic_testing::transformations::annotated_dependency_graphs: Writing reduced ADG to file
13:31:55 [DEBUG] (1) nemo_metamorphic_testing::transformations::annotated_dependency_graphs:   Ancestry and Inverse Stratum update complete.
13:31:55 [DEBUG] (1) nemo_metamorphic_testing::transformations::annotated_dependency_graphs:   Updating Ancestry and Inverse Stratum beginning in relational node mustChangeAt
13:31:55 [DEBUG] (1) nemo_metamorphic_testing::transformations::annotated_dependency_graphs: Writing ADG restricted to Incoming from mustChangeAt
13:31:55 [DEBUG] (1) nemo_metamorphic_testing::transformations::annotated_dependency_graphs: Writing reduced ADG to file
13:31:55 [DEBUG] (1) nemo_metamorphic_testing::transformations::annotated_dependency_graphs:   Ancestry and Inverse Stratum update complete.
13:31:55 [DEBUG] (1) nemo_metamorphic_testing::transformations::annotated_dependency_graphs:   Updating Ancestry and Inverse Stratum beginning in relational node mustChangeAt
13:31:55 [DEBUG] (1) nemo_metamorphic_testing::transformations::annotated_dependency_graphs: Writing ADG restricted to Incoming from mustChangeAt
13:31:55 [DEBUG] (1) nemo_metamorphic_testing::transformations::annotated_dependency_graphs: Writing reduced ADG to file
13:31:55 [DEBUG] (1) nemo_metamorphic_testing::transformations::annotated_dependency_graphs:   Ancestry and Inverse Stratum update complete.
13:31:55 [DEBUG] (1) nemo_metamorphic_testing::transformations::annotated_dependency_graphs:   Updating Ancestry and Inverse Stratum beginning in relational node validC
13:31:55 [DEBUG] (1) nemo_metamorphic_testing::transformations::annotated_dependency_graphs: Writing ADG restricted to Incoming from validC
13:31:55 [DEBUG] (1) nemo_metamorphic_testing::transformations::annotated_dependency_graphs: Writing reduced ADG to file
13:31:55 [DEBUG] (1) nemo_metamorphic_testing::transformations::annotated_dependency_graphs:   Ancestry and Inverse Stratum update complete.
13:31:55 [DEBUG] (1) nemo_metamorphic_testing::transformations::annotated_dependency_graphs: Verifying ADG
13:31:55 [DEBUG] (1) nemo_metamorphic_testing::transformations::annotated_dependency_graphs: Writing ADG to file
13:31:55 [DEBUG] (1) nemo_metamorphic_testing::transformations::annotated_dependency_graphs: Writing reduced ADG to file
13:31:55 [DEBUG] (1) nemo_metamorphic_testing: ADG edge verification succeeded
13:31:55 [DEBUG] (1) nemo_metamorphic_testing: RNG position: 194
13:31:55 [INFO] 24 / 32
13:31:55 [DEBUG] (1) nemo_metamorphic_testing::transformations::remove_relational_edge_single_literal:     Incoming edges by rule name: [r_8 : [choseU, choseB, ]; r_7 : [choseB, choseU, ]; ]
13:31:55 [DEBUG] (1) nemo_metamorphic_testing::transformations::remove_relational_edge_single_literal: Zip {
    a: Cloned {
        it: Iter(
            [
                EdgeIndex(21),
                EdgeIndex(20),
            ],
        ),
    },
    b: IntoIter(
        [
            (r_7, +, (?y, ?z, )),
            (r_7, +, (?x, ?y, )),
        ],
    ),
}
13:31:55 [DEBUG] (1) nemo_metamorphic_testing::transformations::modify_rule_add_equality:     Incoming edges by rule name: [r_3 : [choseU, choseB, ]; r_2 : [mustChangeAt, validC, validC, ]; r_1 : [validC, validC, ]; ]
13:31:55 [INFO]   VII Modify Rule - Add Equality
13:31:55 [DEBUG] (1) nemo_metamorphic_testing::transformations::modify_rule_add_equality:   Found vars for into equality: [?x, ?y,  ]
13:31:55 [INFO]   Replaced var ?x with var ?y in the rule r_3
13:31:55 [DEBUG] (1) nemo_metamorphic_testing::transformations::modify_rule_add_equality:   Old Rule: validC(?x, ?y) :- ~choseU(?x, ?y), choseB(?x, ?y) .
13:31:55 [DEBUG] (1) nemo_metamorphic_testing::transformations::modify_rule_add_equality:   New Rule: validC(?y, ?y) :- ~choseU(?y, ?y), choseB(?y, ?y) .
13:31:55 [DEBUG] (1) nemo_metamorphic_testing::transformations::annotated_dependency_graphs: Verifying ADG
13:31:55 [DEBUG] (1) nemo_metamorphic_testing::transformations::annotated_dependency_graphs: Writing ADG to file
13:31:55 [DEBUG] (1) nemo_metamorphic_testing::transformations::annotated_dependency_graphs: Writing reduced ADG to file
13:31:55 [DEBUG] (1) nemo_metamorphic_testing: ADG edge verification succeeded
13:31:55 [DEBUG] (1) nemo_metamorphic_testing: RNG position: 200
13:31:55 [INFO] 25 / 32
13:31:55 [INFO]   I Add Relational Node
13:31:55 [INFO]   Added new relation R_4
13:31:55 [DEBUG] (1) nemo_metamorphic_testing::transformations::annotated_dependency_graphs: Verifying ADG
13:31:55 [DEBUG] (1) nemo_metamorphic_testing::transformations::annotated_dependency_graphs: Writing ADG to file
13:31:55 [DEBUG] (1) nemo_metamorphic_testing::transformations::annotated_dependency_graphs: Writing reduced ADG to file
13:31:55 [DEBUG] (1) nemo_metamorphic_testing: ADG edge verification succeeded
13:31:55 [DEBUG] (1) nemo_metamorphic_testing: RNG position: 201
13:31:55 [INFO] 26 / 32
13:31:55 [DEBUG] (1) nemo_metamorphic_testing::transformations::add_relational_edge_new_literal:     Incoming edges by rule name: [r_3 : [choseU, choseB, ]; r_2 : [mustChangeAt, validC, validC, ]; r_1 : [validC, validC, ]; ]
13:31:55 [INFO]   IV Add Relational Edge - New Literal
13:31:55 [INFO] Relation allowedDiff has arity Some(2)
13:31:55 [DEBUG] (1) nemo_metamorphic_testing::transformations::add_relational_edge_new_literal:   Options for literal vector: [?x, ?z, ?x, ?y_new_1, ?y, ?z, ?y, ?y, "jungfernheide", ?Z_1, ?Z_2, ?Z_3,  ]
13:31:55 [INFO]   Generated literal allowedDiff(?Z_2, ?y) for rule r_2
13:31:55 [DEBUG] (1) nemo_metamorphic_testing::transformations::add_relational_edge_new_literal:    Old Rule: validC(?x, ?z) :- validC(?x, ?y_new_1), validC(?y, ?z), ~mustChangeAt(?y) .
13:31:55 [DEBUG] (1) nemo_metamorphic_testing::transformations::add_relational_edge_new_literal:    New Rule: validC(?x, ?z) :- validC(?x, ?y_new_1), validC(?y, ?z), ~mustChangeAt(?y), allowedDiff(?Z_2, ?y) .
13:31:55 [DEBUG] (1) nemo_metamorphic_testing::transformations::annotated_dependency_graphs: Writing ADG to file
13:31:55 [DEBUG] (1) nemo_metamorphic_testing::transformations::annotated_dependency_graphs:   Updating Ancestry and Inverse Stratum beginning in relational node validC
13:31:55 [DEBUG] (1) nemo_metamorphic_testing::transformations::annotated_dependency_graphs: Writing ADG restricted to Incoming from validC
13:31:55 [DEBUG] (1) nemo_metamorphic_testing::transformations::annotated_dependency_graphs: Writing reduced ADG to file
13:31:55 [DEBUG] (1) nemo_metamorphic_testing::transformations::annotated_dependency_graphs:   Ancestry and Inverse Stratum update complete.
13:31:55 [DEBUG] (1) nemo_metamorphic_testing::transformations::annotated_dependency_graphs: Verifying ADG
13:31:55 [DEBUG] (1) nemo_metamorphic_testing::transformations::annotated_dependency_graphs: Writing ADG to file
13:31:55 [DEBUG] (1) nemo_metamorphic_testing::transformations::annotated_dependency_graphs: Writing reduced ADG to file
13:31:55 [DEBUG] (1) nemo_metamorphic_testing: ADG edge verification succeeded
13:31:55 [DEBUG] (1) nemo_metamorphic_testing: RNG position: 228
13:31:55 [INFO] 27 / 32
13:31:55 [DEBUG] (1) nemo_metamorphic_testing::transformations::add_relational_edge_new_literal:     Incoming edges by rule name: [r_5 : [allowedDiff, choseB, tooLargeGap, elevator, ]; r_EXP_1 : [tooLargeGap, validC, validC, mustChangeAt, success, choseB, platformHeight, allowedDiff, ]; ]
13:31:55 [INFO]   IV Add Relational Edge - New Literal
13:31:55 [INFO] Relation success has arity Some(1)
13:31:55 [DEBUG] (1) nemo_metamorphic_testing::transformations::add_relational_edge_new_literal:   Options for literal vector: [?X_1, ?Y_1, ?Y_1, ?Y_1, ?Y_1, ?X_1, ?X_1, ?Y_1, ?Y_1, ?Y_1, ?Y_1, ?Y_1, ?X_1, ?Y_1, "alexanderplatz", ?Z_1, ?Z_2, ?Z_3, ?Z_4, ?Z_5,  ]
13:31:55 [INFO]   Generated literal success(?Y_1) for rule r_EXP_1
13:31:55 [DEBUG] (1) nemo_metamorphic_testing::transformations::add_relational_edge_new_literal:    Old Rule: canChangeAt(?X_1) :- allowedDiff(?Y_1, ?Y_1), platformHeight(?Y_1, ?Y_1), choseB(?X_1, "jungfernheide"), success(?X_1), ~mustChangeAt(?Y_1), ~validC(?Y_1, ?Y_1), ~validC(?Y_1, "jungfernheide"), ~tooLargeGap(?Y_1) .
13:31:55 [DEBUG] (1) nemo_metamorphic_testing::transformations::add_relational_edge_new_literal:    New Rule: canChangeAt(?X_1) :- allowedDiff(?Y_1, ?Y_1), platformHeight(?Y_1, ?Y_1), choseB(?X_1, "jungfernheide"), success(?X_1), ~mustChangeAt(?Y_1), ~validC(?Y_1, ?Y_1), ~validC(?Y_1, "jungfernheide"), ~tooLargeGap(?Y_1), success(?Y_1) .
13:31:55 [DEBUG] (1) nemo_metamorphic_testing::transformations::annotated_dependency_graphs: Writing ADG to file
13:31:55 [DEBUG] (1) nemo_metamorphic_testing::transformations::annotated_dependency_graphs:   Updating Ancestry and Inverse Stratum beginning in relational node canChangeAt
13:31:55 [DEBUG] (1) nemo_metamorphic_testing::transformations::annotated_dependency_graphs: Writing ADG restricted to Incoming from canChangeAt
13:31:55 [DEBUG] (1) nemo_metamorphic_testing::transformations::annotated_dependency_graphs: Writing reduced ADG to file
13:31:55 [DEBUG] (1) nemo_metamorphic_testing::transformations::annotated_dependency_graphs:   Ancestry and Inverse Stratum update complete.
13:31:55 [DEBUG] (1) nemo_metamorphic_testing::transformations::annotated_dependency_graphs: Verifying ADG
13:31:55 [DEBUG] (1) nemo_metamorphic_testing::transformations::annotated_dependency_graphs: Writing ADG to file
13:31:55 [DEBUG] (1) nemo_metamorphic_testing::transformations::annotated_dependency_graphs: Writing reduced ADG to file
13:31:55 [DEBUG] (1) nemo_metamorphic_testing: ADG edge verification succeeded
13:31:55 [DEBUG] (1) nemo_metamorphic_testing: RNG position: 267
13:31:55 [INFO] 28 / 32
13:31:55 [DEBUG] (1) nemo_metamorphic_testing::transformations::remove_relational_edge_single_literal:     Incoming edges by rule name: [r_8 : [choseU, choseB, ]; r_7 : [choseB, choseU, ]; ]
13:31:55 [DEBUG] (1) nemo_metamorphic_testing::transformations::remove_relational_edge_single_literal: Zip {
    a: Cloned {
        it: Iter(
            [
                EdgeIndex(23),
                EdgeIndex(22),
            ],
        ),
    },
    b: IntoIter(
        [
            (r_8, +, (?y, ?z, )),
            (r_8, +, (?x, ?y, )),
        ],
    ),
}
13:31:55 [DEBUG] (1) nemo_metamorphic_testing::transformations::remove_relational_edge_single_literal:     Incoming edges by rule name: [r_EXP_1 : [success, tooLargeGap, validC, validC, mustChangeAt, success, choseB, platformHeight, allowedDiff, ]; r_5 : [allowedDiff, choseB, tooLargeGap, elevator, ]; ]
13:31:55 [DEBUG] (1) nemo_metamorphic_testing::transformations::remove_relational_edge_single_literal: Zip {
    a: Cloned {
        it: Iter(
            [
                EdgeIndex(37),
                EdgeIndex(36),
                EdgeIndex(17),
                EdgeIndex(16),
            ],
        ),
    },
    b: IntoIter(
        [
            (r_5, +, (?y, ?y, )),
            (r_5, +, (?y, ?y, )),
            (r_5, -, (?y, )),
            (r_5, +, (?y, )),
        ],
    ),
}
13:31:55 [INFO]   II Add Fact Node and Edge
13:31:55 [INFO]   Assigned relation R_3 the artiy 1
13:31:55 [INFO]   Added new fact R_3(c_1).
13:31:55 [DEBUG] (1) nemo_metamorphic_testing::transformations::annotated_dependency_graphs: Verifying ADG
13:31:55 [DEBUG] (1) nemo_metamorphic_testing::transformations::annotated_dependency_graphs: Writing ADG to file
13:31:55 [DEBUG] (1) nemo_metamorphic_testing::transformations::annotated_dependency_graphs: Writing reduced ADG to file
13:31:55 [DEBUG] (1) nemo_metamorphic_testing: ADG edge verification succeeded
13:31:55 [DEBUG] (1) nemo_metamorphic_testing: RNG position: 280
13:31:55 [INFO] 29 / 32
13:31:55 [DEBUG] (1) nemo_metamorphic_testing::transformations::add_relational_edge_new_literal:     Incoming edges by rule name: [r_9 : [elevator, ]; ]
13:31:55 [INFO]   IV Add Relational Edge - New Literal
13:31:55 [INFO] Relation allowedDiff has arity Some(2)
13:31:55 [DEBUG] (1) nemo_metamorphic_testing::transformations::add_relational_edge_new_literal:   Options for literal vector: ["kottbusser_tor",  ]
