18:44:51 [INFO] ----------------------------------------------
18:44:51 [INFO] Beginning transformation mtf_EXP_5500010
                Oracle:     EXP          Number of T: 19
                Debug Mode: false          u64 Seed:    5500010
                Number of generating transformations: 21
                Internal Seed:          [243, 115, 60, 47, 185, 6, 40, 224, 195, 160, 51, 252, 40, 72, 226, 88, 57, 136, 227, 204, 52, 206, 30, 10, 206, 61, 80, 232, 108, 138, 105, 200]
                Seed File: Currently not supported!
18:44:51 [INFO] ----------------------------------------------
18:44:51 [INFO] -------------- Reading Seed File: ------------
18:44:51 [INFO] "/home/leo_repp/masterthesis/nemo/nemo-metamorphic-testing/examples/wind-turbines/permissions.rls"
18:44:51 [INFO] Renaming of rules complete
18:44:51 [INFO] --------- Finished Reading Seed file ---------
18:44:51 [INFO] ----------------------------------------------
18:44:51 [INFO] 
18:44:51 [INFO] ----------------------------------------------
18:44:51 [INFO] -------- Beginning Program Generation --------
18:44:51 [INFO] ----------------------------------------------
18:44:51 [INFO] 
18:44:51 [INFO] Removing old export statements
18:44:51 [INFO] Beginning inverse_stratum and ancestry computation starting at node R_OUT
18:44:51 [INFO] Ancestry and Inverse Stratum computation complete.
18:44:51 [INFO] Constructed lite ADG
18:44:51 [INFO] Generating Program...
18:44:51 [INFO] 
18:44:51 [INFO] 1 / 20
18:44:51 [INFO]   I Add Relational Node
18:44:51 [INFO]   Added new relation R_1
18:44:51 [INFO] 2 / 20
18:44:51 [INFO]   I Add Relational Node
18:44:51 [INFO]   Added new relation R_2
18:44:51 [INFO] 3 / 20
18:44:51 [INFO]   I Add Relational Node
18:44:51 [INFO]   Added new relation R_3
18:44:51 [INFO] 4 / 20
18:44:51 [INFO]   I Add Relational Node
18:44:51 [INFO]   Added new relation R_4
18:44:51 [INFO] 5 / 20
18:44:51 [INFO]   I Add Relational Node
18:44:51 [INFO]   Added new relation R_5
18:44:51 [INFO] 6 / 20
18:44:51 [INFO]   I Add Relational Node
18:44:51 [INFO]   Added new relation R_6
18:44:51 [INFO] 7 / 20
18:44:51 [INFO]   I Add Relational Node
18:44:51 [INFO]   Added new relation R_7
18:44:51 [INFO] 8 / 20
18:44:51 [INFO]   I Add Relational Node
18:44:51 [INFO]   Added new relation R_8
18:44:51 [INFO] 9 / 20
18:44:51 [INFO]   I Add Relational Node
18:44:51 [INFO]   Added new relation R_9
18:44:51 [INFO] 10 / 20
18:44:51 [INFO]   I Add Relational Node
18:44:51 [INFO]   Added new relation R_10
18:44:51 [INFO] 11 / 20
18:44:51 [INFO]   I Add Relational Node
18:44:51 [INFO]   Added new relation R_11
18:44:51 [INFO] 12 / 20
18:44:51 [INFO]   I Add Relational Node
18:44:51 [INFO]   Added new relation R_12
18:44:51 [INFO] 13 / 20
18:44:51 [INFO]   I Add Relational Node
18:44:51 [INFO]   Added new relation R_13
18:44:51 [INFO] 14 / 20
18:44:51 [INFO]   I Add Relational Node
18:44:51 [INFO]   Added new relation R_14
18:44:51 [INFO] 15 / 20
18:44:51 [INFO]   I Add Relational Node
18:44:51 [INFO]   Added new relation R_15
18:44:51 [INFO] 16 / 20
18:44:51 [INFO]   I Add Relational Node
18:44:51 [INFO]   Added new relation R_16
18:44:51 [INFO] 17 / 20
18:44:51 [INFO]   I Add Relational Node
18:44:51 [INFO]   Added new relation R_17
18:44:51 [INFO] 18 / 20
18:44:51 [INFO]   I Add Relational Node
18:44:51 [INFO]   Added new relation R_18
18:44:51 [INFO] 19 / 20
18:44:51 [INFO]   I Add Relational Node
18:44:51 [INFO]   Added new relation R_19
18:44:51 [INFO] 20 / 20
18:44:51 [INFO]   I Add Relational Node
18:44:51 [INFO]   Added new relation R_20
18:44:51 [INFO] 
18:44:51 [INFO] Adding a new rule for each relation other than the seed relations
18:44:51 [INFO] 
18:44:51 [INFO] 1 / 21
18:44:51 [INFO]   Generating new single body literal rule for R_OUT
18:44:51 [INFO]   Assigned relation R_OUT the artiy 6
18:44:51 [INFO]   Assigned relation R_19 the artiy 6
18:44:51 [INFO]   Added new rule of name r_GEN_1
18:44:51 [INFO]   R_OUT(?X_4, ?X_4, ?X_3, ?X_5, ?X_6, ?X_2) :- R_19(?X_4, ?X_4, ?X_3, ?X_5, ?X_6, ?X_2) .
18:44:51 [INFO] 2 / 21
18:44:51 [INFO]   Generating new single body literal rule for R_1
18:44:51 [INFO]   Assigned relation R_1 the artiy 3
18:44:51 [INFO]   Assigned relation R_11 the artiy 6
18:44:51 [INFO]   Added new rule of name r_GEN_2
18:44:51 [INFO]   R_1(?X_3, "Wind Turbine A", ?X_2) :- R_11(?X_3, "Wind Turbine A", ?X_2, "Wind Turbine B", "Wind Turbine A", "Wind Turbine A") .
18:44:51 [INFO] 3 / 21
18:44:51 [INFO]   Generating new single body literal rule for R_2
18:44:51 [INFO]   Assigned relation R_2 the artiy 6
18:44:51 [INFO]   Added new rule of name r_GEN_3
18:44:51 [INFO]   R_2(?X_4, ?X_1, ?X_6, ?X_2, "Wind Turbine A", ?X_5) :- project_location(?X_4, ?X_1, ?X_6), project_location(?X_2, "Wind Turbine A", ?X_5) .
18:44:51 [INFO] 4 / 21
18:44:51 [INFO]   Generating new single body literal rule for R_3
18:44:51 [INFO]   Assigned relation R_3 the artiy 2
18:44:51 [INFO]   Added new rule of name r_GEN_4
18:44:51 [INFO]   R_3(?X_2, ?X_2) :- R_OUT(?X_2, ?Y_1, ?X_2, "Feldsperling", ?X_2, ?X_2) .
18:44:51 [INFO] 5 / 21
18:44:51 [INFO]   Generating new single body literal rule for R_4
18:44:51 [INFO]   Assigned relation R_4 the artiy 6
18:44:51 [INFO]   Added new rule of name r_GEN_5
18:44:51 [INFO]   R_4(?X_3, ?X_6, ?X_6, ?X_5, ?X_4, ?X_1) :- locations(?X_3, ?X_6, ?X_6), locations(?X_5, ?X_4, ?X_1) .
18:44:51 [INFO] 6 / 21
18:44:51 [INFO]   Generating new single body literal rule for R_5
18:44:51 [INFO]   Assigned relation R_5 the artiy 5
18:44:51 [INFO]   Added new rule of name r_GEN_6
18:44:51 [INFO]   R_5("Feldsperling", ?X_2, ?X_5, ?X_4, ?X_2) :- distance("Feldsperling", ?X_2), distance(?X_5, ?X_4), distance(?X_2, ?X_2) .
18:44:51 [INFO] 7 / 21
18:44:51 [INFO]   Generating new single body literal rule for R_6
18:44:51 [INFO]   Assigned relation R_6 the artiy 4
18:44:51 [INFO]   Added new rule of name r_GEN_7
18:44:51 [INFO]   R_6(?X_3, ?X_2, ?X_1, "Wind Turbine A") :- R_1(?X_3, ?X_2, ?X_2), R_1("Wind Turbine A", ?X_1, ?Y_1) .
18:44:51 [INFO] 8 / 21
18:44:51 [INFO]   Generating new single body literal rule for R_7
18:44:51 [INFO]   Assigned relation R_7 the artiy 6
18:44:51 [INFO]   Added new rule of name r_GEN_8
18:44:51 [INFO]   R_7(?X_2, ?X_1, ?X_5, ?X_4, ?X_2, ?X_3) :- R_19(?X_2, ?X_1, ?X_5, ?X_4, ?X_2, ?X_3) .
18:44:51 [INFO] 9 / 21
18:44:51 [INFO]   Generating new single body literal rule for R_8
18:44:51 [INFO]   Assigned relation R_8 the artiy 3
18:44:51 [INFO]   Added new rule of name r_GEN_9
18:44:51 [INFO]   R_8("Wind Turbine C", ?X_1, ?X_3) :- coordinates("Wind Turbine C", ?X_1), coordinates(?X_3, ?X_1) .
18:44:51 [INFO] 10 / 21
18:44:51 [INFO]   Generating new single body literal rule for R_9
18:44:51 [INFO]   Assigned relation R_9 the artiy 2
18:44:51 [INFO]   Added new rule of name r_GEN_10
18:44:51 [INFO]   R_9(?X_1, ?X_2) :- R_2(?X_1, ?Y_1, ?X_1, ?X_2, ?X_1, ?X_1) .
18:44:51 [INFO] 11 / 21
18:44:51 [INFO]   Generating new single body literal rule for R_10
18:44:51 [INFO]   Assigned relation R_10 the artiy 2
18:44:51 [INFO]   Assigned relation R_18 the artiy 4
18:44:51 [INFO]   Added new rule of name r_GEN_11
18:44:51 [INFO]   R_10("Wind Turbine A", ?X_2) :- R_18(?X_2, ?X_2, 60, "Wind Turbine A") .
18:44:51 [INFO] 12 / 21
18:44:51 [INFO]   Generating new single body literal rule for R_11
18:44:51 [INFO]   Added new rule of name r_GEN_12
18:44:51 [INFO]   R_11(?X_4, ?X_6, ?X_1, ?X_3, ?X_4, ?X_5) :- R_18(?X_4, ?X_6, "Wind Turbine B", ?X_3), R_18(?X_4, ?X_4, ?X_1, ?X_5) .
18:44:51 [INFO] 13 / 21
18:44:51 [INFO]   Generating new single body literal rule for R_12
18:44:51 [INFO]   Assigned relation R_12 the artiy 2
18:44:51 [INFO]   Added new rule of name r_GEN_13
18:44:51 [INFO]   R_12("40075000"^^<http://www.w3.org/2001/XMLSchema#double>, ?X_2) :- endangered("40075000"^^<http://www.w3.org/2001/XMLSchema#double>), endangered(?X_2) .
18:44:51 [INFO] 14 / 21
18:44:51 [INFO]   Generating new single body literal rule for R_13
18:44:51 [INFO]   Assigned relation R_13 the artiy 4
18:44:51 [INFO]   Added new rule of name r_GEN_14
18:44:51 [INFO]   R_13("50.90297432498729"^^<http://www.w3.org/2001/XMLSchema#double>, ?X_2, ?X_4, ?X_4) :- project_height_m("50.90297432498729"^^<http://www.w3.org/2001/XMLSchema#double>, ?X_2), project_height_m(?X_4, ?X_4) .
18:44:51 [INFO] 15 / 21
18:44:51 [INFO]   Generating new single body literal rule for R_14
18:44:51 [INFO]   Assigned relation R_14 the artiy 1
18:44:51 [INFO]   Added new rule of name r_GEN_15
18:44:51 [INFO]   R_14("Rotmilan") :- locations("Rotmilan", "50.89312291453255"^^<http://www.w3.org/2001/XMLSchema#double>, "Rotmilan") .
18:44:51 [INFO] 16 / 21
18:44:51 [INFO]   Generating new single body literal rule for R_15
18:44:51 [INFO]   Assigned relation R_15 the artiy 6
18:44:51 [INFO]   Added new rule of name r_GEN_16
18:44:51 [INFO]   R_15(?X_2, ?X_6, ?X_5, "Wind Turbine A", ?X_1, ?X_3) :- R_5(?X_2, "Wind Turbine A", ?Y_2, "Wind Turbine A", ?X_1), R_5(?X_6, ?X_6, ?X_3, ?X_5, ?X_6) .
18:44:51 [INFO] 17 / 21
18:44:51 [INFO]   Generating new single body literal rule for R_16
18:44:51 [INFO]   Assigned relation R_16 the artiy 2
18:44:51 [INFO]   Added new rule of name r_GEN_17
18:44:51 [INFO]   R_16("40075000"^^<http://www.w3.org/2001/XMLSchema#double>, ?X_2) :- project_approved("40075000"^^<http://www.w3.org/2001/XMLSchema#double>), project_approved(?X_2) .
18:44:51 [INFO] 18 / 21
18:44:51 [INFO]   Generating new single body literal rule for R_17
18:44:51 [INFO]   Assigned relation R_17 the artiy 4
18:44:51 [INFO]   Added new rule of name r_GEN_18
18:44:51 [INFO]   R_17(?X_3, ?X_4, ?X_1, ?X_2) :- project_approved(?X_3), project_approved(?X_4), project_approved(?X_1), project_approved(?X_2) .
18:44:51 [INFO] 19 / 21
18:44:51 [INFO]   Generating new single body literal rule for R_18
18:44:51 [INFO]   Added new rule of name r_GEN_19
18:44:51 [INFO]   R_18(?X_4, "Wind Turbine B", ?X_1, ?X_3) :- R_2(?X_4, "Wind Turbine B", "Wind Turbine B", ?X_3, "Wind Turbine B", ?X_1) .
18:44:51 [INFO] 20 / 21
18:44:51 [INFO]   Generating new single body literal rule for R_19
18:44:51 [INFO]   Added new rule of name r_GEN_20
18:44:51 [INFO]   R_19(?X_6, ?X_3, ?X_6, ?X_1, "Wind Turbine C", ?X_2) :- R_7(?X_6, ?X_3, ?X_6, ?X_1, "Wind Turbine C", ?X_2) .
18:44:51 [INFO] 21 / 21
18:44:51 [INFO]   Generating new single body literal rule for R_20
18:44:51 [INFO]   Assigned relation R_20 the artiy 6
18:44:51 [INFO]   Added new rule of name r_GEN_21
18:44:51 [INFO]   R_20(?X_2, ?X_5, "Mauersegler", ?X_5, ?X_4, ?X_3) :- R_3(?X_2, ?X_5), R_3("Mauersegler", ?X_5), R_3(?X_4, ?X_3) .
18:44:51 [INFO] 
18:44:51 [INFO] Adding a outgoing relational edge for each relation other than R_OUT
18:44:51 [INFO] 
18:44:51 [INFO] 1 / 37
18:44:51 [INFO]   Adding outgoing relational edge from CIRC_EARTH for r_GEN_2
18:44:51 [INFO]   Generated literal CIRC_EARTH(?X_2) for rule r_GEN_2
18:44:51 [INFO] 2 / 37
18:44:51 [INFO]   Adding outgoing relational edge from PI for r_GEN_10
18:44:51 [INFO]   Generated literal PI(?X_1) for rule r_GEN_10
18:44:51 [INFO] 3 / 37
18:44:51 [INFO]   Adding outgoing relational edge from TRUE for r_GEN_11
18:44:51 [INFO]   Generated literal TRUE(?X_2) for rule r_GEN_11
18:44:51 [INFO] 4 / 37
18:44:51 [INFO]   Adding outgoing relational edge from closest_house for r_GEN_19
18:44:51 [INFO]   Generated literal closest_house(?X_3, ?X_1) for rule r_GEN_19
18:44:51 [INFO] 5 / 37
18:44:51 [INFO]   Adding outgoing relational edge from coordinates for r_GEN_19
18:44:51 [INFO]   Generated literal coordinates(?X_1, ?X_4) for rule r_GEN_19
18:44:51 [INFO] 6 / 37
18:44:51 [INFO]   Adding outgoing relational edge from coordinates_m for r_GEN_17
18:44:51 [INFO]   Generated literal coordinates_m(?X_2, ?X_2) for rule r_GEN_17
18:44:51 [INFO] 7 / 37
18:44:51 [INFO]   Adding outgoing relational edge from distance for r_GEN_9
18:44:51 [INFO]   Generated literal ~distance(?X_1, ?X_3) for rule r_GEN_9
18:44:51 [INFO] 8 / 37
18:44:51 [INFO]   Adding outgoing relational edge from endangered for r_GEN_18
18:44:51 [INFO]   Generated literal endangered(?X_2) for rule r_GEN_18
18:44:51 [INFO] 9 / 37
18:44:51 [INFO]   Adding outgoing relational edge from environmental_impact for r_GEN_17
18:44:51 [INFO]   Generated literal ~environmental_impact(?X_2) for rule r_GEN_17
18:44:51 [INFO] 10 / 37
18:44:51 [INFO]   Adding outgoing relational edge from locations for r_GEN_7
18:44:51 [INFO]   Generated literal locations(?Z_3, "Wind Turbine C", ?Z_2) for rule r_GEN_7
18:44:51 [INFO] 11 / 37
18:44:51 [INFO]   Adding outgoing relational edge from project for r_GEN_21
18:44:51 [INFO]   Generated literal ~project(?X_3) for rule r_GEN_21
18:44:51 [INFO] 12 / 37
18:44:51 [INFO]   Adding outgoing relational edge from project_approved for r_GEN_14
18:44:51 [INFO]   Generated literal project_approved(?X_4) for rule r_GEN_14
18:44:51 [INFO] 13 / 37
18:44:51 [INFO]   Adding outgoing relational edge from project_height_m for r_GEN_10
18:44:51 [INFO]   Generated literal project_height_m(?X_1, ?Z_3) for rule r_GEN_10
18:44:51 [INFO] 14 / 37
18:44:51 [INFO]   Adding outgoing relational edge from project_location for r_GEN_9
18:44:51 [INFO]   Generated literal project_location(?X_3, ?X_1, ?X_1) for rule r_GEN_9
18:44:51 [INFO] 15 / 37
18:44:51 [INFO]   Adding outgoing relational edge from project_location_m for r_GEN_4
18:44:51 [INFO]   Generated literal ~project_location_m(?X_2, ?X_2, "3.14159"^^<http://www.w3.org/2001/XMLSchema#double>) for rule r_GEN_4
18:44:51 [INFO] 16 / 37
18:44:51 [INFO]   Adding outgoing relational edge from project_reject for r_GEN_10
18:44:51 [INFO]   Generated literal ~project_reject(?X_2) for rule r_GEN_10
18:44:51 [INFO] 17 / 37
18:44:51 [INFO]   Adding outgoing relational edge from project_species for r_GEN_1
18:44:51 [INFO]   Generated literal project_species(?X_4, "3.14159"^^<http://www.w3.org/2001/XMLSchema#double>) for rule r_GEN_1
18:44:51 [INFO] 18 / 37
18:44:51 [INFO]   Adding outgoing relational edge from R_1 for r_GEN_21
18:44:51 [INFO]   Generated literal ~R_1(?X_5, ?X_2, ?X_5) for rule r_GEN_21
18:44:51 [INFO] 19 / 37
18:44:51 [INFO]   Adding outgoing relational edge from R_2 for r_GEN_11
18:44:51 [INFO]   Generated literal R_2(?X_2, ?Z_2, ?X_2, ?X_2, 60, ?Z_1) for rule r_GEN_11
18:44:51 [INFO] 20 / 37
18:44:51 [INFO]   Adding outgoing relational edge from R_3 for r_GEN_15
18:44:51 [INFO]   Generated literal ~R_3("Rotmilan", "13.688126881341304"^^<http://www.w3.org/2001/XMLSchema#double>) for rule r_GEN_15
18:44:51 [INFO] 21 / 37
18:44:51 [INFO]   Adding outgoing relational edge from R_4 for r_GEN_4
18:44:51 [INFO]   Generated literal R_4(?Z_1, ?X_2, ?X_2, ?Z_2, ?X_2, ?X_2) for rule r_GEN_4
18:44:51 [INFO] 22 / 37
18:44:51 [INFO]   Adding outgoing relational edge from R_5 for r_GEN_5
18:44:51 [INFO]   Generated literal R_5(?X_6, ?Z_3, ?X_5, ?Z_2, ?X_1) for rule r_GEN_5
18:44:51 [INFO] 23 / 37
18:44:51 [INFO]   Adding outgoing relational edge from R_6 for r_GEN_16
18:44:51 [INFO]   Generated literal R_6(?Z_3, ?X_5, "50.89312291453255"^^<http://www.w3.org/2001/XMLSchema#double>, ?Y_2) for rule r_GEN_16
18:44:51 [INFO] 24 / 37
18:44:51 [INFO]   Adding outgoing relational edge from R_7 for r_GEN_4
18:44:51 [INFO]   Generated literal R_7(?X_2, ?Z_1, ?X_2, ?Z_7, ?Z_2, ?X_2) for rule r_GEN_4
18:44:51 [INFO] 25 / 37
18:44:51 [INFO]   Adding outgoing relational edge from R_8 for r_GEN_14
18:44:51 [INFO]   Generated literal ~R_8("50.90297432498729"^^<http://www.w3.org/2001/XMLSchema#double>, ?X_4, ?X_4) for rule r_GEN_14
18:44:51 [INFO] 26 / 37
18:44:51 [INFO]   Adding outgoing relational edge from R_9 for r_GEN_17
18:44:51 [INFO]   Generated literal R_9(?X_2, ?X_2) for rule r_GEN_17
18:44:51 [INFO] 27 / 37
18:44:51 [INFO]   Adding outgoing relational edge from R_10 for r_GEN_13
18:44:51 [INFO]   Generated literal ~R_10(?X_2, 60) for rule r_GEN_13
18:44:51 [INFO] 28 / 37
18:44:51 [INFO]   Adding outgoing relational edge from R_11 for r_GEN_2
18:44:51 [INFO]   Generated literal R_11(?X_2, ?X_2, ?X_2, ?X_3, ?X_3, "13.69510396381167"^^<http://www.w3.org/2001/XMLSchema#double>) for rule r_GEN_2
18:44:51 [INFO] 29 / 37
18:44:51 [INFO]   Adding outgoing relational edge from R_12 for r_GEN_10
18:44:51 [INFO]   Generated literal R_12("Wind Turbine B", ?X_1) for rule r_GEN_10
18:44:51 [INFO] 30 / 37
18:44:51 [INFO]   Adding outgoing relational edge from R_13 for r_GEN_16
18:44:51 [INFO]   Generated literal R_13(?X_3, ?Y_2, ?X_3, ?Z_4) for rule r_GEN_16
18:44:51 [INFO] 31 / 37
18:44:51 [INFO]   Adding outgoing relational edge from R_14 for r_GEN_3
18:44:51 [INFO]   Generated literal R_14(?X_2) for rule r_GEN_3
18:44:51 [INFO] 32 / 37
18:44:51 [INFO]   Adding outgoing relational edge from R_15 for r_GEN_21
18:44:51 [INFO]   Generated literal R_15(?X_5, ?X_3, ?X_3, ?X_5, ?X_5, ?X_5) for rule r_GEN_21
18:44:51 [INFO] 33 / 37
18:44:51 [INFO]   Adding outgoing relational edge from R_16 for r_GEN_21
18:44:51 [INFO]   Generated literal R_16(?X_2, ?X_5) for rule r_GEN_21
18:44:51 [INFO] 34 / 37
18:44:51 [INFO]   Adding outgoing relational edge from R_17 for r_GEN_19
18:44:51 [INFO]   Generated literal R_17(?X_4, ?X_1, ?Z_1, ?Z_3) for rule r_GEN_19
18:44:51 [INFO] 35 / 37
18:44:51 [INFO]   Adding outgoing relational edge from R_18 for r_GEN_2
18:44:51 [INFO]   Generated literal R_18(?X_2, ?Z_4, ?X_2, ?Z_1) for rule r_GEN_2
18:44:51 [INFO] 36 / 37
18:44:51 [INFO]   Adding outgoing relational edge from R_19 for r_GEN_7
18:44:51 [INFO]   Generated literal R_19(?X_2, ?X_3, ?Z_1, ?X_3, ?Z_3, ?Z_4) for rule r_GEN_7
18:44:51 [INFO] 37 / 37
18:44:51 [INFO]   Adding outgoing relational edge from R_20 for r_GEN_13
18:44:51 [INFO]   Generated literal R_20(40, ?X_2, ?X_2, ?Z_1, ?X_2, ?X_2) for rule r_GEN_13
18:44:51 [INFO] 
18:44:51 [INFO] Adding gen. size facts
18:44:51 [INFO] 
18:44:51 [INFO] 1 / 21
18:44:51 [INFO]   II Add Fact Node and Edge
18:44:51 [INFO]   Added new fact R_14(c_1).
18:44:51 [INFO] 2 / 21
18:44:51 [INFO]   II Add Fact Node and Edge
18:44:51 [INFO]   Added new fact R_20(c_2, "Wind Turbine A", c_3, 12240525833798069113, c_4, c_5).
18:44:51 [INFO] 3 / 21
18:44:51 [INFO]   II Add Fact Node and Edge
18:44:51 [INFO]   Added new fact R_4(7739162634879105898, 10339140663168613875, c_4, "Rotmilan", "Wind Turbine B", c_6).
18:44:51 [INFO] 4 / 21
18:44:51 [INFO]   II Add Fact Node and Edge
18:44:51 [INFO]   Added new fact R_1("Wind Turbine C", 17890543525794863392, c_7).
18:44:51 [INFO] 5 / 21
18:44:51 [INFO]   II Add Fact Node and Edge
18:44:51 [INFO]   Added new fact R_17(c_8, "Wind Turbine A", "str_1", "Gartenschläfer").
18:44:51 [INFO] 6 / 21
18:44:51 [INFO]   II Add Fact Node and Edge
18:44:51 [INFO]   Added new fact R_15("str_2", 3673015420742424390, "Wind Turbine B", c_9, 40, 7739162634879105898).
18:44:51 [INFO] 7 / 21
18:44:51 [INFO]   II Add Fact Node and Edge
18:44:51 [INFO]   Added new fact R_2("str_3", c_2, "Wind Turbine C", 5569542211596932602, "Wind Turbine B", "str_4").
18:44:51 [INFO] 8 / 21
18:44:51 [INFO]   II Add Fact Node and Edge
18:44:51 [INFO]   Added new fact R_2(c_10, "true"^^<http://www.w3.org/2001/XMLSchema#boolean>, c_11, c_7, c_12, "str_5").
18:44:51 [INFO] 9 / 21
18:44:51 [INFO]   II Add Fact Node and Edge
18:44:51 [INFO]   Added new fact R_8("Wind Turbine C", "Rotmilan", "Feldsperling").
18:44:51 [INFO] 10 / 21
18:44:51 [INFO]   II Add Fact Node and Edge
18:44:51 [INFO]   Added new fact R_10(60, 14571783641917630264).
18:44:51 [INFO] 11 / 21
18:44:51 [INFO]   II Add Fact Node and Edge
18:44:51 [INFO]   Added new fact R_1("str_5", c_7, "Wind Turbine B").
18:44:51 [INFO] 12 / 21
18:44:51 [INFO]   II Add Fact Node and Edge
18:44:51 [INFO]   Added new fact R_13(c_13, "str_6", "str_7", 40).
18:44:51 [INFO] 13 / 21
18:44:51 [INFO]   II Add Fact Node and Edge
18:44:51 [INFO]   Added new fact R_4("str_8", c_12, "str_6", "str_9", c_14, c_14).
18:44:51 [INFO] 14 / 21
18:44:51 [INFO]   II Add Fact Node and Edge
18:44:51 [INFO]   Added new fact R_18(c_15, "Wind Turbine C", 14571783641917630264, 1006454367962859590).
18:44:51 [INFO] 15 / 21
18:44:51 [INFO]   II Add Fact Node and Edge
18:44:51 [INFO]   Added new fact R_1(c_16, 17890543525794863392, c_17).
18:44:51 [INFO] 16 / 21
18:44:51 [INFO]   II Add Fact Node and Edge
18:44:51 [INFO]   Added new fact R_11(7322896271435778599, 5904226743566971134, "Wind Turbine C", 5569542211596932602, c_18, "3.14159"^^<http://www.w3.org/2001/XMLSchema#double>).
18:44:51 [INFO] 17 / 21
18:44:51 [INFO]   II Add Fact Node and Edge
18:44:51 [INFO]   Added new fact R_11(c_19, "str_1", c_20, "Wind Turbine B", c_21, c_4).
18:44:51 [INFO] 18 / 21
18:44:51 [INFO]   II Add Fact Node and Edge
18:44:51 [INFO]   Added new fact R_4("Rotmilan", "str_10", 6017877567394324376, 12260625235027491899, c_22, "addr").
18:44:51 [INFO] 19 / 21
18:44:51 [INFO]   II Add Fact Node and Edge
18:44:51 [INFO]   Added new fact R_10("Gartenschläfer", 1006454367962859590).
18:44:51 [INFO] 20 / 21
18:44:51 [INFO]   II Add Fact Node and Edge
18:44:51 [INFO]   Added new fact R_5(c_23, "str_11", "50.89312291453255"^^<http://www.w3.org/2001/XMLSchema#double>, 1006454367962859590, "str_12").
18:44:51 [INFO] 21 / 21
18:44:51 [INFO]   II Add Fact Node and Edge
18:44:51 [INFO]   Added new fact R_12(40, "str_12").
18:44:51 [INFO] 
18:44:51 [INFO] ----------------------------------------------
18:44:51 [INFO] ----------- Program Generation Done ----------
18:44:51 [INFO] ----------------------------------------------
18:44:51 [INFO] 
18:44:51 [INFO] ----------- Generated ADG Summary: -----------
18:44:51 [INFO] ADG Fact Nodes:                  21
18:44:51 [INFO] ADG Relational Nodes:            38
18:44:51 [INFO] ADG Fact Edges:                  21
18:44:51 [INFO] ADG Relational Edges:            74
18:44:51 [INFO] Number of inv. Strata:           3
18:44:51 [INFO] 
18:44:51 [INFO] Nodes with None Ancestry:        34
18:44:51 [INFO] Nodes with Positive Ancestry:    4
18:44:51 [INFO] Nodes with Negative Ancestry:    0
18:44:51 [INFO] Nodes with Unknown Ancestry:     0
18:44:51 [INFO] 
18:44:51 [INFO] Next rule name would be:         r_EXP_22
18:44:51 [INFO] Next predicate name would be:    R_21
18:44:51 [INFO] Next constant name would be:     c_24
18:44:51 [INFO] Next string would be:            "str_13"
18:44:51 [INFO] 
18:44:51 [INFO] Output predicate:                R_OUT
18:44:51 [INFO] Generated rule count:            21
18:44:51 [INFO] Rule count:                      30
18:44:51 [INFO] Average rel. arity:              3.026315789473684
18:44:51 [INFO] Arity calc. may be inaccurate if arity > f64
18:44:51 [INFO] ----------------------------------------------
18:44:51 [INFO] 
18:44:51 [INFO] ------ Performed Gen. Transformations: -------
18:44:51 [INFO]  #      Type
18:44:51 [INFO]  21      Generate New Rule with Probably Single Lit
18:44:51 [INFO]  37      Generating an Outgoing Relational Edge
18:44:51 [INFO]  20      I     Add Relational Node
18:44:51 [INFO]  21      II    Add Fact Node and Edge
18:44:51 [INFO] ----------------------------------------------
18:44:51 [INFO] 
18:44:51 [INFO] Storing input ADG and input program
18:44:51 [INFO] 
18:44:51 [INFO] ----------------------------------------------
18:44:51 [INFO] --------- Beginning Transformations ----------
18:44:51 [INFO] --------  Oracle: EXP    Number: 19
18:44:51 [INFO] ----------------------------------------------
18:44:51 [INFO] 1 / 19
18:44:51 [INFO]   II Add Fact Node and Edge
18:44:51 [INFO]   Added new fact R_9(9290422522366898982, c_26).
18:44:51 [INFO] 2 / 19
18:44:51 [INFO]   I Add Relational Node
18:44:51 [INFO]   Added new relation R_23
18:44:51 [INFO] 3 / 19
18:44:51 [INFO]   VIII Modify Rule - Remove Equality
18:44:51 [INFO]   Replaced a random number of var X_6 with var X_6_new_1 in the rule r_GEN_20
18:44:51 [INFO] 4 / 19
18:44:51 [INFO]   Xa Remove Relational Node - Rule Variant
18:44:51 [INFO]   Removing relational node R_5
18:44:51 [INFO]   Removing the Rule of the name r_GEN_6
18:44:51 [INFO]   Removing the Rule of the name r_GEN_5
18:44:51 [INFO]   Removing the Rule of the name r_GEN_16
18:44:51 [INFO]   Removing at least 10 relational edges.
18:44:51 [INFO] 5 / 19
18:44:51 [INFO]   I Add Relational Node
18:44:51 [INFO]   Added new relation R_24
18:44:51 [INFO] 6 / 19
18:44:51 [INFO]   Xa Remove Relational Node - Rule Variant
18:44:51 [INFO]   Removing relational node R_15
18:44:51 [INFO]   Removing the Rule of the name r_GEN_21
18:44:51 [INFO]   Removing at least 7 relational edges.
18:44:51 [INFO] 7 / 19
18:44:51 [INFO]   Xa Remove Relational Node - Rule Variant
18:44:51 [INFO]   Removing relational node R_8
18:44:51 [INFO]   Removing the Rule of the name r_GEN_9
18:44:51 [INFO]   Removing the Rule of the name r_GEN_14
18:44:51 [INFO]   Removing at least 8 relational edges.
18:44:51 [INFO] 8 / 19
18:44:51 [INFO]   XI Add Contradictory Rule
18:44:51 [INFO]   Added new contradictory rule of name r_EXP_24
18:44:51 [INFO]   R_17(?X_4, ?X_1, ?X_3, ?X_2) :- coordinates(?X_4, ?X_1), coordinates(?X_3, ?X_2), ~coordinates(?X_4, ?X_1) .
18:44:51 [INFO] 9 / 19
18:44:51 [INFO]   IX Remove Fact Node and Edge
18:44:51 [INFO]   Removed fact R_10(60, 14571783641917630264). from the program
18:44:51 [INFO]   Removed fact R_10(60, 14571783641917630264). from the ADG.
18:44:51 [INFO] 10 / 19
18:44:51 [INFO]   I Add Relational Node
18:44:51 [INFO]   Added new relation R_25
18:44:51 [INFO] 11 / 19
18:44:51 [INFO]   V Remove Relational Edges - Whole Rule
18:44:51 [INFO]   Removing the Rule of the name r_GEN_18
18:44:51 [INFO] 12 / 19
18:44:51 [INFO]   II Add Fact Node and Edge
18:44:51 [INFO]   Added new fact R_6(2333887879226121512, 12240525833798069113, c_27, "str_15").
18:44:51 [INFO] 13 / 19
18:44:51 [INFO]   I Add Relational Node
18:44:51 [INFO]   Added new relation R_26
18:44:51 [INFO] 14 / 19
18:44:51 [INFO]   II Add Fact Node and Edge
18:44:51 [INFO]   Added new fact R_11(1005702607750612703, "str_16", "13.69510396381167"^^<http://www.w3.org/2001/XMLSchema#double>, c_28, c_29, 1240713650621323983).
18:44:51 [INFO] 15 / 19
18:44:51 [INFO]   IX Remove Fact Node and Edge
18:44:51 [INFO]   Removed fact R_4("str_8", c_12, "str_6", "str_9", c_14, c_14). from the program
18:44:51 [INFO]   Removed fact R_4("str_8", c_12, "str_6", "str_9", c_14, c_14). from the ADG.
18:44:51 [INFO] 16 / 19
18:44:51 [INFO]   VII Modify Rule - Add Equality
18:44:51 [INFO]   Replaced var ?Z_1 with var ?X_3 in the rule r_GEN_2
18:44:51 [INFO] 17 / 19
18:44:51 [INFO]   VI Remove Relational Edge - Single Literal
18:44:51 [INFO]   Found the rule of the name r_GEN_17
18:44:51 [INFO]   Removed relational edge NodeIndex(12): (project_approved -> R_16)
18:44:51 [INFO]   Attempting to remove the literal +project_approved(, "40075000"^^<http://www.w3.org/2001/XMLSchema#double>) from the rule r_GEN_17
18:44:51 [INFO] 18 / 19
18:44:51 [INFO]   III Add Relational edges - New Rule
18:44:51 [INFO]   Assigned relation R_26 the artiy 6
18:44:51 [INFO]   Added new rule of name r_EXP_25
18:44:51 [INFO]   R_17(?X_2, ?X_3, ?X_4, ?X_1) :- R_17(?X_2, c_28, ?Y_1, c_28), project_location_m(?X_1, ?X_2, ?X_3), R_18(?X_4, c_28, ?X_3, ?X_4), project_reject(?X_1), project_species(?X_1, ?X_2), R_26(?Y_1, ?X_2, ?X_4, ?X_2, c_28, ?Y_1) .
18:44:51 [INFO] 19 / 19
18:44:51 [INFO]   VIII Modify Rule - Remove Equality
18:44:51 [INFO]   Replaced a random number of var X_2 with var X_2_new_1 in the rule r_GEN_13
18:44:51 [INFO] ----------------------------------------------
18:44:51 [INFO] ------------ Transformations Done ------------
18:44:51 [INFO] ----------------------------------------------
18:44:51 [INFO]  Ressources required: 
                data/endangered.csv
                data/locations.csv
                
18:44:51 [INFO] ---------- Transformed ADG Summary: ----------
18:44:51 [INFO] ADG Fact Nodes:                  19
18:44:51 [INFO] ADG Relational Nodes:            39
18:44:51 [INFO] ADG Fact Edges:                  19
18:44:51 [INFO] ADG Relational Edges:            52
18:44:51 [INFO] Number of inv. Strata:           3
18:44:51 [INFO] 
18:44:51 [INFO] Nodes with None Ancestry:        32
18:44:51 [INFO] Nodes with Positive Ancestry:    4
18:44:51 [INFO] Nodes with Negative Ancestry:    0
18:44:51 [INFO] Nodes with Unknown Ancestry:     0
18:44:51 [INFO] 
18:44:51 [INFO] Next rule name would be:         r_EXP_26
18:44:51 [INFO] Next predicate name would be:    R_27
18:44:51 [INFO] Next constant name would be:     c_30
18:44:51 [INFO] Next string would be:            "str_17"
18:44:51 [INFO] 
18:44:51 [INFO] Output predicate:                R_OUT
18:44:51 [INFO] Rule count:                      25
18:44:51 [INFO] Average rel. arity:              3.1025641025641026
18:44:51 [INFO] Arity calc. may be inaccurate if arity > f64
18:44:51 [INFO] ----------------------------------------------
18:44:51 [INFO] 
18:44:51 [INFO] --------- Performed Transformations: ---------
18:44:51 [INFO]  #      Type
18:44:51 [INFO]  3      Failed Transformation Attempts
18:44:51 [INFO]  4      I     Add Relational Node
18:44:51 [INFO]  3      II    Add Fact Node and Edge
18:44:51 [INFO]  1      III   Add Relational edges - New Rule
18:44:51 [INFO]  0      IV    Add Relational Edge - New Literal
18:44:51 [INFO]  2      IX    Remove Fact Node and Edge
18:44:51 [INFO]  1      V     Remove Relational Edges - Whole Rule
18:44:51 [INFO]  1      VI    Remove Relational Edge - Single Literal
18:44:51 [INFO]  1      VII   Modify Rule - Add Equality
18:44:51 [INFO]  2      VIII  Modify Rule - Remove Equality
18:44:51 [INFO]  1      XI   Add Contradictory Rule
18:44:51 [INFO]  3      Xa     Remove Relational Node Rule Variant - None anc only
18:44:51 [INFO] ----------------------------------------------
18:44:51 [INFO] 
18:44:51 [INFO] Writing output ADG and file.
18:44:51 [INFO] 
18:44:51 [INFO] ----------------------------------------------
18:44:51 [INFO] -- Beginning Nemo Execution - Input Program --
18:44:51 [INFO] ----------------------------------------------
18:44:51 [INFO] <<< STEP 1: APPLYING RULE 0 R_7(?X_2, ?X_1, ?X_5, ?X_4, ?X_2, ?X_3) :- R_19(?X_2, ?X_1, ?X_5, ?X_4, ?_BODY_1, ?X_3), Equal(?_BODY_1, ?X_2) >>>
18:44:51 [INFO] Execution step: Body
18:44:51 [INFO] Trie does not contain any elements
18:44:51 [INFO] Execution step: Duplicate Elimination (Datalog)
18:44:51 [INFO] Trie does not contain any elements
18:44:51 [INFO] Rule duration: 0 ms
18:44:51 [INFO] <<< STEP 2: APPLYING RULE 1 R_19(?X_6, ?X_3, ?X_6, ?X_1, "Wind Turbine C", ?X_2) :- R_7(?X_6, ?X_3, ?_BODY_1, ?X_1, ?_BODY_2, ?X_2), Equal(?_BODY_1, ?X_6), Equal(?_BODY_2, "Wind Turbine C") >>>
18:44:51 [INFO] Execution step: Body
18:44:51 [INFO] Trie does not contain any elements
18:44:51 [INFO] Execution step: Duplicate Elimination (Datalog)
18:44:51 [INFO] Trie does not contain any elements
18:44:51 [INFO] Rule duration: 0 ms
18:44:51 [INFO] <<< STEP 3: APPLYING RULE 2 R_OUT(?X_4, ?X_4, ?X_3, ?X_5, ?X_6, ?X_2) :- R_19(?X_4, ?_BODY_1, ?X_3, ?X_5, ?X_6, ?X_2), project_species(?X_4, ?_BODY_2), Equal(?_BODY_1, ?X_4), Equal(?_BODY_2, "3.14159"^^<http://www.w3.org/2001/XMLSchema#double>) >>>
18:44:51 [INFO] Loading source SimpleTable { arity: 2, data: [AnyDataValue(PlainString(StringDataValue("Wind Turbine A"))), AnyDataValue(PlainString(StringDataValue("Rotmilan"))), AnyDataValue(PlainString(StringDataValue("Wind Turbine A"))), AnyDataValue(PlainString(StringDataValue("Feldsperling"))), AnyDataValue(PlainString(StringDataValue("Wind Turbine B"))), AnyDataValue(PlainString(StringDataValue("Gartenschläfer"))), AnyDataValue(PlainString(StringDataValue("Wind Turbine C"))), AnyDataValue(PlainString(StringDataValue("Mauersegler")))] }
18:44:51 [INFO] Execution step: Body
18:44:51 [INFO] Trie does not contain any elements
18:44:51 [INFO] Execution step: Duplicate Elimination (Datalog)
18:44:51 [INFO] Trie does not contain any elements
18:44:51 [INFO] Rule duration: 0 ms
18:44:51 [INFO] ----------------------------------------------
18:44:51 [INFO] --- Finished Nemo Execution - Input Program --
18:44:51 [INFO] Output size: 0
18:44:51 [INFO] ----------------------------------------------
18:44:51 [INFO] 
18:44:51 [INFO] ----------------------------------------------
18:44:51 [INFO] Beginning Nemo Execution - Transformed Program
18:44:51 [INFO] ----------------------------------------------
18:44:51 [INFO] <<< STEP 1: APPLYING RULE 0 R_7(?X_2, ?X_1, ?X_5, ?X_4, ?X_2, ?X_3) :- R_19(?X_2, ?X_1, ?X_5, ?X_4, ?_BODY_1, ?X_3), Equal(?_BODY_1, ?X_2) >>>
18:44:51 [INFO] Execution step: Body
18:44:51 [INFO] Trie does not contain any elements
18:44:51 [INFO] Execution step: Duplicate Elimination (Datalog)
18:44:51 [INFO] Trie does not contain any elements
18:44:51 [INFO] Rule duration: 0 ms
18:44:51 [INFO] <<< STEP 2: APPLYING RULE 2 R_19(?X_6, ?X_3, ?X_6_new_1, ?X_1, "Wind Turbine C", ?X_2) :- R_7(?X_6_new_1, ?X_3, ?X_6, ?X_1, ?_BODY_1, ?X_2), Equal(?_BODY_1, "Wind Turbine C") >>>
18:44:51 [INFO] Execution step: Body
18:44:51 [INFO] Trie does not contain any elements
18:44:51 [INFO] Execution step: Duplicate Elimination (Datalog)
18:44:51 [INFO] Trie does not contain any elements
18:44:51 [INFO] Rule duration: 0 ms
18:44:51 [INFO] <<< STEP 3: APPLYING RULE 1 R_OUT(?X_4, ?X_4, ?X_3, ?X_5, ?X_6, ?X_2) :- R_19(?X_4, ?_BODY_1, ?X_3, ?X_5, ?X_6, ?X_2), project_species(?X_4, ?_BODY_2), Equal(?_BODY_1, ?X_4), Equal(?_BODY_2, "3.14159"^^<http://www.w3.org/2001/XMLSchema#double>) >>>
18:44:51 [INFO] Loading source SimpleTable { arity: 2, data: [AnyDataValue(PlainString(StringDataValue("Wind Turbine A"))), AnyDataValue(PlainString(StringDataValue("Rotmilan"))), AnyDataValue(PlainString(StringDataValue("Wind Turbine A"))), AnyDataValue(PlainString(StringDataValue("Feldsperling"))), AnyDataValue(PlainString(StringDataValue("Wind Turbine B"))), AnyDataValue(PlainString(StringDataValue("Gartenschläfer"))), AnyDataValue(PlainString(StringDataValue("Wind Turbine C"))), AnyDataValue(PlainString(StringDataValue("Mauersegler")))] }
18:44:51 [INFO] Execution step: Body
18:44:51 [INFO] Trie does not contain any elements
18:44:51 [INFO] Execution step: Duplicate Elimination (Datalog)
18:44:51 [INFO] Trie does not contain any elements
18:44:51 [INFO] Rule duration: 0 ms
18:44:51 [INFO] ----------------------------------------------
18:44:51 [INFO]  Finished Nemo Execution - Transformed Program
18:44:51 [INFO] Output size: 0
18:44:51 [INFO] ----------------------------------------------
18:44:51 [INFO] 
18:44:51 [INFO] ----------------------------------------------
18:44:51 [INFO] ------------ Asserting Oracle EXP ------------
18:44:51 [INFO] ----------------------------------------------
18:44:51 [INFO] All good, output is expanding
18:44:51 [INFO] old_dir "/home/leo_repp/masterthesis/nemo/nemo-metamorphic-testing/benchmark_500k_r"
