18:44:51 [INFO] ----------------------------------------------
18:44:51 [INFO] Beginning transformation mtf_CON_5500011
                Oracle:     CON          Number of T: 20
                Debug Mode: false          u64 Seed:    5500011
                Number of generating transformations: 22
                Internal Seed:          [64, 29, 112, 168, 104, 11, 78, 87, 238, 83, 17, 226, 255, 235, 94, 120, 184, 208, 25, 223, 76, 127, 131, 225, 48, 1, 104, 4, 0, 91, 161, 252]
                Seed File: Currently not supported!
18:44:51 [INFO] ----------------------------------------------
18:44:51 [INFO] -------------- Reading Seed File: ------------
18:44:51 [INFO] "/home/leo_repp/masterthesis/nemo/nemo-metamorphic-testing/examples/wind-turbines/permissions.rls"
18:44:51 [INFO] Renaming of rules complete
18:44:51 [INFO] --------- Finished Reading Seed file ---------
18:44:51 [INFO] ----------------------------------------------
18:44:51 [INFO] 
18:44:51 [INFO] ----------------------------------------------
18:44:51 [INFO] -------- Beginning Program Generation --------
18:44:51 [INFO] ----------------------------------------------
18:44:51 [INFO] 
18:44:51 [INFO] Removing old export statements
18:44:51 [INFO] Beginning inverse_stratum and ancestry computation starting at node R_OUT
18:44:51 [INFO] Ancestry and Inverse Stratum computation complete.
18:44:51 [INFO] Constructed lite ADG
18:44:51 [INFO] Generating Program...
18:44:51 [INFO] 
18:44:51 [INFO] 1 / 21
18:44:51 [INFO]   I Add Relational Node
18:44:51 [INFO]   Added new relation R_1
18:44:51 [INFO] 2 / 21
18:44:51 [INFO]   I Add Relational Node
18:44:51 [INFO]   Added new relation R_2
18:44:51 [INFO] 3 / 21
18:44:51 [INFO]   I Add Relational Node
18:44:51 [INFO]   Added new relation R_3
18:44:51 [INFO] 4 / 21
18:44:51 [INFO]   I Add Relational Node
18:44:51 [INFO]   Added new relation R_4
18:44:51 [INFO] 5 / 21
18:44:51 [INFO]   I Add Relational Node
18:44:51 [INFO]   Added new relation R_5
18:44:51 [INFO] 6 / 21
18:44:51 [INFO]   I Add Relational Node
18:44:51 [INFO]   Added new relation R_6
18:44:51 [INFO] 7 / 21
18:44:51 [INFO]   I Add Relational Node
18:44:51 [INFO]   Added new relation R_7
18:44:51 [INFO] 8 / 21
18:44:51 [INFO]   I Add Relational Node
18:44:51 [INFO]   Added new relation R_8
18:44:51 [INFO] 9 / 21
18:44:51 [INFO]   I Add Relational Node
18:44:51 [INFO]   Added new relation R_9
18:44:51 [INFO] 10 / 21
18:44:51 [INFO]   I Add Relational Node
18:44:51 [INFO]   Added new relation R_10
18:44:51 [INFO] 11 / 21
18:44:51 [INFO]   I Add Relational Node
18:44:51 [INFO]   Added new relation R_11
18:44:51 [INFO] 12 / 21
18:44:51 [INFO]   I Add Relational Node
18:44:51 [INFO]   Added new relation R_12
18:44:51 [INFO] 13 / 21
18:44:51 [INFO]   I Add Relational Node
18:44:51 [INFO]   Added new relation R_13
18:44:51 [INFO] 14 / 21
18:44:51 [INFO]   I Add Relational Node
18:44:51 [INFO]   Added new relation R_14
18:44:51 [INFO] 15 / 21
18:44:51 [INFO]   I Add Relational Node
18:44:51 [INFO]   Added new relation R_15
18:44:51 [INFO] 16 / 21
18:44:51 [INFO]   I Add Relational Node
18:44:51 [INFO]   Added new relation R_16
18:44:51 [INFO] 17 / 21
18:44:51 [INFO]   I Add Relational Node
18:44:51 [INFO]   Added new relation R_17
18:44:51 [INFO] 18 / 21
18:44:51 [INFO]   I Add Relational Node
18:44:51 [INFO]   Added new relation R_18
18:44:51 [INFO] 19 / 21
18:44:51 [INFO]   I Add Relational Node
18:44:51 [INFO]   Added new relation R_19
18:44:51 [INFO] 20 / 21
18:44:51 [INFO]   I Add Relational Node
18:44:51 [INFO]   Added new relation R_20
18:44:51 [INFO] 21 / 21
18:44:51 [INFO]   I Add Relational Node
18:44:51 [INFO]   Added new relation R_21
18:44:51 [INFO] 
18:44:51 [INFO] Adding a new rule for each relation other than the seed relations
18:44:51 [INFO] 
18:44:51 [INFO] 1 / 22
18:44:51 [INFO]   Generating new single body literal rule for R_OUT
18:44:51 [INFO]   Assigned relation R_OUT the artiy 5
18:44:51 [INFO]   Assigned relation R_14 the artiy 5
18:44:51 [INFO]   Added new rule of name r_GEN_1
18:44:51 [INFO]   R_OUT(?X_4, ?X_3, ?X_2, ?X_5, ?X_1) :- R_14(?X_4, ?X_3, ?X_2, ?X_5, ?X_1) .
18:44:51 [INFO] 2 / 22
18:44:51 [INFO]   Generating new single body literal rule for R_1
18:44:51 [INFO]   Assigned relation R_1 the artiy 4
18:44:51 [INFO]   Assigned relation R_15 the artiy 5
18:44:51 [INFO]   Added new rule of name r_GEN_2
18:44:51 [INFO]   R_1(?X_3, ?X_1, "addr", ?X_4) :- R_15(?X_3, ?X_1, "addr", ?X_4, ?X_4) .
18:44:51 [INFO] 3 / 22
18:44:51 [INFO]   Generating new single body literal rule for R_2
18:44:51 [INFO]   Assigned relation R_2 the artiy 4
18:44:51 [INFO]   Added new rule of name r_GEN_3
18:44:51 [INFO]   R_2(?X_2, ?X_1, ?X_3, ?X_1) :- project_species(?X_2, ?X_1), project_species(?X_3, ?X_1) .
18:44:51 [INFO] 4 / 22
18:44:51 [INFO]   Generating new single body literal rule for R_3
18:44:51 [INFO]   Assigned relation R_3 the artiy 6
18:44:51 [INFO]   Added new rule of name r_GEN_4
18:44:51 [INFO]   R_3(?X_3, ?X_4, "Wind Turbine C", ?X_2, ?X_3, ?X_5) :- project(?X_3), project(?X_4), project("Wind Turbine C"), project(?X_2), project(?X_3), project(?X_5) .
18:44:51 [INFO] 5 / 22
18:44:51 [INFO]   Generating new single body literal rule for R_4
18:44:51 [INFO]   Assigned relation R_4 the artiy 3
18:44:51 [INFO]   Added new rule of name r_GEN_5
18:44:51 [INFO]   R_4(?X_2, ?X_2, ?X_1) :- coordinates_m(?X_2, ?X_2), coordinates_m(?X_1, ?X_2) .
18:44:51 [INFO] 6 / 22
18:44:51 [INFO]   Generating new single body literal rule for R_5
18:44:51 [INFO]   Assigned relation R_5 the artiy 5
18:44:51 [INFO]   Assigned relation R_16 the artiy 6
18:44:51 [INFO]   Added new rule of name r_GEN_6
18:44:51 [INFO]   R_5("Wind Turbine B", ?X_1, ?X_5, ?X_3, ?X_2) :- R_16("Wind Turbine B", ?X_1, ?X_5, ?X_5, ?X_2, ?X_3) .
18:44:51 [INFO] 7 / 22
18:44:51 [INFO]   Generating new single body literal rule for R_6
18:44:51 [INFO]   Assigned relation R_6 the artiy 4
18:44:51 [INFO]   Added new rule of name r_GEN_7
18:44:51 [INFO]   R_6(?X_1, ?X_3, "Wind Turbine B", ?X_2) :- R_4(?X_1, ?X_2, ?X_1), R_4(?X_2, ?X_3, "Wind Turbine B") .
18:44:51 [INFO] 8 / 22
18:44:51 [INFO]   Generating new single body literal rule for R_7
18:44:51 [INFO]   Assigned relation R_7 the artiy 1
18:44:51 [INFO]   Added new rule of name r_GEN_8
18:44:51 [INFO]   R_7(?X_1) :- project(?X_1) .
18:44:51 [INFO] 9 / 22
18:44:51 [INFO]   Generating new single body literal rule for R_8
18:44:51 [INFO]   Assigned relation R_8 the artiy 3
18:44:51 [INFO]   Added new rule of name r_GEN_9
18:44:51 [INFO]   R_8(?X_1, ?X_1, "40075000"^^<http://www.w3.org/2001/XMLSchema#double>) :- R_5(?X_1, ?X_1, "40075000"^^<http://www.w3.org/2001/XMLSchema#double>, "addr", "40075000"^^<http://www.w3.org/2001/XMLSchema#double>) .
18:44:51 [INFO] 10 / 22
18:44:51 [INFO]   Generating new single body literal rule for R_9
18:44:51 [INFO]   Assigned relation R_9 the artiy 2
18:44:51 [INFO]   Assigned relation R_12 the artiy 3
18:44:51 [INFO]   Added new rule of name r_GEN_10
18:44:51 [INFO]   R_9(?X_2, ?X_1) :- R_12(?Y_1, ?X_1, ?X_2) .
18:44:51 [INFO] 11 / 22
18:44:51 [INFO]   Generating new single body literal rule for R_10
18:44:51 [INFO]   Assigned relation R_10 the artiy 2
18:44:51 [INFO]   Added new rule of name r_GEN_11
18:44:51 [INFO]   R_10(?X_1, "Rotmilan") :- closest_house(?X_1, "Rotmilan") .
18:44:51 [INFO] 12 / 22
18:44:51 [INFO]   Generating new single body literal rule for R_11
18:44:51 [INFO]   Assigned relation R_11 the artiy 5
18:44:51 [INFO]   Added new rule of name r_GEN_12
18:44:51 [INFO]   R_11(?X_2, ?X_4, ?X_4, "true"^^<http://www.w3.org/2001/XMLSchema#boolean>, ?X_1) :- project(?X_2), project(?X_4), project(?X_4), project("true"^^<http://www.w3.org/2001/XMLSchema#boolean>), project(?X_1) .
18:44:51 [INFO] 13 / 22
18:44:51 [INFO]   Generating new single body literal rule for R_12
18:44:51 [INFO]   Added new rule of name r_GEN_13
18:44:51 [INFO]   R_12(?X_2, "Wind Turbine B", ?X_2) :- closest_house(?X_2, "Wind Turbine B"), closest_house(?X_2, "Wind Turbine B") .
18:44:51 [INFO] 14 / 22
18:44:51 [INFO]   Generating new single body literal rule for R_13
18:44:51 [INFO]   Assigned relation R_13 the artiy 2
18:44:51 [INFO]   Assigned relation R_18 the artiy 5
18:44:51 [INFO]   Added new rule of name r_GEN_14
18:44:51 [INFO]   R_13("50.89816338631804"^^<http://www.w3.org/2001/XMLSchema#double>, ?X_2) :- R_18("50.89816338631804"^^<http://www.w3.org/2001/XMLSchema#double>, "50.89816338631804"^^<http://www.w3.org/2001/XMLSchema#double>, "Wind Turbine A", ?X_2, ?X_2) .
18:44:51 [INFO] 15 / 22
18:44:51 [INFO]   Generating new single body literal rule for R_14
18:44:51 [INFO]   Added new rule of name r_GEN_15
18:44:51 [INFO]   R_14(?X_1, ?X_5, "40075000"^^<http://www.w3.org/2001/XMLSchema#double>, ?X_3, ?X_4) :- project(?X_1), project(?X_5), project("40075000"^^<http://www.w3.org/2001/XMLSchema#double>), project(?X_3), project(?X_4) .
18:44:51 [INFO] 16 / 22
18:44:51 [INFO]   Generating new single body literal rule for R_15
18:44:51 [INFO]   Added new rule of name r_GEN_16
18:44:51 [INFO]   R_15(?X_1, ?X_1, ?X_5, ?X_2, ?X_3) :- project_height_m(?X_1, ?X_1), project_height_m(?X_5, ?X_2), project_height_m(?X_1, ?X_3) .
18:44:51 [INFO] 17 / 22
18:44:51 [INFO]   Generating new single body literal rule for R_16
18:44:51 [INFO]   Added new rule of name r_GEN_17
18:44:51 [INFO]   R_16(?X_3, ?X_5, ?X_6, ?X_1, ?X_4, ?X_2) :- R_1(?X_3, ?X_5, ?X_6, ?X_1), R_1(?Y_2, ?X_2, ?Y_2, ?X_4) .
18:44:51 [INFO] 18 / 22
18:44:51 [INFO]   Generating new single body literal rule for R_17
18:44:51 [INFO]   Assigned relation R_17 the artiy 3
18:44:51 [INFO]   Added new rule of name r_GEN_18
18:44:51 [INFO]   R_17(?X_3, ?X_1, ?X_2) :- R_11(?X_2, ?X_1, ?X_2, ?Y_1, ?X_3) .
18:44:51 [INFO] 19 / 22
18:44:51 [INFO]   Generating new single body literal rule for R_18
18:44:51 [INFO]   Added new rule of name r_GEN_19
18:44:51 [INFO]   R_18(?X_4, ?X_1, ?X_3, ?X_2, ?X_2) :- project_reject(?X_4), project_reject(?X_1), project_reject(?X_3), project_reject(?X_2), project_reject(?X_2) .
18:44:51 [INFO] 20 / 22
18:44:51 [INFO]   Generating new single body literal rule for R_19
18:44:51 [INFO]   Assigned relation R_19 the artiy 6
18:44:51 [INFO]   Added new rule of name r_GEN_20
18:44:51 [INFO]   R_19("13.688126881341304"^^<http://www.w3.org/2001/XMLSchema#double>, ?X_6, ?X_1, ?X_5, ?X_6, ?X_3) :- R_8("13.688126881341304"^^<http://www.w3.org/2001/XMLSchema#double>, ?X_6, ?X_1), R_8(?X_5, ?X_6, ?X_3) .
18:44:51 [INFO] 21 / 22
18:44:51 [INFO]   Generating new single body literal rule for R_20
18:44:51 [INFO]   Assigned relation R_20 the artiy 6
18:44:51 [INFO]   Added new rule of name r_GEN_21
18:44:51 [INFO]   R_20(?X_1, "Wind Turbine B", ?X_3, ?X_6, ?X_5, ?X_4) :- R_13(?X_1, "Wind Turbine B"), R_13(?X_3, ?X_6), R_13(?X_5, ?X_4) .
18:44:51 [INFO] 22 / 22
18:44:51 [INFO]   Generating new single body literal rule for R_21
18:44:51 [INFO]   Assigned relation R_21 the artiy 5
18:44:51 [INFO]   Added new rule of name r_GEN_22
18:44:51 [INFO]   R_21(?X_5, ?X_4, ?X_2, "Wind Turbine B", ?X_3) :- R_OUT(?X_5, ?X_4, ?X_2, "Wind Turbine B", ?X_3) .
18:44:51 [INFO] 
18:44:51 [INFO] Adding a outgoing relational edge for each relation other than R_OUT
18:44:51 [INFO] 
18:44:51 [INFO] 1 / 38
18:44:51 [INFO]   Adding outgoing relational edge from CIRC_EARTH for r_GEN_12
18:44:51 [INFO]   Generated literal CIRC_EARTH(?X_4) for rule r_GEN_12
18:44:51 [INFO] 2 / 38
18:44:51 [INFO]   Adding outgoing relational edge from PI for r_GEN_9
18:44:51 [INFO]   Generated literal PI(?X_1) for rule r_GEN_9
18:44:51 [INFO] 3 / 38
18:44:51 [INFO]   Adding outgoing relational edge from TRUE for r_GEN_17
18:44:51 [INFO]   Generated literal TRUE(?X_6) for rule r_GEN_17
18:44:51 [INFO] 4 / 38
18:44:51 [INFO]   Adding outgoing relational edge from closest_house for r_GEN_22
18:44:51 [INFO]   Generated literal ~closest_house(?X_2, "40075000"^^<http://www.w3.org/2001/XMLSchema#double>) for rule r_GEN_22
18:44:51 [INFO] 5 / 38
18:44:51 [INFO]   Adding outgoing relational edge from coordinates for r_GEN_6
18:44:51 [INFO]   Generated literal coordinates(?X_3, ?X_1) for rule r_GEN_6
18:44:51 [INFO] 6 / 38
18:44:51 [INFO]   Adding outgoing relational edge from coordinates_m for r_GEN_20
18:44:51 [INFO]   Generated literal coordinates_m(?Z_3, ?X_6) for rule r_GEN_20
18:44:51 [INFO] 7 / 38
18:44:51 [INFO]   Adding outgoing relational edge from distance for r_GEN_5
18:44:51 [INFO]   Generated literal distance(60, ?Z_1) for rule r_GEN_5
18:44:51 [INFO] 8 / 38
18:44:51 [INFO]   Adding outgoing relational edge from endangered for r_GEN_5
18:44:51 [INFO]   Generated literal endangered(?X_2) for rule r_GEN_5
18:44:51 [INFO] 9 / 38
18:44:51 [INFO]   Adding outgoing relational edge from environmental_impact for r_GEN_15
18:44:51 [INFO]   Generated literal ~environmental_impact(?X_1) for rule r_GEN_15
18:44:51 [INFO] 10 / 38
18:44:51 [INFO]   Adding outgoing relational edge from locations for r_GEN_2
18:44:51 [INFO]   Generated literal ~locations(?X_3, "Wind Turbine C", ?X_1) for rule r_GEN_2
18:44:51 [INFO] 11 / 38
18:44:51 [INFO]   Adding outgoing relational edge from project for r_GEN_20
18:44:51 [INFO]   Generated literal project(?X_6) for rule r_GEN_20
18:44:51 [INFO] 12 / 38
18:44:51 [INFO]   Adding outgoing relational edge from project_approved for r_GEN_21
18:44:51 [INFO]   Generated literal project_approved(?X_1) for rule r_GEN_21
18:44:51 [INFO] 13 / 38
18:44:51 [INFO]   Adding outgoing relational edge from project_height_m for r_GEN_19
18:44:51 [INFO]   Generated literal project_height_m(?X_1, ?X_4) for rule r_GEN_19
18:44:51 [INFO] 14 / 38
18:44:51 [INFO]   Adding outgoing relational edge from project_location for r_GEN_6
18:44:51 [INFO]   Generated literal project_location(?X_3, ?X_2, ?X_5) for rule r_GEN_6
18:44:51 [INFO] 15 / 38
18:44:51 [INFO]   Adding outgoing relational edge from project_location_m for r_GEN_14
18:44:51 [INFO]   Generated literal project_location_m(?X_2, ?X_2, "Wind Turbine A") for rule r_GEN_14
18:44:51 [INFO] 16 / 38
18:44:51 [INFO]   Adding outgoing relational edge from project_reject for r_GEN_14
18:44:51 [INFO]   Generated literal ~project_reject(?X_2) for rule r_GEN_14
18:44:51 [INFO] 17 / 38
18:44:51 [INFO]   Adding outgoing relational edge from project_species for r_GEN_16
18:44:51 [INFO]   Generated literal project_species(?X_2, ?X_3) for rule r_GEN_16
18:44:51 [INFO] 18 / 38
18:44:51 [INFO]   Adding outgoing relational edge from R_1 for r_GEN_4
18:44:51 [INFO]   Generated literal R_1(?Z_3, ?Z_2, ?X_3, ?Z_4) for rule r_GEN_4
18:44:51 [INFO] 19 / 38
18:44:51 [INFO]   Adding outgoing relational edge from R_2 for r_GEN_15
18:44:51 [INFO]   Generated literal R_2(?Z_1, ?X_3, ?Z_3, "Wind Turbine B") for rule r_GEN_15
18:44:51 [INFO] 20 / 38
18:44:51 [INFO]   Adding outgoing relational edge from R_3 for r_GEN_21
18:44:51 [INFO]   Generated literal ~R_3(?X_6, ?X_3, ?X_4, ?X_3, 60, ?X_5) for rule r_GEN_21
18:44:51 [INFO] 21 / 38
18:44:51 [INFO]   Adding outgoing relational edge from R_4 for r_GEN_9
18:44:51 [INFO]   Generated literal R_4(?X_1, ?Z_2, "Wind Turbine A") for rule r_GEN_9
18:44:51 [INFO] 22 / 38
18:44:51 [INFO]   Adding outgoing relational edge from R_5 for r_GEN_11
18:44:51 [INFO]   Generated literal ~R_5(?X_1, "Wind Turbine B", "50.89312291453255"^^<http://www.w3.org/2001/XMLSchema#double>, ?X_1, ?X_1) for rule r_GEN_11
18:44:51 [INFO] 23 / 38
18:44:51 [INFO]   Adding outgoing relational edge from R_6 for r_GEN_14
18:44:51 [INFO]   Generated literal ~R_6(?X_2, ?X_2, ?X_2, ?X_2) for rule r_GEN_14
18:44:51 [INFO] 24 / 38
18:44:51 [INFO]   Adding outgoing relational edge from R_7 for r_GEN_16
18:44:51 [INFO]   Generated literal R_7(?Z_4) for rule r_GEN_16
18:44:51 [INFO] 25 / 38
18:44:51 [INFO]   Adding outgoing relational edge from R_8 for r_GEN_9
18:44:51 [INFO]   Generated literal R_8(?X_1, ?X_1, ?Z_2) for rule r_GEN_9
18:44:51 [INFO] 26 / 38
18:44:51 [INFO]   Adding outgoing relational edge from R_9 for r_GEN_11
18:44:51 [INFO]   Generated literal R_9(?X_1, ?X_1) for rule r_GEN_11
18:44:51 [INFO] 27 / 38
18:44:51 [INFO]   Adding outgoing relational edge from R_10 for r_GEN_9
18:44:51 [INFO]   Generated literal R_10(?X_1, ?Z_4) for rule r_GEN_9
18:44:51 [INFO] 28 / 38
18:44:51 [INFO]   Adding outgoing relational edge from R_11 for r_GEN_1
18:44:51 [INFO]   Generated literal R_11(?Z_3, ?Z_2, ?X_4, ?Z_4, ?Z_1) for rule r_GEN_1
18:44:51 [INFO] 29 / 38
18:44:51 [INFO]   Adding outgoing relational edge from R_12 for r_GEN_13
18:44:51 [INFO]   Generated literal R_12(?X_2, ?Z_2, ?Z_1) for rule r_GEN_13
18:44:51 [INFO] 30 / 38
18:44:51 [INFO]   Adding outgoing relational edge from R_13 for r_GEN_16
18:44:51 [INFO]   Generated literal R_13(?X_1, ?X_1) for rule r_GEN_16
18:44:51 [INFO] 31 / 38
18:44:51 [INFO]   Adding outgoing relational edge from R_14 for r_GEN_5
18:44:51 [INFO]   Generated literal ~R_14(?X_1, ?X_2, ?X_2, "addr", ?X_2) for rule r_GEN_5
18:44:51 [INFO] 32 / 38
18:44:51 [INFO]   Adding outgoing relational edge from R_15 for r_GEN_10
18:44:51 [INFO]   Generated literal ~R_15(60, ?X_2, ?X_2, ?Y_1, ?X_1) for rule r_GEN_10
18:44:51 [INFO] 33 / 38
18:44:51 [INFO]   Adding outgoing relational edge from R_16 for r_GEN_18
18:44:51 [INFO]   Generated literal R_16(?X_1, ?Z_2, ?X_2, ?X_2, ?X_3, ?X_2) for rule r_GEN_18
18:44:51 [INFO] 34 / 38
18:44:51 [INFO]   Adding outgoing relational edge from R_17 for r_GEN_10
18:44:51 [INFO]   Generated literal R_17(?X_2, ?X_1, ?X_1) for rule r_GEN_10
18:44:51 [INFO] 35 / 38
18:44:51 [INFO]   Adding outgoing relational edge from R_18 for r_GEN_18
18:44:51 [INFO]   Generated literal ~R_18(?Y_1, ?X_2, ?X_2, ?X_3, ?Z_2) for rule r_GEN_18
18:44:51 [INFO] 36 / 38
18:44:51 [INFO]   Adding outgoing relational edge from R_19 for r_GEN_22
18:44:51 [INFO]   Generated literal R_19(?Z_3, ?X_5, ?X_2, ?Z_1, ?X_3, ?X_5) for rule r_GEN_22
18:44:51 [INFO] 37 / 38
18:44:51 [INFO]   Adding outgoing relational edge from R_20 for r_GEN_17
18:44:51 [INFO]   Generated literal ~R_20(?Y_2, ?X_6, ?X_3, ?X_5, "50.89312291453255"^^<http://www.w3.org/2001/XMLSchema#double>, ?X_6) for rule r_GEN_17
18:44:51 [INFO] 38 / 38
18:44:51 [WARN] Could not generate outgoing relational edge for R_21
18:44:51 [INFO] 
18:44:51 [INFO] Adding gen. size facts
18:44:51 [INFO] 
18:44:51 [INFO] 1 / 22
18:44:51 [INFO]   II Add Fact Node and Edge
18:44:51 [INFO]   Added new fact R_11("Wind Turbine C", "3.14159"^^<http://www.w3.org/2001/XMLSchema#double>, c_1, c_2, "Feldsperling").
18:44:51 [INFO] 2 / 22
18:44:51 [INFO]   II Add Fact Node and Edge
18:44:51 [INFO]   Added new fact R_16("Wind Turbine A", "str_1", "3.14159"^^<http://www.w3.org/2001/XMLSchema#double>, 60, 4566748031515793045, "Wind Turbine C").
18:44:51 [INFO] 3 / 22
18:44:51 [INFO]   II Add Fact Node and Edge
18:44:51 [INFO]   Added new fact R_16("str_2", 4566748031515793045, c_3, c_4, "40075000"^^<http://www.w3.org/2001/XMLSchema#double>, "50.89312291453255"^^<http://www.w3.org/2001/XMLSchema#double>).
18:44:51 [INFO] 4 / 22
18:44:51 [INFO]   II Add Fact Node and Edge
18:44:51 [INFO]   Added new fact R_OUT("Wind Turbine A", "true"^^<http://www.w3.org/2001/XMLSchema#boolean>, c_5, "Gartenschläfer", "str_1").
18:44:51 [INFO] 5 / 22
18:44:51 [INFO]   II Add Fact Node and Edge
18:44:51 [INFO]   Added new fact R_7("str_3").
18:44:51 [INFO] 6 / 22
18:44:51 [INFO]   II Add Fact Node and Edge
18:44:51 [INFO]   Added new fact R_17(5448939571016923784, 8995902280261610920, "str_4").
18:44:51 [INFO] 7 / 22
18:44:51 [INFO]   II Add Fact Node and Edge
18:44:51 [INFO]   Added new fact R_4("str_5", c_6, c_7).
18:44:51 [INFO] 8 / 22
18:44:51 [INFO]   II Add Fact Node and Edge
18:44:51 [INFO]   Added new fact R_16("Mauersegler", 4566748031515793045, "str_6", "Wind Turbine A", "str_5", c_8).
18:44:51 [INFO] 9 / 22
18:44:51 [INFO]   II Add Fact Node and Edge
18:44:51 [INFO]   Added new fact R_1(5448939571016923784, c_9, c_10, c_11).
18:44:51 [INFO] 10 / 22
18:44:51 [INFO]   II Add Fact Node and Edge
18:44:51 [INFO]   Added new fact R_16("true"^^<http://www.w3.org/2001/XMLSchema#boolean>, c_12, 3572006556172955309, 40, 16792206689813024977, c_8).
18:44:51 [INFO] 11 / 22
18:44:51 [INFO]   II Add Fact Node and Edge
18:44:51 [INFO]   Added new fact R_14(c_13, "addr", "Feldsperling", 14132298645213863492, "Wind Turbine A").
18:44:51 [INFO] 12 / 22
18:44:51 [INFO]   II Add Fact Node and Edge
18:44:51 [INFO]   Added new fact R_OUT(6482523850715783555, "50.89312291453255"^^<http://www.w3.org/2001/XMLSchema#double>, c_14, c_15, "Wind Turbine A").
18:44:51 [INFO] 13 / 22
18:44:51 [INFO]   II Add Fact Node and Edge
18:44:51 [INFO]   Added new fact R_18(7650120627178189448, c_16, "str_3", c_9, c_17).
18:44:51 [INFO] 14 / 22
18:44:51 [INFO]   II Add Fact Node and Edge
18:44:51 [INFO]   Added new fact R_14("addr", c_18, "50.89816338631804"^^<http://www.w3.org/2001/XMLSchema#double>, c_2, "13.688126881341304"^^<http://www.w3.org/2001/XMLSchema#double>).
18:44:51 [INFO] 15 / 22
18:44:51 [INFO]   II Add Fact Node and Edge
18:44:51 [INFO]   Added new fact R_21(c_19, 4566748031515793045, "str_5", "str_7", c_1).
18:44:51 [INFO] 16 / 22
18:44:51 [INFO]   II Add Fact Node and Edge
18:44:51 [INFO]   Added new fact R_6(c_20, c_17, c_2, "str_8").
18:44:51 [INFO] 17 / 22
18:44:51 [INFO]   II Add Fact Node and Edge
18:44:51 [INFO]   Added new fact R_7("Wind Turbine B").
18:44:51 [INFO] 18 / 22
18:44:51 [INFO]   II Add Fact Node and Edge
18:44:51 [INFO]   Added new fact R_14(c_21, 3572006556172955309, c_22, c_1, c_23).
18:44:51 [INFO] 19 / 22
18:44:51 [INFO]   II Add Fact Node and Edge
18:44:51 [INFO]   Added new fact R_4(c_9, c_24, c_16).
18:44:51 [INFO] 20 / 22
18:44:51 [INFO]   II Add Fact Node and Edge
18:44:51 [INFO]   Added new fact R_15(c_25, "Wind Turbine C", 8995902280261610920, "Wind Turbine B", "str_9").
18:44:51 [INFO] 21 / 22
18:44:51 [INFO]   II Add Fact Node and Edge
18:44:51 [INFO]   Added new fact R_7("Gartenschläfer").
18:44:51 [INFO] 22 / 22
18:44:51 [INFO]   II Add Fact Node and Edge
18:44:51 [INFO]   Added new fact R_5(5951815563360329837, c_18, c_26, c_8, 13391305971044026878).
18:44:51 [INFO] 
18:44:51 [INFO] ----------------------------------------------
18:44:51 [INFO] ----------- Program Generation Done ----------
18:44:51 [INFO] ----------------------------------------------
18:44:51 [INFO] 
18:44:51 [INFO] ----------- Generated ADG Summary: -----------
18:44:51 [INFO] ADG Fact Nodes:                  22
18:44:51 [INFO] ADG Relational Nodes:            39
18:44:51 [INFO] ADG Fact Edges:                  22
18:44:51 [INFO] ADG Relational Edges:            86
18:44:51 [INFO] Number of inv. Strata:           6
18:44:51 [INFO] 
18:44:51 [INFO] Nodes with None Ancestry:        31
18:44:51 [INFO] Nodes with Positive Ancestry:    7
18:44:51 [INFO] Nodes with Negative Ancestry:    1
18:44:51 [INFO] Nodes with Unknown Ancestry:     0
18:44:51 [INFO] 
18:44:51 [INFO] Next rule name would be:         r_CON_23
18:44:51 [INFO] Next predicate name would be:    R_22
18:44:51 [INFO] Next constant name would be:     c_27
18:44:51 [INFO] Next string would be:            "str_10"
18:44:51 [INFO] 
18:44:51 [INFO] Output predicate:                R_OUT
18:44:51 [INFO] Generated rule count:            22
18:44:51 [INFO] Rule count:                      31
18:44:51 [INFO] Average rel. arity:              3.051282051282051
18:44:51 [INFO] Arity calc. may be inaccurate if arity > f64
18:44:51 [INFO] ----------------------------------------------
18:44:51 [INFO] 
18:44:51 [INFO] ------ Performed Gen. Transformations: -------
18:44:51 [INFO]  #      Type
18:44:51 [INFO]  22      Generate New Rule with Probably Single Lit
18:44:51 [INFO]  37      Generating an Outgoing Relational Edge
18:44:51 [INFO]  21      I     Add Relational Node
18:44:51 [INFO]  22      II    Add Fact Node and Edge
18:44:51 [INFO] ----------------------------------------------
18:44:51 [INFO] 
18:44:51 [INFO] Storing input ADG and input program
18:44:51 [INFO] 
18:44:51 [INFO] ----------------------------------------------
18:44:51 [INFO] --------- Beginning Transformations ----------
18:44:51 [INFO] --------  Oracle: CON    Number: 20
18:44:51 [INFO] ----------------------------------------------
18:44:51 [INFO] 1 / 20
18:44:51 [INFO]   III Add Relational edges - New Rule
18:44:51 [INFO]   Added new rule of name r_CON_25
18:44:51 [INFO]   R_7(?X_1) :- R_6(?X_1, ?X_1, c_8, ?X_1), ~endangered(?X_1), ~CIRC_EARTH(?X_1), ~coordinates(c_8, ?X_1) .
18:44:51 [INFO] 2 / 20
18:44:51 [INFO]   II Add Fact Node and Edge
18:44:51 [INFO]   Added new fact R_18(13391305971044026878, 16792206689813024977, 8995902280261610920, c_29, "str_12").
18:44:51 [INFO] 3 / 20
18:44:51 [INFO]   IX Remove Fact Node and Edge
18:44:51 [INFO]   Removed fact R_6(c_20, c_17, c_2, "str_8"). from the program
18:44:51 [INFO]   Removed fact R_6(c_20, c_17, c_2, "str_8"). from the ADG.
18:44:51 [INFO] 4 / 20
18:44:51 [INFO]   VIII Modify Rule - Remove Equality
18:44:51 [INFO]   Replaced a random number of var X_5 with var X_5_new_1 in the rule r_GEN_22
18:44:51 [INFO] 5 / 20
18:44:51 [INFO]   XI Add Contradictory Rule
18:44:51 [INFO]   Added new contradictory rule of name r_CON_26
18:44:51 [INFO]   R_21(?X_2, ?X_3, "str_9", ?X_4, ?X_5) :- endangered(?X_2), endangered(?X_3), endangered("str_9"), endangered(?X_4), endangered(?X_5), ~endangered(?X_2) .
18:44:51 [INFO] 6 / 20
18:44:51 [INFO]   IV Add Relational Edge - New Literal
18:44:51 [INFO]   Generated literal PI(?X_1) for rule r_GEN_9
18:44:51 [INFO] 7 / 20
18:44:51 [INFO]   Xa Remove Relational Node - Rule Variant
18:44:51 [INFO]   Removing relational node R_8
18:44:51 [INFO]   Removing the Rule of the name r_GEN_20
18:44:51 [INFO]   Removing the Rule of the name r_GEN_9
18:44:51 [INFO]   Removing at least 10 relational edges.
18:44:51 [INFO] 8 / 20
18:44:51 [INFO]   V Remove Relational Edges - Whole Rule
18:44:51 [INFO]   Removing the Rule of the name r_CON_26
18:44:51 [INFO] 9 / 20
18:44:51 [INFO]   XI Add Contradictory Rule
18:44:51 [INFO]   Added new contradictory rule of name r_CON_27
18:44:51 [INFO]   R_20(?X_5, ?X_2, ?X_4, ?X_1, ?X_3, ?X_6) :- project_species(?X_5, ?X_2), project_species(?X_4, ?X_1), project_species(?X_3, ?X_6), ~project_species(?X_5, ?X_2) .
18:44:51 [INFO] 10 / 20
18:44:51 [INFO]   IX Remove Fact Node and Edge
18:44:51 [INFO]   Removed fact R_14(c_13, "addr", "Feldsperling", 14132298645213863492, "Wind Turbine A"). from the program
18:44:51 [INFO]   Removed fact R_14(c_13, "addr", "Feldsperling", 14132298645213863492, "Wind Turbine A"). from the ADG.
18:44:51 [INFO] 11 / 20
18:44:51 [INFO]   Xa Remove Relational Node - Rule Variant
18:44:51 [INFO]   Removing relational node R_5
18:44:51 [INFO]   Removing the Rule of the name r_GEN_6
18:44:51 [INFO]   Removing the Rule of the name r_GEN_11
18:44:51 [INFO]   Removing at least 6 relational edges.
18:44:51 [INFO] 12 / 20
18:44:51 [INFO]   XI Add Contradictory Rule
18:44:51 [INFO]   Added new contradictory rule of name r_CON_28
18:44:51 [INFO]   R_18(c_2, ?X_1, ?X_5, ?X_2, ?X_3) :- R_19(c_2, ?Y_1, ?X_5, ?X_2, ?X_3, ?X_1), ~R_19(c_2, ?Y_1, ?X_5, ?X_2, ?X_3, ?X_1) .
18:44:51 [INFO] 13 / 20
18:44:51 [INFO]   Xa Remove Relational Node - Rule Variant
18:44:51 [INFO]   Removing relational node R_21
18:44:51 [INFO]   Removing the Rule of the name r_GEN_22
18:44:51 [INFO]   Removing at least 3 relational edges.
18:44:51 [INFO] 14 / 20
18:44:51 [INFO]   III Add Relational edges - New Rule
18:44:51 [INFO]   Added new rule of name r_CON_29
18:44:51 [INFO]   R_7(?X_1) :- R_18(?X_1, 60, 60, ?X_1, ?X_1), closest_house(?Y_1, ?Y_1) .
18:44:51 [INFO] 15 / 20
18:44:51 [INFO]   IX Remove Fact Node and Edge
18:44:51 [INFO]   Removed fact R_17(5448939571016923784, 8995902280261610920, "str_4"). from the program
18:44:51 [INFO]   Removed fact R_17(5448939571016923784, 8995902280261610920, "str_4"). from the ADG.
18:44:51 [INFO] 16 / 20
18:44:51 [INFO]   I Add Relational Node
18:44:51 [INFO]   Added new relation R_24
18:44:51 [INFO] 17 / 20
18:44:51 [INFO]   II Add Fact Node and Edge
18:44:51 [INFO]   Added new fact R_4("str_13", c_30, "str_14").
18:44:51 [INFO] 18 / 20
18:44:51 [INFO]   II Add Fact Node and Edge
18:44:51 [INFO]   Added new fact R_20("Wind Turbine A", c_8, "str_15", "Wind Turbine B", "Wind Turbine A", c_11).
18:44:51 [INFO] 19 / 20
18:44:51 [INFO]   IV Add Relational Edge - New Literal
18:44:51 [INFO]   Generated literal ~project_approved(?X_2) for rule r_GEN_7
18:44:51 [INFO] 20 / 20
18:44:51 [INFO]   I Add Relational Node
18:44:51 [INFO]   Added new relation R_25
18:44:51 [INFO] ----------------------------------------------
18:44:51 [INFO] ------------ Transformations Done ------------
18:44:51 [INFO] ----------------------------------------------
18:44:51 [INFO]  Ressources required: 
                data/endangered.csv
                data/locations.csv
                
18:44:51 [INFO] ---------- Transformed ADG Summary: ----------
18:44:51 [INFO] ADG Fact Nodes:                  20
18:44:51 [INFO] ADG Relational Nodes:            38
18:44:51 [INFO] ADG Fact Edges:                  20
18:44:51 [INFO] ADG Relational Edges:            81
18:44:51 [INFO] Number of inv. Strata:           6
18:44:51 [INFO] 
18:44:51 [INFO] Nodes with None Ancestry:        28
18:44:51 [INFO] Nodes with Positive Ancestry:    7
18:44:51 [INFO] Nodes with Negative Ancestry:    1
18:44:51 [INFO] Nodes with Unknown Ancestry:     0
18:44:51 [INFO] 
18:44:51 [INFO] Next rule name would be:         r_CON_30
18:44:51 [INFO] Next predicate name would be:    R_26
18:44:51 [INFO] Next constant name would be:     c_31
18:44:51 [INFO] Next string would be:            "str_16"
18:44:51 [INFO] 
18:44:51 [INFO] Output predicate:                R_OUT
18:44:51 [INFO] Rule count:                      30
18:44:51 [INFO] Average rel. arity:              3.081081081081081
18:44:51 [INFO] Arity calc. may be inaccurate if arity > f64
18:44:51 [INFO] ----------------------------------------------
18:44:51 [INFO] 
18:44:51 [INFO] --------- Performed Transformations: ---------
18:44:51 [INFO]  #      Type
18:44:51 [INFO]  1      Failed Transformation Attempts
18:44:51 [INFO]  2      I     Add Relational Node
18:44:51 [INFO]  3      II    Add Fact Node and Edge
18:44:51 [INFO]  2      III   Add Relational edges - New Rule
18:44:51 [INFO]  2      IV    Add Relational Edge - New Literal
18:44:51 [INFO]  3      IX    Remove Fact Node and Edge
18:44:51 [INFO]  1      V     Remove Relational Edges - Whole Rule
18:44:51 [INFO]  0      VI    Remove Relational Edge - Single Literal
18:44:51 [INFO]  0      VII   Modify Rule - Add Equality
18:44:51 [INFO]  1      VIII  Modify Rule - Remove Equality
18:44:51 [INFO]  3      XI   Add Contradictory Rule
18:44:51 [INFO]  3      Xa     Remove Relational Node Rule Variant - None anc only
18:44:51 [INFO] ----------------------------------------------
18:44:51 [INFO] 
18:44:51 [INFO] Writing output ADG and file.
18:44:51 [INFO] 
18:44:51 [INFO] ----------------------------------------------
18:44:51 [INFO] -- Beginning Nemo Execution - Input Program --
18:44:51 [INFO] ----------------------------------------------
18:44:51 [INFO] Stratified program: [[0, 1, 2], [3, 4]]
18:44:51 [INFO] Loading source SimpleTable { arity: 5, data: [AnyDataValue(PlainString(StringDataValue("Wind Turbine A"))), AnyDataValue(Boolean(BooleanDataValue(true))), AnyDataValue(Iri(IriDataValue("c_5"))), AnyDataValue(PlainString(StringDataValue("Gartenschläfer"))), AnyDataValue(PlainString(StringDataValue("str_1"))), AnyDataValue(UnsignedLong(UnsignedLongDataValue(6482523850715783555))), AnyDataValue(Double(DoubleDataValue(50.89312291453255))), AnyDataValue(Iri(IriDataValue("c_14"))), AnyDataValue(Iri(IriDataValue("c_15"))), AnyDataValue(PlainString(StringDataValue("Wind Turbine A")))] }
18:44:51 [INFO] Execution step: Combining Tables
18:44:51 [INFO] Saved permanent table R_OUT (0-1) Permutation { idx_to_val: [], val_to_idx: [] } with 2 entries (17488)
18:44:51 [INFO] <<< STEP 1: APPLYING RULE 0 environmental_impact(?project) :- project_height_m(?project, ?height), NumericGreaterthaneq(?height, 50) >>>
18:44:51 [INFO] Loading source SimpleTable { arity: 2, data: [AnyDataValue(PlainString(StringDataValue("Wind Turbine A"))), AnyDataValue(Long(LongDataValue(60))), AnyDataValue(PlainString(StringDataValue("Wind Turbine B"))), AnyDataValue(Long(LongDataValue(40))), AnyDataValue(PlainString(StringDataValue("Wind Turbine C"))), AnyDataValue(Long(LongDataValue(60)))] }
18:44:51 [INFO] Execution step: Body
18:44:51 [INFO] Saved temporary table: 2 entries (3408)
18:44:51 [INFO] Execution step: Duplicate Elimination (Datalog)
18:44:51 [INFO] Saved permanent table environmental_impact (1) Permutation { idx_to_val: [], val_to_idx: [] } with 2 entries (3456)
18:44:51 [INFO] Rule duration: 0 ms
18:44:51 [INFO] <<< STEP 2: APPLYING RULE 0 environmental_impact(?project) :- project_height_m(?project, ?height), NumericGreaterthaneq(?height, 50) >>>
18:44:51 [INFO] Execution step: Body
18:44:51 [INFO] Trie does not contain any elements
18:44:51 [INFO] Execution step: Duplicate Elimination (Datalog)
18:44:51 [INFO] Trie does not contain any elements
18:44:51 [INFO] Rule duration: 0 ms
18:44:51 [INFO] <<< STEP 3: APPLYING RULE 1 R_2(?X_2, ?X_1, ?X_3, ?X_1) :- project_species(?X_2, ?X_1), project_species(?X_3, ?X_1) >>>
18:44:51 [INFO] Loading source SimpleTable { arity: 2, data: [AnyDataValue(PlainString(StringDataValue("Wind Turbine A"))), AnyDataValue(PlainString(StringDataValue("Rotmilan"))), AnyDataValue(PlainString(StringDataValue("Wind Turbine A"))), AnyDataValue(PlainString(StringDataValue("Feldsperling"))), AnyDataValue(PlainString(StringDataValue("Wind Turbine B"))), AnyDataValue(PlainString(StringDataValue("Gartenschläfer"))), AnyDataValue(PlainString(StringDataValue("Wind Turbine C"))), AnyDataValue(PlainString(StringDataValue("Mauersegler")))] }
18:44:51 [INFO] Execution step: Body
18:44:51 [INFO] Saved temporary table: 4 entries (10580)
18:44:51 [INFO] Execution step: Duplicate Elimination (Datalog)
18:44:51 [INFO] Saved permanent table R_2 (3) Permutation { idx_to_val: [], val_to_idx: [] } with 4 entries (14236)
18:44:51 [INFO] Rule duration: 0 ms
18:44:51 [INFO] <<< STEP 4: APPLYING RULE 1 R_2(?X_2, ?X_1, ?X_3, ?X_1) :- project_species(?X_2, ?X_1), project_species(?X_3, ?X_1) >>>
18:44:51 [INFO] Execution step: Body
18:44:51 [INFO] Trie does not contain any elements
18:44:51 [INFO] Execution step: Duplicate Elimination (Datalog)
18:44:51 [INFO] Trie does not contain any elements
18:44:51 [INFO] Rule duration: 0 ms
18:44:51 [INFO] <<< STEP 5: APPLYING RULE 2 R_11(?X_2, ?X_4, ?X_4, "true"^^<http://www.w3.org/2001/XMLSchema#boolean>, ?X_1) :- project(?X_2), project(?X_4), project(?X_4), project(?_BODY_1), project(?X_1), CIRC_EARTH(?X_4), Equal(?_BODY_1, "true"^^<http://www.w3.org/2001/XMLSchema#boolean>) >>>
18:44:51 [INFO] Loading source SimpleTable { arity: 1, data: [AnyDataValue(PlainString(StringDataValue("Wind Turbine A"))), AnyDataValue(PlainString(StringDataValue("Wind Turbine B"))), AnyDataValue(PlainString(StringDataValue("Wind Turbine C")))] }
18:44:51 [INFO] Loading source SimpleTable { arity: 1, data: [AnyDataValue(Double(DoubleDataValue(40075000.0)))] }
18:44:51 [INFO] Loading source SimpleTable { arity: 5, data: [AnyDataValue(PlainString(StringDataValue("Wind Turbine C"))), AnyDataValue(Double(DoubleDataValue(3.14159))), AnyDataValue(Iri(IriDataValue("c_1"))), AnyDataValue(Iri(IriDataValue("c_2"))), AnyDataValue(PlainString(StringDataValue("Feldsperling")))] }
18:44:51 [INFO] Execution step: Body
18:44:51 [INFO] Trie does not contain any elements
18:44:51 [INFO] Execution step: Duplicate Elimination (Datalog)
18:44:51 [INFO] Trie does not contain any elements
18:44:51 [INFO] Rule duration: 0 ms
18:44:51 [INFO] <<< STEP 6: APPLYING RULE 3 R_14(?X_1, ?X_5, "40075000"^^<http://www.w3.org/2001/XMLSchema#double>, ?X_3, ?X_4) :- project(?X_1), project(?X_5), project(?_BODY_1), project(?X_3), project(?X_4), R_2(?Z_1, ?X_3, ?Z_3, ?_BODY_2), environmental_impact(?X_1), Equal(?_BODY_1, "40075000"^^<http://www.w3.org/2001/XMLSchema#double>), Equal(?_BODY_2, "Wind Turbine B") >>>
18:44:51 [INFO] Loading source SimpleTable { arity: 5, data: [AnyDataValue(Iri(IriDataValue("c_13"))), AnyDataValue(PlainString(StringDataValue("addr"))), AnyDataValue(PlainString(StringDataValue("Feldsperling"))), AnyDataValue(UnsignedLong(UnsignedLongDataValue(14132298645213863492))), AnyDataValue(PlainString(StringDataValue("Wind Turbine A"))), AnyDataValue(PlainString(StringDataValue("addr"))), AnyDataValue(Iri(IriDataValue("c_18"))), AnyDataValue(Double(DoubleDataValue(50.89816338631804))), AnyDataValue(Iri(IriDataValue("c_2"))), AnyDataValue(Double(DoubleDataValue(13.688126881341304))), AnyDataValue(Iri(IriDataValue("c_21"))), AnyDataValue(UnsignedLong(UnsignedLongDataValue(3572006556172955309))), AnyDataValue(Iri(IriDataValue("c_22"))), AnyDataValue(Iri(IriDataValue("c_1"))), AnyDataValue(Iri(IriDataValue("c_23")))] }
18:44:51 [INFO] Execution step: Project/Reorder
18:44:51 [INFO] Saved temporary table: 2 entries (3456)
18:44:51 [INFO] Execution step: Body
18:44:51 [INFO] Trie does not contain any elements
18:44:51 [INFO] Execution step: Duplicate Elimination (Datalog)
18:44:51 [INFO] Trie does not contain any elements
18:44:51 [INFO] Rule duration: 0 ms
18:44:51 [INFO] <<< STEP 7: APPLYING RULE 4 R_OUT(?X_4, ?X_3, ?X_2, ?X_5, ?X_1) :- R_14(?X_4, ?X_3, ?X_2, ?X_5, ?X_1), R_11(?Z_3, ?Z_2, ?X_4, ?Z_4, ?Z_1) >>>
18:44:51 [INFO] Execution step: Body
18:44:51 [INFO] Trie does not contain any elements
18:44:51 [INFO] Execution step: Duplicate Elimination (Datalog)
18:44:51 [INFO] Trie does not contain any elements
18:44:51 [INFO] Rule duration: 0 ms
18:44:51 [INFO] Execution step: Combining Tables
18:44:51 [INFO] Saved permanent table R_OUT (0-1) Permutation { idx_to_val: [], val_to_idx: [] } with 2 entries (17488)
18:44:51 [INFO] ----------------------------------------------
18:44:51 [INFO] --- Finished Nemo Execution - Input Program --
18:44:51 [INFO] Output size: 2
18:44:51 [INFO] ----------------------------------------------
18:44:51 [INFO] 
18:44:51 [INFO] ----------------------------------------------
18:44:51 [INFO] Beginning Nemo Execution - Transformed Program
18:44:51 [INFO] ----------------------------------------------
18:44:51 [INFO] Stratified program: [[0, 1, 2], [3, 4]]
18:44:51 [INFO] Loading source SimpleTable { arity: 5, data: [AnyDataValue(PlainString(StringDataValue("Wind Turbine A"))), AnyDataValue(Boolean(BooleanDataValue(true))), AnyDataValue(Iri(IriDataValue("c_5"))), AnyDataValue(PlainString(StringDataValue("Gartenschläfer"))), AnyDataValue(PlainString(StringDataValue("str_1"))), AnyDataValue(UnsignedLong(UnsignedLongDataValue(6482523850715783555))), AnyDataValue(Double(DoubleDataValue(50.89312291453255))), AnyDataValue(Iri(IriDataValue("c_14"))), AnyDataValue(Iri(IriDataValue("c_15"))), AnyDataValue(PlainString(StringDataValue("Wind Turbine A")))] }
18:44:51 [INFO] Execution step: Combining Tables
18:44:51 [INFO] Saved permanent table R_OUT (0-1) Permutation { idx_to_val: [], val_to_idx: [] } with 2 entries (17488)
18:44:51 [INFO] <<< STEP 1: APPLYING RULE 0 environmental_impact(?project) :- project_height_m(?project, ?height), NumericGreaterthaneq(?height, 50) >>>
18:44:51 [INFO] Loading source SimpleTable { arity: 2, data: [AnyDataValue(PlainString(StringDataValue("Wind Turbine A"))), AnyDataValue(Long(LongDataValue(60))), AnyDataValue(PlainString(StringDataValue("Wind Turbine B"))), AnyDataValue(Long(LongDataValue(40))), AnyDataValue(PlainString(StringDataValue("Wind Turbine C"))), AnyDataValue(Long(LongDataValue(60)))] }
18:44:51 [INFO] Execution step: Body
18:44:51 [INFO] Saved temporary table: 2 entries (3408)
18:44:51 [INFO] Execution step: Duplicate Elimination (Datalog)
18:44:51 [INFO] Saved permanent table environmental_impact (1) Permutation { idx_to_val: [], val_to_idx: [] } with 2 entries (3456)
18:44:51 [INFO] Rule duration: 0 ms
18:44:51 [INFO] <<< STEP 2: APPLYING RULE 0 environmental_impact(?project) :- project_height_m(?project, ?height), NumericGreaterthaneq(?height, 50) >>>
18:44:51 [INFO] Execution step: Body
18:44:51 [INFO] Trie does not contain any elements
18:44:51 [INFO] Execution step: Duplicate Elimination (Datalog)
18:44:51 [INFO] Trie does not contain any elements
18:44:51 [INFO] Rule duration: 0 ms
18:44:51 [INFO] <<< STEP 3: APPLYING RULE 1 R_2(?X_2, ?X_1, ?X_3, ?X_1) :- project_species(?X_2, ?X_1), project_species(?X_3, ?X_1) >>>
18:44:51 [INFO] Loading source SimpleTable { arity: 2, data: [AnyDataValue(PlainString(StringDataValue("Wind Turbine A"))), AnyDataValue(PlainString(StringDataValue("Rotmilan"))), AnyDataValue(PlainString(StringDataValue("Wind Turbine A"))), AnyDataValue(PlainString(StringDataValue("Feldsperling"))), AnyDataValue(PlainString(StringDataValue("Wind Turbine B"))), AnyDataValue(PlainString(StringDataValue("Gartenschläfer"))), AnyDataValue(PlainString(StringDataValue("Wind Turbine C"))), AnyDataValue(PlainString(StringDataValue("Mauersegler")))] }
18:44:51 [INFO] Execution step: Body
18:44:51 [INFO] Saved temporary table: 4 entries (10580)
18:44:51 [INFO] Execution step: Duplicate Elimination (Datalog)
18:44:51 [INFO] Saved permanent table R_2 (3) Permutation { idx_to_val: [], val_to_idx: [] } with 4 entries (14236)
18:44:51 [INFO] Rule duration: 0 ms
18:44:51 [INFO] <<< STEP 4: APPLYING RULE 1 R_2(?X_2, ?X_1, ?X_3, ?X_1) :- project_species(?X_2, ?X_1), project_species(?X_3, ?X_1) >>>
18:44:51 [INFO] Execution step: Body
18:44:51 [INFO] Trie does not contain any elements
18:44:51 [INFO] Execution step: Duplicate Elimination (Datalog)
18:44:51 [INFO] Trie does not contain any elements
18:44:51 [INFO] Rule duration: 0 ms
18:44:51 [INFO] <<< STEP 5: APPLYING RULE 2 R_11(?X_2, ?X_4, ?X_4, "true"^^<http://www.w3.org/2001/XMLSchema#boolean>, ?X_1) :- project(?X_2), project(?X_4), project(?X_4), project(?_BODY_1), project(?X_1), CIRC_EARTH(?X_4), Equal(?_BODY_1, "true"^^<http://www.w3.org/2001/XMLSchema#boolean>) >>>
18:44:51 [INFO] Loading source SimpleTable { arity: 1, data: [AnyDataValue(PlainString(StringDataValue("Wind Turbine A"))), AnyDataValue(PlainString(StringDataValue("Wind Turbine B"))), AnyDataValue(PlainString(StringDataValue("Wind Turbine C")))] }
18:44:51 [INFO] Loading source SimpleTable { arity: 1, data: [AnyDataValue(Double(DoubleDataValue(40075000.0)))] }
18:44:51 [INFO] Loading source SimpleTable { arity: 5, data: [AnyDataValue(PlainString(StringDataValue("Wind Turbine C"))), AnyDataValue(Double(DoubleDataValue(3.14159))), AnyDataValue(Iri(IriDataValue("c_1"))), AnyDataValue(Iri(IriDataValue("c_2"))), AnyDataValue(PlainString(StringDataValue("Feldsperling")))] }
18:44:51 [INFO] Execution step: Body
18:44:51 [INFO] Trie does not contain any elements
18:44:51 [INFO] Execution step: Duplicate Elimination (Datalog)
18:44:51 [INFO] Trie does not contain any elements
18:44:51 [INFO] Rule duration: 0 ms
18:44:51 [INFO] <<< STEP 6: APPLYING RULE 3 R_14(?X_1, ?X_5, "40075000"^^<http://www.w3.org/2001/XMLSchema#double>, ?X_3, ?X_4) :- project(?X_1), project(?X_5), project(?_BODY_1), project(?X_3), project(?X_4), R_2(?Z_1, ?X_3, ?Z_3, ?_BODY_2), environmental_impact(?X_1), Equal(?_BODY_1, "40075000"^^<http://www.w3.org/2001/XMLSchema#double>), Equal(?_BODY_2, "Wind Turbine B") >>>
18:44:51 [INFO] Loading source SimpleTable { arity: 5, data: [AnyDataValue(PlainString(StringDataValue("addr"))), AnyDataValue(Iri(IriDataValue("c_18"))), AnyDataValue(Double(DoubleDataValue(50.89816338631804))), AnyDataValue(Iri(IriDataValue("c_2"))), AnyDataValue(Double(DoubleDataValue(13.688126881341304))), AnyDataValue(Iri(IriDataValue("c_21"))), AnyDataValue(UnsignedLong(UnsignedLongDataValue(3572006556172955309))), AnyDataValue(Iri(IriDataValue("c_22"))), AnyDataValue(Iri(IriDataValue("c_1"))), AnyDataValue(Iri(IriDataValue("c_23")))] }
18:44:51 [INFO] Execution step: Project/Reorder
18:44:51 [INFO] Saved temporary table: 2 entries (3456)
18:44:51 [INFO] Execution step: Body
18:44:51 [INFO] Trie does not contain any elements
18:44:51 [INFO] Execution step: Duplicate Elimination (Datalog)
18:44:51 [INFO] Trie does not contain any elements
18:44:51 [INFO] Rule duration: 0 ms
18:44:51 [INFO] <<< STEP 7: APPLYING RULE 4 R_OUT(?X_4, ?X_3, ?X_2, ?X_5, ?X_1) :- R_14(?X_4, ?X_3, ?X_2, ?X_5, ?X_1), R_11(?Z_3, ?Z_2, ?X_4, ?Z_4, ?Z_1) >>>
18:44:51 [INFO] Execution step: Body
18:44:51 [INFO] Trie does not contain any elements
18:44:51 [INFO] Execution step: Duplicate Elimination (Datalog)
18:44:51 [INFO] Trie does not contain any elements
18:44:51 [INFO] Rule duration: 0 ms
18:44:51 [INFO] Execution step: Combining Tables
18:44:51 [INFO] Saved permanent table R_OUT (0-1) Permutation { idx_to_val: [], val_to_idx: [] } with 2 entries (17488)
18:44:51 [INFO] ----------------------------------------------
18:44:51 [INFO]  Finished Nemo Execution - Transformed Program
18:44:51 [INFO] Output size: 2
18:44:51 [INFO] ----------------------------------------------
18:44:51 [INFO] 
18:44:51 [INFO] ----------------------------------------------
18:44:51 [INFO] ------------ Asserting Oracle CON ------------
18:44:51 [INFO] ----------------------------------------------
18:44:51 [INFO] All good, output has contracted
18:44:51 [INFO] old_dir "/home/leo_repp/masterthesis/nemo/nemo-metamorphic-testing/benchmark_500k_r"
