07:58:26 [INFO] ----------------------------------------------
07:58:26 [INFO] Beginning transformation mtf_CON_5500046
                Oracle:     CON          Number of T: 55
                Debug Mode: false          u64 Seed:    5500046
                Number of generating transformations: 17
                Internal Seed:          [69, 170, 53, 221, 246, 202, 229, 216, 171, 59, 71, 238, 165, 239, 177, 127, 73, 167, 249, 164, 208, 23, 233, 121, 8, 147, 3, 189, 201, 112, 136, 222]
                Seed File: Currently not supported!
07:58:26 [INFO] ----------------------------------------------
07:58:26 [INFO] -------------- Reading Seed File: ------------
07:58:26 [INFO] "/home/leo_repp/masterthesis/nemo/nemo-metamorphic-testing/examples/wikidata-yago-like-inverse-property-cleanup/yagoExample.rls"
07:58:26 [INFO] Renaming of rules complete
07:58:26 [INFO] --------- Finished Reading Seed file ---------
07:58:26 [INFO] ----------------------------------------------
07:58:26 [INFO] 
07:58:26 [INFO] ----------------------------------------------
07:58:26 [INFO] -------- Beginning Program Generation --------
07:58:26 [INFO] ----------------------------------------------
07:58:26 [INFO] 
07:58:26 [INFO] Removing old export statements
07:58:26 [INFO] Beginning inverse_stratum and ancestry computation starting at node R_OUT
07:58:26 [INFO] Ancestry and Inverse Stratum computation complete.
07:58:26 [INFO] Constructed lite ADG
07:58:26 [INFO] Generating Program...
07:58:26 [INFO] 
07:58:26 [INFO] 1 / 16
07:58:26 [INFO]   I Add Relational Node
07:58:26 [INFO]   Added new relation R_1
07:58:26 [INFO] 2 / 16
07:58:26 [INFO]   I Add Relational Node
07:58:26 [INFO]   Added new relation R_2
07:58:26 [INFO] 3 / 16
07:58:26 [INFO]   I Add Relational Node
07:58:26 [INFO]   Added new relation R_3
07:58:26 [INFO] 4 / 16
07:58:26 [INFO]   I Add Relational Node
07:58:26 [INFO]   Added new relation R_4
07:58:26 [INFO] 5 / 16
07:58:26 [INFO]   I Add Relational Node
07:58:26 [INFO]   Added new relation R_5
07:58:26 [INFO] 6 / 16
07:58:26 [INFO]   I Add Relational Node
07:58:26 [INFO]   Added new relation R_6
07:58:26 [INFO] 7 / 16
07:58:26 [INFO]   I Add Relational Node
07:58:26 [INFO]   Added new relation R_7
07:58:26 [INFO] 8 / 16
07:58:26 [INFO]   I Add Relational Node
07:58:26 [INFO]   Added new relation R_8
07:58:26 [INFO] 9 / 16
07:58:26 [INFO]   I Add Relational Node
07:58:26 [INFO]   Added new relation R_9
07:58:26 [INFO] 10 / 16
07:58:26 [INFO]   I Add Relational Node
07:58:26 [INFO]   Added new relation R_10
07:58:26 [INFO] 11 / 16
07:58:26 [INFO]   I Add Relational Node
07:58:26 [INFO]   Added new relation R_11
07:58:26 [INFO] 12 / 16
07:58:26 [INFO]   I Add Relational Node
07:58:26 [INFO]   Added new relation R_12
07:58:26 [INFO] 13 / 16
07:58:26 [INFO]   I Add Relational Node
07:58:26 [INFO]   Added new relation R_13
07:58:26 [INFO] 14 / 16
07:58:26 [INFO]   I Add Relational Node
07:58:26 [INFO]   Added new relation R_14
07:58:26 [INFO] 15 / 16
07:58:26 [INFO]   I Add Relational Node
07:58:26 [INFO]   Added new relation R_15
07:58:26 [INFO] 16 / 16
07:58:26 [INFO]   I Add Relational Node
07:58:26 [INFO]   Added new relation R_16
07:58:26 [INFO] 
07:58:26 [INFO] Adding a new rule for each relation other than the seed relations
07:58:26 [INFO] 
07:58:26 [INFO] 1 / 17
07:58:26 [INFO]   Generating new single body literal rule for R_OUT
07:58:26 [INFO]   Assigned relation R_OUT the artiy 6
07:58:26 [INFO]   Added new rule of name r_GEN_1
07:58:26 [INFO]   R_OUT("y", ?X_3, ?X_5, ?X_1, ?X_4, ?X_2) :- pred("y"), pred(?X_3), pred(?X_5), pred(?X_1), pred(?X_4), pred(?X_2) .
07:58:26 [INFO] 2 / 17
07:58:26 [INFO]   Generating new single body literal rule for R_1
07:58:26 [INFO]   Assigned relation R_1 the artiy 6
07:58:26 [INFO]   Added new rule of name r_GEN_2
07:58:26 [INFO]   R_1(?X_6, ?X_3, ?X_5, ?X_2, ?X_4, <http://wikiba.se/ontology#directClaim>) :- rightSmaller(?X_6), rightSmaller(?X_3), rightSmaller(?X_5), rightSmaller(?X_2), rightSmaller(?X_4), rightSmaller(<http://wikiba.se/ontology#directClaim>) .
07:58:26 [INFO] 3 / 17
07:58:26 [INFO]   Generating new single body literal rule for R_2
07:58:26 [INFO]   Assigned relation R_2 the artiy 3
07:58:26 [INFO]   Assigned relation R_7 the artiy 4
07:58:26 [INFO]   Added new rule of name r_GEN_3
07:58:26 [INFO]   R_2(?X_3, <http://www.wikidata.org/prop/direct/P1696>, ?X_2) :- R_7(?X_3, <http://www.wikidata.org/prop/direct/P1696>, ?X_2, ?X_2) .
07:58:26 [INFO] 4 / 17
07:58:26 [INFO]   Generating new single body literal rule for R_3
07:58:26 [INFO]   Assigned relation R_3 the artiy 2
07:58:26 [INFO]   Assigned relation R_9 the artiy 5
07:58:26 [INFO]   Added new rule of name r_GEN_4
07:58:26 [INFO]   R_3(?X_2, ?X_1) :- R_9(?Y_1, "z", ?X_2, ?X_1, ?Y_1) .
07:58:26 [INFO] 5 / 17
07:58:26 [INFO]   Generating new single body literal rule for R_4
07:58:26 [INFO]   Assigned relation R_4 the artiy 6
07:58:26 [INFO]   Added new rule of name r_GEN_5
07:58:26 [INFO]   R_4("x", ?X_1, ?X_2, ?X_4, ?X_5, ?X_1) :- totalSubjCountPerPred("x", ?X_1), totalSubjCountPerPred(?X_2, ?X_4), totalSubjCountPerPred(?X_5, ?X_1) .
07:58:26 [INFO] 6 / 17
07:58:26 [INFO]   Generating new single body literal rule for R_5
07:58:26 [INFO]   Assigned relation R_5 the artiy 1
07:58:26 [INFO]   Added new rule of name r_GEN_6
07:58:26 [INFO]   R_5(?X_1) :- rightSmaller(?X_1) .
07:58:26 [INFO] 7 / 17
07:58:26 [INFO]   Generating new single body literal rule for R_6
07:58:26 [INFO]   Assigned relation R_6 the artiy 4
07:58:26 [INFO]   Added new rule of name r_GEN_7
07:58:26 [INFO]   R_6(?X_2, "b", ?X_1, ?X_4) :- R_6(?X_2, "b", ?X_1, ?X_4) .
07:58:26 [INFO] 8 / 17
07:58:26 [INFO]   Generating new single body literal rule for R_7
07:58:26 [INFO]   Added new rule of name r_GEN_8
07:58:26 [INFO]   R_7(?X_3, "x", ?X_2, ?X_4) :- R_6(?X_3, "x", ?X_2, ?X_4) .
07:58:26 [INFO] 9 / 17
07:58:26 [INFO]   Generating new single body literal rule for R_8
07:58:26 [INFO]   Assigned relation R_8 the artiy 3
07:58:26 [INFO]   Assigned relation R_15 the artiy 4
07:58:26 [INFO]   Added new rule of name r_GEN_9
07:58:26 [INFO]   R_8("entityA", ?X_1, ?X_2) :- R_15("entityA", ?Y_1, ?X_2, ?X_1) .
07:58:26 [INFO] 10 / 17
07:58:26 [INFO]   Generating new single body literal rule for R_9
07:58:26 [INFO]   Added new rule of name r_GEN_10
07:58:26 [INFO]   R_9(?X_4, ?X_3, ?X_1, ?X_5, ?X_2) :- pred(?X_4), pred(?X_3), pred(?X_1), pred(?X_5), pred(?X_2) .
07:58:26 [INFO] 11 / 17
07:58:26 [INFO]   Generating new single body literal rule for R_10
07:58:26 [INFO]   Assigned relation R_10 the artiy 1
07:58:26 [INFO]   Added new rule of name r_GEN_11
07:58:26 [INFO]   R_10(?X_1) :- R_9(?X_1, ?X_1, ?X_1, "a", "a") .
07:58:26 [INFO] 12 / 17
07:58:26 [INFO]   Generating new single body literal rule for R_11
07:58:26 [INFO]   Assigned relation R_11 the artiy 3
07:58:26 [INFO]   Added new rule of name r_GEN_12
07:58:26 [INFO]   R_11(?X_2, ?X_3, ?X_2) :- inv(?X_2, ?Y_1), inv(?X_2, ?X_3) .
07:58:26 [INFO] 13 / 17
07:58:26 [INFO]   Generating new single body literal rule for R_12
07:58:26 [INFO]   Assigned relation R_12 the artiy 1
07:58:26 [INFO]   Added new rule of name r_GEN_13
07:58:26 [INFO]   R_12(?X_1) :- pred(?X_1) .
07:58:26 [INFO] 14 / 17
07:58:26 [INFO]   Generating new single body literal rule for R_13
07:58:26 [INFO]   Assigned relation R_13 the artiy 4
07:58:26 [INFO]   Added new rule of name r_GEN_14
07:58:26 [INFO]   R_13(?X_1, ?X_1, ?X_4, ?X_3) :- inv(?X_1, ?X_1), inv(?X_4, ?X_3) .
07:58:26 [INFO] 15 / 17
07:58:26 [INFO]   Generating new single body literal rule for R_14
07:58:26 [INFO]   Assigned relation R_14 the artiy 5
07:58:26 [INFO]   Added new rule of name r_GEN_15
07:58:26 [INFO]   R_14(?X_1, ?X_2, ?X_5, ?X_4, ?X_1) :- inversePropEntities(?X_1, ?X_1), inversePropEntities(?X_5, ?X_4), inversePropEntities(?X_1, ?X_2) .
07:58:26 [INFO] 16 / 17
07:58:26 [INFO]   Generating new single body literal rule for R_15
07:58:26 [INFO]   Assigned relation R_16 the artiy 6
07:58:26 [INFO]   Added new rule of name r_GEN_16
07:58:26 [INFO]   R_15(?X_3, <http://wikiba.se/ontology#directClaim>, ?X_4, ?X_1) :- R_16(?X_3, <http://wikiba.se/ontology#directClaim>, ?X_4, ?X_3, ?X_1, <http://wikiba.se/ontology#directClaim>) .
07:58:26 [INFO] 17 / 17
07:58:26 [INFO]   Generating new single body literal rule for R_16
07:58:26 [INFO]   Added new rule of name r_GEN_17
07:58:26 [INFO]   R_16("entityA", ?X_2, ?X_5, ?X_4, ?X_1, ?X_3) :- R_4("entityA", ?X_2, ?X_5, ?X_4, ?X_1, ?X_3) .
07:58:26 [INFO] 
07:58:26 [INFO] Adding a outgoing relational edge for each relation other than R_OUT
07:58:26 [INFO] 
07:58:26 [INFO] 1 / 25
07:58:26 [INFO]   Adding outgoing relational edge from avgObjCountPerPredicate for r_GEN_13
07:58:26 [INFO]   Generated literal avgObjCountPerPredicate(?X_1, ?Z_1) for rule r_GEN_13
07:58:26 [INFO] 2 / 25
07:58:26 [INFO]   Adding outgoing relational edge from inv for r_GEN_13
07:58:26 [INFO]   Generated literal inv(?Z_1, ?X_1) for rule r_GEN_13
07:58:26 [INFO] 3 / 25
07:58:26 [INFO]   Adding outgoing relational edge from inversePropEntities for r_GEN_7
07:58:26 [INFO]   Generated literal ~inversePropEntities(?X_2, ?X_1) for rule r_GEN_7
07:58:26 [INFO] 4 / 25
07:58:26 [INFO]   Adding outgoing relational edge from objCountPerPredAndSource for r_GEN_16
07:58:26 [INFO]   Generated literal objCountPerPredAndSource(?X_4, ?X_1, "a") for rule r_GEN_16
07:58:26 [INFO] 5 / 25
07:58:26 [INFO]   Adding outgoing relational edge from pred for r_GEN_10
07:58:26 [INFO]   Generated literal pred(?X_1) for rule r_GEN_10
07:58:26 [INFO] 6 / 25
07:58:26 [INFO]   Adding outgoing relational edge from predToKeep for r_GEN_10
07:58:26 [INFO]   Generated literal ~predToKeep(?X_2) for rule r_GEN_10
07:58:26 [INFO] 7 / 25
07:58:26 [INFO]   Adding outgoing relational edge from rightSmaller for r_GEN_17
07:58:26 [INFO]   Generated literal rightSmaller(?X_5) for rule r_GEN_17
07:58:26 [INFO] 8 / 25
07:58:26 [INFO]   Adding outgoing relational edge from totalSubjCountPerPred for r_GEN_11
07:58:26 [INFO]   Generated literal totalSubjCountPerPred("x", ?Z_1) for rule r_GEN_11
07:58:26 [INFO] 9 / 25
07:58:26 [INFO]   Adding outgoing relational edge from wikidata for r_GEN_1
07:58:26 [INFO]   Generated literal ~wikidata("entityB", ?X_5, ?X_5) for rule r_GEN_1
07:58:26 [INFO] 10 / 25
07:58:26 [INFO]   Adding outgoing relational edge from R_1 for r_GEN_11
07:58:26 [INFO]   Generated literal R_1(?Z_2, ?X_1, ?Z_3, ?X_1, "a", ?X_1) for rule r_GEN_11
07:58:26 [INFO] 11 / 25
07:58:26 [INFO]   Adding outgoing relational edge from R_2 for r_GEN_4
07:58:26 [INFO]   Generated literal ~R_2(?X_2, ?Y_1, ?X_1) for rule r_GEN_4
07:58:26 [INFO] 12 / 25
07:58:26 [INFO]   Adding outgoing relational edge from R_3 for r_GEN_11
07:58:26 [INFO]   Generated literal R_3(?X_1, ?Z_6) for rule r_GEN_11
07:58:26 [INFO] 13 / 25
07:58:26 [INFO]   Adding outgoing relational edge from R_4 for r_GEN_13
07:58:26 [INFO]   Generated literal R_4(?X_1, ?Z_2, ?X_1, ?X_1, ?Z_1, ?Z_1) for rule r_GEN_13
07:58:26 [INFO] 14 / 25
07:58:26 [INFO]   Adding outgoing relational edge from R_5 for r_GEN_13
07:58:26 [INFO]   Generated literal ~R_5(?Z_2) for rule r_GEN_13
07:58:26 [INFO] 15 / 25
07:58:26 [INFO]   Adding outgoing relational edge from R_6 for r_GEN_14
07:58:26 [INFO]   Generated literal R_6(?X_1, ?Z_2, ?X_3, ?X_1) for rule r_GEN_14
07:58:26 [INFO] 16 / 25
07:58:26 [INFO]   Adding outgoing relational edge from R_7 for r_GEN_4
07:58:26 [INFO]   Generated literal R_7(?X_2, ?X_2, ?Z_2, ?X_1) for rule r_GEN_4
07:58:26 [INFO] 17 / 25
07:58:26 [INFO]   Adding outgoing relational edge from R_8 for r_GEN_8
07:58:26 [INFO]   Generated literal R_8(?X_2, ?Z_2, ?X_3) for rule r_GEN_8
07:58:26 [INFO] 18 / 25
07:58:26 [INFO]   Adding outgoing relational edge from R_9 for r_GEN_17
07:58:26 [INFO]   Generated literal R_9(?X_3, ?X_1, ?X_5, ?X_1, ?X_4) for rule r_GEN_17
07:58:26 [INFO] 19 / 25
07:58:26 [INFO]   Adding outgoing relational edge from R_10 for r_GEN_13
07:58:26 [INFO]   Generated literal R_10("y") for rule r_GEN_13
07:58:26 [INFO] 20 / 25
07:58:26 [INFO]   Adding outgoing relational edge from R_11 for r_GEN_1
07:58:26 [INFO]   Generated literal ~R_11(?X_3, ?X_4, ?X_5) for rule r_GEN_1
07:58:26 [INFO] 21 / 25
07:58:26 [INFO]   Adding outgoing relational edge from R_12 for r_GEN_14
07:58:26 [INFO]   Generated literal ~R_12(?X_1) for rule r_GEN_14
07:58:26 [INFO] 22 / 25
07:58:26 [INFO]   Adding outgoing relational edge from R_13 for r_GEN_1
07:58:26 [INFO]   Generated literal ~R_13(?X_2, ?X_4, ?X_5, ?X_5) for rule r_GEN_1
07:58:26 [INFO] 23 / 25
07:58:26 [INFO]   Adding outgoing relational edge from R_14 for r_GEN_6
07:58:26 [INFO]   Generated literal ~R_14("b", ?X_1, "entityB", ?X_1, ?X_1) for rule r_GEN_6
07:58:26 [INFO] 24 / 25
07:58:26 [INFO]   Adding outgoing relational edge from R_15 for r_GEN_13
07:58:26 [INFO]   Generated literal ~R_15("entityA", ?Z_1, ?X_1, ?X_1) for rule r_GEN_13
07:58:26 [INFO] 25 / 25
07:58:26 [INFO]   Adding outgoing relational edge from R_16 for r_GEN_9
07:58:26 [INFO]   Generated literal R_16(?Y_1, ?Y_1, ?Z_2, "x", ?X_1, ?X_1) for rule r_GEN_9
07:58:26 [INFO] 
07:58:26 [INFO] Adding gen. size facts
07:58:26 [INFO] 
07:58:26 [INFO] 1 / 17
07:58:26 [INFO]   II Add Fact Node and Edge
07:58:26 [INFO]   Added new fact R_12("x").
07:58:26 [INFO] 2 / 17
07:58:26 [INFO]   II Add Fact Node and Edge
07:58:26 [INFO]   Added new fact R_13("z", 18375038239179059038, 14479528366886679111, c_1).
07:58:26 [INFO] 3 / 17
07:58:26 [INFO]   II Add Fact Node and Edge
07:58:26 [INFO]   Added new fact R_3(c_2, "a").
07:58:26 [INFO] 4 / 17
07:58:26 [INFO]   II Add Fact Node and Edge
07:58:26 [INFO]   Added new fact R_14(<http://wikiba.se/ontology#directClaim>, "str_1", c_1, "str_2", "x").
07:58:26 [INFO] 5 / 17
07:58:26 [INFO]   II Add Fact Node and Edge
07:58:26 [INFO]   Added new fact R_3(c_3, c_4).
07:58:26 [INFO] 6 / 17
07:58:26 [INFO]   II Add Fact Node and Edge
07:58:26 [INFO]   Added new fact R_1(c_1, "b", <http://wikiba.se/ontology#directClaim>, <http://www.wikidata.org/prop/direct/P1696>, c_5, c_1).
07:58:26 [INFO] 7 / 17
07:58:26 [INFO]   II Add Fact Node and Edge
07:58:26 [INFO]   Added new fact R_13("a", c_2, 4029961941002900450, "entityA").
07:58:26 [INFO] 8 / 17
07:58:26 [INFO]   II Add Fact Node and Edge
07:58:26 [INFO]   Added new fact R_3("a", "a").
07:58:26 [INFO] 9 / 17
07:58:26 [INFO]   II Add Fact Node and Edge
07:58:26 [INFO]   Added new fact R_12("b").
07:58:26 [INFO] 10 / 17
07:58:26 [INFO]   II Add Fact Node and Edge
07:58:26 [INFO]   Added new fact R_1(c_6, "a", <http://wikiba.se/ontology#directClaim>, "a", <http://wikiba.se/ontology#directClaim>, "entityA").
07:58:26 [INFO] 11 / 17
07:58:26 [INFO]   II Add Fact Node and Edge
07:58:26 [INFO]   Added new fact R_14("z", "a", "b", c_7, "x").
07:58:26 [INFO] 12 / 17
07:58:26 [INFO]   II Add Fact Node and Edge
07:58:26 [INFO]   Added new fact R_11("str_3", "entityA", "b").
07:58:26 [INFO] 13 / 17
07:58:26 [INFO]   II Add Fact Node and Edge
07:58:26 [INFO]   Added new fact R_1(c_8, c_9, 17854743391187539072, 17854743391187539072, c_10, "str_4").
07:58:26 [INFO] 14 / 17
07:58:26 [INFO]   II Add Fact Node and Edge
07:58:26 [INFO]   Added new fact R_10(c_1).
07:58:26 [INFO] 15 / 17
07:58:26 [INFO]   II Add Fact Node and Edge
07:58:26 [INFO]   Added new fact R_1(<http://www.wikidata.org/prop/direct/P1696>, "str_5", "str_4", c_11, "a", "y").
07:58:26 [INFO] 16 / 17
07:58:26 [INFO]   II Add Fact Node and Edge
07:58:26 [INFO]   Added new fact R_1(4029961941002900450, "y", <http://www.wikidata.org/prop/direct/P1696>, "b", c_12, c_8).
07:58:26 [INFO] 17 / 17
07:58:26 [INFO]   II Add Fact Node and Edge
07:58:26 [INFO]   Added new fact R_12(c_12).
07:58:26 [INFO] 
07:58:26 [INFO] ----------------------------------------------
07:58:26 [INFO] ----------- Program Generation Done ----------
07:58:26 [INFO] ----------------------------------------------
07:58:26 [INFO] 
07:58:26 [INFO] ----------- Generated ADG Summary: -----------
07:58:26 [INFO] ADG Fact Nodes:                  17
07:58:26 [INFO] ADG Relational Nodes:            26
07:58:26 [INFO] ADG Fact Edges:                  17
07:58:26 [INFO] ADG Relational Edges:            62
07:58:26 [INFO] Number of inv. Strata:           4
07:58:26 [INFO] 
07:58:26 [INFO] Nodes with None Ancestry:        0
07:58:26 [INFO] Nodes with Positive Ancestry:    7
07:58:26 [INFO] Nodes with Negative Ancestry:    5
07:58:26 [INFO] Nodes with Unknown Ancestry:     14
07:58:26 [INFO] 
07:58:26 [INFO] Next rule name would be:         r_CON_18
07:58:26 [INFO] Next predicate name would be:    R_17
07:58:26 [INFO] Next constant name would be:     c_13
07:58:26 [INFO] Next string would be:            "str_6"
07:58:26 [INFO] 
07:58:26 [INFO] Output predicate:                R_OUT
07:58:26 [INFO] Generated rule count:            17
07:58:26 [INFO] Rule count:                      27
07:58:26 [INFO] Average rel. arity:              3.1153846153846154
07:58:26 [INFO] Arity calc. may be inaccurate if arity > f64
07:58:26 [INFO] ----------------------------------------------
07:58:26 [INFO] 
07:58:26 [INFO] ------ Performed Gen. Transformations: -------
07:58:26 [INFO]  #      Type
07:58:26 [INFO]  17      Generate New Rule with Probably Single Lit
07:58:26 [INFO]  25      Generating an Outgoing Relational Edge
07:58:26 [INFO]  16      I     Add Relational Node
07:58:26 [INFO]  17      II    Add Fact Node and Edge
07:58:26 [INFO] ----------------------------------------------
07:58:26 [INFO] 
07:58:26 [INFO] Storing input ADG and input program
07:58:26 [INFO] 
07:58:26 [INFO] ----------------------------------------------
07:58:26 [INFO] --------- Beginning Transformations ----------
07:58:26 [INFO] --------  Oracle: CON    Number: 55
07:58:26 [INFO] ----------------------------------------------
07:58:26 [INFO] 1 / 55
07:58:26 [INFO]   IV Add Relational Edge - New Literal
07:58:26 [INFO]   Generated literal R_6(?Z_3, "str_7", ?Z_2, ?X_5) for rule r_GEN_1
07:58:26 [INFO] 2 / 55
07:58:26 [INFO]   VII Modify Rule - Add Equality
07:58:26 [INFO]   Replaced var ?X_5 with var ?X_2 in the rule r_GEN_15
07:58:26 [INFO] 3 / 55
07:58:26 [INFO]   IX Remove Fact Node and Edge
07:58:26 [INFO]   Removed fact R_3("a", "a"). from the program
07:58:26 [INFO]   Removed fact R_3("a", "a"). from the ADG.
07:58:26 [INFO] 4 / 55
07:58:26 [INFO]   IV Add Relational Edge - New Literal
07:58:26 [INFO]   Generated literal R_11(?X_4, ?X_4, ?Z_9) for rule r_GEN_1
07:58:26 [INFO] 5 / 55
07:58:26 [INFO]   IX Remove Fact Node and Edge
07:58:26 [INFO]   Removed fact R_10(c_1). from the program
07:58:26 [INFO]   Removed fact R_10(c_1). from the ADG.
07:58:26 [INFO] 6 / 55
07:58:26 [INFO]   VII Modify Rule - Add Equality
07:58:26 [INFO]   Replaced var ?X_1 with var ?X_2 in the rule r_GEN_15
07:58:26 [INFO] 7 / 55
07:58:26 [INFO]   III Add Relational edges - New Rule
07:58:26 [INFO]   Added new rule of name r_CON_20
07:58:26 [INFO]   R_5(?X_1) :- R_11("b", "b", "b"), R_1(?X_1, "b", "b", ?Y_1, ?X_1, "b"), R_8(?X_1, ?Y_1, "b"), R_4("b", ?X_1, "b", ?X_1, ?X_1, ?X_1), ~R_10("b"), ~R_1(?X_1, ?X_1, ?X_1, "b", "b", ?X_1) .
07:58:26 [INFO] 8 / 55
07:58:26 [INFO]   II Add Fact Node and Edge
07:58:26 [INFO]   Added new fact R_13(c_15, c_16, c_17, c_18).
07:58:26 [INFO] 9 / 55
07:58:26 [INFO]   VIII Modify Rule - Remove Equality
07:58:26 [INFO]   Replaced a random number of var Y_1 with var Y_1_new_1 in the rule r_CON_20
07:58:26 [INFO] 10 / 55
07:58:26 [INFO]   IV Add Relational Edge - New Literal
07:58:26 [INFO]   Generated literal ~predToKeep(?X_2) for rule r_GEN_15
07:58:26 [INFO] 11 / 55
07:58:26 [INFO]   VIII Modify Rule - Remove Equality
07:58:26 [INFO]   Replaced a random number of var X_3 with var X_3_new_1 in the rule r_GEN_14
07:58:26 [INFO] 12 / 55
07:58:26 [INFO]   VII Modify Rule - Add Equality
07:58:26 [INFO]   Replaced var ?X_3 with var ?X_4 in the rule r_GEN_1
07:58:26 [INFO] 13 / 55
07:58:26 [INFO]   I Add Relational Node
07:58:26 [INFO]   Added new relation R_19
07:58:26 [INFO] 14 / 55
07:58:26 [INFO]   VIII Modify Rule - Remove Equality
07:58:26 [INFO]   Replaced a random number of var X_1 with var X_1_new_1 in the rule r_CON_20
07:58:26 [INFO] 15 / 55
07:58:26 [INFO]   II Add Fact Node and Edge
07:58:26 [INFO]   Added new fact R_2(c_18, c_12, "str_8").
07:58:26 [INFO] 16 / 55
07:58:26 [INFO]   II Add Fact Node and Edge
07:58:26 [INFO]   Added new fact R_2(c_6, c_19, <http://wikiba.se/ontology#directClaim>).
07:58:26 [INFO] 17 / 55
07:58:26 [INFO]   VIII Modify Rule - Remove Equality
07:58:26 [INFO]   Replaced a random number of var X_1 with var X_1_new_1 in the rule r_GEN_14
07:58:26 [INFO] 18 / 55
07:58:26 [INFO]   II Add Fact Node and Edge
07:58:26 [INFO]   Added new fact R_5(c_14).
07:58:26 [INFO] 19 / 55
07:58:26 [INFO]   VI Remove Relational Edge - Single Literal
07:58:26 [INFO]   Found the rule of the name r_CON_20
07:58:26 [INFO]   Removed relational edge NodeIndex(19): (R_10 -> R_5)
07:58:26 [INFO]   Attempting to remove the literal -R_10(, "b") from the rule r_CON_20
07:58:26 [INFO] 20 / 55
07:58:26 [INFO]   VII Modify Rule - Add Equality
07:58:26 [INFO]   Replaced var ?Y_1 with var ?X_2 in the rule r_GEN_4
07:58:26 [INFO] 21 / 55
07:58:26 [INFO]   I Add Relational Node
07:58:26 [INFO]   Added new relation R_20
07:58:26 [INFO] 22 / 55
07:58:26 [INFO]   III Add Relational edges - New Rule
07:58:26 [INFO]   Assigned relation R_19 the artiy 1
07:58:26 [INFO]   Added new rule of name r_CON_21
07:58:26 [INFO]   R_19(c_15) :- R_OUT(c_6, c_6, c_15, c_6, c_6, c_15), objCountPerPredAndSource(c_15, c_6, c_6), totalSubjCountPerPred(c_6, ?Y_1), ~R_5(c_6), ~predToKeep(c_6), ~R_6(c_6, c_15, c_6, c_15) .
07:58:26 [INFO] 23 / 55
07:58:26 [INFO]   XI Add Contradictory Rule
07:58:26 [INFO]   Added new contradictory rule of name r_CON_22
07:58:26 [INFO]   R_13(?X_2, c_17, ?X_1, ?X_1) :- R_6(?X_2, c_17, ?X_1, ?X_1), ~R_6(?X_2, c_17, ?X_1, ?X_1) .
07:58:26 [INFO] 24 / 55
07:58:26 [INFO]   VIII Modify Rule - Remove Equality
07:58:26 [INFO]   Replaced a random number of var X_1 with var X_1_new_2 in the rule r_CON_20
07:58:26 [INFO] 25 / 55
07:58:26 [INFO]   II Add Fact Node and Edge
07:58:26 [INFO]   Assigned relation R_20 the artiy 1
07:58:26 [INFO]   Added new fact R_20(1930884261913885706).
07:58:26 [INFO] 26 / 55
07:58:26 [INFO]   VIII Modify Rule - Remove Equality
07:58:26 [INFO]   Replaced a random number of var X_2 with var X_2_new_1 in the rule r_GEN_3
07:58:26 [INFO] 27 / 55
07:58:26 [INFO]   I Add Relational Node
07:58:26 [INFO]   Added new relation R_21
07:58:26 [INFO] 28 / 55
07:58:26 [INFO]   IX Remove Fact Node and Edge
07:58:26 [INFO]   Removed fact R_20(1930884261913885706). from the program
07:58:26 [INFO]   Removed fact R_20(1930884261913885706). from the ADG.
07:58:26 [INFO] 29 / 55
07:58:26 [INFO]   I Add Relational Node
07:58:26 [INFO]   Added new relation R_22
07:58:26 [INFO] 30 / 55
07:58:26 [INFO]   XI Add Contradictory Rule
07:58:26 [INFO]   Added new contradictory rule of name r_CON_23
07:58:26 [INFO]   R_OUT(?X_3, ?X_6, ?X_4, ?X_2, ?X_4, ?X_5) :- R_5(?X_3), R_5(?X_6), R_5(?X_4), R_5(?X_2), R_5(?X_4), R_5(?X_5), ~R_5(?X_3) .
07:58:26 [INFO] 31 / 55
07:58:26 [INFO]   IV Add Relational Edge - New Literal
07:58:26 [INFO]   Generated literal ~inversePropEntities(?Z_1, c_6) for rule r_GEN_13
07:58:26 [INFO] 32 / 55
07:58:26 [INFO]   VIII Modify Rule - Remove Equality
07:58:26 [INFO]   Replaced a random number of var X_1 with var X_1_new_2 in the rule r_GEN_14
07:58:26 [INFO] 33 / 55
07:58:26 [INFO]   Xa Remove Relational Node - Rule Variant
07:58:26 [INFO]   Removing relational node R_19
07:58:26 [INFO]   Removing the Rule of the name r_CON_21
07:58:26 [INFO]   Removing at least 6 relational edges.
07:58:26 [INFO] 34 / 55
07:58:26 [INFO]   VII Modify Rule - Add Equality
07:58:26 [INFO]   Replaced var ?X_1 with var ?Z_1 in the rule r_GEN_11
07:58:26 [INFO] 35 / 55
07:58:26 [INFO]   VIII Modify Rule - Remove Equality
07:58:26 [INFO]   Replaced a random number of var X_1 with var X_1_new_1 in the rule r_CON_22
07:58:26 [INFO] 36 / 55
07:58:26 [INFO]   IX Remove Fact Node and Edge
07:58:26 [INFO]   Removed fact R_12(c_12). from the program
07:58:26 [INFO]   Removed fact R_12(c_12). from the ADG.
07:58:26 [INFO] 37 / 55
07:58:26 [INFO]   I Add Relational Node
07:58:26 [INFO]   Added new relation R_23
07:58:26 [INFO] 38 / 55
07:58:26 [INFO]   I Add Relational Node
07:58:26 [INFO]   Added new relation R_24
07:58:26 [INFO] 39 / 55
07:58:26 [INFO]   IX Remove Fact Node and Edge
07:58:26 [INFO]   Removed fact R_12("x"). from the program
07:58:26 [INFO]   Removed fact R_12("x"). from the ADG.
07:58:26 [INFO] 40 / 55
07:58:26 [INFO]   IV Add Relational Edge - New Literal
07:58:26 [INFO]   Generated literal R_5(?Z_5) for rule r_GEN_4
07:58:26 [INFO] 41 / 55
07:58:26 [INFO]   III Add Relational edges - New Rule
07:58:26 [INFO]   Assigned relation R_24 the artiy 6
07:58:26 [INFO]   Added new rule of name r_CON_24
07:58:26 [INFO]   R_24(?X_6, <http://www.wikidata.org/prop/direct/P1696>, ?X_2, ?X_4, ?X_5, ?X_3) :- R_14(?X_6, <http://www.wikidata.org/prop/direct/P1696>, ?Y_2, ?Y_1, ?X_5), R_6(?X_3, ?X_4, ?X_2, <http://www.wikidata.org/prop/direct/P1696>), inversePropEntities(?X_2, ?X_5) .
07:58:26 [INFO] 42 / 55
07:58:26 [INFO]   IV Add Relational Edge - New Literal
07:58:26 [INFO]   Generated literal ~pred(?X_1) for rule r_GEN_13
07:58:26 [INFO] 43 / 55
07:58:26 [INFO]   IV Add Relational Edge - New Literal
07:58:26 [INFO]   Generated literal R_16(?X_2, ?X_5, ?Z_1, ?X_5, ?X_5, ?X_6) for rule r_CON_24
07:58:26 [INFO] 44 / 55
07:58:26 [INFO]   I Add Relational Node
07:58:26 [INFO]   Added new relation R_25
07:58:26 [INFO] 45 / 55
07:58:26 [INFO]   IX Remove Fact Node and Edge
07:58:26 [INFO]   Removed fact R_12("b"). from the program
07:58:26 [INFO]   Removed fact R_12("b"). from the ADG.
07:58:26 [INFO] 46 / 55
07:58:26 [INFO]   VIII Modify Rule - Remove Equality
07:58:26 [INFO]   Replaced a random number of var X_2 with var X_2_new_1 in the rule r_CON_24
07:58:26 [INFO] 47 / 55
07:58:26 [INFO]   VIII Modify Rule - Remove Equality
07:58:26 [INFO]   Replaced a random number of var X_1_new_1 with var X_1_new_1_new_1 in the rule r_GEN_14
07:58:26 [INFO] 48 / 55
07:58:26 [INFO]   II Add Fact Node and Edge
07:58:26 [INFO]   Added new fact R_24(<http://wikiba.se/ontology#directClaim>, "str_9", <http://wikiba.se/ontology#directClaim>, c_6, "str_10", "str_9").
07:58:26 [INFO] 49 / 55
07:58:26 [INFO]   II Add Fact Node and Edge
07:58:26 [INFO]   Assigned relation R_25 the artiy 5
07:58:26 [INFO]   Added new fact R_25(c_20, "entityA", c_13, "x", c_21).
07:58:26 [INFO] 50 / 55
07:58:26 [INFO]   IV Add Relational Edge - New Literal
07:58:26 [INFO]   Assigned relation R_22 the artiy 1
07:58:26 [INFO]   Generated literal R_22(?Z_1) for rule r_GEN_11
07:58:26 [INFO] 51 / 55
07:58:26 [INFO]   VII Modify Rule - Add Equality
07:58:26 [INFO]   Replaced var ?Z_5 with var ?Z_2 in the rule r_GEN_4
07:58:26 [INFO] 52 / 55
07:58:26 [INFO]   V Remove Relational Edges - Whole Rule
07:58:26 [INFO]   Removing the Rule of the name r_CON_23
07:58:26 [INFO] 53 / 55
07:58:26 [INFO]   XI Add Contradictory Rule
07:58:26 [INFO]   Added new contradictory rule of name r_CON_25
07:58:26 [INFO]   R_25(?X_4, ?X_1, ?X_5, ?X_4, ?X_2) :- wikidata(?X_4, ?X_1, ?X_5), wikidata(?X_4, "str_1", ?X_2), ~wikidata(?X_4, ?X_1, ?X_5) .
07:58:26 [INFO] 54 / 55
07:58:26 [INFO]   IV Add Relational Edge - New Literal
07:58:26 [INFO]   Generated literal ~R_1(?X_2_new_1, ?X_5, ?Y_1, ?X_4, "x", ?X_6) for rule r_CON_24
07:58:26 [INFO] 55 / 55
07:58:26 [INFO]   VIII Modify Rule - Remove Equality
07:58:26 [INFO]   Replaced a random number of var X_4 with var X_4_new_1 in the rule r_CON_25
07:58:26 [INFO] ----------------------------------------------
07:58:26 [INFO] ------------ Transformations Done ------------
07:58:26 [INFO] ----------------------------------------------
07:58:26 [INFO]  Ressources required: 
                
07:58:26 [INFO] ---------- Transformed ADG Summary: ----------
07:58:26 [INFO] ADG Fact Nodes:                  18
07:58:26 [INFO] ADG Relational Nodes:            32
07:58:26 [INFO] ADG Fact Edges:                  18
07:58:26 [INFO] ADG Relational Edges:            84
07:58:26 [INFO] Number of inv. Strata:           5
07:58:26 [INFO] 
07:58:26 [INFO] Nodes with None Ancestry:        2
07:58:26 [INFO] Nodes with Positive Ancestry:    6
07:58:26 [INFO] Nodes with Negative Ancestry:    3
07:58:26 [INFO] Nodes with Unknown Ancestry:     18
07:58:26 [INFO] 
07:58:26 [INFO] Next rule name would be:         r_CON_26
07:58:26 [INFO] Next predicate name would be:    R_26
07:58:26 [INFO] Next constant name would be:     c_22
07:58:26 [INFO] Next string would be:            "str_11"
07:58:26 [INFO] 
07:58:26 [INFO] Output predicate:                R_OUT
07:58:26 [INFO] Rule count:                      31
07:58:26 [INFO] Average rel. arity:              3.206896551724138
07:58:26 [INFO] Arity calc. may be inaccurate if arity > f64
07:58:26 [INFO] ----------------------------------------------
07:58:26 [INFO] 
07:58:26 [INFO] --------- Performed Transformations: ---------
07:58:26 [INFO]  #      Type
07:58:26 [INFO]  10      Failed Transformation Attempts
07:58:26 [INFO]  7      I     Add Relational Node
07:58:26 [INFO]  7      II    Add Fact Node and Edge
07:58:26 [INFO]  3      III   Add Relational edges - New Rule
07:58:26 [INFO]  9      IV    Add Relational Edge - New Literal
07:58:26 [INFO]  6      IX    Remove Fact Node and Edge
07:58:26 [INFO]  1      V     Remove Relational Edges - Whole Rule
07:58:26 [INFO]  1      VI    Remove Relational Edge - Single Literal
07:58:26 [INFO]  6      VII   Modify Rule - Add Equality
07:58:26 [INFO]  11      VIII  Modify Rule - Remove Equality
07:58:26 [INFO]  3      XI   Add Contradictory Rule
07:58:26 [INFO]  1      Xa     Remove Relational Node Rule Variant - None anc only
07:58:26 [INFO] ----------------------------------------------
07:58:26 [INFO] 
07:58:26 [INFO] Writing output ADG and file.
07:58:26 [INFO] 
07:58:26 [INFO] ----------------------------------------------
07:58:26 [INFO] -- Beginning Nemo Execution - Input Program --
07:58:26 [INFO] ----------------------------------------------
07:58:26 [INFO] Stratified program: [[0, 1, 2, 3, 13, 14], [4, 15], [5, 12], [6, 7, 8, 10, 24], [9], [11, 16, 17, 20, 21, 26], [18, 19, 25], [22], [23]]
07:58:26 [INFO] <<< STEP 1: APPLYING RULE 0 inversePropEntities(?s, ?o) :- wikidata(?s, ?_BODY_1, ?o), Equal(StringCompare(LexicalValue(?s), LexicalValue(?o)), -1), Equal(?_BODY_1, <http://www.wikidata.org/prop/direct/P1696>) >>>
07:58:26 [INFO] Loading source SimpleTable { arity: 3, data: [AnyDataValue(PlainString(StringDataValue("entityA"))), AnyDataValue(Iri(IriDataValue("http://www.wikidata.org/prop/direct/P1696"))), AnyDataValue(PlainString(StringDataValue("entityB"))), AnyDataValue(PlainString(StringDataValue("entityA"))), AnyDataValue(Iri(IriDataValue("http://wikiba.se/ontology#directClaim"))), AnyDataValue(PlainString(StringDataValue("a"))), AnyDataValue(PlainString(StringDataValue("entityB"))), AnyDataValue(Iri(IriDataValue("http://wikiba.se/ontology#directClaim"))), AnyDataValue(PlainString(StringDataValue("b"))), AnyDataValue(PlainString(StringDataValue("x"))), AnyDataValue(PlainString(StringDataValue("a"))), AnyDataValue(PlainString(StringDataValue("y"))), AnyDataValue(PlainString(StringDataValue("x"))), AnyDataValue(PlainString(StringDataValue("a"))), AnyDataValue(PlainString(StringDataValue("z"))), AnyDataValue(PlainString(StringDataValue("y"))), AnyDataValue(PlainString(StringDataValue("b"))), AnyDataValue(PlainString(StringDataValue("x"))), AnyDataValue(PlainString(StringDataValue("z"))), AnyDataValue(PlainString(StringDataValue("b"))), AnyDataValue(PlainString(StringDataValue("x")))] }
07:58:26 [INFO] Execution step: Body
07:58:26 [INFO] Saved temporary table: 1 entries (6856)
07:58:26 [INFO] Execution step: Duplicate Elimination (Datalog)
07:58:26 [INFO] Saved permanent table inversePropEntities (1) Permutation { idx_to_val: [], val_to_idx: [] } with 1 entries (6904)
07:58:26 [INFO] Rule duration: 0 ms
07:58:26 [INFO] <<< STEP 2: APPLYING RULE 0 inversePropEntities(?s, ?o) :- wikidata(?s, ?_BODY_1, ?o), Equal(StringCompare(LexicalValue(?s), LexicalValue(?o)), -1), Equal(?_BODY_1, <http://www.wikidata.org/prop/direct/P1696>) >>>
07:58:26 [INFO] Execution step: Body
07:58:26 [INFO] Trie does not contain any elements
07:58:26 [INFO] Execution step: Duplicate Elimination (Datalog)
07:58:26 [INFO] Trie does not contain any elements
07:58:26 [INFO] Rule duration: 0 ms
07:58:26 [INFO] <<< STEP 3: APPLYING RULE 1 inv(?p1, ?p2) :- inversePropEntities(?e1, ?e2), wikidata(?e1, ?_BODY_1, ?p1), wikidata(?e2, ?_BODY_2, ?p2), Equal(?_BODY_1, <http://wikiba.se/ontology#directClaim>), Equal(?_BODY_2, <http://wikiba.se/ontology#directClaim>) >>>
07:58:26 [INFO] Execution step: Body
07:58:26 [INFO] Saved temporary table: 1 entries (6856)
07:58:26 [INFO] Execution step: Duplicate Elimination (Datalog)
07:58:26 [INFO] Saved permanent table inv (3) Permutation { idx_to_val: [], val_to_idx: [] } with 1 entries (6904)
07:58:26 [INFO] Rule duration: 0 ms
07:58:26 [INFO] <<< STEP 4: APPLYING RULE 1 inv(?p1, ?p2) :- inversePropEntities(?e1, ?e2), wikidata(?e1, ?_BODY_1, ?p1), wikidata(?e2, ?_BODY_2, ?p2), Equal(?_BODY_1, <http://wikiba.se/ontology#directClaim>), Equal(?_BODY_2, <http://wikiba.se/ontology#directClaim>) >>>
07:58:26 [INFO] Execution step: Body
07:58:26 [INFO] Trie does not contain any elements
07:58:26 [INFO] Execution step: Duplicate Elimination (Datalog)
07:58:26 [INFO] Trie does not contain any elements
07:58:26 [INFO] Rule duration: 0 ms
07:58:26 [INFO] <<< STEP 5: APPLYING RULE 2 pred(?s) :- inv(?s, ?_BODY_1) >>>
07:58:26 [INFO] Execution step: Body
07:58:26 [INFO] Saved temporary table: 1 entries (3404)
07:58:26 [INFO] Execution step: Duplicate Elimination (Datalog)
07:58:26 [INFO] Saved permanent table pred (5) Permutation { idx_to_val: [], val_to_idx: [] } with 1 entries (3452)
07:58:26 [INFO] Rule duration: 0 ms
07:58:26 [INFO] <<< STEP 6: APPLYING RULE 2 pred(?s) :- inv(?s, ?_BODY_1) >>>
07:58:26 [INFO] Execution step: Body
07:58:26 [INFO] Trie does not contain any elements
07:58:26 [INFO] Execution step: Duplicate Elimination (Datalog)
07:58:26 [INFO] Trie does not contain any elements
07:58:26 [INFO] Rule duration: 0 ms
07:58:26 [INFO] <<< STEP 7: APPLYING RULE 3 pred(?o) :- inv(?_BODY_1, ?o) >>>
07:58:26 [INFO] Execution step: Body
07:58:26 [INFO] Saved temporary table: 1 entries (3404)
07:58:26 [INFO] Execution step: Duplicate Elimination (Datalog)
07:58:26 [INFO] Saved permanent table pred (7) Permutation { idx_to_val: [], val_to_idx: [] } with 1 entries (3452)
07:58:26 [INFO] Rule duration: 0 ms
07:58:26 [INFO] <<< STEP 8: APPLYING RULE 3 pred(?o) :- inv(?_BODY_1, ?o) >>>
07:58:26 [INFO] Execution step: Body
07:58:26 [INFO] Trie does not contain any elements
07:58:26 [INFO] Execution step: Duplicate Elimination (Datalog)
07:58:26 [INFO] Trie does not contain any elements
07:58:26 [INFO] Rule duration: 0 ms
07:58:26 [INFO] <<< STEP 9: APPLYING RULE 13 R_11(?X_2, ?X_3, ?X_2) :- inv(?X_2, ?Y_1), inv(?X_2, ?X_3) >>>
07:58:26 [INFO] Loading source SimpleTable { arity: 3, data: [AnyDataValue(PlainString(StringDataValue("str_3"))), AnyDataValue(PlainString(StringDataValue("entityA"))), AnyDataValue(PlainString(StringDataValue("b")))] }
07:58:26 [INFO] Execution step: Body
07:58:26 [INFO] Saved temporary table: 1 entries (6856)
07:58:26 [INFO] Execution step: Duplicate Elimination (Datalog)
07:58:26 [INFO] Saved permanent table R_11 (9) Permutation { idx_to_val: [], val_to_idx: [] } with 1 entries (10356)
07:58:26 [INFO] Rule duration: 0 ms
07:58:26 [INFO] <<< STEP 10: APPLYING RULE 13 R_11(?X_2, ?X_3, ?X_2) :- inv(?X_2, ?Y_1), inv(?X_2, ?X_3) >>>
07:58:26 [INFO] Execution step: Body
07:58:26 [INFO] Trie does not contain any elements
07:58:26 [INFO] Execution step: Duplicate Elimination (Datalog)
07:58:26 [INFO] Trie does not contain any elements
07:58:26 [INFO] Rule duration: 0 ms
07:58:26 [INFO] <<< STEP 11: APPLYING RULE 14 R_14(?X_1, ?X_2, ?X_5, ?X_4, ?X_1) :- inversePropEntities(?X_1, ?_BODY_1), inversePropEntities(?X_5, ?X_4), inversePropEntities(?X_1, ?X_2), Equal(?_BODY_1, ?X_1) >>>
07:58:26 [INFO] Loading source SimpleTable { arity: 5, data: [AnyDataValue(Iri(IriDataValue("http://wikiba.se/ontology#directClaim"))), AnyDataValue(PlainString(StringDataValue("str_1"))), AnyDataValue(Iri(IriDataValue("c_1"))), AnyDataValue(PlainString(StringDataValue("str_2"))), AnyDataValue(PlainString(StringDataValue("x"))), AnyDataValue(PlainString(StringDataValue("z"))), AnyDataValue(PlainString(StringDataValue("a"))), AnyDataValue(PlainString(StringDataValue("b"))), AnyDataValue(Iri(IriDataValue("c_7"))), AnyDataValue(PlainString(StringDataValue("x")))] }
07:58:26 [INFO] Execution step: Body
07:58:26 [INFO] Trie does not contain any elements
07:58:26 [INFO] Execution step: Duplicate Elimination (Datalog)
07:58:26 [INFO] Trie does not contain any elements
07:58:26 [INFO] Rule duration: 0 ms
07:58:26 [INFO] <<< STEP 12: APPLYING RULE 4 objCountPerPredAndSource(?p, ?s, ?_AGGREGATION_OUT) :- pred(?p), wikidata(?s, ?p, ?o), ?_AGGREGATION_OUT = #count(?o) >>>
07:58:26 [INFO] Execution step: Body
07:58:26 [INFO] Saved temporary table: 4 entries (10476)
07:58:26 [INFO] Execution step: Aggregate output
07:58:26 [INFO] Execution step: Project/Reorder
07:58:26 [INFO] Saved temporary table: 3 entries (10532)
07:58:26 [INFO] Execution step: Duplicate Elimination (Datalog)
07:58:26 [INFO] Saved permanent table objCountPerPredAndSource (12) Permutation { idx_to_val: [], val_to_idx: [] } with 3 entries (10532)
07:58:26 [INFO] Rule duration: 0 ms
07:58:26 [INFO] <<< STEP 13: APPLYING RULE 4 objCountPerPredAndSource(?p, ?s, ?_AGGREGATION_OUT) :- pred(?p), wikidata(?s, ?p, ?o), ?_AGGREGATION_OUT = #count(?o) >>>
07:58:26 [INFO] Execution step: Body
07:58:26 [INFO] Trie does not contain any elements
07:58:26 [INFO] Execution step: Aggregate output
07:58:26 [INFO] Trie does not contain any elements
07:58:26 [INFO] Execution step: Duplicate Elimination (Datalog)
07:58:26 [INFO] Trie does not contain any elements
07:58:26 [INFO] Rule duration: 0 ms
07:58:26 [INFO] <<< STEP 14: APPLYING RULE 15 R_6(?X_2, "b", ?X_1, ?X_4) :- R_6(?X_2, ?_BODY_1, ?X_1, ?X_4), inversePropEntities(?X_2, ?X_1), Equal(?_BODY_1, "b") >>>
07:58:26 [INFO] Execution step: Project/Reorder
07:58:26 [INFO] Saved temporary table: 1 entries (6856)
07:58:26 [INFO] Execution step: Body
07:58:26 [INFO] Trie does not contain any elements
07:58:26 [INFO] Execution step: Duplicate Elimination (Datalog)
07:58:26 [INFO] Trie does not contain any elements
07:58:26 [INFO] Rule duration: 0 ms
07:58:26 [INFO] <<< STEP 15: APPLYING RULE 5 totalSubjCountPerPred(?p, ?_AGGREGATION_OUT) :- objCountPerPredAndSource(?p, ?s, ?_BODY_1), ?_AGGREGATION_OUT = #count(?s) >>>
07:58:26 [INFO] Execution step: Body
07:58:26 [INFO] Saved temporary table: 3 entries (6916)
07:58:26 [INFO] Execution step: Aggregate output
07:58:26 [INFO] Execution step: Project/Reorder
07:58:26 [INFO] Saved temporary table: 2 entries (6968)
07:58:26 [INFO] Execution step: Duplicate Elimination (Datalog)
07:58:26 [INFO] Saved permanent table totalSubjCountPerPred (15) Permutation { idx_to_val: [], val_to_idx: [] } with 2 entries (6968)
07:58:26 [INFO] Rule duration: 0 ms
07:58:26 [INFO] <<< STEP 16: APPLYING RULE 5 totalSubjCountPerPred(?p, ?_AGGREGATION_OUT) :- objCountPerPredAndSource(?p, ?s, ?_BODY_1), ?_AGGREGATION_OUT = #count(?s) >>>
07:58:26 [INFO] Execution step: Body
07:58:26 [INFO] Trie does not contain any elements
07:58:26 [INFO] Execution step: Aggregate output
07:58:26 [INFO] Trie does not contain any elements
07:58:26 [INFO] Execution step: Duplicate Elimination (Datalog)
07:58:26 [INFO] Trie does not contain any elements
07:58:26 [INFO] Rule duration: 0 ms
07:58:26 [INFO] <<< STEP 17: APPLYING RULE 12 R_4("x", ?X_1, ?X_2, ?X_4, ?X_5, ?X_1) :- totalSubjCountPerPred(?_BODY_1, ?X_1), totalSubjCountPerPred(?X_2, ?X_4), totalSubjCountPerPred(?X_5, ?X_1), Equal(?_BODY_1, "x") >>>
07:58:26 [INFO] Execution step: Body
07:58:26 [INFO] Trie does not contain any elements
07:58:26 [INFO] Execution step: Duplicate Elimination (Datalog)
07:58:26 [INFO] Trie does not contain any elements
07:58:26 [INFO] Rule duration: 0 ms
07:58:26 [INFO] <<< STEP 18: APPLYING RULE 6 avgObjCountPerPredicate(?p, ?_HEAD_1) :- objCountPerPredAndSource(?p, ?s, ?count), totalSubjCountPerPred(?p, ?totalSubj), Equal(?_HEAD_1, NumericDivision(CastToDouble(?_AGGREGATION_OUT), ?totalSubj)), ?_AGGREGATION_OUT = #sum(?count, ?s) >>>
07:58:26 [INFO] Execution step: Body
07:58:26 [INFO] Saved temporary table: 3 entries (13940)
07:58:26 [INFO] Execution step: Aggregate output
07:58:26 [INFO] Saved temporary table: 2 entries (10480)
07:58:26 [INFO] Execution step: Aggregation
07:58:26 [INFO] Saved temporary table: 2 entries (6920)
07:58:26 [INFO] Execution step: Duplicate Elimination (Datalog)
07:58:26 [INFO] Saved permanent table avgObjCountPerPredicate (18) Permutation { idx_to_val: [], val_to_idx: [] } with 2 entries (6968)
07:58:26 [INFO] Rule duration: 0 ms
07:58:26 [INFO] <<< STEP 19: APPLYING RULE 6 avgObjCountPerPredicate(?p, ?_HEAD_1) :- objCountPerPredAndSource(?p, ?s, ?count), totalSubjCountPerPred(?p, ?totalSubj), Equal(?_HEAD_1, NumericDivision(CastToDouble(?_AGGREGATION_OUT), ?totalSubj)), ?_AGGREGATION_OUT = #sum(?count, ?s) >>>
07:58:26 [INFO] Execution step: Body
07:58:26 [INFO] Trie does not contain any elements
07:58:26 [INFO] Execution step: Aggregate output
07:58:26 [INFO] Trie does not contain any elements
07:58:26 [INFO] Execution step: Aggregation
07:58:26 [INFO] Trie does not contain any elements
07:58:26 [INFO] Execution step: Duplicate Elimination (Datalog)
07:58:26 [INFO] Trie does not contain any elements
07:58:26 [INFO] Rule duration: 0 ms
07:58:26 [INFO] <<< STEP 20: APPLYING RULE 7 rightSmaller(?right) :- inv(?left, ?right), avgObjCountPerPredicate(?left, ?countLeft), avgObjCountPerPredicate(?right, ?countRight), NumericLessthan(?countRight, ?countLeft) >>>
07:58:26 [INFO] Execution step: Body
07:58:26 [INFO] Saved temporary table: 1 entries (3404)
07:58:26 [INFO] Execution step: Duplicate Elimination (Datalog)
07:58:26 [INFO] Saved permanent table rightSmaller (20) Permutation { idx_to_val: [], val_to_idx: [] } with 1 entries (3452)
07:58:26 [INFO] Rule duration: 0 ms
07:58:26 [INFO] <<< STEP 21: APPLYING RULE 7 rightSmaller(?right) :- inv(?left, ?right), avgObjCountPerPredicate(?left, ?countLeft), avgObjCountPerPredicate(?right, ?countRight), NumericLessthan(?countRight, ?countLeft) >>>
07:58:26 [INFO] Execution step: Body
07:58:26 [INFO] Trie does not contain any elements
07:58:26 [INFO] Execution step: Duplicate Elimination (Datalog)
07:58:26 [INFO] Trie does not contain any elements
07:58:26 [INFO] Rule duration: 0 ms
07:58:26 [INFO] <<< STEP 22: APPLYING RULE 8 predToKeep(?right) :- rightSmaller(?right) >>>
07:58:26 [INFO] Execution step: Body
07:58:26 [INFO] Saved temporary table: 1 entries (3404)
07:58:26 [INFO] Execution step: Duplicate Elimination (Datalog)
07:58:26 [INFO] Saved permanent table predToKeep (22) Permutation { idx_to_val: [], val_to_idx: [] } with 1 entries (3452)
07:58:26 [INFO] Rule duration: 0 ms
07:58:26 [INFO] <<< STEP 23: APPLYING RULE 8 predToKeep(?right) :- rightSmaller(?right) >>>
07:58:26 [INFO] Execution step: Body
07:58:26 [INFO] Trie does not contain any elements
07:58:26 [INFO] Execution step: Duplicate Elimination (Datalog)
07:58:26 [INFO] Trie does not contain any elements
07:58:26 [INFO] Rule duration: 0 ms
07:58:26 [INFO] <<< STEP 24: APPLYING RULE 10 R_1(?X_6, ?X_3, ?X_5, ?X_2, ?X_4, <http://wikiba.se/ontology#directClaim>) :- rightSmaller(?X_6), rightSmaller(?X_3), rightSmaller(?X_5), rightSmaller(?X_2), rightSmaller(?X_4), rightSmaller(?_BODY_1), Equal(?_BODY_1, <http://wikiba.se/ontology#directClaim>) >>>
07:58:26 [INFO] Loading source SimpleTable { arity: 6, data: [AnyDataValue(Iri(IriDataValue("c_1"))), AnyDataValue(PlainString(StringDataValue("b"))), AnyDataValue(Iri(IriDataValue("http://wikiba.se/ontology#directClaim"))), AnyDataValue(Iri(IriDataValue("http://www.wikidata.org/prop/direct/P1696"))), AnyDataValue(Iri(IriDataValue("c_5"))), AnyDataValue(Iri(IriDataValue("c_1"))), AnyDataValue(Iri(IriDataValue("c_6"))), AnyDataValue(PlainString(StringDataValue("a"))), AnyDataValue(Iri(IriDataValue("http://wikiba.se/ontology#directClaim"))), AnyDataValue(PlainString(StringDataValue("a"))), AnyDataValue(Iri(IriDataValue("http://wikiba.se/ontology#directClaim"))), AnyDataValue(PlainString(StringDataValue("entityA"))), AnyDataValue(Iri(IriDataValue("c_8"))), AnyDataValue(Iri(IriDataValue("c_9"))), AnyDataValue(UnsignedLong(UnsignedLongDataValue(17854743391187539072))), AnyDataValue(UnsignedLong(UnsignedLongDataValue(17854743391187539072))), AnyDataValue(Iri(IriDataValue("c_10"))), AnyDataValue(PlainString(StringDataValue("str_4"))), AnyDataValue(Iri(IriDataValue("http://www.wikidata.org/prop/direct/P1696"))), AnyDataValue(PlainString(StringDataValue("str_5"))), AnyDataValue(PlainString(StringDataValue("str_4"))), AnyDataValue(Iri(IriDataValue("c_11"))), AnyDataValue(PlainString(StringDataValue("a"))), AnyDataValue(PlainString(StringDataValue("y"))), AnyDataValue(UnsignedLong(UnsignedLongDataValue(4029961941002900450))), AnyDataValue(PlainString(StringDataValue("y"))), AnyDataValue(Iri(IriDataValue("http://www.wikidata.org/prop/direct/P1696"))), AnyDataValue(PlainString(StringDataValue("b"))), AnyDataValue(Iri(IriDataValue("c_12"))), AnyDataValue(Iri(IriDataValue("c_8")))] }
07:58:26 [INFO] Execution step: Body
07:58:26 [INFO] Trie does not contain any elements
07:58:26 [INFO] Execution step: Duplicate Elimination (Datalog)
07:58:26 [INFO] Trie does not contain any elements
07:58:26 [INFO] Rule duration: 0 ms
07:58:26 [INFO] <<< STEP 25: APPLYING RULE 24 R_5(?X_1) :- rightSmaller(?X_1), R_14(?_BODY_1, ?X_1, ?_BODY_2, ?_BODY_3, ?_BODY_4), Equal(?_BODY_1, "b"), Equal(?_BODY_2, "entityB"), Equal(?_BODY_3, ?X_1), Equal(?_BODY_4, ?X_1) >>>
07:58:26 [INFO] Execution step: Project/Reorder
07:58:26 [INFO] Saved temporary table: 2 entries (17424)
07:58:26 [INFO] Execution step: Body
07:58:26 [INFO] Saved temporary table: 1 entries (3404)
07:58:26 [INFO] Execution step: Duplicate Elimination (Datalog)
07:58:26 [INFO] Saved permanent table R_5 (25) Permutation { idx_to_val: [], val_to_idx: [] } with 1 entries (3452)
07:58:26 [INFO] Rule duration: 0 ms
07:58:26 [INFO] <<< STEP 26: APPLYING RULE 24 R_5(?X_1) :- rightSmaller(?X_1), R_14(?_BODY_1, ?X_1, ?_BODY_2, ?_BODY_3, ?_BODY_4), Equal(?_BODY_1, "b"), Equal(?_BODY_2, "entityB"), Equal(?_BODY_3, ?X_1), Equal(?_BODY_4, ?X_1) >>>
07:58:26 [INFO] Execution step: Project/Reorder
07:58:26 [INFO] Saved temporary table: 2 entries (17424)
07:58:26 [INFO] Execution step: Body
07:58:26 [INFO] Trie does not contain any elements
07:58:26 [INFO] Execution step: Duplicate Elimination (Datalog)
07:58:26 [INFO] Trie does not contain any elements
07:58:26 [INFO] Rule duration: 0 ms
07:58:26 [INFO] <<< STEP 27: APPLYING RULE 9 predToKeep(?left) :- inv(?left, ?right), rightSmaller(?right) >>>
07:58:26 [INFO] Execution step: Project/Reorder
07:58:26 [INFO] Saved temporary table: 1 entries (3452)
07:58:26 [INFO] Execution step: Body
07:58:26 [INFO] Trie does not contain any elements
07:58:26 [INFO] Execution step: Duplicate Elimination (Datalog)
07:58:26 [INFO] Trie does not contain any elements
07:58:26 [INFO] Rule duration: 0 ms
07:58:26 [INFO] <<< STEP 28: APPLYING RULE 17 R_9(?X_4, ?X_3, ?X_1, ?X_5, ?X_2) :- pred(?X_4), pred(?X_3), pred(?X_1), pred(?X_5), pred(?X_2), pred(?X_1), predToKeep(?X_2) >>>
07:58:26 [INFO] Execution step: Project/Reorder
07:58:26 [INFO] Saved temporary table: 1 entries (3452)
07:58:26 [INFO] Execution step: Body
07:58:26 [INFO] Saved temporary table: 16 entries (18624)
07:58:26 [INFO] Execution step: Duplicate Elimination (Datalog)
07:58:26 [INFO] Saved permanent table R_9 (28) Permutation { idx_to_val: [], val_to_idx: [] } with 16 entries (18672)
07:58:26 [INFO] Rule duration: 0 ms
07:58:26 [INFO] <<< STEP 29: APPLYING RULE 17 R_9(?X_4, ?X_3, ?X_1, ?X_5, ?X_2) :- pred(?X_4), pred(?X_3), pred(?X_1), pred(?X_5), pred(?X_2), pred(?X_1), predToKeep(?X_2) >>>
07:58:26 [INFO] Execution step: Project/Reorder
07:58:26 [INFO] Saved temporary table: 1 entries (3452)
07:58:26 [INFO] Execution step: Body
07:58:26 [INFO] Trie does not contain any elements
07:58:26 [INFO] Execution step: Duplicate Elimination (Datalog)
07:58:26 [INFO] Trie does not contain any elements
07:58:26 [INFO] Rule duration: 0 ms
07:58:26 [INFO] <<< STEP 30: APPLYING RULE 21 R_16("entityA", ?X_2, ?X_5, ?X_4, ?X_1, ?X_3) :- R_4(?_BODY_1, ?X_2, ?X_5, ?X_4, ?X_1, ?X_3), rightSmaller(?X_5), R_9(?X_3, ?X_1, ?X_5, ?_BODY_2, ?X_4), Equal(?_BODY_1, "entityA"), Equal(?_BODY_2, ?X_1) >>>
07:58:26 [INFO] Execution step: Body
07:58:26 [INFO] Trie does not contain any elements
07:58:26 [INFO] Execution step: Duplicate Elimination (Datalog)
07:58:26 [INFO] Trie does not contain any elements
07:58:26 [INFO] Rule duration: 0 ms
07:58:26 [INFO] <<< STEP 31: APPLYING RULE 16 R_15(?X_3, <http://wikiba.se/ontology#directClaim>, ?X_4, ?X_1) :- R_16(?X_3, ?_BODY_1, ?X_4, ?_BODY_2, ?X_1, ?_BODY_3), objCountPerPredAndSource(?X_4, ?X_1, ?_BODY_4), Equal(?_BODY_1, <http://wikiba.se/ontology#directClaim>), Equal(?_BODY_2, ?X_3), Equal(?_BODY_3, <http://wikiba.se/ontology#directClaim>), Equal(?_BODY_4, "a") >>>
07:58:26 [INFO] Execution step: Body
07:58:26 [INFO] Trie does not contain any elements
07:58:26 [INFO] Execution step: Duplicate Elimination (Datalog)
07:58:26 [INFO] Trie does not contain any elements
07:58:26 [INFO] Rule duration: 0 ms
07:58:26 [INFO] <<< STEP 32: APPLYING RULE 26 R_8("entityA", ?X_1, ?X_2) :- R_15(?_BODY_1, ?Y_1, ?X_2, ?X_1), R_16(?Y_1, ?_BODY_2, ?Z_2, ?_BODY_3, ?X_1, ?_BODY_4), Equal(?_BODY_1, "entityA"), Equal(?_BODY_2, ?Y_1), Equal(?_BODY_3, "x"), Equal(?_BODY_4, ?X_1) >>>
07:58:26 [INFO] Execution step: Body
07:58:26 [INFO] Trie does not contain any elements
07:58:26 [INFO] Execution step: Duplicate Elimination (Datalog)
07:58:26 [INFO] Trie does not contain any elements
07:58:26 [INFO] Rule duration: 0 ms
07:58:26 [INFO] <<< STEP 33: APPLYING RULE 20 R_7(?X_3, "x", ?X_2, ?X_4) :- R_6(?X_3, ?_BODY_1, ?X_2, ?X_4), R_8(?X_2, ?Z_2, ?X_3), Equal(?_BODY_1, "x") >>>
07:58:26 [INFO] Execution step: Body
07:58:26 [INFO] Trie does not contain any elements
07:58:26 [INFO] Execution step: Duplicate Elimination (Datalog)
07:58:26 [INFO] Trie does not contain any elements
07:58:26 [INFO] Rule duration: 0 ms
07:58:26 [INFO] <<< STEP 34: APPLYING RULE 11 R_2(?X_3, <http://www.wikidata.org/prop/direct/P1696>, ?X_2) :- R_7(?X_3, ?_BODY_1, ?X_2, ?_BODY_2), Equal(?_BODY_1, <http://www.wikidata.org/prop/direct/P1696>), Equal(?_BODY_2, ?X_2) >>>
07:58:26 [INFO] Execution step: Body
07:58:26 [INFO] Trie does not contain any elements
07:58:26 [INFO] Execution step: Duplicate Elimination (Datalog)
07:58:26 [INFO] Trie does not contain any elements
07:58:26 [INFO] Rule duration: 0 ms
07:58:26 [INFO] <<< STEP 35: APPLYING RULE 19 R_3(?X_2, ?X_1) :- R_9(?Y_1, ?_BODY_1, ?X_2, ?X_1, ?_BODY_2), R_7(?X_2, ?_BODY_3, ?Z_2, ?X_1), R_2(?X_2, ?Y_1, ?X_1), Equal(?_BODY_1, "z"), Equal(?_BODY_2, ?Y_1), Equal(?_BODY_3, ?X_2) >>>
07:58:26 [INFO] Loading source SimpleTable { arity: 2, data: [AnyDataValue(Iri(IriDataValue("c_2"))), AnyDataValue(PlainString(StringDataValue("a"))), AnyDataValue(Iri(IriDataValue("c_3"))), AnyDataValue(Iri(IriDataValue("c_4"))), AnyDataValue(PlainString(StringDataValue("a"))), AnyDataValue(PlainString(StringDataValue("a")))] }
07:58:26 [INFO] Execution step: Project/Reorder
07:58:26 [INFO] Trie does not contain any elements
07:58:26 [INFO] Execution step: Body
07:58:26 [INFO] Trie does not contain any elements
07:58:26 [INFO] Execution step: Duplicate Elimination (Datalog)
07:58:26 [INFO] Trie does not contain any elements
07:58:26 [INFO] Rule duration: 0 ms
07:58:26 [INFO] <<< STEP 36: APPLYING RULE 18 R_10(?X_1) :- R_9(?X_1, ?_BODY_1, ?_BODY_2, ?_BODY_3, ?_BODY_4), totalSubjCountPerPred(?_BODY_5, ?Z_1), R_1(?Z_2, ?X_1, ?Z_3, ?_BODY_6, ?_BODY_7, ?_BODY_8), R_3(?X_1, ?Z_6), Equal(?_BODY_1, ?X_1), Equal(?_BODY_2, ?X_1), Equal(?_BODY_3, "a"), Equal(?_BODY_4, "a"), Equal(?_BODY_5, "x"), Equal(?_BODY_6, ?X_1), Equal(?_BODY_7, "a"), Equal(?_BODY_8, ?X_1) >>>
07:58:26 [INFO] Loading source SimpleTable { arity: 1, data: [AnyDataValue(Iri(IriDataValue("c_1")))] }
07:58:26 [INFO] Execution step: Body
07:58:26 [INFO] Trie does not contain any elements
07:58:26 [INFO] Execution step: Duplicate Elimination (Datalog)
07:58:26 [INFO] Trie does not contain any elements
07:58:26 [INFO] Rule duration: 0 ms
07:58:26 [INFO] <<< STEP 37: APPLYING RULE 25 R_12(?X_1) :- pred(?X_1), avgObjCountPerPredicate(?X_1, ?Z_1), inv(?Z_1, ?X_1), R_4(?X_1, ?Z_2, ?_BODY_1, ?_BODY_2, ?Z_1, ?_BODY_3), R_10(?_BODY_4), R_5(?Z_2), R_15(?_BODY_5, ?Z_1, ?X_1, ?_BODY_6), Equal(?_BODY_1, ?X_1), Equal(?_BODY_2, ?X_1), Equal(?_BODY_3, ?Z_1), Equal(?_BODY_4, "y"), Equal(?_BODY_5, "entityA"), Equal(?_BODY_6, ?X_1) >>>
07:58:26 [INFO] Loading source SimpleTable { arity: 1, data: [AnyDataValue(PlainString(StringDataValue("x"))), AnyDataValue(PlainString(StringDataValue("b"))), AnyDataValue(Iri(IriDataValue("c_12")))] }
07:58:26 [INFO] Execution step: Project/Reorder
07:58:26 [INFO] Saved temporary table: 1 entries (3452)
07:58:26 [INFO] Execution step: Project/Reorder
07:58:26 [INFO] Trie does not contain any elements
07:58:26 [INFO] Execution step: Body
07:58:26 [INFO] Trie does not contain any elements
07:58:26 [INFO] Execution step: Duplicate Elimination (Datalog)
07:58:26 [INFO] Trie does not contain any elements
07:58:26 [INFO] Rule duration: 0 ms
07:58:26 [INFO] <<< STEP 38: APPLYING RULE 22 R_13(?X_1, ?X_1, ?X_4, ?X_3) :- inv(?X_1, ?_BODY_1), inv(?X_4, ?X_3), R_6(?X_1, ?Z_2, ?X_3, ?_BODY_2), R_12(?X_1), Equal(?_BODY_1, ?X_1), Equal(?_BODY_2, ?X_1) >>>
07:58:26 [INFO] Loading source SimpleTable { arity: 4, data: [AnyDataValue(PlainString(StringDataValue("z"))), AnyDataValue(UnsignedLong(UnsignedLongDataValue(18375038239179059038))), AnyDataValue(UnsignedLong(UnsignedLongDataValue(14479528366886679111))), AnyDataValue(Iri(IriDataValue("c_1"))), AnyDataValue(PlainString(StringDataValue("a"))), AnyDataValue(Iri(IriDataValue("c_2"))), AnyDataValue(UnsignedLong(UnsignedLongDataValue(4029961941002900450))), AnyDataValue(PlainString(StringDataValue("entityA")))] }
07:58:26 [INFO] Execution step: Project/Reorder
07:58:26 [INFO] Saved temporary table: 3 entries (3460)
07:58:26 [INFO] Execution step: Body
07:58:26 [INFO] Trie does not contain any elements
07:58:26 [INFO] Execution step: Duplicate Elimination (Datalog)
07:58:26 [INFO] Trie does not contain any elements
07:58:26 [INFO] Rule duration: 0 ms
07:58:26 [INFO] <<< STEP 39: APPLYING RULE 23 R_OUT("y", ?X_3, ?X_5, ?X_1, ?X_4, ?X_2) :- pred(?_BODY_1), pred(?X_3), pred(?X_5), pred(?X_1), pred(?X_4), pred(?X_2), wikidata(?_BODY_2, ?X_5, ?_BODY_3), R_11(?X_3, ?X_4, ?X_5), R_13(?X_2, ?X_4, ?X_5, ?_BODY_4), Equal(?_BODY_1, "y"), Equal(?_BODY_2, "entityB"), Equal(?_BODY_3, ?X_5), Equal(?_BODY_4, ?X_5) >>>
07:58:26 [INFO] Execution step: Project/Reorder
07:58:26 [INFO] Saved temporary table: 7 entries (10748)
07:58:26 [INFO] Execution step: Project/Reorder
07:58:26 [INFO] Saved temporary table: 2 entries (10416)
07:58:26 [INFO] Execution step: Project/Reorder
07:58:26 [INFO] Saved temporary table: 2 entries (13924)
07:58:26 [INFO] Execution step: Body
07:58:26 [INFO] Trie does not contain any elements
07:58:26 [INFO] Execution step: Duplicate Elimination (Datalog)
07:58:26 [INFO] Trie does not contain any elements
07:58:26 [INFO] Rule duration: 0 ms
07:58:26 [INFO] ----------------------------------------------
07:58:26 [INFO] --- Finished Nemo Execution - Input Program --
07:58:26 [INFO] Output size: 0
07:58:26 [INFO] ----------------------------------------------
07:58:26 [INFO] 
07:58:26 [INFO] ----------------------------------------------
07:58:26 [INFO] Beginning Nemo Execution - Transformed Program
07:58:26 [INFO] ----------------------------------------------
07:58:26 [INFO] Stratified program: [[0, 1, 2, 3, 12], [4, 13], [5, 11, 24], [6, 7, 8, 10], [9], [14, 15, 16, 17, 19, 20, 22, 23], [18, 27, 28], [25], [26], [21]]
07:58:26 [INFO] <<< STEP 1: APPLYING RULE 0 inversePropEntities(?s, ?o) :- wikidata(?s, ?_BODY_1, ?o), Equal(StringCompare(LexicalValue(?s), LexicalValue(?o)), -1), Equal(?_BODY_1, <http://www.wikidata.org/prop/direct/P1696>) >>>
07:58:26 [INFO] Loading source SimpleTable { arity: 3, data: [AnyDataValue(PlainString(StringDataValue("entityA"))), AnyDataValue(Iri(IriDataValue("http://www.wikidata.org/prop/direct/P1696"))), AnyDataValue(PlainString(StringDataValue("entityB"))), AnyDataValue(PlainString(StringDataValue("entityA"))), AnyDataValue(Iri(IriDataValue("http://wikiba.se/ontology#directClaim"))), AnyDataValue(PlainString(StringDataValue("a"))), AnyDataValue(PlainString(StringDataValue("entityB"))), AnyDataValue(Iri(IriDataValue("http://wikiba.se/ontology#directClaim"))), AnyDataValue(PlainString(StringDataValue("b"))), AnyDataValue(PlainString(StringDataValue("x"))), AnyDataValue(PlainString(StringDataValue("a"))), AnyDataValue(PlainString(StringDataValue("y"))), AnyDataValue(PlainString(StringDataValue("x"))), AnyDataValue(PlainString(StringDataValue("a"))), AnyDataValue(PlainString(StringDataValue("z"))), AnyDataValue(PlainString(StringDataValue("y"))), AnyDataValue(PlainString(StringDataValue("b"))), AnyDataValue(PlainString(StringDataValue("x"))), AnyDataValue(PlainString(StringDataValue("z"))), AnyDataValue(PlainString(StringDataValue("b"))), AnyDataValue(PlainString(StringDataValue("x")))] }
07:58:26 [INFO] Execution step: Body
07:58:26 [INFO] Saved temporary table: 1 entries (6856)
07:58:26 [INFO] Execution step: Duplicate Elimination (Datalog)
07:58:26 [INFO] Saved permanent table inversePropEntities (1) Permutation { idx_to_val: [], val_to_idx: [] } with 1 entries (6904)
07:58:26 [INFO] Rule duration: 0 ms
07:58:26 [INFO] <<< STEP 2: APPLYING RULE 0 inversePropEntities(?s, ?o) :- wikidata(?s, ?_BODY_1, ?o), Equal(StringCompare(LexicalValue(?s), LexicalValue(?o)), -1), Equal(?_BODY_1, <http://www.wikidata.org/prop/direct/P1696>) >>>
07:58:26 [INFO] Execution step: Body
07:58:26 [INFO] Trie does not contain any elements
07:58:26 [INFO] Execution step: Duplicate Elimination (Datalog)
07:58:26 [INFO] Trie does not contain any elements
07:58:26 [INFO] Rule duration: 0 ms
07:58:26 [INFO] <<< STEP 3: APPLYING RULE 1 inv(?p1, ?p2) :- inversePropEntities(?e1, ?e2), wikidata(?e1, ?_BODY_1, ?p1), wikidata(?e2, ?_BODY_2, ?p2), Equal(?_BODY_1, <http://wikiba.se/ontology#directClaim>), Equal(?_BODY_2, <http://wikiba.se/ontology#directClaim>) >>>
07:58:26 [INFO] Execution step: Body
07:58:26 [INFO] Saved temporary table: 1 entries (6856)
07:58:26 [INFO] Execution step: Duplicate Elimination (Datalog)
07:58:26 [INFO] Saved permanent table inv (3) Permutation { idx_to_val: [], val_to_idx: [] } with 1 entries (6904)
07:58:26 [INFO] Rule duration: 0 ms
07:58:26 [INFO] <<< STEP 4: APPLYING RULE 1 inv(?p1, ?p2) :- inversePropEntities(?e1, ?e2), wikidata(?e1, ?_BODY_1, ?p1), wikidata(?e2, ?_BODY_2, ?p2), Equal(?_BODY_1, <http://wikiba.se/ontology#directClaim>), Equal(?_BODY_2, <http://wikiba.se/ontology#directClaim>) >>>
07:58:26 [INFO] Execution step: Body
07:58:26 [INFO] Trie does not contain any elements
07:58:26 [INFO] Execution step: Duplicate Elimination (Datalog)
07:58:26 [INFO] Trie does not contain any elements
07:58:26 [INFO] Rule duration: 0 ms
07:58:26 [INFO] <<< STEP 5: APPLYING RULE 2 pred(?s) :- inv(?s, ?_BODY_1) >>>
07:58:26 [INFO] Execution step: Body
07:58:26 [INFO] Saved temporary table: 1 entries (3404)
07:58:26 [INFO] Execution step: Duplicate Elimination (Datalog)
07:58:26 [INFO] Saved permanent table pred (5) Permutation { idx_to_val: [], val_to_idx: [] } with 1 entries (3452)
07:58:26 [INFO] Rule duration: 0 ms
07:58:26 [INFO] <<< STEP 6: APPLYING RULE 2 pred(?s) :- inv(?s, ?_BODY_1) >>>
07:58:26 [INFO] Execution step: Body
07:58:26 [INFO] Trie does not contain any elements
07:58:26 [INFO] Execution step: Duplicate Elimination (Datalog)
07:58:26 [INFO] Trie does not contain any elements
07:58:26 [INFO] Rule duration: 0 ms
07:58:26 [INFO] <<< STEP 7: APPLYING RULE 3 pred(?o) :- inv(?_BODY_1, ?o) >>>
07:58:26 [INFO] Execution step: Body
07:58:26 [INFO] Saved temporary table: 1 entries (3404)
07:58:26 [INFO] Execution step: Duplicate Elimination (Datalog)
07:58:26 [INFO] Saved permanent table pred (7) Permutation { idx_to_val: [], val_to_idx: [] } with 1 entries (3452)
07:58:26 [INFO] Rule duration: 0 ms
07:58:26 [INFO] <<< STEP 8: APPLYING RULE 3 pred(?o) :- inv(?_BODY_1, ?o) >>>
07:58:26 [INFO] Execution step: Body
07:58:26 [INFO] Trie does not contain any elements
07:58:26 [INFO] Execution step: Duplicate Elimination (Datalog)
07:58:26 [INFO] Trie does not contain any elements
07:58:26 [INFO] Rule duration: 0 ms
07:58:26 [INFO] <<< STEP 9: APPLYING RULE 12 R_11(?X_2, ?X_3, ?X_2) :- inv(?X_2, ?Y_1), inv(?X_2, ?X_3) >>>
07:58:26 [INFO] Loading source SimpleTable { arity: 3, data: [AnyDataValue(PlainString(StringDataValue("str_3"))), AnyDataValue(PlainString(StringDataValue("entityA"))), AnyDataValue(PlainString(StringDataValue("b")))] }
07:58:26 [INFO] Execution step: Body
07:58:26 [INFO] Saved temporary table: 1 entries (6856)
07:58:26 [INFO] Execution step: Duplicate Elimination (Datalog)
07:58:26 [INFO] Saved permanent table R_11 (9) Permutation { idx_to_val: [], val_to_idx: [] } with 1 entries (10356)
07:58:26 [INFO] Rule duration: 0 ms
07:58:26 [INFO] <<< STEP 10: APPLYING RULE 12 R_11(?X_2, ?X_3, ?X_2) :- inv(?X_2, ?Y_1), inv(?X_2, ?X_3) >>>
07:58:26 [INFO] Execution step: Body
07:58:26 [INFO] Trie does not contain any elements
07:58:26 [INFO] Execution step: Duplicate Elimination (Datalog)
07:58:26 [INFO] Trie does not contain any elements
07:58:26 [INFO] Rule duration: 0 ms
07:58:26 [INFO] <<< STEP 11: APPLYING RULE 4 objCountPerPredAndSource(?p, ?s, ?_AGGREGATION_OUT) :- pred(?p), wikidata(?s, ?p, ?o), ?_AGGREGATION_OUT = #count(?o) >>>
07:58:26 [INFO] Execution step: Body
07:58:26 [INFO] Saved temporary table: 4 entries (10476)
07:58:26 [INFO] Execution step: Aggregate output
07:58:26 [INFO] Execution step: Project/Reorder
07:58:26 [INFO] Saved temporary table: 3 entries (10532)
07:58:26 [INFO] Execution step: Duplicate Elimination (Datalog)
07:58:26 [INFO] Saved permanent table objCountPerPredAndSource (11) Permutation { idx_to_val: [], val_to_idx: [] } with 3 entries (10532)
07:58:26 [INFO] Rule duration: 0 ms
07:58:26 [INFO] <<< STEP 12: APPLYING RULE 4 objCountPerPredAndSource(?p, ?s, ?_AGGREGATION_OUT) :- pred(?p), wikidata(?s, ?p, ?o), ?_AGGREGATION_OUT = #count(?o) >>>
07:58:26 [INFO] Execution step: Body
07:58:26 [INFO] Trie does not contain any elements
07:58:26 [INFO] Execution step: Aggregate output
07:58:26 [INFO] Trie does not contain any elements
07:58:26 [INFO] Execution step: Duplicate Elimination (Datalog)
07:58:26 [INFO] Trie does not contain any elements
07:58:26 [INFO] Rule duration: 0 ms
07:58:26 [INFO] <<< STEP 13: APPLYING RULE 13 R_6(?X_2, "b", ?X_1, ?X_4) :- R_6(?X_2, ?_BODY_1, ?X_1, ?X_4), inversePropEntities(?X_2, ?X_1), Equal(?_BODY_1, "b") >>>
07:58:26 [INFO] Execution step: Project/Reorder
07:58:26 [INFO] Saved temporary table: 1 entries (6856)
07:58:26 [INFO] Execution step: Body
07:58:26 [INFO] Trie does not contain any elements
07:58:26 [INFO] Execution step: Duplicate Elimination (Datalog)
07:58:26 [INFO] Trie does not contain any elements
07:58:26 [INFO] Rule duration: 0 ms
07:58:26 [INFO] <<< STEP 14: APPLYING RULE 5 totalSubjCountPerPred(?p, ?_AGGREGATION_OUT) :- objCountPerPredAndSource(?p, ?s, ?_BODY_1), ?_AGGREGATION_OUT = #count(?s) >>>
07:58:26 [INFO] Execution step: Body
07:58:26 [INFO] Saved temporary table: 3 entries (6916)
07:58:26 [INFO] Execution step: Aggregate output
07:58:26 [INFO] Execution step: Project/Reorder
07:58:26 [INFO] Saved temporary table: 2 entries (6968)
07:58:26 [INFO] Execution step: Duplicate Elimination (Datalog)
07:58:26 [INFO] Saved permanent table totalSubjCountPerPred (14) Permutation { idx_to_val: [], val_to_idx: [] } with 2 entries (6968)
07:58:26 [INFO] Rule duration: 0 ms
07:58:26 [INFO] <<< STEP 15: APPLYING RULE 5 totalSubjCountPerPred(?p, ?_AGGREGATION_OUT) :- objCountPerPredAndSource(?p, ?s, ?_BODY_1), ?_AGGREGATION_OUT = #count(?s) >>>
07:58:26 [INFO] Execution step: Body
07:58:26 [INFO] Trie does not contain any elements
07:58:26 [INFO] Execution step: Aggregate output
07:58:26 [INFO] Trie does not contain any elements
07:58:26 [INFO] Execution step: Duplicate Elimination (Datalog)
07:58:26 [INFO] Trie does not contain any elements
07:58:26 [INFO] Rule duration: 0 ms
07:58:26 [INFO] <<< STEP 16: APPLYING RULE 11 R_4("x", ?X_1, ?X_2, ?X_4, ?X_5, ?X_1) :- totalSubjCountPerPred(?_BODY_1, ?X_1), totalSubjCountPerPred(?X_2, ?X_4), totalSubjCountPerPred(?X_5, ?X_1), Equal(?_BODY_1, "x") >>>
07:58:26 [INFO] Execution step: Body
07:58:26 [INFO] Trie does not contain any elements
07:58:26 [INFO] Execution step: Duplicate Elimination (Datalog)
07:58:26 [INFO] Trie does not contain any elements
07:58:26 [INFO] Rule duration: 0 ms
07:58:26 [INFO] <<< STEP 17: APPLYING RULE 24 R_13(?X_2, c_17, ?X_1_new_1, ?X_1_new_1) :- R_6(?X_2, ?_BODY_1, ?X_1, ?X_1_new_1), R_6(?X_2, ?_BODY_2, ?X_1_new_1, ?_BODY_3), Equal(?_BODY_1, c_17), Equal(?_BODY_2, c_17), Equal(?_BODY_3, ?X_1_new_1) >>>
07:58:26 [INFO] Loading source SimpleTable { arity: 4, data: [AnyDataValue(PlainString(StringDataValue("z"))), AnyDataValue(UnsignedLong(UnsignedLongDataValue(18375038239179059038))), AnyDataValue(UnsignedLong(UnsignedLongDataValue(14479528366886679111))), AnyDataValue(Iri(IriDataValue("c_1"))), AnyDataValue(PlainString(StringDataValue("a"))), AnyDataValue(Iri(IriDataValue("c_2"))), AnyDataValue(UnsignedLong(UnsignedLongDataValue(4029961941002900450))), AnyDataValue(PlainString(StringDataValue("entityA"))), AnyDataValue(Iri(IriDataValue("c_15"))), AnyDataValue(Iri(IriDataValue("c_16"))), AnyDataValue(Iri(IriDataValue("c_17"))), AnyDataValue(Iri(IriDataValue("c_18")))] }
07:58:26 [INFO] Execution step: Project/Reorder
07:58:26 [INFO] Trie does not contain any elements
07:58:26 [INFO] Execution step: Body
07:58:26 [INFO] Trie does not contain any elements
07:58:26 [INFO] Execution step: Duplicate Elimination (Datalog)
07:58:26 [INFO] Trie does not contain any elements
07:58:26 [INFO] Rule duration: 0 ms
07:58:26 [INFO] <<< STEP 18: APPLYING RULE 6 avgObjCountPerPredicate(?p, ?_HEAD_1) :- objCountPerPredAndSource(?p, ?s, ?count), totalSubjCountPerPred(?p, ?totalSubj), Equal(?_HEAD_1, NumericDivision(CastToDouble(?_AGGREGATION_OUT), ?totalSubj)), ?_AGGREGATION_OUT = #sum(?count, ?s) >>>
07:58:26 [INFO] Execution step: Body
07:58:26 [INFO] Saved temporary table: 3 entries (13940)
07:58:26 [INFO] Execution step: Aggregate output
07:58:26 [INFO] Saved temporary table: 2 entries (10480)
07:58:26 [INFO] Execution step: Aggregation
07:58:26 [INFO] Saved temporary table: 2 entries (6920)
07:58:26 [INFO] Execution step: Duplicate Elimination (Datalog)
07:58:26 [INFO] Saved permanent table avgObjCountPerPredicate (18) Permutation { idx_to_val: [], val_to_idx: [] } with 2 entries (6968)
07:58:26 [INFO] Rule duration: 0 ms
07:58:26 [INFO] <<< STEP 19: APPLYING RULE 6 avgObjCountPerPredicate(?p, ?_HEAD_1) :- objCountPerPredAndSource(?p, ?s, ?count), totalSubjCountPerPred(?p, ?totalSubj), Equal(?_HEAD_1, NumericDivision(CastToDouble(?_AGGREGATION_OUT), ?totalSubj)), ?_AGGREGATION_OUT = #sum(?count, ?s) >>>
07:58:26 [INFO] Execution step: Body
07:58:26 [INFO] Trie does not contain any elements
07:58:26 [INFO] Execution step: Aggregate output
07:58:26 [INFO] Trie does not contain any elements
07:58:26 [INFO] Execution step: Aggregation
07:58:26 [INFO] Trie does not contain any elements
07:58:26 [INFO] Execution step: Duplicate Elimination (Datalog)
07:58:26 [INFO] Trie does not contain any elements
07:58:26 [INFO] Rule duration: 0 ms
07:58:26 [INFO] <<< STEP 20: APPLYING RULE 7 rightSmaller(?right) :- inv(?left, ?right), avgObjCountPerPredicate(?left, ?countLeft), avgObjCountPerPredicate(?right, ?countRight), NumericLessthan(?countRight, ?countLeft) >>>
07:58:26 [INFO] Execution step: Body
07:58:26 [INFO] Saved temporary table: 1 entries (3404)
07:58:26 [INFO] Execution step: Duplicate Elimination (Datalog)
07:58:26 [INFO] Saved permanent table rightSmaller (20) Permutation { idx_to_val: [], val_to_idx: [] } with 1 entries (3452)
07:58:26 [INFO] Rule duration: 0 ms
07:58:26 [INFO] <<< STEP 21: APPLYING RULE 7 rightSmaller(?right) :- inv(?left, ?right), avgObjCountPerPredicate(?left, ?countLeft), avgObjCountPerPredicate(?right, ?countRight), NumericLessthan(?countRight, ?countLeft) >>>
07:58:26 [INFO] Execution step: Body
07:58:26 [INFO] Trie does not contain any elements
07:58:26 [INFO] Execution step: Duplicate Elimination (Datalog)
07:58:26 [INFO] Trie does not contain any elements
07:58:26 [INFO] Rule duration: 0 ms
07:58:26 [INFO] <<< STEP 22: APPLYING RULE 8 predToKeep(?right) :- rightSmaller(?right) >>>
07:58:26 [INFO] Execution step: Body
07:58:26 [INFO] Saved temporary table: 1 entries (3404)
07:58:26 [INFO] Execution step: Duplicate Elimination (Datalog)
07:58:26 [INFO] Saved permanent table predToKeep (22) Permutation { idx_to_val: [], val_to_idx: [] } with 1 entries (3452)
07:58:26 [INFO] Rule duration: 0 ms
07:58:26 [INFO] <<< STEP 23: APPLYING RULE 8 predToKeep(?right) :- rightSmaller(?right) >>>
07:58:26 [INFO] Execution step: Body
07:58:26 [INFO] Trie does not contain any elements
07:58:26 [INFO] Execution step: Duplicate Elimination (Datalog)
07:58:26 [INFO] Trie does not contain any elements
07:58:26 [INFO] Rule duration: 0 ms
07:58:26 [INFO] <<< STEP 24: APPLYING RULE 10 R_1(?X_6, ?X_3, ?X_5, ?X_2, ?X_4, <http://wikiba.se/ontology#directClaim>) :- rightSmaller(?X_6), rightSmaller(?X_3), rightSmaller(?X_5), rightSmaller(?X_2), rightSmaller(?X_4), rightSmaller(?_BODY_1), Equal(?_BODY_1, <http://wikiba.se/ontology#directClaim>) >>>
07:58:26 [INFO] Loading source SimpleTable { arity: 6, data: [AnyDataValue(Iri(IriDataValue("c_1"))), AnyDataValue(PlainString(StringDataValue("b"))), AnyDataValue(Iri(IriDataValue("http://wikiba.se/ontology#directClaim"))), AnyDataValue(Iri(IriDataValue("http://www.wikidata.org/prop/direct/P1696"))), AnyDataValue(Iri(IriDataValue("c_5"))), AnyDataValue(Iri(IriDataValue("c_1"))), AnyDataValue(Iri(IriDataValue("c_6"))), AnyDataValue(PlainString(StringDataValue("a"))), AnyDataValue(Iri(IriDataValue("http://wikiba.se/ontology#directClaim"))), AnyDataValue(PlainString(StringDataValue("a"))), AnyDataValue(Iri(IriDataValue("http://wikiba.se/ontology#directClaim"))), AnyDataValue(PlainString(StringDataValue("entityA"))), AnyDataValue(Iri(IriDataValue("c_8"))), AnyDataValue(Iri(IriDataValue("c_9"))), AnyDataValue(UnsignedLong(UnsignedLongDataValue(17854743391187539072))), AnyDataValue(UnsignedLong(UnsignedLongDataValue(17854743391187539072))), AnyDataValue(Iri(IriDataValue("c_10"))), AnyDataValue(PlainString(StringDataValue("str_4"))), AnyDataValue(Iri(IriDataValue("http://www.wikidata.org/prop/direct/P1696"))), AnyDataValue(PlainString(StringDataValue("str_5"))), AnyDataValue(PlainString(StringDataValue("str_4"))), AnyDataValue(Iri(IriDataValue("c_11"))), AnyDataValue(PlainString(StringDataValue("a"))), AnyDataValue(PlainString(StringDataValue("y"))), AnyDataValue(UnsignedLong(UnsignedLongDataValue(4029961941002900450))), AnyDataValue(PlainString(StringDataValue("y"))), AnyDataValue(Iri(IriDataValue("http://www.wikidata.org/prop/direct/P1696"))), AnyDataValue(PlainString(StringDataValue("b"))), AnyDataValue(Iri(IriDataValue("c_12"))), AnyDataValue(Iri(IriDataValue("c_8")))] }
07:58:26 [INFO] Execution step: Body
07:58:26 [INFO] Trie does not contain any elements
07:58:26 [INFO] Execution step: Duplicate Elimination (Datalog)
07:58:26 [INFO] Trie does not contain any elements
07:58:26 [INFO] Rule duration: 0 ms
07:58:26 [INFO] <<< STEP 25: APPLYING RULE 9 predToKeep(?left) :- inv(?left, ?right), rightSmaller(?right) >>>
07:58:26 [INFO] Execution step: Project/Reorder
07:58:26 [INFO] Saved temporary table: 1 entries (3452)
07:58:26 [INFO] Execution step: Body
07:58:26 [INFO] Trie does not contain any elements
07:58:26 [INFO] Execution step: Duplicate Elimination (Datalog)
07:58:26 [INFO] Trie does not contain any elements
07:58:26 [INFO] Rule duration: 0 ms
07:58:26 [INFO] <<< STEP 26: APPLYING RULE 15 R_9(?X_4, ?X_3, ?X_1, ?X_5, ?X_2) :- pred(?X_4), pred(?X_3), pred(?X_1), pred(?X_5), pred(?X_2), pred(?X_1), predToKeep(?X_2) >>>
07:58:26 [INFO] Execution step: Project/Reorder
07:58:26 [INFO] Saved temporary table: 1 entries (3452)
07:58:26 [INFO] Execution step: Body
07:58:26 [INFO] Saved temporary table: 16 entries (18624)
07:58:26 [INFO] Execution step: Duplicate Elimination (Datalog)
07:58:26 [INFO] Saved permanent table R_9 (26) Permutation { idx_to_val: [], val_to_idx: [] } with 16 entries (18672)
07:58:26 [INFO] Rule duration: 0 ms
07:58:26 [INFO] <<< STEP 27: APPLYING RULE 15 R_9(?X_4, ?X_3, ?X_1, ?X_5, ?X_2) :- pred(?X_4), pred(?X_3), pred(?X_1), pred(?X_5), pred(?X_2), pred(?X_1), predToKeep(?X_2) >>>
07:58:26 [INFO] Execution step: Project/Reorder
07:58:26 [INFO] Saved temporary table: 1 entries (3452)
07:58:26 [INFO] Execution step: Body
07:58:26 [INFO] Trie does not contain any elements
07:58:26 [INFO] Execution step: Duplicate Elimination (Datalog)
07:58:26 [INFO] Trie does not contain any elements
07:58:26 [INFO] Rule duration: 0 ms
07:58:26 [INFO] <<< STEP 28: APPLYING RULE 17 R_16("entityA", ?X_2, ?X_5, ?X_4, ?X_1, ?X_3) :- R_4(?_BODY_1, ?X_2, ?X_5, ?X_4, ?X_1, ?X_3), rightSmaller(?X_5), R_9(?X_3, ?X_1, ?X_5, ?_BODY_2, ?X_4), Equal(?_BODY_1, "entityA"), Equal(?_BODY_2, ?X_1) >>>
07:58:26 [INFO] Execution step: Body
07:58:26 [INFO] Trie does not contain any elements
07:58:26 [INFO] Execution step: Duplicate Elimination (Datalog)
07:58:26 [INFO] Trie does not contain any elements
07:58:26 [INFO] Rule duration: 0 ms
07:58:26 [INFO] <<< STEP 29: APPLYING RULE 14 R_15(?X_3, <http://wikiba.se/ontology#directClaim>, ?X_4, ?X_1) :- R_16(?X_3, ?_BODY_1, ?X_4, ?_BODY_2, ?X_1, ?_BODY_3), objCountPerPredAndSource(?X_4, ?X_1, ?_BODY_4), Equal(?_BODY_1, <http://wikiba.se/ontology#directClaim>), Equal(?_BODY_2, ?X_3), Equal(?_BODY_3, <http://wikiba.se/ontology#directClaim>), Equal(?_BODY_4, "a") >>>
07:58:26 [INFO] Execution step: Body
07:58:26 [INFO] Trie does not contain any elements
07:58:26 [INFO] Execution step: Duplicate Elimination (Datalog)
07:58:26 [INFO] Trie does not contain any elements
07:58:26 [INFO] Rule duration: 0 ms
07:58:26 [INFO] <<< STEP 30: APPLYING RULE 19 R_8("entityA", ?X_1, ?X_2) :- R_15(?_BODY_1, ?Y_1, ?X_2, ?X_1), R_16(?Y_1, ?_BODY_2, ?Z_2, ?_BODY_3, ?X_1, ?_BODY_4), Equal(?_BODY_1, "entityA"), Equal(?_BODY_2, ?Y_1), Equal(?_BODY_3, "x"), Equal(?_BODY_4, ?X_1) >>>
07:58:26 [INFO] Execution step: Body
07:58:26 [INFO] Trie does not contain any elements
07:58:26 [INFO] Execution step: Duplicate Elimination (Datalog)
07:58:26 [INFO] Trie does not contain any elements
07:58:26 [INFO] Rule duration: 0 ms
07:58:26 [INFO] <<< STEP 31: APPLYING RULE 16 R_7(?X_3, "x", ?X_2, ?X_4) :- R_6(?X_3, ?_BODY_1, ?X_2, ?X_4), R_8(?X_2, ?Z_2, ?X_3), Equal(?_BODY_1, "x") >>>
07:58:26 [INFO] Execution step: Body
07:58:26 [INFO] Trie does not contain any elements
07:58:26 [INFO] Execution step: Duplicate Elimination (Datalog)
07:58:26 [INFO] Trie does not contain any elements
07:58:26 [INFO] Rule duration: 0 ms
07:58:26 [INFO] <<< STEP 32: APPLYING RULE 20 R_14(?X_2, ?X_2, ?X_2, ?X_4, ?X_2) :- inversePropEntities(?X_2, ?_BODY_1), inversePropEntities(?X_2, ?X_4), inversePropEntities(?X_2, ?_BODY_2), predToKeep(?X_2), Equal(?_BODY_1, ?X_2), Equal(?_BODY_2, ?X_2) >>>
07:58:26 [INFO] Loading source SimpleTable { arity: 5, data: [AnyDataValue(Iri(IriDataValue("http://wikiba.se/ontology#directClaim"))), AnyDataValue(PlainString(StringDataValue("str_1"))), AnyDataValue(Iri(IriDataValue("c_1"))), AnyDataValue(PlainString(StringDataValue("str_2"))), AnyDataValue(PlainString(StringDataValue("x"))), AnyDataValue(PlainString(StringDataValue("z"))), AnyDataValue(PlainString(StringDataValue("a"))), AnyDataValue(PlainString(StringDataValue("b"))), AnyDataValue(Iri(IriDataValue("c_7"))), AnyDataValue(PlainString(StringDataValue("x")))] }
07:58:26 [INFO] Execution step: Project/Reorder
07:58:26 [INFO] Saved temporary table: 1 entries (3452)
07:58:26 [INFO] Execution step: Body
07:58:26 [INFO] Trie does not contain any elements
07:58:26 [INFO] Execution step: Duplicate Elimination (Datalog)
07:58:26 [INFO] Trie does not contain any elements
07:58:26 [INFO] Rule duration: 0 ms
07:58:26 [INFO] <<< STEP 33: APPLYING RULE 22 R_5(?X_1) :- R_11(?_BODY_1, ?_BODY_2, ?_BODY_3), R_1(?X_1_new_1, ?_BODY_4, ?_BODY_5, ?Y_1, ?_BODY_6, ?_BODY_7), R_8(?X_1, ?Y_1_new_1, ?_BODY_8), R_4(?_BODY_9, ?X_1_new_2, ?_BODY_10, ?X_1, ?X_1_new_1, ?_BODY_11), R_1(?X_1_new_2, ?X_1_new_1, ?_BODY_12, ?_BODY_13, ?_BODY_14, ?_BODY_15), Equal(?_BODY_1, "b"), Equal(?_BODY_2, "b"), Equal(?_BODY_3, "b"), Equal(?_BODY_4, "b"), Equal(?_BODY_5, "b"), Equal(?_BODY_6, ?X_1_new_1), Equal(?_BODY_7, "b"), Equal(?_BODY_8, "b"), Equal(?_BODY_9, "b"), Equal(?_BODY_10, "b"), Equal(?_BODY_11, ?X_1_new_2), Equal(?_BODY_12, ?X_1_new_1), Equal(?_BODY_13, "b"), Equal(?_BODY_14, "b"), Equal(?_BODY_15, ?X_1_new_1) >>>
07:58:26 [INFO] Loading source SimpleTable { arity: 1, data: [AnyDataValue(Iri(IriDataValue("c_14")))] }
07:58:26 [INFO] Execution step: Project/Reorder
07:58:26 [INFO] Saved temporary table: 5 entries (21724)
07:58:26 [INFO] Execution step: Body
07:58:26 [INFO] Trie does not contain any elements
07:58:26 [INFO] Execution step: Duplicate Elimination (Datalog)
07:58:26 [INFO] Trie does not contain any elements
07:58:26 [INFO] Rule duration: 0 ms
07:58:26 [INFO] <<< STEP 34: APPLYING RULE 23 R_2(?X_3, <http://www.wikidata.org/prop/direct/P1696>, ?X_2_new_1) :- R_7(?X_3, ?_BODY_1, ?X_2, ?X_2_new_1), Equal(?_BODY_1, <http://www.wikidata.org/prop/direct/P1696>) >>>
07:58:26 [INFO] Loading source SimpleTable { arity: 3, data: [AnyDataValue(Iri(IriDataValue("c_18"))), AnyDataValue(Iri(IriDataValue("c_12"))), AnyDataValue(PlainString(StringDataValue("str_8"))), AnyDataValue(Iri(IriDataValue("c_6"))), AnyDataValue(Iri(IriDataValue("c_19"))), AnyDataValue(Iri(IriDataValue("http://wikiba.se/ontology#directClaim")))] }
07:58:26 [INFO] Execution step: Body
07:58:26 [INFO] Trie does not contain any elements
07:58:26 [INFO] Execution step: Duplicate Elimination (Datalog)
07:58:26 [INFO] Trie does not contain any elements
07:58:26 [INFO] Rule duration: 0 ms
07:58:26 [INFO] <<< STEP 35: APPLYING RULE 18 R_5(?X_1) :- rightSmaller(?X_1), R_14(?_BODY_1, ?X_1, ?_BODY_2, ?_BODY_3, ?_BODY_4), Equal(?_BODY_1, "b"), Equal(?_BODY_2, "entityB"), Equal(?_BODY_3, ?X_1), Equal(?_BODY_4, ?X_1) >>>
07:58:26 [INFO] Execution step: Project/Reorder
07:58:26 [INFO] Saved temporary table: 2 entries (17424)
07:58:26 [INFO] Execution step: Body
07:58:26 [INFO] Saved temporary table: 1 entries (3404)
07:58:26 [INFO] Execution step: Duplicate Elimination (Datalog)
07:58:26 [INFO] Saved permanent table R_5 (35) Permutation { idx_to_val: [], val_to_idx: [] } with 1 entries (3452)
07:58:26 [INFO] Rule duration: 0 ms
07:58:26 [INFO] <<< STEP 36: APPLYING RULE 18 R_5(?X_1) :- rightSmaller(?X_1), R_14(?_BODY_1, ?X_1, ?_BODY_2, ?_BODY_3, ?_BODY_4), Equal(?_BODY_1, "b"), Equal(?_BODY_2, "entityB"), Equal(?_BODY_3, ?X_1), Equal(?_BODY_4, ?X_1) >>>
07:58:26 [INFO] Execution step: Project/Reorder
07:58:26 [INFO] Saved temporary table: 2 entries (17424)
07:58:26 [INFO] Execution step: Body
07:58:26 [INFO] Trie does not contain any elements
07:58:26 [INFO] Execution step: Duplicate Elimination (Datalog)
07:58:26 [INFO] Trie does not contain any elements
07:58:26 [INFO] Rule duration: 0 ms
07:58:26 [INFO] <<< STEP 37: APPLYING RULE 28 R_3(?X_2, ?X_1) :- R_9(?X_2, ?_BODY_1, ?_BODY_2, ?X_1, ?_BODY_3), R_7(?X_2, ?_BODY_4, ?Z_2, ?X_1), R_5(?Z_2), R_2(?X_2, ?_BODY_5, ?X_1), Equal(?_BODY_1, "z"), Equal(?_BODY_2, ?X_2), Equal(?_BODY_3, ?X_2), Equal(?_BODY_4, ?X_2), Equal(?_BODY_5, ?X_2) >>>
07:58:26 [INFO] Loading source SimpleTable { arity: 2, data: [AnyDataValue(Iri(IriDataValue("c_2"))), AnyDataValue(PlainString(StringDataValue("a"))), AnyDataValue(Iri(IriDataValue("c_3"))), AnyDataValue(Iri(IriDataValue("c_4")))] }
07:58:26 [INFO] Execution step: Project/Reorder
07:58:26 [INFO] Saved temporary table: 2 entries (10416)
07:58:26 [INFO] Execution step: Body
07:58:26 [INFO] Trie does not contain any elements
07:58:26 [INFO] Execution step: Duplicate Elimination (Datalog)
07:58:26 [INFO] Trie does not contain any elements
07:58:26 [INFO] Rule duration: 0 ms
07:58:26 [INFO] <<< STEP 38: APPLYING RULE 27 R_10(?Z_1) :- R_9(?Z_1, ?_BODY_1, ?_BODY_2, ?_BODY_3, ?_BODY_4), totalSubjCountPerPred(?_BODY_5, ?Z_1), R_1(?Z_2, ?Z_1, ?Z_3, ?_BODY_6, ?_BODY_7, ?_BODY_8), R_3(?Z_1, ?Z_6), R_22(?Z_1), Equal(?_BODY_1, ?Z_1), Equal(?_BODY_2, ?Z_1), Equal(?_BODY_3, "a"), Equal(?_BODY_4, "a"), Equal(?_BODY_5, "x"), Equal(?_BODY_6, ?Z_1), Equal(?_BODY_7, "a"), Equal(?_BODY_8, ?Z_1) >>>
07:58:26 [INFO] Execution step: Body
07:58:26 [INFO] Trie does not contain any elements
07:58:26 [INFO] Execution step: Duplicate Elimination (Datalog)
07:58:26 [INFO] Trie does not contain any elements
07:58:26 [INFO] Rule duration: 0 ms
07:58:26 [INFO] <<< STEP 39: APPLYING RULE 25 R_12(?X_1) :- pred(?X_1), avgObjCountPerPredicate(?X_1, ?Z_1), inv(?Z_1, ?X_1), R_4(?X_1, ?Z_2, ?_BODY_1, ?_BODY_2, ?Z_1, ?_BODY_3), R_10(?_BODY_4), R_5(?Z_2), R_15(?_BODY_5, ?Z_1, ?X_1, ?_BODY_6), inversePropEntities(?Z_1, ?_BODY_7), pred(?X_1), Equal(?_BODY_1, ?X_1), Equal(?_BODY_2, ?X_1), Equal(?_BODY_3, ?Z_1), Equal(?_BODY_4, "y"), Equal(?_BODY_5, "entityA"), Equal(?_BODY_6, ?X_1), Equal(?_BODY_7, c_6) >>>
07:58:26 [INFO] Execution step: Project/Reorder
07:58:26 [INFO] Saved temporary table: 2 entries (3456)
07:58:26 [INFO] Execution step: Project/Reorder
07:58:26 [INFO] Trie does not contain any elements
07:58:26 [INFO] Execution step: Project/Reorder
07:58:26 [INFO] Saved temporary table: 1 entries (6904)
07:58:26 [INFO] Execution step: Project/Reorder
07:58:26 [INFO] Saved temporary table: 2 entries (3456)
07:58:26 [INFO] Execution step: Body
07:58:26 [INFO] Trie does not contain any elements
07:58:26 [INFO] Execution step: Duplicate Elimination (Datalog)
07:58:26 [INFO] Trie does not contain any elements
07:58:26 [INFO] Rule duration: 0 ms
07:58:26 [INFO] <<< STEP 40: APPLYING RULE 26 R_13(?X_1, ?X_1, ?X_4, ?X_3_new_1) :- inv(?X_1, ?X_1_new_1), inv(?X_4, ?X_3), R_6(?X_1_new_1_new_1, ?Z_2, ?X_3_new_1, ?X_1_new_2), R_12(?X_1_new_1) >>>
07:58:26 [INFO] Execution step: Project/Reorder
07:58:26 [INFO] Trie does not contain any elements
07:58:26 [INFO] Execution step: Body
07:58:26 [INFO] Trie does not contain any elements
07:58:26 [INFO] Execution step: Duplicate Elimination (Datalog)
07:58:26 [INFO] Trie does not contain any elements
07:58:26 [INFO] Rule duration: 0 ms
07:58:26 [INFO] <<< STEP 41: APPLYING RULE 21 R_OUT("y", ?X_4, ?X_5, ?X_1, ?X_4, ?X_2) :- pred(?_BODY_1), pred(?X_4), pred(?X_5), pred(?X_1), pred(?X_4), pred(?X_2), R_6(?Z_3, ?_BODY_2, ?Z_2, ?X_5), R_11(?X_4, ?_BODY_3, ?Z_9), wikidata(?_BODY_4, ?X_5, ?_BODY_5), R_11(?X_4, ?_BODY_6, ?X_5), R_13(?X_2, ?X_4, ?X_5, ?_BODY_7), Equal(?_BODY_1, "y"), Equal(?_BODY_2, "str_7"), Equal(?_BODY_3, ?X_4), Equal(?_BODY_4, "entityB"), Equal(?_BODY_5, ?X_5), Equal(?_BODY_6, ?X_4), Equal(?_BODY_7, ?X_5) >>>
07:58:26 [INFO] Execution step: Project/Reorder
07:58:26 [INFO] Saved temporary table: 7 entries (10748)
07:58:26 [INFO] Execution step: Project/Reorder
07:58:26 [INFO] Saved temporary table: 2 entries (10416)
07:58:26 [INFO] Execution step: Project/Reorder
07:58:26 [INFO] Saved temporary table: 3 entries (14084)
07:58:26 [INFO] Execution step: Body
07:58:26 [INFO] Trie does not contain any elements
07:58:26 [INFO] Execution step: Duplicate Elimination (Datalog)
07:58:26 [INFO] Trie does not contain any elements
07:58:26 [INFO] Rule duration: 0 ms
07:58:26 [INFO] ----------------------------------------------
07:58:26 [INFO]  Finished Nemo Execution - Transformed Program
07:58:26 [INFO] Output size: 0
07:58:26 [INFO] ----------------------------------------------
07:58:26 [INFO] 
07:58:26 [INFO] ----------------------------------------------
07:58:26 [INFO] ------------ Asserting Oracle CON ------------
07:58:26 [INFO] ----------------------------------------------
07:58:26 [INFO] All good, output has contracted
07:58:26 [INFO] old_dir "/home/leo_repp/masterthesis/nemo/nemo-metamorphic-testing/benchmark_500k_r"
