07:58:26 [INFO] ----------------------------------------------
07:58:26 [INFO] Beginning transformation mtf_EXP_5500045
                Oracle:     EXP          Number of T: 54
                Debug Mode: false          u64 Seed:    5500045
                Number of generating transformations: 16
                Internal Seed:          [93, 220, 213, 152, 150, 100, 125, 161, 78, 17, 62, 230, 45, 142, 48, 198, 49, 204, 221, 213, 197, 184, 193, 176, 243, 108, 99, 181, 138, 215, 135, 29]
                Seed File: Currently not supported!
07:58:26 [INFO] ----------------------------------------------
07:58:26 [INFO] -------------- Reading Seed File: ------------
07:58:26 [INFO] "/home/leo_repp/masterthesis/nemo/nemo-metamorphic-testing/examples/wikidata-yago-like-inverse-property-cleanup/yagoExample.rls"
07:58:26 [INFO] Renaming of rules complete
07:58:26 [INFO] --------- Finished Reading Seed file ---------
07:58:26 [INFO] ----------------------------------------------
07:58:26 [INFO] 
07:58:26 [INFO] ----------------------------------------------
07:58:26 [INFO] -------- Beginning Program Generation --------
07:58:26 [INFO] ----------------------------------------------
07:58:26 [INFO] 
07:58:26 [INFO] Removing old export statements
07:58:26 [INFO] Beginning inverse_stratum and ancestry computation starting at node R_OUT
07:58:26 [INFO] Ancestry and Inverse Stratum computation complete.
07:58:26 [INFO] Constructed lite ADG
07:58:26 [INFO] Generating Program...
07:58:26 [INFO] 
07:58:26 [INFO] 1 / 15
07:58:26 [INFO]   I Add Relational Node
07:58:26 [INFO]   Added new relation R_1
07:58:26 [INFO] 2 / 15
07:58:26 [INFO]   I Add Relational Node
07:58:26 [INFO]   Added new relation R_2
07:58:26 [INFO] 3 / 15
07:58:26 [INFO]   I Add Relational Node
07:58:26 [INFO]   Added new relation R_3
07:58:26 [INFO] 4 / 15
07:58:26 [INFO]   I Add Relational Node
07:58:26 [INFO]   Added new relation R_4
07:58:26 [INFO] 5 / 15
07:58:26 [INFO]   I Add Relational Node
07:58:26 [INFO]   Added new relation R_5
07:58:26 [INFO] 6 / 15
07:58:26 [INFO]   I Add Relational Node
07:58:26 [INFO]   Added new relation R_6
07:58:26 [INFO] 7 / 15
07:58:26 [INFO]   I Add Relational Node
07:58:26 [INFO]   Added new relation R_7
07:58:26 [INFO] 8 / 15
07:58:26 [INFO]   I Add Relational Node
07:58:26 [INFO]   Added new relation R_8
07:58:26 [INFO] 9 / 15
07:58:26 [INFO]   I Add Relational Node
07:58:26 [INFO]   Added new relation R_9
07:58:26 [INFO] 10 / 15
07:58:26 [INFO]   I Add Relational Node
07:58:26 [INFO]   Added new relation R_10
07:58:26 [INFO] 11 / 15
07:58:26 [INFO]   I Add Relational Node
07:58:26 [INFO]   Added new relation R_11
07:58:26 [INFO] 12 / 15
07:58:26 [INFO]   I Add Relational Node
07:58:26 [INFO]   Added new relation R_12
07:58:26 [INFO] 13 / 15
07:58:26 [INFO]   I Add Relational Node
07:58:26 [INFO]   Added new relation R_13
07:58:26 [INFO] 14 / 15
07:58:26 [INFO]   I Add Relational Node
07:58:26 [INFO]   Added new relation R_14
07:58:26 [INFO] 15 / 15
07:58:26 [INFO]   I Add Relational Node
07:58:26 [INFO]   Added new relation R_15
07:58:26 [INFO] 
07:58:26 [INFO] Adding a new rule for each relation other than the seed relations
07:58:26 [INFO] 
07:58:26 [INFO] 1 / 16
07:58:26 [INFO]   Generating new single body literal rule for R_OUT
07:58:26 [INFO]   Assigned relation R_OUT the artiy 2
07:58:26 [INFO]   Assigned relation R_6 the artiy 4
07:58:26 [INFO]   Added new rule of name r_GEN_1
07:58:26 [INFO]   R_OUT(?X_2, ?X_2) :- R_6(?X_2, ?X_2, ?X_2, ?X_2) .
07:58:26 [INFO] 2 / 16
07:58:26 [INFO]   Generating new single body literal rule for R_1
07:58:26 [INFO]   Assigned relation R_1 the artiy 4
07:58:26 [INFO]   Added new rule of name r_GEN_2
07:58:26 [INFO]   R_1(<http://www.wikidata.org/prop/direct/P1696>, ?X_1, ?X_3, ?X_1) :- pred(<http://www.wikidata.org/prop/direct/P1696>), pred(?X_1), pred(?X_3), pred(?X_1) .
07:58:26 [INFO] 3 / 16
07:58:26 [INFO]   Generating new single body literal rule for R_2
07:58:26 [INFO]   Assigned relation R_2 the artiy 5
07:58:26 [INFO]   Added new rule of name r_GEN_3
07:58:26 [INFO]   R_2(?X_4, ?X_5, "x", ?X_3, ?X_1) :- wikidata(?X_4, ?X_5, "x"), wikidata(?X_3, ?X_1, ?X_5) .
07:58:26 [INFO] 4 / 16
07:58:26 [INFO]   Generating new single body literal rule for R_3
07:58:26 [INFO]   Assigned relation R_3 the artiy 5
07:58:26 [INFO]   Added new rule of name r_GEN_4
07:58:26 [INFO]   R_3(?X_3, ?X_4, ?X_5, ?X_2, ?X_1) :- predToKeep(?X_3), predToKeep(?X_4), predToKeep(?X_5), predToKeep(?X_2), predToKeep(?X_1) .
07:58:26 [INFO] 5 / 16
07:58:26 [INFO]   Generating new single body literal rule for R_4
07:58:26 [INFO]   Assigned relation R_4 the artiy 3
07:58:26 [INFO]   Assigned relation R_13 the artiy 4
07:58:26 [INFO]   Added new rule of name r_GEN_5
07:58:26 [INFO]   R_4(?X_2, ?X_1, ?X_2) :- R_13(?X_2, <http://wikiba.se/ontology#directClaim>, ?X_2, ?X_1) .
07:58:26 [INFO] 6 / 16
07:58:26 [INFO]   Generating new single body literal rule for R_5
07:58:26 [INFO]   Assigned relation R_5 the artiy 6
07:58:26 [INFO]   Added new rule of name r_GEN_6
07:58:26 [INFO]   R_5(<http://wikiba.se/ontology#directClaim>, ?X_6, ?X_5, ?X_4, ?X_4, ?X_2) :- R_1(<http://wikiba.se/ontology#directClaim>, ?X_6, ?X_5, ?X_4), R_1(?X_4, ?X_2, <http://wikiba.se/ontology#directClaim>, ?X_4) .
07:58:26 [INFO] 7 / 16
07:58:26 [INFO]   Generating new single body literal rule for R_6
07:58:26 [INFO]   Added new rule of name r_GEN_7
07:58:26 [INFO]   R_6(?X_2, "a", ?X_1, ?X_4) :- R_2(?X_2, "a", ?Y_1, ?X_4, ?X_1) .
07:58:26 [INFO] 8 / 16
07:58:26 [INFO]   Generating new single body literal rule for R_7
07:58:26 [INFO]   Assigned relation R_7 the artiy 5
07:58:26 [INFO]   Added new rule of name r_GEN_8
07:58:26 [INFO]   R_7(?X_3, ?X_5, ?X_1, ?X_4, ?X_4) :- predToKeep(?X_3), predToKeep(?X_5), predToKeep(?X_1), predToKeep(?X_4), predToKeep(?X_4) .
07:58:26 [INFO] 9 / 16
07:58:26 [INFO]   Generating new single body literal rule for R_8
07:58:26 [INFO]   Assigned relation R_8 the artiy 4
07:58:26 [INFO]   Added new rule of name r_GEN_9
07:58:26 [INFO]   R_8("a", ?X_3, ?X_4, ?X_2) :- R_3("a", ?X_3, ?X_4, ?X_2, ?X_3) .
07:58:26 [INFO] 10 / 16
07:58:26 [INFO]   Generating new single body literal rule for R_9
07:58:26 [INFO]   Assigned relation R_9 the artiy 1
07:58:26 [INFO]   Added new rule of name r_GEN_10
07:58:26 [INFO]   R_9(?X_1) :- avgObjCountPerPredicate(?X_1, "x") .
07:58:26 [INFO] 11 / 16
07:58:26 [INFO]   Generating new single body literal rule for R_10
07:58:26 [INFO]   Assigned relation R_10 the artiy 2
07:58:26 [INFO]   Added new rule of name r_GEN_11
07:58:26 [INFO]   R_10(?X_1, "y") :- wikidata(?X_1, ?X_1, "y") .
07:58:26 [INFO] 12 / 16
07:58:26 [INFO]   Generating new single body literal rule for R_11
07:58:26 [INFO]   Assigned relation R_11 the artiy 3
07:58:26 [INFO]   Added new rule of name r_GEN_12
07:58:26 [INFO]   R_11(?X_2, ?X_3, <http://wikiba.se/ontology#directClaim>) :- R_4(?X_2, ?X_3, <http://wikiba.se/ontology#directClaim>) .
07:58:26 [INFO] 13 / 16
07:58:26 [INFO]   Generating new single body literal rule for R_12
07:58:26 [INFO]   Assigned relation R_12 the artiy 5
07:58:26 [INFO]   Added new rule of name r_GEN_13
07:58:26 [INFO]   R_12(?X_5, ?X_1, ?X_3, "x", ?X_4) :- rightSmaller(?X_5), rightSmaller(?X_1), rightSmaller(?X_3), rightSmaller("x"), rightSmaller(?X_4) .
07:58:26 [INFO] 14 / 16
07:58:26 [INFO]   Generating new single body literal rule for R_13
07:58:26 [INFO]   Added new rule of name r_GEN_14
07:58:26 [INFO]   R_13(?X_1, "b", ?X_3, ?X_4) :- wikidata(?X_3, "b", ?X_3), wikidata(?X_1, ?X_1, ?X_4) .
07:58:26 [INFO] 15 / 16
07:58:26 [INFO]   Generating new single body literal rule for R_14
07:58:26 [INFO]   Assigned relation R_14 the artiy 6
07:58:26 [INFO]   Added new rule of name r_GEN_15
07:58:26 [INFO]   R_14(?X_3, ?X_4, ?X_6, ?X_5, ?X_4, ?X_1) :- R_4(?X_3, ?X_4, ?X_6), R_4(?X_5, ?X_4, ?X_1) .
07:58:26 [INFO] 16 / 16
07:58:26 [INFO]   Generating new single body literal rule for R_15
07:58:26 [INFO]   Assigned relation R_15 the artiy 5
07:58:26 [INFO]   Added new rule of name r_GEN_16
07:58:26 [INFO]   R_15(?X_1, ?X_4, "entityA", ?X_5, ?X_5) :- R_7(?X_1, ?X_4, "entityA", ?X_5, ?X_5) .
07:58:26 [INFO] 
07:58:26 [INFO] Adding a outgoing relational edge for each relation other than R_OUT
07:58:26 [INFO] 
07:58:26 [INFO] 1 / 24
07:58:26 [INFO]   Adding outgoing relational edge from avgObjCountPerPredicate for r_GEN_8
07:58:26 [INFO]   Generated literal avgObjCountPerPredicate(?X_3, ?X_4) for rule r_GEN_8
07:58:26 [INFO] 2 / 24
07:58:26 [INFO]   Adding outgoing relational edge from inv for r_GEN_6
07:58:26 [INFO]   Generated literal inv(?Z_1, ?X_4) for rule r_GEN_6
07:58:26 [INFO] 3 / 24
07:58:26 [INFO]   Adding outgoing relational edge from inversePropEntities for r_GEN_15
07:58:26 [INFO]   Generated literal inversePropEntities(?X_1, ?X_5) for rule r_GEN_15
07:58:26 [INFO] 4 / 24
07:58:26 [INFO]   Adding outgoing relational edge from objCountPerPredAndSource for r_GEN_14
07:58:26 [INFO]   Generated literal ~objCountPerPredAndSource(?X_1, ?X_1, "a") for rule r_GEN_14
07:58:26 [INFO] 5 / 24
07:58:26 [INFO]   Adding outgoing relational edge from pred for r_GEN_13
07:58:26 [INFO]   Generated literal pred(?X_4) for rule r_GEN_13
07:58:26 [INFO] 6 / 24
07:58:26 [INFO]   Adding outgoing relational edge from predToKeep for r_GEN_6
07:58:26 [INFO]   Generated literal predToKeep(?Z_1) for rule r_GEN_6
07:58:26 [INFO] 7 / 24
07:58:26 [INFO]   Adding outgoing relational edge from rightSmaller for r_GEN_6
07:58:26 [INFO]   Generated literal ~rightSmaller(?Z_1) for rule r_GEN_6
07:58:26 [INFO] 8 / 24
07:58:26 [INFO]   Adding outgoing relational edge from totalSubjCountPerPred for r_GEN_8
07:58:26 [INFO]   Generated literal totalSubjCountPerPred(?X_3, ?Z_3) for rule r_GEN_8
07:58:26 [INFO] 9 / 24
07:58:26 [INFO]   Adding outgoing relational edge from wikidata for r_GEN_14
07:58:26 [INFO]   Generated literal ~wikidata(?X_1, ?X_4, ?X_3) for rule r_GEN_14
07:58:26 [INFO] 10 / 24
07:58:26 [INFO]   Adding outgoing relational edge from R_1 for r_GEN_6
07:58:26 [INFO]   Generated literal R_1(?X_5, ?X_4, ?X_4, ?Z_5) for rule r_GEN_6
07:58:26 [INFO] 11 / 24
07:58:26 [INFO]   Adding outgoing relational edge from R_2 for r_GEN_1
07:58:26 [INFO]   Generated literal R_2(?X_2, ?X_2, ?X_2, "b", ?X_2) for rule r_GEN_1
07:58:26 [INFO] 12 / 24
07:58:26 [INFO]   Adding outgoing relational edge from R_3 for r_GEN_2
07:58:26 [INFO]   Generated literal R_3(?Z_1, ?X_1, ?X_1, ?X_3, ?X_1) for rule r_GEN_2
07:58:26 [INFO] 13 / 24
07:58:26 [INFO]   Adding outgoing relational edge from R_4 for r_GEN_12
07:58:26 [INFO]   Generated literal ~R_4("x", ?X_2, ?X_2) for rule r_GEN_12
07:58:26 [INFO] 14 / 24
07:58:26 [INFO]   Adding outgoing relational edge from R_5 for r_GEN_8
07:58:26 [INFO]   Generated literal ~R_5(?X_1, ?X_4, ?X_5, ?X_4, ?X_4, ?Z_3) for rule r_GEN_8
07:58:26 [INFO] 15 / 24
07:58:26 [INFO]   Adding outgoing relational edge from R_6 for r_GEN_4
07:58:26 [INFO]   Generated literal R_6(?X_5, ?Z_1, ?X_2, ?X_1) for rule r_GEN_4
07:58:26 [INFO] 16 / 24
07:58:26 [INFO]   Adding outgoing relational edge from R_7 for r_GEN_14
07:58:26 [INFO]   Generated literal R_7(?Z_1, "x", ?X_1, ?X_1, ?Z_2) for rule r_GEN_14
07:58:26 [INFO] 17 / 24
07:58:26 [INFO]   Adding outgoing relational edge from R_8 for r_GEN_10
07:58:26 [INFO]   Generated literal R_8(?Z_1, ?X_1, ?X_1, ?X_1) for rule r_GEN_10
07:58:26 [INFO] 18 / 24
07:58:26 [INFO]   Adding outgoing relational edge from R_9 for r_GEN_15
07:58:26 [INFO]   Generated literal ~R_9(?X_1) for rule r_GEN_15
07:58:26 [INFO] 19 / 24
07:58:26 [INFO]   Adding outgoing relational edge from R_10 for r_GEN_1
07:58:26 [INFO]   Generated literal ~R_10(?X_2, ?X_2) for rule r_GEN_1
07:58:26 [INFO] 20 / 24
07:58:26 [INFO]   Adding outgoing relational edge from R_11 for r_GEN_12
07:58:26 [INFO]   Generated literal R_11(?X_2, ?X_2, ?X_3) for rule r_GEN_12
07:58:26 [INFO] 21 / 24
07:58:26 [INFO]   Adding outgoing relational edge from R_12 for r_GEN_15
07:58:26 [INFO]   Generated literal R_12(?Z_2, ?X_6, ?X_4, ?X_4, ?Z_4) for rule r_GEN_15
07:58:26 [INFO] 22 / 24
07:58:26 [INFO]   Adding outgoing relational edge from R_13 for r_GEN_1
07:58:26 [INFO]   Generated literal R_13(?X_2, ?Z_4, ?X_2, ?X_2) for rule r_GEN_1
07:58:26 [INFO] 23 / 24
07:58:26 [INFO]   Adding outgoing relational edge from R_14 for r_GEN_8
07:58:26 [INFO]   Generated literal R_14(?Z_5, ?X_4, ?X_4, ?Z_9, ?X_4, ?Z_3) for rule r_GEN_8
07:58:26 [INFO] 24 / 24
07:58:26 [INFO]   Adding outgoing relational edge from R_15 for r_GEN_1
07:58:26 [INFO]   Generated literal ~R_15(<http://www.wikidata.org/prop/direct/P1696>, ?X_2, ?X_2, ?X_2, ?X_2) for rule r_GEN_1
07:58:26 [INFO] 
07:58:26 [INFO] Adding gen. size facts
07:58:26 [INFO] 
07:58:26 [INFO] 1 / 16
07:58:26 [INFO]   II Add Fact Node and Edge
07:58:26 [INFO]   Added new fact R_OUT("str_1", "str_1").
07:58:26 [INFO] 2 / 16
07:58:26 [INFO]   II Add Fact Node and Edge
07:58:26 [INFO]   Added new fact R_11("str_2", 8864398938378237791, "entityB").
07:58:26 [INFO] 3 / 16
07:58:26 [INFO]   II Add Fact Node and Edge
07:58:26 [INFO]   Added new fact R_11(c_1, "entityB", c_2).
07:58:26 [INFO] 4 / 16
07:58:26 [INFO]   II Add Fact Node and Edge
07:58:26 [INFO]   Added new fact R_11(308135551959435455, "str_3", c_2).
07:58:26 [INFO] 5 / 16
07:58:26 [INFO]   II Add Fact Node and Edge
07:58:26 [INFO]   Added new fact R_11("x", 4644343467841592971, <http://wikiba.se/ontology#directClaim>).
07:58:26 [INFO] 6 / 16
07:58:26 [INFO]   II Add Fact Node and Edge
07:58:26 [INFO]   Added new fact R_11("z", 4644343467841592971, <http://wikiba.se/ontology#directClaim>).
07:58:26 [INFO] 7 / 16
07:58:26 [INFO]   II Add Fact Node and Edge
07:58:26 [INFO]   Added new fact R_11("x", "str_4", "a").
07:58:26 [INFO] 8 / 16
07:58:26 [INFO]   II Add Fact Node and Edge
07:58:26 [INFO]   Added new fact R_11(<http://www.wikidata.org/prop/direct/P1696>, "a", <http://wikiba.se/ontology#directClaim>).
07:58:26 [INFO] 9 / 16
07:58:26 [INFO]   II Add Fact Node and Edge
07:58:26 [INFO]   Added new fact R_10(c_3, "b").
07:58:26 [INFO] 10 / 16
07:58:26 [INFO]   II Add Fact Node and Edge
07:58:26 [INFO]   Added new fact R_10("a", 308135551959435455).
07:58:26 [INFO] 11 / 16
07:58:26 [INFO]   II Add Fact Node and Edge
07:58:26 [INFO]   Added new fact R_OUT("a", "str_3").
07:58:26 [INFO] 12 / 16
07:58:26 [INFO]   II Add Fact Node and Edge
07:58:26 [INFO]   Added new fact R_OUT("x", "entityA").
07:58:26 [INFO] 13 / 16
07:58:26 [INFO]   II Add Fact Node and Edge
07:58:26 [INFO]   Added new fact R_11("str_5", "x", c_4).
07:58:26 [INFO] 14 / 16
07:58:26 [INFO]   II Add Fact Node and Edge
07:58:26 [INFO]   Added new fact R_10(1427952182160349445, "a").
07:58:26 [INFO] 15 / 16
07:58:26 [INFO]   II Add Fact Node and Edge
07:58:26 [INFO]   Added new fact R_11("a", "str_6", <http://www.wikidata.org/prop/direct/P1696>).
07:58:26 [INFO] 16 / 16
07:58:26 [INFO]   II Add Fact Node and Edge
07:58:26 [INFO]   Added new fact R_OUT(c_5, "str_7").
07:58:26 [INFO] 
07:58:26 [INFO] ----------------------------------------------
07:58:26 [INFO] ----------- Program Generation Done ----------
07:58:26 [INFO] ----------------------------------------------
07:58:26 [INFO] 
07:58:26 [INFO] ----------- Generated ADG Summary: -----------
07:58:26 [INFO] ADG Fact Nodes:                  16
07:58:26 [INFO] ADG Relational Nodes:            25
07:58:26 [INFO] ADG Fact Edges:                  16
07:58:26 [INFO] ADG Relational Edges:            59
07:58:26 [INFO] Number of inv. Strata:           3
07:58:26 [INFO] 
07:58:26 [INFO] Nodes with None Ancestry:        1
07:58:26 [INFO] Nodes with Positive Ancestry:    1
07:58:26 [INFO] Nodes with Negative Ancestry:    2
07:58:26 [INFO] Nodes with Unknown Ancestry:     21
07:58:26 [INFO] 
07:58:26 [INFO] Next rule name would be:         r_EXP_17
07:58:26 [INFO] Next predicate name would be:    R_16
07:58:26 [INFO] Next constant name would be:     c_6
07:58:26 [INFO] Next string would be:            "str_8"
07:58:26 [INFO] 
07:58:26 [INFO] Output predicate:                R_OUT
07:58:26 [INFO] Generated rule count:            16
07:58:26 [INFO] Rule count:                      26
07:58:26 [INFO] Average rel. arity:              3.24
07:58:26 [INFO] Arity calc. may be inaccurate if arity > f64
07:58:26 [INFO] ----------------------------------------------
07:58:26 [INFO] 
07:58:26 [INFO] ------ Performed Gen. Transformations: -------
07:58:26 [INFO]  #      Type
07:58:26 [INFO]  16      Generate New Rule with Probably Single Lit
07:58:26 [INFO]  24      Generating an Outgoing Relational Edge
07:58:26 [INFO]  15      I     Add Relational Node
07:58:26 [INFO]  16      II    Add Fact Node and Edge
07:58:26 [INFO] ----------------------------------------------
07:58:26 [INFO] 
07:58:26 [INFO] Storing input ADG and input program
07:58:26 [INFO] 
07:58:26 [INFO] ----------------------------------------------
07:58:26 [INFO] --------- Beginning Transformations ----------
07:58:26 [INFO] --------  Oracle: EXP    Number: 54
07:58:26 [INFO] ----------------------------------------------
07:58:26 [INFO] 1 / 54
07:58:26 [INFO]   IV Add Relational Edge - New Literal
07:58:26 [INFO]   Generated literal ~inversePropEntities(?X_5, ?X_5) for rule r_GEN_16
07:58:26 [INFO] 2 / 54
07:58:26 [INFO]   Xa Remove Relational Node - Rule Variant
07:58:26 [INFO]   Removing relational node R_11
07:58:26 [INFO]   Removing the Rule of the name r_GEN_12
07:58:26 [INFO]   Removing at least 3 relational edges.
07:58:26 [INFO] 3 / 54
07:58:26 [INFO]   III Add Relational edges - New Rule
07:58:26 [INFO]   Added new rule of name r_EXP_19
07:58:26 [INFO]   R_OUT(?X_1, ?X_2) :- R_OUT(?X_1, ?X_2), ~R_15(308135551959435455, ?X_2, ?X_2, ?X_1, 308135551959435455), ~inv(308135551959435455, 308135551959435455), ~R_1(308135551959435455, ?X_1, ?X_1, 308135551959435455) .
07:58:26 [INFO] 4 / 54
07:58:26 [INFO]   IX Remove Fact Node and Edge
07:58:26 [INFO]   Removed fact R_10(c_3, "b"). from the program
07:58:26 [INFO]   Removed fact R_10(c_3, "b"). from the ADG.
07:58:26 [INFO] 5 / 54
07:58:26 [INFO]   IV Add Relational Edge - New Literal
07:58:26 [INFO]   Generated literal ~R_12(?X_5, ?X_4, ?X_1, ?X_4, ?X_5) for rule r_GEN_16
07:58:26 [INFO] 6 / 54
07:58:26 [INFO]   II Add Fact Node and Edge
07:58:26 [INFO]   Added new fact R_OUT(c_8, 5385314802762685604).
07:58:26 [INFO] 7 / 54
07:58:26 [INFO]   III Add Relational edges - New Rule
07:58:26 [INFO]   Added new rule of name r_EXP_20
07:58:26 [INFO]   R_OUT("entityB", ?X_2) :- inversePropEntities("entityB", ?X_2), ~R_7("entityB", ?X_2, ?X_2, "a", "a"), ~R_12(?X_2, ?X_2, ?X_2, "entityB", "entityB"), ~R_6(?X_2, "entityB", "entityB", ?X_2) .
07:58:26 [INFO] 8 / 54
07:58:26 [INFO]   I Add Relational Node
07:58:26 [INFO]   Added new relation R_18
07:58:26 [INFO] 9 / 54
07:58:26 [INFO]   IV Add Relational Edge - New Literal
07:58:26 [INFO]   Generated literal ~R_14(?X_1, ?X_1, ?X_5, ?X_4, ?X_1, c_8) for rule r_GEN_16
07:58:26 [INFO] 10 / 54
07:58:26 [INFO]   II Add Fact Node and Edge
07:58:26 [INFO]   Assigned relation R_18 the artiy 3
07:58:26 [INFO]   Added new fact R_18(13675811354451486117, 4694397085035775392, "str_7").
07:58:26 [INFO] 11 / 54
07:58:26 [INFO]   VII Modify Rule - Add Equality
07:58:26 [INFO]   Replaced var ?X_1 with var ?X_5 in the rule r_GEN_16
07:58:26 [INFO] 12 / 54
07:58:26 [INFO]   I Add Relational Node
07:58:26 [INFO]   Added new relation R_19
07:58:26 [INFO] 13 / 54
07:58:26 [INFO]   IV Add Relational Edge - New Literal
07:58:26 [INFO]   Generated literal R_2(?X_1, ?X_1, ?X_1, 8864398938378237791, ?X_1) for rule r_GEN_11
07:58:26 [INFO] 14 / 54
07:58:26 [INFO]   XI Add Contradictory Rule
07:58:26 [INFO]   Added new contradictory rule of name r_EXP_21
07:58:26 [INFO]   R_8(?X_2, ?X_3, ?X_4, ?X_1) :- R_12(?X_2, ?X_1, ?X_4, ?X_1, ?X_3), ~R_12(?X_2, ?X_1, ?X_4, ?X_1, ?X_3) .
07:58:26 [INFO] 15 / 54
07:58:26 [INFO]   VIII Modify Rule - Remove Equality
07:58:26 [INFO]   Replaced a random number of var X_2 with var X_2_new_1 in the rule r_GEN_1
07:58:26 [INFO] 16 / 54
07:58:26 [INFO]   IX Remove Fact Node and Edge
07:58:26 [INFO]   Removed fact R_10(1427952182160349445, "a"). from the program
07:58:26 [INFO]   Removed fact R_10(1427952182160349445, "a"). from the ADG.
07:58:26 [INFO] 17 / 54
07:58:26 [INFO]   I Add Relational Node
07:58:26 [INFO]   Added new relation R_20
07:58:26 [INFO] 18 / 54
07:58:26 [INFO]   IX Remove Fact Node and Edge
07:58:26 [INFO]   Removed fact R_18(13675811354451486117, 4694397085035775392, "str_7"). from the program
07:58:26 [INFO]   Removed fact R_18(13675811354451486117, 4694397085035775392, "str_7"). from the ADG.
07:58:26 [INFO] 19 / 54
07:58:26 [INFO]   VIII Modify Rule - Remove Equality
07:58:26 [INFO]   Replaced a random number of var X_2_new_1 with var X_2_new_1_new_1 in the rule r_GEN_1
07:58:26 [INFO] 20 / 54
07:58:26 [INFO]   XI Add Contradictory Rule
07:58:26 [INFO]   Assigned relation R_19 the artiy 1
07:58:26 [INFO]   Added new contradictory rule of name r_EXP_22
07:58:26 [INFO]   R_3("z", ?X_4, ?X_3, ?X_1, ?X_5) :- R_19("z"), R_19(?X_4), R_19(?X_3), R_19(?X_1), R_19(?X_5), ~R_19("z") .
07:58:26 [INFO] 21 / 54
07:58:26 [INFO]   III Add Relational edges - New Rule
07:58:26 [INFO]   Assigned relation R_18 the artiy 6
07:58:26 [INFO]   Assigned relation R_20 the artiy 1
07:58:26 [INFO]   Added new rule of name r_EXP_23
07:58:26 [INFO]   R_18(c_3, ?X_4, ?X_3, ?X_5, ?X_2, ?X_5) :- rightSmaller(c_3), R_4(?Y_1, ?X_3, ?X_5), R_13(?X_3, ?Y_2, ?X_5, ?X_5), R_7(?X_4, ?X_5, ?X_2, c_3, ?X_2), ~R_20(?Y_2), ~R_20(?X_4), ~R_9("x"), ~R_14(?X_2, ?X_3, ?X_2, ?Y_1, "x", ?Y_2) .
07:58:26 [INFO] 22 / 54
07:58:26 [INFO]   III Add Relational edges - New Rule
07:58:26 [INFO]   Added new rule of name r_EXP_24
07:58:26 [INFO]   R_18(?X_6, ?X_4, ?X_2, ?X_5, ?X_3, ?X_2) :- R_2(?X_3, ?X_4, ?X_2, ?X_5, ?X_3), R_7(?X_6, ?X_2, ?Y_2, ?X_4, ?X_2), R_20(?Y_2), R_6(?X_6, ?X_3, ?X_2, ?X_2), pred(?X_2), ~pred(?Y_2), ~R_4(?X_2, ?X_2, ?X_4), ~R_2(?X_6, ?X_2, ?Y_2, ?X_5, ?X_5), ~inversePropEntities(?X_2, ?X_2) .
07:58:26 [INFO] 23 / 54
07:58:26 [INFO]   I Add Relational Node
07:58:26 [INFO]   Added new relation R_21
07:58:26 [INFO] 24 / 54
07:58:26 [INFO]   IV Add Relational Edge - New Literal
07:58:26 [INFO]   Generated literal R_3(?X_2, ?X_3, ?X_4, ?Z_7, ?X_3) for rule r_EXP_24
07:58:26 [INFO] 25 / 54
07:58:26 [INFO]   Xa Remove Relational Node - Rule Variant
07:58:26 [INFO]   Removing relational node R_18
07:58:26 [INFO]   Removing the Rule of the name r_EXP_23
07:58:26 [INFO]   Removing the Rule of the name r_EXP_24
07:58:26 [INFO]   Removing at least 18 relational edges.
07:58:26 [INFO] 26 / 54
07:58:26 [INFO]   II Add Fact Node and Edge
07:58:26 [INFO]   Added new fact R_OUT(c_9, "str_10").
07:58:26 [INFO] 27 / 54
07:58:26 [INFO]   Xa Remove Relational Node - Rule Variant
07:58:26 [INFO]   Removing relational node R_20
07:58:26 [INFO]   Removing at least 0 relational edges.
07:58:26 [INFO] 28 / 54
07:58:26 [INFO]   II Add Fact Node and Edge
07:58:26 [INFO]   Assigned relation R_21 the artiy 1
07:58:26 [INFO]   Added new fact R_21(c_8).
07:58:26 [INFO] 29 / 54
07:58:26 [INFO]   VIII Modify Rule - Remove Equality
07:58:26 [INFO]   Replaced a random number of var X_2_new_1 with var X_2_new_1_new_2 in the rule r_GEN_1
07:58:26 [INFO] 30 / 54
07:58:26 [INFO]   III Add Relational edges - New Rule
07:58:26 [INFO]   Added new rule of name r_EXP_25
07:58:26 [INFO]   R_OUT(?X_1, ?X_2) :- R_OUT(?X_1, ?X_1), inversePropEntities("entityA", "entityA"), R_6(?X_1, ?X_2, "entityA", "entityA"), inversePropEntities(?X_2, "entityA"), wikidata(?X_2, ?X_1, ?X_1), ~avgObjCountPerPredicate(?X_1, ?X_2) .
07:58:26 [INFO] 31 / 54
07:58:26 [INFO]   VIII Modify Rule - Remove Equality
07:58:26 [INFO]   Replaced a random number of var X_2 with var X_2_new_1 in the rule r_EXP_25
07:58:26 [INFO] 32 / 54
07:58:26 [INFO]   XI Add Contradictory Rule
07:58:26 [INFO]   Added new contradictory rule of name r_EXP_26
07:58:26 [INFO]   R_1(?X_3, ?X_2, ?X_1, ?X_4) :- R_19(?X_3), R_19(?X_2), R_19(?X_1), R_19(?X_4), ~R_19(?X_3) .
07:58:26 [INFO] 33 / 54
07:58:26 [INFO]   VI Remove Relational Edge - Single Literal
07:58:26 [INFO]   Found the rule of the name r_EXP_25
07:58:26 [INFO]   Removed relational edge NodeIndex(3): (inversePropEntities -> R_OUT)
07:58:26 [INFO]   Attempting to remove the literal +inversePropEntities(, "entityA", "entityA") from the rule r_EXP_25
07:58:26 [INFO] 34 / 54
07:58:26 [INFO]   II Add Fact Node and Edge
07:58:26 [INFO]   Added new fact R_OUT(c_10, "str_2").
07:58:26 [INFO] 35 / 54
07:58:26 [INFO]   VII Modify Rule - Add Equality
07:58:26 [INFO]   Aborting the introduction of an equality - rule has too few variables!
07:58:26 [INFO] 36 / 54
07:58:26 [INFO]   VII Modify Rule - Add Equality
07:58:26 [INFO]   Aborting the introduction of an equality - rule has too few variables!
07:58:26 [INFO] 37 / 54
07:58:26 [INFO]   IV Add Relational Edge - New Literal
07:58:26 [INFO]   Generated literal R_4(?X_5, ?X_4, ?Z_8) for rule r_GEN_16
07:58:26 [INFO] 38 / 54
07:58:26 [INFO]   II Add Fact Node and Edge
07:58:26 [INFO]   Added new fact R_21("str_11").
07:58:26 [INFO] 39 / 54
07:58:26 [INFO]   VIII Modify Rule - Remove Equality
07:58:26 [INFO]   Replaced a random number of var X_2_new_1_new_1 with var X_2_new_1_new_1_new_1 in the rule r_GEN_1
07:58:26 [INFO] 40 / 54
07:58:26 [INFO]   VI Remove Relational Edge - Single Literal
07:58:26 [INFO]   Found the rule of the name r_EXP_19
07:58:26 [INFO]   Removed relational edge NodeIndex(2): (inv -> R_OUT)
07:58:26 [INFO]   Attempting to remove the literal -inv(, 308135551959435455, 308135551959435455) from the rule r_EXP_19
07:58:26 [INFO] 41 / 54
07:58:26 [INFO]   VIII Modify Rule - Remove Equality
07:58:26 [INFO]   Replaced a random number of var X_2_new_1 with var X_2_new_1_new_1 in the rule r_EXP_25
07:58:26 [INFO] 42 / 54
07:58:26 [INFO]   II Add Fact Node and Edge
07:58:26 [INFO]   Added new fact R_OUT(<http://wikiba.se/ontology#directClaim>, 15200017712414378045).
07:58:26 [INFO] 43 / 54
07:58:26 [INFO]   XI Add Contradictory Rule
07:58:26 [INFO]   Added new contradictory rule of name r_EXP_27
07:58:26 [INFO]   R_13("str_1", ?X_4, ?X_3, ?X_1) :- R_6("str_1", ?X_4, ?X_3, ?X_1), ~R_6("str_1", ?X_4, ?X_3, ?X_1) .
07:58:26 [INFO] 44 / 54
07:58:26 [INFO]   IV Add Relational Edge - New Literal
07:58:26 [INFO]   Generated literal ~R_21(?X_1) for rule r_GEN_11
07:58:26 [INFO] 45 / 54
07:58:26 [INFO]   I Add Relational Node
07:58:26 [INFO]   Added new relation R_22
07:58:26 [INFO] 46 / 54
07:58:26 [INFO]   II Add Fact Node and Edge
07:58:26 [INFO]   Added new fact R_21(c_2).
07:58:26 [INFO] 47 / 54
07:58:26 [INFO]   VII Modify Rule - Add Equality
07:58:26 [INFO]   Replaced var ?X_4 with var ?Z_8 in the rule r_GEN_16
07:58:26 [INFO] 48 / 54
07:58:26 [INFO]   II Add Fact Node and Edge
07:58:26 [INFO]   Added new fact R_OUT(c_11, 13136891223749143521).
07:58:26 [INFO] 49 / 54
07:58:26 [INFO]   II Add Fact Node and Edge
07:58:26 [INFO]   Assigned relation R_22 the artiy 4
07:58:26 [INFO]   Added new fact R_22(c_12, "y", "entityA", c_2).
07:58:26 [INFO] 50 / 54
07:58:26 [INFO]   I Add Relational Node
07:58:26 [INFO]   Added new relation R_23
07:58:26 [INFO] 51 / 54
07:58:26 [INFO]   IX Remove Fact Node and Edge
07:58:26 [INFO]   Removed fact R_22(c_12, "y", "entityA", c_2). from the program
07:58:26 [INFO]   Removed fact R_22(c_12, "y", "entityA", c_2). from the ADG.
07:58:26 [INFO] 52 / 54
07:58:26 [INFO]   III Add Relational edges - New Rule
07:58:26 [INFO]   Assigned relation R_22 the artiy 6
07:58:26 [INFO]   Added new rule of name r_EXP_28
07:58:26 [INFO]   R_22(?X_5, ?X_5, ?X_2, ?X_3, ?X_4, "a") :- predToKeep(?X_5), predToKeep(?X_5), predToKeep(?X_2), predToKeep(?X_3), predToKeep(?X_4), predToKeep("a"), ~R_15(?X_5, ?X_5, ?X_4, ?X_4, "str_11"), ~avgObjCountPerPredicate(?X_3, "str_11"), ~R_14(?X_4, ?X_3, ?X_4, "str_11", ?X_5, "str_11"), ~totalSubjCountPerPred(?X_2, ?X_4) .
07:58:26 [INFO] 53 / 54
07:58:26 [INFO]   VII Modify Rule - Add Equality
07:58:26 [INFO]   Replaced var ?X_5 with var ?Z_8 in the rule r_GEN_16
07:58:26 [INFO] 54 / 54
07:58:26 [INFO]   VII Modify Rule - Add Equality
07:58:26 [INFO]   Aborting the introduction of an equality - rule has too few variables!
07:58:26 [INFO] ----------------------------------------------
07:58:26 [INFO] ------------ Transformations Done ------------
07:58:26 [INFO] ----------------------------------------------
07:58:26 [INFO]  Ressources required: 
                
07:58:26 [INFO] ---------- Transformed ADG Summary: ----------
07:58:26 [INFO] ADG Fact Nodes:                  13
07:58:26 [INFO] ADG Relational Nodes:            28
07:58:26 [INFO] ADG Fact Edges:                  13
07:58:26 [INFO] ADG Relational Edges:            99
07:58:26 [INFO] Number of inv. Strata:           4
07:58:26 [INFO] 
07:58:26 [INFO] Nodes with None Ancestry:        1
07:58:26 [INFO] Nodes with Positive Ancestry:    2
07:58:26 [INFO] Nodes with Negative Ancestry:    2
07:58:26 [INFO] Nodes with Unknown Ancestry:     22
07:58:26 [INFO] 
07:58:26 [INFO] Next rule name would be:         r_EXP_29
07:58:26 [INFO] Next predicate name would be:    R_24
07:58:26 [INFO] Next constant name would be:     c_13
07:58:26 [INFO] Next string would be:            "str_12"
07:58:26 [INFO] 
07:58:26 [INFO] Output predicate:                R_OUT
07:58:26 [INFO] Rule count:                      33
07:58:26 [INFO] Average rel. arity:              3.1785714285714284
07:58:26 [INFO] Arity calc. may be inaccurate if arity > f64
07:58:26 [INFO] ----------------------------------------------
07:58:26 [INFO] 
07:58:26 [INFO] --------- Performed Transformations: ---------
07:58:26 [INFO]  #      Type
07:58:26 [INFO]  11      Failed Transformation Attempts
07:58:26 [INFO]  6      I     Add Relational Node
07:58:26 [INFO]  10      II    Add Fact Node and Edge
07:58:26 [INFO]  6      III   Add Relational edges - New Rule
07:58:26 [INFO]  7      IV    Add Relational Edge - New Literal
07:58:26 [INFO]  4      IX    Remove Fact Node and Edge
07:58:26 [INFO]  0      V     Remove Relational Edges - Whole Rule
07:58:26 [INFO]  2      VI    Remove Relational Edge - Single Literal
07:58:26 [INFO]  6      VII   Modify Rule - Add Equality
07:58:26 [INFO]  6      VIII  Modify Rule - Remove Equality
07:58:26 [INFO]  4      XI   Add Contradictory Rule
07:58:26 [INFO]  3      Xa     Remove Relational Node Rule Variant - None anc only
07:58:26 [INFO] ----------------------------------------------
07:58:26 [INFO] 
07:58:26 [INFO] Writing output ADG and file.
07:58:26 [INFO] 
07:58:26 [INFO] ----------------------------------------------
07:58:26 [INFO] -- Beginning Nemo Execution - Input Program --
07:58:26 [INFO] ----------------------------------------------
07:58:26 [INFO] Stratified program: [[0, 1, 2, 3, 10, 12, 14], [4], [5], [6, 7, 8, 16], [9, 13, 17, 18, 19, 21], [11, 15, 20, 22, 23], [24]]
07:58:26 [INFO] Loading source SimpleTable { arity: 2, data: [AnyDataValue(PlainString(StringDataValue("str_1"))), AnyDataValue(PlainString(StringDataValue("str_1"))), AnyDataValue(PlainString(StringDataValue("a"))), AnyDataValue(PlainString(StringDataValue("str_3"))), AnyDataValue(PlainString(StringDataValue("x"))), AnyDataValue(PlainString(StringDataValue("entityA"))), AnyDataValue(Iri(IriDataValue("c_5"))), AnyDataValue(PlainString(StringDataValue("str_7")))] }
07:58:26 [INFO] Execution step: Combining Tables
07:58:26 [INFO] Saved permanent table R_OUT (0-1) Permutation { idx_to_val: [], val_to_idx: [] } with 4 entries (7072)
07:58:26 [INFO] <<< STEP 1: APPLYING RULE 0 inversePropEntities(?s, ?o) :- wikidata(?s, ?_BODY_1, ?o), Equal(StringCompare(LexicalValue(?s), LexicalValue(?o)), -1), Equal(?_BODY_1, <http://www.wikidata.org/prop/direct/P1696>) >>>
07:58:26 [INFO] Loading source SimpleTable { arity: 3, data: [AnyDataValue(PlainString(StringDataValue("entityA"))), AnyDataValue(Iri(IriDataValue("http://www.wikidata.org/prop/direct/P1696"))), AnyDataValue(PlainString(StringDataValue("entityB"))), AnyDataValue(PlainString(StringDataValue("entityA"))), AnyDataValue(Iri(IriDataValue("http://wikiba.se/ontology#directClaim"))), AnyDataValue(PlainString(StringDataValue("a"))), AnyDataValue(PlainString(StringDataValue("entityB"))), AnyDataValue(Iri(IriDataValue("http://wikiba.se/ontology#directClaim"))), AnyDataValue(PlainString(StringDataValue("b"))), AnyDataValue(PlainString(StringDataValue("x"))), AnyDataValue(PlainString(StringDataValue("a"))), AnyDataValue(PlainString(StringDataValue("y"))), AnyDataValue(PlainString(StringDataValue("x"))), AnyDataValue(PlainString(StringDataValue("a"))), AnyDataValue(PlainString(StringDataValue("z"))), AnyDataValue(PlainString(StringDataValue("y"))), AnyDataValue(PlainString(StringDataValue("b"))), AnyDataValue(PlainString(StringDataValue("x"))), AnyDataValue(PlainString(StringDataValue("z"))), AnyDataValue(PlainString(StringDataValue("b"))), AnyDataValue(PlainString(StringDataValue("x")))] }
07:58:26 [INFO] Execution step: Body
07:58:26 [INFO] Saved temporary table: 1 entries (6856)
07:58:26 [INFO] Execution step: Duplicate Elimination (Datalog)
07:58:26 [INFO] Saved permanent table inversePropEntities (1) Permutation { idx_to_val: [], val_to_idx: [] } with 1 entries (6904)
07:58:26 [INFO] Rule duration: 0 ms
07:58:26 [INFO] <<< STEP 2: APPLYING RULE 0 inversePropEntities(?s, ?o) :- wikidata(?s, ?_BODY_1, ?o), Equal(StringCompare(LexicalValue(?s), LexicalValue(?o)), -1), Equal(?_BODY_1, <http://www.wikidata.org/prop/direct/P1696>) >>>
07:58:26 [INFO] Execution step: Body
07:58:26 [INFO] Trie does not contain any elements
07:58:26 [INFO] Execution step: Duplicate Elimination (Datalog)
07:58:26 [INFO] Trie does not contain any elements
07:58:26 [INFO] Rule duration: 0 ms
07:58:26 [INFO] <<< STEP 3: APPLYING RULE 1 inv(?p1, ?p2) :- inversePropEntities(?e1, ?e2), wikidata(?e1, ?_BODY_1, ?p1), wikidata(?e2, ?_BODY_2, ?p2), Equal(?_BODY_1, <http://wikiba.se/ontology#directClaim>), Equal(?_BODY_2, <http://wikiba.se/ontology#directClaim>) >>>
07:58:26 [INFO] Execution step: Body
07:58:26 [INFO] Saved temporary table: 1 entries (6856)
07:58:26 [INFO] Execution step: Duplicate Elimination (Datalog)
07:58:26 [INFO] Saved permanent table inv (3) Permutation { idx_to_val: [], val_to_idx: [] } with 1 entries (6904)
07:58:26 [INFO] Rule duration: 0 ms
07:58:26 [INFO] <<< STEP 4: APPLYING RULE 1 inv(?p1, ?p2) :- inversePropEntities(?e1, ?e2), wikidata(?e1, ?_BODY_1, ?p1), wikidata(?e2, ?_BODY_2, ?p2), Equal(?_BODY_1, <http://wikiba.se/ontology#directClaim>), Equal(?_BODY_2, <http://wikiba.se/ontology#directClaim>) >>>
07:58:26 [INFO] Execution step: Body
07:58:26 [INFO] Trie does not contain any elements
07:58:26 [INFO] Execution step: Duplicate Elimination (Datalog)
07:58:26 [INFO] Trie does not contain any elements
07:58:26 [INFO] Rule duration: 0 ms
07:58:26 [INFO] <<< STEP 5: APPLYING RULE 2 pred(?s) :- inv(?s, ?_BODY_1) >>>
07:58:26 [INFO] Execution step: Body
07:58:26 [INFO] Saved temporary table: 1 entries (3404)
07:58:26 [INFO] Execution step: Duplicate Elimination (Datalog)
07:58:26 [INFO] Saved permanent table pred (5) Permutation { idx_to_val: [], val_to_idx: [] } with 1 entries (3452)
07:58:26 [INFO] Rule duration: 0 ms
07:58:26 [INFO] <<< STEP 6: APPLYING RULE 2 pred(?s) :- inv(?s, ?_BODY_1) >>>
07:58:26 [INFO] Execution step: Body
07:58:26 [INFO] Trie does not contain any elements
07:58:26 [INFO] Execution step: Duplicate Elimination (Datalog)
07:58:26 [INFO] Trie does not contain any elements
07:58:26 [INFO] Rule duration: 0 ms
07:58:26 [INFO] <<< STEP 7: APPLYING RULE 3 pred(?o) :- inv(?_BODY_1, ?o) >>>
07:58:26 [INFO] Execution step: Body
07:58:26 [INFO] Saved temporary table: 1 entries (3404)
07:58:26 [INFO] Execution step: Duplicate Elimination (Datalog)
07:58:26 [INFO] Saved permanent table pred (7) Permutation { idx_to_val: [], val_to_idx: [] } with 1 entries (3452)
07:58:26 [INFO] Rule duration: 0 ms
07:58:26 [INFO] <<< STEP 8: APPLYING RULE 3 pred(?o) :- inv(?_BODY_1, ?o) >>>
07:58:26 [INFO] Execution step: Body
07:58:26 [INFO] Trie does not contain any elements
07:58:26 [INFO] Execution step: Duplicate Elimination (Datalog)
07:58:26 [INFO] Trie does not contain any elements
07:58:26 [INFO] Rule duration: 0 ms
07:58:26 [INFO] <<< STEP 9: APPLYING RULE 10 R_2(?X_4, ?X_5, "x", ?X_3, ?X_1) :- wikidata(?X_4, ?X_5, ?_BODY_1), wikidata(?X_3, ?X_1, ?X_5), Equal(?_BODY_1, "x") >>>
07:58:26 [INFO] Execution step: Body
07:58:26 [INFO] Saved temporary table: 2 entries (13920)
07:58:26 [INFO] Execution step: Duplicate Elimination (Datalog)
07:58:26 [INFO] Saved permanent table R_2 (9) Permutation { idx_to_val: [], val_to_idx: [] } with 2 entries (17472)
07:58:26 [INFO] Rule duration: 0 ms
07:58:26 [INFO] <<< STEP 10: APPLYING RULE 10 R_2(?X_4, ?X_5, "x", ?X_3, ?X_1) :- wikidata(?X_4, ?X_5, ?_BODY_1), wikidata(?X_3, ?X_1, ?X_5), Equal(?_BODY_1, "x") >>>
07:58:26 [INFO] Execution step: Body
07:58:26 [INFO] Trie does not contain any elements
07:58:26 [INFO] Execution step: Duplicate Elimination (Datalog)
07:58:26 [INFO] Trie does not contain any elements
07:58:26 [INFO] Rule duration: 0 ms
07:58:26 [INFO] <<< STEP 11: APPLYING RULE 12 R_6(?X_2, "a", ?X_1, ?X_4) :- R_2(?X_2, ?_BODY_1, ?Y_1, ?X_4, ?X_1), Equal(?_BODY_1, "a") >>>
07:58:26 [INFO] Execution step: Body
07:58:26 [INFO] Trie does not contain any elements
07:58:26 [INFO] Execution step: Duplicate Elimination (Datalog)
07:58:26 [INFO] Trie does not contain any elements
07:58:26 [INFO] Rule duration: 0 ms
07:58:26 [INFO] <<< STEP 12: APPLYING RULE 14 R_10(?X_1, "y") :- wikidata(?X_1, ?_BODY_1, ?_BODY_2), Equal(?_BODY_1, ?X_1), Equal(?_BODY_2, "y") >>>
07:58:26 [INFO] Loading source SimpleTable { arity: 2, data: [AnyDataValue(Iri(IriDataValue("c_3"))), AnyDataValue(PlainString(StringDataValue("b"))), AnyDataValue(PlainString(StringDataValue("a"))), AnyDataValue(UnsignedLong(UnsignedLongDataValue(308135551959435455))), AnyDataValue(UnsignedLong(UnsignedLongDataValue(1427952182160349445))), AnyDataValue(PlainString(StringDataValue("a")))] }
07:58:26 [INFO] Execution step: Body
07:58:26 [INFO] Trie does not contain any elements
07:58:26 [INFO] Execution step: Duplicate Elimination (Datalog)
07:58:26 [INFO] Trie does not contain any elements
07:58:26 [INFO] Rule duration: 0 ms
07:58:26 [INFO] <<< STEP 13: APPLYING RULE 4 objCountPerPredAndSource(?p, ?s, ?_AGGREGATION_OUT) :- pred(?p), wikidata(?s, ?p, ?o), ?_AGGREGATION_OUT = #count(?o) >>>
07:58:26 [INFO] Execution step: Body
07:58:26 [INFO] Saved temporary table: 4 entries (10476)
07:58:26 [INFO] Execution step: Aggregate output
07:58:26 [INFO] Execution step: Project/Reorder
07:58:26 [INFO] Saved temporary table: 3 entries (10532)
07:58:26 [INFO] Execution step: Duplicate Elimination (Datalog)
07:58:26 [INFO] Saved permanent table objCountPerPredAndSource (13) Permutation { idx_to_val: [], val_to_idx: [] } with 3 entries (10532)
07:58:26 [INFO] Rule duration: 0 ms
07:58:26 [INFO] <<< STEP 14: APPLYING RULE 4 objCountPerPredAndSource(?p, ?s, ?_AGGREGATION_OUT) :- pred(?p), wikidata(?s, ?p, ?o), ?_AGGREGATION_OUT = #count(?o) >>>
07:58:26 [INFO] Execution step: Body
07:58:26 [INFO] Trie does not contain any elements
07:58:26 [INFO] Execution step: Aggregate output
07:58:26 [INFO] Trie does not contain any elements
07:58:26 [INFO] Execution step: Duplicate Elimination (Datalog)
07:58:26 [INFO] Trie does not contain any elements
07:58:26 [INFO] Rule duration: 0 ms
07:58:26 [INFO] <<< STEP 15: APPLYING RULE 5 totalSubjCountPerPred(?p, ?_AGGREGATION_OUT) :- objCountPerPredAndSource(?p, ?s, ?_BODY_1), ?_AGGREGATION_OUT = #count(?s) >>>
07:58:26 [INFO] Execution step: Body
07:58:26 [INFO] Saved temporary table: 3 entries (6916)
07:58:26 [INFO] Execution step: Aggregate output
07:58:26 [INFO] Execution step: Project/Reorder
07:58:26 [INFO] Saved temporary table: 2 entries (6968)
07:58:26 [INFO] Execution step: Duplicate Elimination (Datalog)
07:58:26 [INFO] Saved permanent table totalSubjCountPerPred (15) Permutation { idx_to_val: [], val_to_idx: [] } with 2 entries (6968)
07:58:26 [INFO] Rule duration: 0 ms
07:58:26 [INFO] <<< STEP 16: APPLYING RULE 5 totalSubjCountPerPred(?p, ?_AGGREGATION_OUT) :- objCountPerPredAndSource(?p, ?s, ?_BODY_1), ?_AGGREGATION_OUT = #count(?s) >>>
07:58:26 [INFO] Execution step: Body
07:58:26 [INFO] Trie does not contain any elements
07:58:26 [INFO] Execution step: Aggregate output
07:58:26 [INFO] Trie does not contain any elements
07:58:26 [INFO] Execution step: Duplicate Elimination (Datalog)
07:58:26 [INFO] Trie does not contain any elements
07:58:26 [INFO] Rule duration: 0 ms
07:58:26 [INFO] <<< STEP 17: APPLYING RULE 6 avgObjCountPerPredicate(?p, ?_HEAD_1) :- objCountPerPredAndSource(?p, ?s, ?count), totalSubjCountPerPred(?p, ?totalSubj), Equal(?_HEAD_1, NumericDivision(CastToDouble(?_AGGREGATION_OUT), ?totalSubj)), ?_AGGREGATION_OUT = #sum(?count, ?s) >>>
07:58:26 [INFO] Execution step: Body
07:58:26 [INFO] Saved temporary table: 3 entries (13940)
07:58:26 [INFO] Execution step: Aggregate output
07:58:26 [INFO] Saved temporary table: 2 entries (10480)
07:58:26 [INFO] Execution step: Aggregation
07:58:26 [INFO] Saved temporary table: 2 entries (6920)
07:58:26 [INFO] Execution step: Duplicate Elimination (Datalog)
07:58:26 [INFO] Saved permanent table avgObjCountPerPredicate (17) Permutation { idx_to_val: [], val_to_idx: [] } with 2 entries (6968)
07:58:26 [INFO] Rule duration: 0 ms
07:58:26 [INFO] <<< STEP 18: APPLYING RULE 6 avgObjCountPerPredicate(?p, ?_HEAD_1) :- objCountPerPredAndSource(?p, ?s, ?count), totalSubjCountPerPred(?p, ?totalSubj), Equal(?_HEAD_1, NumericDivision(CastToDouble(?_AGGREGATION_OUT), ?totalSubj)), ?_AGGREGATION_OUT = #sum(?count, ?s) >>>
07:58:26 [INFO] Execution step: Body
07:58:26 [INFO] Trie does not contain any elements
07:58:26 [INFO] Execution step: Aggregate output
07:58:26 [INFO] Trie does not contain any elements
07:58:26 [INFO] Execution step: Aggregation
07:58:26 [INFO] Trie does not contain any elements
07:58:26 [INFO] Execution step: Duplicate Elimination (Datalog)
07:58:26 [INFO] Trie does not contain any elements
07:58:26 [INFO] Rule duration: 0 ms
07:58:26 [INFO] <<< STEP 19: APPLYING RULE 7 rightSmaller(?right) :- inv(?left, ?right), avgObjCountPerPredicate(?left, ?countLeft), avgObjCountPerPredicate(?right, ?countRight), NumericLessthan(?countRight, ?countLeft) >>>
07:58:26 [INFO] Execution step: Body
07:58:26 [INFO] Saved temporary table: 1 entries (3404)
07:58:26 [INFO] Execution step: Duplicate Elimination (Datalog)
07:58:26 [INFO] Saved permanent table rightSmaller (19) Permutation { idx_to_val: [], val_to_idx: [] } with 1 entries (3452)
07:58:26 [INFO] Rule duration: 0 ms
07:58:26 [INFO] <<< STEP 20: APPLYING RULE 7 rightSmaller(?right) :- inv(?left, ?right), avgObjCountPerPredicate(?left, ?countLeft), avgObjCountPerPredicate(?right, ?countRight), NumericLessthan(?countRight, ?countLeft) >>>
07:58:26 [INFO] Execution step: Body
07:58:26 [INFO] Trie does not contain any elements
07:58:26 [INFO] Execution step: Duplicate Elimination (Datalog)
07:58:26 [INFO] Trie does not contain any elements
07:58:26 [INFO] Rule duration: 0 ms
07:58:26 [INFO] <<< STEP 21: APPLYING RULE 8 predToKeep(?right) :- rightSmaller(?right) >>>
07:58:26 [INFO] Execution step: Body
07:58:26 [INFO] Saved temporary table: 1 entries (3404)
07:58:26 [INFO] Execution step: Duplicate Elimination (Datalog)
07:58:26 [INFO] Saved permanent table predToKeep (21) Permutation { idx_to_val: [], val_to_idx: [] } with 1 entries (3452)
07:58:26 [INFO] Rule duration: 0 ms
07:58:26 [INFO] <<< STEP 22: APPLYING RULE 8 predToKeep(?right) :- rightSmaller(?right) >>>
07:58:26 [INFO] Execution step: Body
07:58:26 [INFO] Trie does not contain any elements
07:58:26 [INFO] Execution step: Duplicate Elimination (Datalog)
07:58:26 [INFO] Trie does not contain any elements
07:58:26 [INFO] Rule duration: 0 ms
07:58:26 [INFO] <<< STEP 23: APPLYING RULE 16 R_12(?X_5, ?X_1, ?X_3, "x", ?X_4) :- rightSmaller(?X_5), rightSmaller(?X_1), rightSmaller(?X_3), rightSmaller(?_BODY_1), rightSmaller(?X_4), pred(?X_4), Equal(?_BODY_1, "x") >>>
07:58:26 [INFO] Execution step: Body
07:58:26 [INFO] Trie does not contain any elements
07:58:26 [INFO] Execution step: Duplicate Elimination (Datalog)
07:58:26 [INFO] Trie does not contain any elements
07:58:26 [INFO] Rule duration: 0 ms
07:58:26 [INFO] <<< STEP 24: APPLYING RULE 9 predToKeep(?left) :- inv(?left, ?right), rightSmaller(?right) >>>
07:58:26 [INFO] Execution step: Project/Reorder
07:58:26 [INFO] Saved temporary table: 1 entries (3452)
07:58:26 [INFO] Execution step: Body
07:58:26 [INFO] Trie does not contain any elements
07:58:26 [INFO] Execution step: Duplicate Elimination (Datalog)
07:58:26 [INFO] Trie does not contain any elements
07:58:26 [INFO] Rule duration: 0 ms
07:58:26 [INFO] <<< STEP 25: APPLYING RULE 19 R_3(?X_3, ?X_4, ?X_5, ?X_2, ?X_1) :- predToKeep(?X_3), predToKeep(?X_4), predToKeep(?X_5), predToKeep(?X_2), predToKeep(?X_1), R_6(?X_5, ?Z_1, ?X_2, ?X_1) >>>
07:58:26 [INFO] Execution step: Body
07:58:26 [INFO] Trie does not contain any elements
07:58:26 [INFO] Execution step: Duplicate Elimination (Datalog)
07:58:26 [INFO] Trie does not contain any elements
07:58:26 [INFO] Rule duration: 0 ms
07:58:26 [INFO] <<< STEP 26: APPLYING RULE 13 R_8("a", ?X_3, ?X_4, ?X_2) :- R_3(?_BODY_1, ?X_3, ?X_4, ?X_2, ?_BODY_2), Equal(?_BODY_1, "a"), Equal(?_BODY_2, ?X_3) >>>
07:58:26 [INFO] Execution step: Body
07:58:26 [INFO] Trie does not contain any elements
07:58:26 [INFO] Execution step: Duplicate Elimination (Datalog)
07:58:26 [INFO] Trie does not contain any elements
07:58:26 [INFO] Rule duration: 0 ms
07:58:26 [INFO] <<< STEP 27: APPLYING RULE 18 R_1(<http://www.wikidata.org/prop/direct/P1696>, ?X_1, ?X_3, ?X_1) :- pred(?_BODY_1), pred(?X_1), pred(?X_3), pred(?X_1), R_3(?Z_1, ?X_1, ?_BODY_2, ?X_3, ?_BODY_3), Equal(?_BODY_1, <http://www.wikidata.org/prop/direct/P1696>), Equal(?_BODY_2, ?X_1), Equal(?_BODY_3, ?X_1) >>>
07:58:26 [INFO] Execution step: Body
07:58:26 [INFO] Trie does not contain any elements
07:58:26 [INFO] Execution step: Duplicate Elimination (Datalog)
07:58:26 [INFO] Trie does not contain any elements
07:58:26 [INFO] Rule duration: 0 ms
07:58:26 [INFO] <<< STEP 28: APPLYING RULE 17 R_5(<http://wikiba.se/ontology#directClaim>, ?X_6, ?X_5, ?X_4, ?X_4, ?X_2) :- R_1(?_BODY_1, ?X_6, ?X_5, ?X_4), R_1(?X_4, ?X_2, ?_BODY_2, ?_BODY_3), inv(?Z_1, ?X_4), predToKeep(?Z_1), R_1(?X_5, ?X_4, ?_BODY_4, ?Z_5), rightSmaller(?Z_1), Equal(?_BODY_1, <http://wikiba.se/ontology#directClaim>), Equal(?_BODY_2, <http://wikiba.se/ontology#directClaim>), Equal(?_BODY_3, ?X_4), Equal(?_BODY_4, ?X_4) >>>
07:58:26 [INFO] Execution step: Project/Reorder
07:58:26 [INFO] Saved temporary table: 1 entries (3452)
07:58:26 [INFO] Execution step: Body
07:58:26 [INFO] Trie does not contain any elements
07:58:26 [INFO] Execution step: Duplicate Elimination (Datalog)
07:58:26 [INFO] Trie does not contain any elements
07:58:26 [INFO] Rule duration: 0 ms
07:58:26 [INFO] <<< STEP 29: APPLYING RULE 21 R_9(?X_1) :- avgObjCountPerPredicate(?X_1, ?_BODY_1), R_8(?Z_1, ?X_1, ?_BODY_2, ?_BODY_3), Equal(?_BODY_1, "x"), Equal(?_BODY_2, ?X_1), Equal(?_BODY_3, ?X_1) >>>
07:58:26 [INFO] Execution step: Body
07:58:26 [INFO] Trie does not contain any elements
07:58:26 [INFO] Execution step: Duplicate Elimination (Datalog)
07:58:26 [INFO] Trie does not contain any elements
07:58:26 [INFO] Rule duration: 0 ms
07:58:26 [INFO] <<< STEP 30: APPLYING RULE 11 R_4(?X_2, ?X_1, ?X_2) :- R_13(?X_2, ?_BODY_1, ?_BODY_2, ?X_1), Equal(?_BODY_1, <http://wikiba.se/ontology#directClaim>), Equal(?_BODY_2, ?X_2) >>>
07:58:26 [INFO] Execution step: Body
07:58:26 [INFO] Trie does not contain any elements
07:58:26 [INFO] Execution step: Duplicate Elimination (Datalog)
07:58:26 [INFO] Trie does not contain any elements
07:58:26 [INFO] Rule duration: 0 ms
07:58:26 [INFO] <<< STEP 31: APPLYING RULE 20 R_13(?X_1, "b", ?X_3, ?X_4) :- wikidata(?X_3, ?_BODY_1, ?_BODY_2), wikidata(?X_1, ?_BODY_3, ?X_4), R_7(?Z_1, ?_BODY_4, ?X_1, ?_BODY_5, ?Z_2), objCountPerPredAndSource(?X_1, ?_BODY_6, ?_BODY_7), wikidata(?X_1, ?X_4, ?X_3), Equal(?_BODY_1, "b"), Equal(?_BODY_2, ?X_3), Equal(?_BODY_3, ?X_1), Equal(?_BODY_4, "x"), Equal(?_BODY_5, ?X_1), Equal(?_BODY_6, ?X_1), Equal(?_BODY_7, "a") >>>
07:58:26 [INFO] Execution step: Project/Reorder
07:58:26 [INFO] Saved temporary table: 3 entries (10532)
07:58:26 [INFO] Execution step: Project/Reorder
07:58:26 [INFO] Saved temporary table: 7 entries (10848)
07:58:26 [INFO] Execution step: Body
07:58:26 [INFO] Trie does not contain any elements
07:58:26 [INFO] Execution step: Duplicate Elimination (Datalog)
07:58:26 [INFO] Trie does not contain any elements
07:58:26 [INFO] Rule duration: 0 ms
07:58:26 [INFO] <<< STEP 32: APPLYING RULE 22 R_14(?X_3, ?X_4, ?X_6, ?X_5, ?X_4, ?X_1) :- R_4(?X_3, ?X_4, ?X_6), R_4(?X_5, ?X_4, ?X_1), inversePropEntities(?X_1, ?X_5), R_12(?Z_2, ?X_6, ?X_4, ?_BODY_1, ?Z_4), R_9(?X_1), Equal(?_BODY_1, ?X_4) >>>
07:58:26 [INFO] Execution step: Project/Reorder
07:58:26 [INFO] Trie does not contain any elements
07:58:26 [INFO] Execution step: Body
07:58:26 [INFO] Trie does not contain any elements
07:58:26 [INFO] Execution step: Duplicate Elimination (Datalog)
07:58:26 [INFO] Trie does not contain any elements
07:58:26 [INFO] Rule duration: 0 ms
07:58:26 [INFO] <<< STEP 33: APPLYING RULE 23 R_7(?X_3, ?X_5, ?X_1, ?X_4, ?X_4) :- predToKeep(?X_3), predToKeep(?X_5), predToKeep(?X_1), predToKeep(?X_4), predToKeep(?X_4), avgObjCountPerPredicate(?X_3, ?X_4), totalSubjCountPerPred(?X_3, ?Z_3), R_14(?Z_5, ?X_4, ?_BODY_1, ?Z_9, ?_BODY_2, ?Z_3), R_5(?X_1, ?X_4, ?X_5, ?_BODY_3, ?_BODY_4, ?Z_3), Equal(?_BODY_1, ?X_4), Equal(?_BODY_2, ?X_4), Equal(?_BODY_3, ?X_4), Equal(?_BODY_4, ?X_4) >>>
07:58:26 [INFO] Execution step: Project/Reorder
07:58:26 [INFO] Trie does not contain any elements
07:58:26 [INFO] Execution step: Body
07:58:26 [INFO] Trie does not contain any elements
07:58:26 [INFO] Execution step: Duplicate Elimination (Datalog)
07:58:26 [INFO] Trie does not contain any elements
07:58:26 [INFO] Rule duration: 0 ms
07:58:26 [INFO] <<< STEP 34: APPLYING RULE 15 R_15(?X_1, ?X_4, "entityA", ?X_5, ?X_5) :- R_7(?X_1, ?X_4, ?_BODY_1, ?X_5, ?_BODY_2), Equal(?_BODY_1, "entityA"), Equal(?_BODY_2, ?X_5) >>>
07:58:26 [INFO] Execution step: Body
07:58:26 [INFO] Trie does not contain any elements
07:58:26 [INFO] Execution step: Duplicate Elimination (Datalog)
07:58:26 [INFO] Trie does not contain any elements
07:58:26 [INFO] Rule duration: 0 ms
07:58:26 [INFO] <<< STEP 35: APPLYING RULE 24 R_OUT(?X_2, ?X_2) :- R_6(?X_2, ?_BODY_1, ?_BODY_2, ?_BODY_3), R_2(?X_2, ?_BODY_4, ?_BODY_5, ?_BODY_6, ?_BODY_7), R_13(?X_2, ?Z_4, ?_BODY_8, ?_BODY_9), R_10(?X_2, ?_BODY_10), R_15(?_BODY_11, ?X_2, ?_BODY_12, ?_BODY_13, ?_BODY_14), Equal(?_BODY_1, ?X_2), Equal(?_BODY_2, ?X_2), Equal(?_BODY_3, ?X_2), Equal(?_BODY_4, ?X_2), Equal(?_BODY_5, ?X_2), Equal(?_BODY_6, "b"), Equal(?_BODY_7, ?X_2), Equal(?_BODY_8, ?X_2), Equal(?_BODY_9, ?X_2), Equal(?_BODY_10, ?X_2), Equal(?_BODY_11, <http://www.wikidata.org/prop/direct/P1696>), Equal(?_BODY_12, ?X_2), Equal(?_BODY_13, ?X_2), Equal(?_BODY_14, ?X_2) >>>
07:58:26 [INFO] Execution step: Project/Reorder
07:58:26 [INFO] Saved temporary table: 3 entries (7032)
07:58:26 [INFO] Execution step: Project/Reorder
07:58:26 [INFO] Trie does not contain any elements
07:58:26 [INFO] Execution step: Body
07:58:26 [INFO] Trie does not contain any elements
07:58:26 [INFO] Execution step: Duplicate Elimination (Datalog)
07:58:26 [INFO] Trie does not contain any elements
07:58:26 [INFO] Rule duration: 0 ms
07:58:26 [INFO] Execution step: Combining Tables
07:58:26 [INFO] Saved permanent table R_OUT (0-1) Permutation { idx_to_val: [], val_to_idx: [] } with 4 entries (7072)
07:58:26 [INFO] ----------------------------------------------
07:58:26 [INFO] --- Finished Nemo Execution - Input Program --
07:58:26 [INFO] Output size: 4
07:58:26 [INFO] ----------------------------------------------
07:58:26 [INFO] 
07:58:26 [INFO] ----------------------------------------------
07:58:26 [INFO] Beginning Nemo Execution - Transformed Program
07:58:26 [INFO] ----------------------------------------------
07:58:26 [INFO] Stratified program: [[0, 1, 2, 3, 10, 12, 24, 25, 31], [4, 29], [5], [6, 7, 8, 14], [9, 13, 15, 16, 17, 19, 23], [11, 18, 20, 21], [22, 30], [26, 27, 28]]
07:58:26 [INFO] Loading source SimpleTable { arity: 2, data: [AnyDataValue(PlainString(StringDataValue("str_1"))), AnyDataValue(PlainString(StringDataValue("str_1"))), AnyDataValue(PlainString(StringDataValue("a"))), AnyDataValue(PlainString(StringDataValue("str_3"))), AnyDataValue(PlainString(StringDataValue("x"))), AnyDataValue(PlainString(StringDataValue("entityA"))), AnyDataValue(Iri(IriDataValue("c_5"))), AnyDataValue(PlainString(StringDataValue("str_7"))), AnyDataValue(Iri(IriDataValue("c_8"))), AnyDataValue(UnsignedLong(UnsignedLongDataValue(5385314802762685604))), AnyDataValue(Iri(IriDataValue("c_9"))), AnyDataValue(PlainString(StringDataValue("str_10"))), AnyDataValue(Iri(IriDataValue("c_10"))), AnyDataValue(PlainString(StringDataValue("str_2"))), AnyDataValue(Iri(IriDataValue("http://wikiba.se/ontology#directClaim"))), AnyDataValue(UnsignedLong(UnsignedLongDataValue(15200017712414378045))), AnyDataValue(Iri(IriDataValue("c_11"))), AnyDataValue(UnsignedLong(UnsignedLongDataValue(13136891223749143521)))] }
07:58:26 [INFO] Execution step: Combining Tables
07:58:26 [INFO] Saved permanent table R_OUT (0-1) Permutation { idx_to_val: [], val_to_idx: [] } with 9 entries (7356)
07:58:26 [INFO] <<< STEP 1: APPLYING RULE 0 inversePropEntities(?s, ?o) :- wikidata(?s, ?_BODY_1, ?o), Equal(StringCompare(LexicalValue(?s), LexicalValue(?o)), -1), Equal(?_BODY_1, <http://www.wikidata.org/prop/direct/P1696>) >>>
07:58:26 [INFO] Loading source SimpleTable { arity: 3, data: [AnyDataValue(PlainString(StringDataValue("entityA"))), AnyDataValue(Iri(IriDataValue("http://www.wikidata.org/prop/direct/P1696"))), AnyDataValue(PlainString(StringDataValue("entityB"))), AnyDataValue(PlainString(StringDataValue("entityA"))), AnyDataValue(Iri(IriDataValue("http://wikiba.se/ontology#directClaim"))), AnyDataValue(PlainString(StringDataValue("a"))), AnyDataValue(PlainString(StringDataValue("entityB"))), AnyDataValue(Iri(IriDataValue("http://wikiba.se/ontology#directClaim"))), AnyDataValue(PlainString(StringDataValue("b"))), AnyDataValue(PlainString(StringDataValue("x"))), AnyDataValue(PlainString(StringDataValue("a"))), AnyDataValue(PlainString(StringDataValue("y"))), AnyDataValue(PlainString(StringDataValue("x"))), AnyDataValue(PlainString(StringDataValue("a"))), AnyDataValue(PlainString(StringDataValue("z"))), AnyDataValue(PlainString(StringDataValue("y"))), AnyDataValue(PlainString(StringDataValue("b"))), AnyDataValue(PlainString(StringDataValue("x"))), AnyDataValue(PlainString(StringDataValue("z"))), AnyDataValue(PlainString(StringDataValue("b"))), AnyDataValue(PlainString(StringDataValue("x")))] }
07:58:26 [INFO] Execution step: Body
07:58:26 [INFO] Saved temporary table: 1 entries (6856)
07:58:26 [INFO] Execution step: Duplicate Elimination (Datalog)
07:58:26 [INFO] Saved permanent table inversePropEntities (1) Permutation { idx_to_val: [], val_to_idx: [] } with 1 entries (6904)
07:58:26 [INFO] Rule duration: 0 ms
07:58:26 [INFO] <<< STEP 2: APPLYING RULE 0 inversePropEntities(?s, ?o) :- wikidata(?s, ?_BODY_1, ?o), Equal(StringCompare(LexicalValue(?s), LexicalValue(?o)), -1), Equal(?_BODY_1, <http://www.wikidata.org/prop/direct/P1696>) >>>
07:58:26 [INFO] Execution step: Body
07:58:26 [INFO] Trie does not contain any elements
07:58:26 [INFO] Execution step: Duplicate Elimination (Datalog)
07:58:26 [INFO] Trie does not contain any elements
07:58:26 [INFO] Rule duration: 0 ms
07:58:26 [INFO] <<< STEP 3: APPLYING RULE 1 inv(?p1, ?p2) :- inversePropEntities(?e1, ?e2), wikidata(?e1, ?_BODY_1, ?p1), wikidata(?e2, ?_BODY_2, ?p2), Equal(?_BODY_1, <http://wikiba.se/ontology#directClaim>), Equal(?_BODY_2, <http://wikiba.se/ontology#directClaim>) >>>
07:58:26 [INFO] Execution step: Body
07:58:26 [INFO] Saved temporary table: 1 entries (6856)
07:58:26 [INFO] Execution step: Duplicate Elimination (Datalog)
07:58:26 [INFO] Saved permanent table inv (3) Permutation { idx_to_val: [], val_to_idx: [] } with 1 entries (6904)
07:58:26 [INFO] Rule duration: 0 ms
07:58:26 [INFO] <<< STEP 4: APPLYING RULE 1 inv(?p1, ?p2) :- inversePropEntities(?e1, ?e2), wikidata(?e1, ?_BODY_1, ?p1), wikidata(?e2, ?_BODY_2, ?p2), Equal(?_BODY_1, <http://wikiba.se/ontology#directClaim>), Equal(?_BODY_2, <http://wikiba.se/ontology#directClaim>) >>>
07:58:26 [INFO] Execution step: Body
07:58:26 [INFO] Trie does not contain any elements
07:58:26 [INFO] Execution step: Duplicate Elimination (Datalog)
07:58:26 [INFO] Trie does not contain any elements
07:58:26 [INFO] Rule duration: 0 ms
07:58:26 [INFO] <<< STEP 5: APPLYING RULE 2 pred(?s) :- inv(?s, ?_BODY_1) >>>
07:58:26 [INFO] Execution step: Body
07:58:26 [INFO] Saved temporary table: 1 entries (3404)
07:58:26 [INFO] Execution step: Duplicate Elimination (Datalog)
07:58:26 [INFO] Saved permanent table pred (5) Permutation { idx_to_val: [], val_to_idx: [] } with 1 entries (3452)
07:58:26 [INFO] Rule duration: 0 ms
07:58:26 [INFO] <<< STEP 6: APPLYING RULE 2 pred(?s) :- inv(?s, ?_BODY_1) >>>
07:58:26 [INFO] Execution step: Body
07:58:26 [INFO] Trie does not contain any elements
07:58:26 [INFO] Execution step: Duplicate Elimination (Datalog)
07:58:26 [INFO] Trie does not contain any elements
07:58:26 [INFO] Rule duration: 0 ms
07:58:26 [INFO] <<< STEP 7: APPLYING RULE 3 pred(?o) :- inv(?_BODY_1, ?o) >>>
07:58:26 [INFO] Execution step: Body
07:58:26 [INFO] Saved temporary table: 1 entries (3404)
07:58:26 [INFO] Execution step: Duplicate Elimination (Datalog)
07:58:26 [INFO] Saved permanent table pred (7) Permutation { idx_to_val: [], val_to_idx: [] } with 1 entries (3452)
07:58:26 [INFO] Rule duration: 0 ms
07:58:26 [INFO] <<< STEP 8: APPLYING RULE 3 pred(?o) :- inv(?_BODY_1, ?o) >>>
07:58:26 [INFO] Execution step: Body
07:58:26 [INFO] Trie does not contain any elements
07:58:26 [INFO] Execution step: Duplicate Elimination (Datalog)
07:58:26 [INFO] Trie does not contain any elements
07:58:26 [INFO] Rule duration: 0 ms
07:58:26 [INFO] <<< STEP 9: APPLYING RULE 10 R_2(?X_4, ?X_5, "x", ?X_3, ?X_1) :- wikidata(?X_4, ?X_5, ?_BODY_1), wikidata(?X_3, ?X_1, ?X_5), Equal(?_BODY_1, "x") >>>
07:58:26 [INFO] Execution step: Body
07:58:26 [INFO] Saved temporary table: 2 entries (13920)
07:58:26 [INFO] Execution step: Duplicate Elimination (Datalog)
07:58:26 [INFO] Saved permanent table R_2 (9) Permutation { idx_to_val: [], val_to_idx: [] } with 2 entries (17472)
07:58:26 [INFO] Rule duration: 0 ms
07:58:26 [INFO] <<< STEP 10: APPLYING RULE 10 R_2(?X_4, ?X_5, "x", ?X_3, ?X_1) :- wikidata(?X_4, ?X_5, ?_BODY_1), wikidata(?X_3, ?X_1, ?X_5), Equal(?_BODY_1, "x") >>>
07:58:26 [INFO] Execution step: Body
07:58:26 [INFO] Trie does not contain any elements
07:58:26 [INFO] Execution step: Duplicate Elimination (Datalog)
07:58:26 [INFO] Trie does not contain any elements
07:58:26 [INFO] Rule duration: 0 ms
07:58:26 [INFO] <<< STEP 11: APPLYING RULE 12 R_6(?X_2, "a", ?X_1, ?X_4) :- R_2(?X_2, ?_BODY_1, ?Y_1, ?X_4, ?X_1), Equal(?_BODY_1, "a") >>>
07:58:26 [INFO] Execution step: Body
07:58:26 [INFO] Trie does not contain any elements
07:58:26 [INFO] Execution step: Duplicate Elimination (Datalog)
07:58:26 [INFO] Trie does not contain any elements
07:58:26 [INFO] Rule duration: 0 ms
07:58:26 [INFO] <<< STEP 12: APPLYING RULE 24 R_3("z", ?X_4, ?X_3, ?X_1, ?X_5) :- R_19(?_BODY_1), R_19(?X_4), R_19(?X_3), R_19(?X_1), R_19(?X_5), R_19(?_BODY_2), Equal(?_BODY_1, "z"), Equal(?_BODY_2, "z") >>>
07:58:26 [INFO] Execution step: Project/Reorder
07:58:26 [INFO] Trie does not contain any elements
07:58:26 [INFO] Execution step: Body
07:58:26 [INFO] Trie does not contain any elements
07:58:26 [INFO] Execution step: Duplicate Elimination (Datalog)
07:58:26 [INFO] Trie does not contain any elements
07:58:26 [INFO] Rule duration: 0 ms
07:58:26 [INFO] <<< STEP 13: APPLYING RULE 25 R_1(?X_3, ?X_2, ?X_1, ?X_4) :- R_19(?X_3), R_19(?X_2), R_19(?X_1), R_19(?X_4), R_19(?X_3) >>>
07:58:26 [INFO] Execution step: Project/Reorder
07:58:26 [INFO] Trie does not contain any elements
07:58:26 [INFO] Execution step: Body
07:58:26 [INFO] Trie does not contain any elements
07:58:26 [INFO] Execution step: Duplicate Elimination (Datalog)
07:58:26 [INFO] Trie does not contain any elements
07:58:26 [INFO] Rule duration: 0 ms
07:58:26 [INFO] <<< STEP 14: APPLYING RULE 31 R_10(?X_1, "y") :- wikidata(?X_1, ?_BODY_1, ?_BODY_2), R_2(?X_1, ?_BODY_3, ?_BODY_4, ?_BODY_5, ?_BODY_6), R_21(?X_1), Equal(?_BODY_1, ?X_1), Equal(?_BODY_2, "y"), Equal(?_BODY_3, ?X_1), Equal(?_BODY_4, ?X_1), Equal(?_BODY_5, 8864398938378237791), Equal(?_BODY_6, ?X_1) >>>
07:58:26 [INFO] Loading source SimpleTable { arity: 1, data: [AnyDataValue(Iri(IriDataValue("c_8"))), AnyDataValue(PlainString(StringDataValue("str_11"))), AnyDataValue(Iri(IriDataValue("c_2")))] }
07:58:26 [INFO] Loading source SimpleTable { arity: 2, data: [AnyDataValue(PlainString(StringDataValue("a"))), AnyDataValue(UnsignedLong(UnsignedLongDataValue(308135551959435455)))] }
07:58:26 [INFO] Execution step: Project/Reorder
07:58:26 [INFO] Saved temporary table: 3 entries (3460)
07:58:26 [INFO] Execution step: Body
07:58:26 [INFO] Trie does not contain any elements
07:58:26 [INFO] Execution step: Duplicate Elimination (Datalog)
07:58:26 [INFO] Trie does not contain any elements
07:58:26 [INFO] Rule duration: 0 ms
07:58:26 [INFO] <<< STEP 15: APPLYING RULE 4 objCountPerPredAndSource(?p, ?s, ?_AGGREGATION_OUT) :- pred(?p), wikidata(?s, ?p, ?o), ?_AGGREGATION_OUT = #count(?o) >>>
07:58:26 [INFO] Execution step: Body
07:58:26 [INFO] Saved temporary table: 4 entries (10476)
07:58:26 [INFO] Execution step: Aggregate output
07:58:26 [INFO] Execution step: Project/Reorder
07:58:26 [INFO] Saved temporary table: 3 entries (10532)
07:58:26 [INFO] Execution step: Duplicate Elimination (Datalog)
07:58:26 [INFO] Saved permanent table objCountPerPredAndSource (15) Permutation { idx_to_val: [], val_to_idx: [] } with 3 entries (10532)
07:58:26 [INFO] Rule duration: 0 ms
07:58:26 [INFO] <<< STEP 16: APPLYING RULE 4 objCountPerPredAndSource(?p, ?s, ?_AGGREGATION_OUT) :- pred(?p), wikidata(?s, ?p, ?o), ?_AGGREGATION_OUT = #count(?o) >>>
07:58:26 [INFO] Execution step: Body
07:58:26 [INFO] Trie does not contain any elements
07:58:26 [INFO] Execution step: Aggregate output
07:58:26 [INFO] Trie does not contain any elements
07:58:26 [INFO] Execution step: Duplicate Elimination (Datalog)
07:58:26 [INFO] Trie does not contain any elements
07:58:26 [INFO] Rule duration: 0 ms
07:58:26 [INFO] <<< STEP 17: APPLYING RULE 29 R_13("str_1", ?X_4, ?X_3, ?X_1) :- R_6(?_BODY_1, ?X_4, ?X_3, ?X_1), R_6(?_BODY_2, ?X_4, ?X_3, ?X_1), Equal(?_BODY_1, "str_1"), Equal(?_BODY_2, "str_1") >>>
07:58:26 [INFO] Execution step: Project/Reorder
07:58:26 [INFO] Trie does not contain any elements
07:58:26 [INFO] Execution step: Body
07:58:26 [INFO] Trie does not contain any elements
07:58:26 [INFO] Execution step: Duplicate Elimination (Datalog)
07:58:26 [INFO] Trie does not contain any elements
07:58:26 [INFO] Rule duration: 0 ms
07:58:26 [INFO] <<< STEP 18: APPLYING RULE 5 totalSubjCountPerPred(?p, ?_AGGREGATION_OUT) :- objCountPerPredAndSource(?p, ?s, ?_BODY_1), ?_AGGREGATION_OUT = #count(?s) >>>
07:58:26 [INFO] Execution step: Body
07:58:26 [INFO] Saved temporary table: 3 entries (6916)
07:58:26 [INFO] Execution step: Aggregate output
07:58:26 [INFO] Execution step: Project/Reorder
07:58:26 [INFO] Saved temporary table: 2 entries (6968)
07:58:26 [INFO] Execution step: Duplicate Elimination (Datalog)
07:58:26 [INFO] Saved permanent table totalSubjCountPerPred (18) Permutation { idx_to_val: [], val_to_idx: [] } with 2 entries (6968)
07:58:26 [INFO] Rule duration: 0 ms
07:58:26 [INFO] <<< STEP 19: APPLYING RULE 5 totalSubjCountPerPred(?p, ?_AGGREGATION_OUT) :- objCountPerPredAndSource(?p, ?s, ?_BODY_1), ?_AGGREGATION_OUT = #count(?s) >>>
07:58:26 [INFO] Execution step: Body
07:58:26 [INFO] Trie does not contain any elements
07:58:26 [INFO] Execution step: Aggregate output
07:58:26 [INFO] Trie does not contain any elements
07:58:26 [INFO] Execution step: Duplicate Elimination (Datalog)
07:58:26 [INFO] Trie does not contain any elements
07:58:26 [INFO] Rule duration: 0 ms
07:58:26 [INFO] <<< STEP 20: APPLYING RULE 6 avgObjCountPerPredicate(?p, ?_HEAD_1) :- objCountPerPredAndSource(?p, ?s, ?count), totalSubjCountPerPred(?p, ?totalSubj), Equal(?_HEAD_1, NumericDivision(CastToDouble(?_AGGREGATION_OUT), ?totalSubj)), ?_AGGREGATION_OUT = #sum(?count, ?s) >>>
07:58:26 [INFO] Execution step: Body
07:58:26 [INFO] Saved temporary table: 3 entries (13940)
07:58:26 [INFO] Execution step: Aggregate output
07:58:26 [INFO] Saved temporary table: 2 entries (10480)
07:58:26 [INFO] Execution step: Aggregation
07:58:26 [INFO] Saved temporary table: 2 entries (6920)
07:58:26 [INFO] Execution step: Duplicate Elimination (Datalog)
07:58:26 [INFO] Saved permanent table avgObjCountPerPredicate (20) Permutation { idx_to_val: [], val_to_idx: [] } with 2 entries (6968)
07:58:26 [INFO] Rule duration: 0 ms
07:58:26 [INFO] <<< STEP 21: APPLYING RULE 6 avgObjCountPerPredicate(?p, ?_HEAD_1) :- objCountPerPredAndSource(?p, ?s, ?count), totalSubjCountPerPred(?p, ?totalSubj), Equal(?_HEAD_1, NumericDivision(CastToDouble(?_AGGREGATION_OUT), ?totalSubj)), ?_AGGREGATION_OUT = #sum(?count, ?s) >>>
07:58:26 [INFO] Execution step: Body
07:58:26 [INFO] Trie does not contain any elements
07:58:26 [INFO] Execution step: Aggregate output
07:58:26 [INFO] Trie does not contain any elements
07:58:26 [INFO] Execution step: Aggregation
07:58:26 [INFO] Trie does not contain any elements
07:58:26 [INFO] Execution step: Duplicate Elimination (Datalog)
07:58:26 [INFO] Trie does not contain any elements
07:58:26 [INFO] Rule duration: 0 ms
07:58:26 [INFO] <<< STEP 22: APPLYING RULE 7 rightSmaller(?right) :- inv(?left, ?right), avgObjCountPerPredicate(?left, ?countLeft), avgObjCountPerPredicate(?right, ?countRight), NumericLessthan(?countRight, ?countLeft) >>>
07:58:26 [INFO] Execution step: Body
07:58:26 [INFO] Saved temporary table: 1 entries (3404)
07:58:26 [INFO] Execution step: Duplicate Elimination (Datalog)
07:58:26 [INFO] Saved permanent table rightSmaller (22) Permutation { idx_to_val: [], val_to_idx: [] } with 1 entries (3452)
07:58:26 [INFO] Rule duration: 0 ms
07:58:26 [INFO] <<< STEP 23: APPLYING RULE 7 rightSmaller(?right) :- inv(?left, ?right), avgObjCountPerPredicate(?left, ?countLeft), avgObjCountPerPredicate(?right, ?countRight), NumericLessthan(?countRight, ?countLeft) >>>
07:58:26 [INFO] Execution step: Body
07:58:26 [INFO] Trie does not contain any elements
07:58:26 [INFO] Execution step: Duplicate Elimination (Datalog)
07:58:26 [INFO] Trie does not contain any elements
07:58:26 [INFO] Rule duration: 0 ms
07:58:26 [INFO] <<< STEP 24: APPLYING RULE 8 predToKeep(?right) :- rightSmaller(?right) >>>
07:58:26 [INFO] Execution step: Body
07:58:26 [INFO] Saved temporary table: 1 entries (3404)
07:58:26 [INFO] Execution step: Duplicate Elimination (Datalog)
07:58:26 [INFO] Saved permanent table predToKeep (24) Permutation { idx_to_val: [], val_to_idx: [] } with 1 entries (3452)
07:58:26 [INFO] Rule duration: 0 ms
07:58:26 [INFO] <<< STEP 25: APPLYING RULE 8 predToKeep(?right) :- rightSmaller(?right) >>>
07:58:26 [INFO] Execution step: Body
07:58:26 [INFO] Trie does not contain any elements
07:58:26 [INFO] Execution step: Duplicate Elimination (Datalog)
07:58:26 [INFO] Trie does not contain any elements
07:58:26 [INFO] Rule duration: 0 ms
07:58:26 [INFO] <<< STEP 26: APPLYING RULE 14 R_12(?X_5, ?X_1, ?X_3, "x", ?X_4) :- rightSmaller(?X_5), rightSmaller(?X_1), rightSmaller(?X_3), rightSmaller(?_BODY_1), rightSmaller(?X_4), pred(?X_4), Equal(?_BODY_1, "x") >>>
07:58:26 [INFO] Execution step: Body
07:58:26 [INFO] Trie does not contain any elements
07:58:26 [INFO] Execution step: Duplicate Elimination (Datalog)
07:58:26 [INFO] Trie does not contain any elements
07:58:26 [INFO] Rule duration: 0 ms
07:58:26 [INFO] <<< STEP 27: APPLYING RULE 9 predToKeep(?left) :- inv(?left, ?right), rightSmaller(?right) >>>
07:58:26 [INFO] Execution step: Project/Reorder
07:58:26 [INFO] Saved temporary table: 1 entries (3452)
07:58:26 [INFO] Execution step: Body
07:58:26 [INFO] Trie does not contain any elements
07:58:26 [INFO] Execution step: Duplicate Elimination (Datalog)
07:58:26 [INFO] Trie does not contain any elements
07:58:26 [INFO] Rule duration: 0 ms
07:58:26 [INFO] <<< STEP 28: APPLYING RULE 17 R_3(?X_3, ?X_4, ?X_5, ?X_2, ?X_1) :- predToKeep(?X_3), predToKeep(?X_4), predToKeep(?X_5), predToKeep(?X_2), predToKeep(?X_1), R_6(?X_5, ?Z_1, ?X_2, ?X_1) >>>
07:58:26 [INFO] Execution step: Body
07:58:26 [INFO] Trie does not contain any elements
07:58:26 [INFO] Execution step: Duplicate Elimination (Datalog)
07:58:26 [INFO] Trie does not contain any elements
07:58:26 [INFO] Rule duration: 0 ms
07:58:26 [INFO] <<< STEP 29: APPLYING RULE 13 R_8("a", ?X_3, ?X_4, ?X_2) :- R_3(?_BODY_1, ?X_3, ?X_4, ?X_2, ?_BODY_2), Equal(?_BODY_1, "a"), Equal(?_BODY_2, ?X_3) >>>
07:58:26 [INFO] Execution step: Body
07:58:26 [INFO] Trie does not contain any elements
07:58:26 [INFO] Execution step: Duplicate Elimination (Datalog)
07:58:26 [INFO] Trie does not contain any elements
07:58:26 [INFO] Rule duration: 0 ms
07:58:26 [INFO] <<< STEP 30: APPLYING RULE 16 R_1(<http://www.wikidata.org/prop/direct/P1696>, ?X_1, ?X_3, ?X_1) :- pred(?_BODY_1), pred(?X_1), pred(?X_3), pred(?X_1), R_3(?Z_1, ?X_1, ?_BODY_2, ?X_3, ?_BODY_3), Equal(?_BODY_1, <http://www.wikidata.org/prop/direct/P1696>), Equal(?_BODY_2, ?X_1), Equal(?_BODY_3, ?X_1) >>>
07:58:26 [INFO] Execution step: Body
07:58:26 [INFO] Trie does not contain any elements
07:58:26 [INFO] Execution step: Duplicate Elimination (Datalog)
07:58:26 [INFO] Trie does not contain any elements
07:58:26 [INFO] Rule duration: 0 ms
07:58:26 [INFO] <<< STEP 31: APPLYING RULE 15 R_5(<http://wikiba.se/ontology#directClaim>, ?X_6, ?X_5, ?X_4, ?X_4, ?X_2) :- R_1(?_BODY_1, ?X_6, ?X_5, ?X_4), R_1(?X_4, ?X_2, ?_BODY_2, ?_BODY_3), inv(?Z_1, ?X_4), predToKeep(?Z_1), R_1(?X_5, ?X_4, ?_BODY_4, ?Z_5), rightSmaller(?Z_1), Equal(?_BODY_1, <http://wikiba.se/ontology#directClaim>), Equal(?_BODY_2, <http://wikiba.se/ontology#directClaim>), Equal(?_BODY_3, ?X_4), Equal(?_BODY_4, ?X_4) >>>
07:58:26 [INFO] Execution step: Project/Reorder
07:58:26 [INFO] Saved temporary table: 1 entries (3452)
07:58:26 [INFO] Execution step: Body
07:58:26 [INFO] Trie does not contain any elements
07:58:26 [INFO] Execution step: Duplicate Elimination (Datalog)
07:58:26 [INFO] Trie does not contain any elements
07:58:26 [INFO] Rule duration: 0 ms
07:58:26 [INFO] <<< STEP 32: APPLYING RULE 23 R_8(?X_2, ?X_3, ?X_4, ?X_1) :- R_12(?X_2, ?X_1, ?X_4, ?_BODY_1, ?X_3), R_12(?X_2, ?X_1, ?X_4, ?_BODY_2, ?X_3), Equal(?_BODY_1, ?X_1), Equal(?_BODY_2, ?X_1) >>>
07:58:26 [INFO] Execution step: Project/Reorder
07:58:26 [INFO] Trie does not contain any elements
07:58:26 [INFO] Execution step: Body
07:58:26 [INFO] Trie does not contain any elements
07:58:26 [INFO] Execution step: Duplicate Elimination (Datalog)
07:58:26 [INFO] Trie does not contain any elements
07:58:26 [INFO] Rule duration: 0 ms
07:58:26 [INFO] <<< STEP 33: APPLYING RULE 19 R_9(?X_1) :- avgObjCountPerPredicate(?X_1, ?_BODY_1), R_8(?Z_1, ?X_1, ?_BODY_2, ?_BODY_3), Equal(?_BODY_1, "x"), Equal(?_BODY_2, ?X_1), Equal(?_BODY_3, ?X_1) >>>
07:58:26 [INFO] Execution step: Body
07:58:26 [INFO] Trie does not contain any elements
07:58:26 [INFO] Execution step: Duplicate Elimination (Datalog)
07:58:26 [INFO] Trie does not contain any elements
07:58:26 [INFO] Rule duration: 0 ms
07:58:26 [INFO] <<< STEP 34: APPLYING RULE 11 R_4(?X_2, ?X_1, ?X_2) :- R_13(?X_2, ?_BODY_1, ?_BODY_2, ?X_1), Equal(?_BODY_1, <http://wikiba.se/ontology#directClaim>), Equal(?_BODY_2, ?X_2) >>>
07:58:26 [INFO] Execution step: Body
07:58:26 [INFO] Trie does not contain any elements
07:58:26 [INFO] Execution step: Duplicate Elimination (Datalog)
07:58:26 [INFO] Trie does not contain any elements
07:58:26 [INFO] Rule duration: 0 ms
07:58:26 [INFO] <<< STEP 35: APPLYING RULE 18 R_13(?X_1, "b", ?X_3, ?X_4) :- wikidata(?X_3, ?_BODY_1, ?_BODY_2), wikidata(?X_1, ?_BODY_3, ?X_4), R_7(?Z_1, ?_BODY_4, ?X_1, ?_BODY_5, ?Z_2), objCountPerPredAndSource(?X_1, ?_BODY_6, ?_BODY_7), wikidata(?X_1, ?X_4, ?X_3), Equal(?_BODY_1, "b"), Equal(?_BODY_2, ?X_3), Equal(?_BODY_3, ?X_1), Equal(?_BODY_4, "x"), Equal(?_BODY_5, ?X_1), Equal(?_BODY_6, ?X_1), Equal(?_BODY_7, "a") >>>
07:58:26 [INFO] Execution step: Project/Reorder
07:58:26 [INFO] Saved temporary table: 3 entries (10532)
07:58:26 [INFO] Execution step: Project/Reorder
07:58:26 [INFO] Saved temporary table: 7 entries (10848)
07:58:26 [INFO] Execution step: Body
07:58:26 [INFO] Trie does not contain any elements
07:58:26 [INFO] Execution step: Duplicate Elimination (Datalog)
07:58:26 [INFO] Trie does not contain any elements
07:58:26 [INFO] Rule duration: 0 ms
07:58:26 [INFO] <<< STEP 36: APPLYING RULE 20 R_14(?X_3, ?X_4, ?X_6, ?X_5, ?X_4, ?X_1) :- R_4(?X_3, ?X_4, ?X_6), R_4(?X_5, ?X_4, ?X_1), inversePropEntities(?X_1, ?X_5), R_12(?Z_2, ?X_6, ?X_4, ?_BODY_1, ?Z_4), R_9(?X_1), Equal(?_BODY_1, ?X_4) >>>
07:58:26 [INFO] Execution step: Project/Reorder
07:58:26 [INFO] Trie does not contain any elements
07:58:26 [INFO] Execution step: Body
07:58:26 [INFO] Trie does not contain any elements
07:58:26 [INFO] Execution step: Duplicate Elimination (Datalog)
07:58:26 [INFO] Trie does not contain any elements
07:58:26 [INFO] Rule duration: 0 ms
07:58:26 [INFO] <<< STEP 37: APPLYING RULE 21 R_7(?X_3, ?X_5, ?X_1, ?X_4, ?X_4) :- predToKeep(?X_3), predToKeep(?X_5), predToKeep(?X_1), predToKeep(?X_4), predToKeep(?X_4), avgObjCountPerPredicate(?X_3, ?X_4), totalSubjCountPerPred(?X_3, ?Z_3), R_14(?Z_5, ?X_4, ?_BODY_1, ?Z_9, ?_BODY_2, ?Z_3), R_5(?X_1, ?X_4, ?X_5, ?_BODY_3, ?_BODY_4, ?Z_3), Equal(?_BODY_1, ?X_4), Equal(?_BODY_2, ?X_4), Equal(?_BODY_3, ?X_4), Equal(?_BODY_4, ?X_4) >>>
07:58:26 [INFO] Execution step: Project/Reorder
07:58:26 [INFO] Trie does not contain any elements
07:58:26 [INFO] Execution step: Body
07:58:26 [INFO] Trie does not contain any elements
07:58:26 [INFO] Execution step: Duplicate Elimination (Datalog)
07:58:26 [INFO] Trie does not contain any elements
07:58:26 [INFO] Rule duration: 0 ms
07:58:26 [INFO] <<< STEP 38: APPLYING RULE 22 R_OUT("entityB", ?X_2) :- inversePropEntities(?_BODY_1, ?X_2), R_7(?_BODY_2, ?X_2, ?_BODY_3, ?_BODY_4, ?_BODY_5), R_12(?X_2, ?_BODY_6, ?_BODY_7, ?_BODY_8, ?_BODY_9), R_6(?X_2, ?_BODY_10, ?_BODY_11, ?_BODY_12), Equal(?_BODY_1, "entityB"), Equal(?_BODY_2, "entityB"), Equal(?_BODY_3, ?X_2), Equal(?_BODY_4, "a"), Equal(?_BODY_5, "a"), Equal(?_BODY_6, ?X_2), Equal(?_BODY_7, ?X_2), Equal(?_BODY_8, "entityB"), Equal(?_BODY_9, "entityB"), Equal(?_BODY_10, "entityB"), Equal(?_BODY_11, "entityB"), Equal(?_BODY_12, ?X_2) >>>
07:58:26 [INFO] Execution step: Project/Reorder
07:58:26 [INFO] Trie does not contain any elements
07:58:26 [INFO] Execution step: Project/Reorder
07:58:26 [INFO] Trie does not contain any elements
07:58:26 [INFO] Execution step: Project/Reorder
07:58:26 [INFO] Trie does not contain any elements
07:58:26 [INFO] Execution step: Body
07:58:26 [INFO] Trie does not contain any elements
07:58:26 [INFO] Execution step: Duplicate Elimination (Datalog)
07:58:26 [INFO] Trie does not contain any elements
07:58:26 [INFO] Rule duration: 0 ms
07:58:26 [INFO] <<< STEP 39: APPLYING RULE 30 R_15(?Z_8, ?Z_8, "entityA", ?Z_8, ?Z_8) :- R_7(?Z_8, ?_BODY_1, ?_BODY_2, ?_BODY_3, ?_BODY_4), R_4(?Z_8, ?_BODY_5, ?_BODY_6), inversePropEntities(?Z_8, ?_BODY_7), R_12(?Z_8, ?_BODY_8, ?_BODY_9, ?_BODY_10, ?_BODY_11), R_14(?Z_8, ?_BODY_12, ?_BODY_13, ?_BODY_14, ?_BODY_15, ?_BODY_16), Equal(?_BODY_1, ?Z_8), Equal(?_BODY_2, "entityA"), Equal(?_BODY_3, ?Z_8), Equal(?_BODY_4, ?Z_8), Equal(?_BODY_5, ?Z_8), Equal(?_BODY_6, ?Z_8), Equal(?_BODY_7, ?Z_8), Equal(?_BODY_8, ?Z_8), Equal(?_BODY_9, ?Z_8), Equal(?_BODY_10, ?Z_8), Equal(?_BODY_11, ?Z_8), Equal(?_BODY_12, ?Z_8), Equal(?_BODY_13, ?Z_8), Equal(?_BODY_14, ?Z_8), Equal(?_BODY_15, ?Z_8), Equal(?_BODY_16, c_8) >>>
07:58:26 [INFO] Execution step: Project/Reorder
07:58:26 [INFO] Saved temporary table: 1 entries (6904)
07:58:26 [INFO] Execution step: Project/Reorder
07:58:26 [INFO] Trie does not contain any elements
07:58:26 [INFO] Execution step: Project/Reorder
07:58:26 [INFO] Trie does not contain any elements
07:58:26 [INFO] Execution step: Body
07:58:26 [INFO] Trie does not contain any elements
07:58:26 [INFO] Execution step: Duplicate Elimination (Datalog)
07:58:26 [INFO] Trie does not contain any elements
07:58:26 [INFO] Rule duration: 0 ms
07:58:26 [INFO] <<< STEP 40: APPLYING RULE 26 R_OUT(?X_2, ?X_2) :- R_6(?X_2_new_1_new_1_new_1, ?X_2, ?X_2_new_1, ?X_2_new_1_new_1), R_2(?X_2_new_1_new_1, ?X_2, ?X_2_new_1_new_2, ?_BODY_1, ?_BODY_2), R_13(?X_2, ?Z_4, ?X_2_new_1_new_1_new_1, ?_BODY_3), R_10(?X_2, ?_BODY_4), R_15(?_BODY_5, ?X_2, ?X_2_new_1_new_1, ?_BODY_6, ?_BODY_7), Equal(?_BODY_1, "b"), Equal(?_BODY_2, ?X_2), Equal(?_BODY_3, ?X_2), Equal(?_BODY_4, ?X_2), Equal(?_BODY_5, <http://www.wikidata.org/prop/direct/P1696>), Equal(?_BODY_6, ?X_2), Equal(?_BODY_7, ?X_2_new_1_new_1) >>>
07:58:26 [INFO] Execution step: Project/Reorder
07:58:26 [INFO] Saved temporary table: 1 entries (6908)
07:58:26 [INFO] Execution step: Project/Reorder
07:58:26 [INFO] Trie does not contain any elements
07:58:26 [INFO] Execution step: Body
07:58:26 [INFO] Trie does not contain any elements
07:58:26 [INFO] Execution step: Duplicate Elimination (Datalog)
07:58:26 [INFO] Trie does not contain any elements
07:58:26 [INFO] Rule duration: 0 ms
07:58:26 [INFO] <<< STEP 41: APPLYING RULE 27 R_OUT(?X_1, ?X_2) :- R_OUT(?X_1, ?X_2), R_15(?_BODY_1, ?X_2, ?_BODY_2, ?X_1, ?_BODY_3), R_1(?_BODY_4, ?X_1, ?_BODY_5, ?_BODY_6), Equal(?_BODY_1, 308135551959435455), Equal(?_BODY_2, ?X_2), Equal(?_BODY_3, 308135551959435455), Equal(?_BODY_4, 308135551959435455), Equal(?_BODY_5, ?X_1), Equal(?_BODY_6, 308135551959435455) >>>
07:58:26 [INFO] Execution step: Project/Reorder
07:58:26 [INFO] Trie does not contain any elements
07:58:26 [INFO] Execution step: Project/Reorder
07:58:26 [INFO] Trie does not contain any elements
07:58:26 [INFO] Execution step: Body
07:58:26 [INFO] Saved temporary table: 9 entries (7308)
07:58:26 [INFO] Execution step: Duplicate Elimination (Datalog)
07:58:26 [INFO] Trie does not contain any elements
07:58:26 [INFO] Rule duration: 0 ms
07:58:26 [INFO] <<< STEP 42: APPLYING RULE 28 R_OUT(?X_1, ?X_2_new_1) :- R_OUT(?X_1, ?_BODY_1), R_6(?X_1, ?X_2_new_1_new_1, ?_BODY_2, ?_BODY_3), inversePropEntities(?X_2, ?_BODY_4), wikidata(?X_2_new_1, ?X_1, ?_BODY_5), avgObjCountPerPredicate(?X_1, ?X_2), Equal(?_BODY_1, ?X_1), Equal(?_BODY_2, "entityA"), Equal(?_BODY_3, "entityA"), Equal(?_BODY_4, "entityA"), Equal(?_BODY_5, ?X_1) >>>
07:58:26 [INFO] Execution step: Project/Reorder
07:58:26 [INFO] Saved temporary table: 2 entries (6968)
07:58:26 [INFO] Execution step: Body
07:58:26 [INFO] Trie does not contain any elements
07:58:26 [INFO] Execution step: Duplicate Elimination (Datalog)
07:58:26 [INFO] Trie does not contain any elements
07:58:26 [INFO] Rule duration: 0 ms
07:58:26 [INFO] Execution step: Combining Tables
07:58:26 [INFO] Saved permanent table R_OUT (0-1) Permutation { idx_to_val: [], val_to_idx: [] } with 9 entries (7356)
07:58:26 [INFO] ----------------------------------------------
07:58:26 [INFO]  Finished Nemo Execution - Transformed Program
07:58:26 [INFO] Output size: 9
07:58:26 [INFO] ----------------------------------------------
07:58:26 [INFO] 
07:58:26 [INFO] ----------------------------------------------
07:58:26 [INFO] ------------ Asserting Oracle EXP ------------
07:58:26 [INFO] ----------------------------------------------
07:58:26 [INFO] All good, output is expanding
07:58:26 [INFO] old_dir "/home/leo_repp/masterthesis/nemo/nemo-metamorphic-testing/benchmark_500k_r"
