07:58:26 [INFO] ----------------------------------------------
07:58:26 [INFO] Beginning transformation mtf_EXP_5500042
                Oracle:     EXP          Number of T: 51
                Debug Mode: false          u64 Seed:    5500042
                Number of generating transformations: 13
                Internal Seed:          [82, 157, 216, 182, 44, 156, 34, 230, 128, 230, 33, 77, 77, 212, 11, 209, 202, 132, 144, 251, 71, 192, 42, 199, 32, 37, 9, 124, 2, 23, 23, 53]
                Seed File: Currently not supported!
07:58:26 [INFO] ----------------------------------------------
07:58:26 [INFO] -------------- Reading Seed File: ------------
07:58:26 [INFO] "/home/leo_repp/masterthesis/nemo/nemo-metamorphic-testing/examples/wind-turbines/permissions.rls"
07:58:26 [INFO] Renaming of rules complete
07:58:26 [INFO] --------- Finished Reading Seed file ---------
07:58:26 [INFO] ----------------------------------------------
07:58:26 [INFO] 
07:58:26 [INFO] ----------------------------------------------
07:58:26 [INFO] -------- Beginning Program Generation --------
07:58:26 [INFO] ----------------------------------------------
07:58:26 [INFO] 
07:58:26 [INFO] Removing old export statements
07:58:26 [INFO] Beginning inverse_stratum and ancestry computation starting at node R_OUT
07:58:26 [INFO] Ancestry and Inverse Stratum computation complete.
07:58:26 [INFO] Constructed lite ADG
07:58:26 [INFO] Generating Program...
07:58:26 [INFO] 
07:58:26 [INFO] 1 / 12
07:58:26 [INFO]   I Add Relational Node
07:58:26 [INFO]   Added new relation R_1
07:58:26 [INFO] 2 / 12
07:58:26 [INFO]   I Add Relational Node
07:58:26 [INFO]   Added new relation R_2
07:58:26 [INFO] 3 / 12
07:58:26 [INFO]   I Add Relational Node
07:58:26 [INFO]   Added new relation R_3
07:58:26 [INFO] 4 / 12
07:58:26 [INFO]   I Add Relational Node
07:58:26 [INFO]   Added new relation R_4
07:58:26 [INFO] 5 / 12
07:58:26 [INFO]   I Add Relational Node
07:58:26 [INFO]   Added new relation R_5
07:58:26 [INFO] 6 / 12
07:58:26 [INFO]   I Add Relational Node
07:58:26 [INFO]   Added new relation R_6
07:58:26 [INFO] 7 / 12
07:58:26 [INFO]   I Add Relational Node
07:58:26 [INFO]   Added new relation R_7
07:58:26 [INFO] 8 / 12
07:58:26 [INFO]   I Add Relational Node
07:58:26 [INFO]   Added new relation R_8
07:58:26 [INFO] 9 / 12
07:58:26 [INFO]   I Add Relational Node
07:58:26 [INFO]   Added new relation R_9
07:58:26 [INFO] 10 / 12
07:58:26 [INFO]   I Add Relational Node
07:58:26 [INFO]   Added new relation R_10
07:58:26 [INFO] 11 / 12
07:58:26 [INFO]   I Add Relational Node
07:58:26 [INFO]   Added new relation R_11
07:58:26 [INFO] 12 / 12
07:58:26 [INFO]   I Add Relational Node
07:58:26 [INFO]   Added new relation R_12
07:58:26 [INFO] 
07:58:26 [INFO] Adding a new rule for each relation other than the seed relations
07:58:26 [INFO] 
07:58:26 [INFO] 1 / 13
07:58:26 [INFO]   Generating new single body literal rule for R_OUT
07:58:26 [INFO]   Assigned relation R_OUT the artiy 2
07:58:26 [INFO]   Added new rule of name r_GEN_1
07:58:26 [INFO]   R_OUT("Wind Turbine B", ?X_1) :- project_location_m("Wind Turbine B", ?X_1, ?Y_1) .
07:58:26 [INFO] 2 / 13
07:58:26 [INFO]   Generating new single body literal rule for R_1
07:58:26 [INFO]   Assigned relation R_1 the artiy 3
07:58:26 [INFO]   Assigned relation R_2 the artiy 6
07:58:26 [INFO]   Added new rule of name r_GEN_2
07:58:26 [INFO]   R_1(?X_2, ?X_1, ?X_2) :- R_2(?X_2, ?X_2, ?X_2, ?X_2, ?X_2, ?X_1) .
07:58:26 [INFO] 3 / 13
07:58:26 [INFO]   Generating new single body literal rule for R_2
07:58:26 [INFO]   Added new rule of name r_GEN_3
07:58:26 [INFO]   R_2(?X_2, ?X_3, ?X_6, ?X_3, ?X_5, ?X_4) :- distance(?X_2, ?X_3), distance(?X_6, ?X_3), distance(?X_5, ?X_4) .
07:58:26 [INFO] 4 / 13
07:58:26 [INFO]   Generating new single body literal rule for R_3
07:58:26 [INFO]   Assigned relation R_3 the artiy 4
07:58:26 [INFO]   Added new rule of name r_GEN_4
07:58:26 [INFO]   R_3(?X_4, ?X_3, "Rotmilan", ?X_1) :- R_OUT(?X_4, ?X_3), R_OUT("Rotmilan", ?X_1) .
07:58:26 [INFO] 5 / 13
07:58:26 [INFO]   Generating new single body literal rule for R_4
07:58:26 [INFO]   Assigned relation R_4 the artiy 6
07:58:26 [INFO]   Assigned relation R_12 the artiy 6
07:58:26 [INFO]   Added new rule of name r_GEN_5
07:58:26 [INFO]   R_4(?X_3, ?X_4, ?X_5, ?X_6, ?X_2, ?X_6) :- R_12(?X_3, ?X_4, ?X_5, ?X_6, ?X_2, ?X_6) .
07:58:26 [INFO] 6 / 13
07:58:26 [INFO]   Generating new single body literal rule for R_5
07:58:26 [INFO]   Assigned relation R_5 the artiy 3
07:58:26 [INFO]   Added new rule of name r_GEN_6
07:58:26 [INFO]   R_5("Wind Turbine A", ?X_3, ?X_2) :- R_4(?X_2, ?Y_1, ?X_2, ?X_3, "Wind Turbine A", ?X_3) .
07:58:26 [INFO] 7 / 13
07:58:26 [INFO]   Generating new single body literal rule for R_6
07:58:26 [INFO]   Assigned relation R_6 the artiy 2
07:58:26 [INFO]   Assigned relation R_9 the artiy 2
07:58:26 [INFO]   Added new rule of name r_GEN_7
07:58:26 [INFO]   R_6(?X_1, "13.69510396381167"^^<http://www.w3.org/2001/XMLSchema#double>) :- R_9(?X_1, "13.69510396381167"^^<http://www.w3.org/2001/XMLSchema#double>) .
07:58:26 [INFO] 8 / 13
07:58:26 [INFO]   Generating new single body literal rule for R_7
07:58:26 [INFO]   Assigned relation R_7 the artiy 5
07:58:26 [INFO]   Added new rule of name r_GEN_8
07:58:26 [INFO]   R_7(?X_4, ?X_3, ?X_2, ?X_1, "Wind Turbine C") :- project(?X_4), project(?X_3), project(?X_2), project(?X_1), project("Wind Turbine C") .
07:58:26 [INFO] 9 / 13
07:58:26 [INFO]   Generating new single body literal rule for R_8
07:58:26 [INFO]   Assigned relation R_8 the artiy 1
07:58:26 [INFO]   Added new rule of name r_GEN_9
07:58:26 [INFO]   R_8(?X_1) :- project_location(?X_1, ?X_1, ?X_1) .
07:58:26 [INFO] 10 / 13
07:58:26 [INFO]   Generating new single body literal rule for R_9
07:58:26 [INFO]   Added new rule of name r_GEN_10
07:58:26 [INFO]   R_9(?X_1, "addr") :- project(?X_1), project("addr") .
07:58:26 [INFO] 11 / 13
07:58:26 [INFO]   Generating new single body literal rule for R_10
07:58:26 [INFO]   Assigned relation R_10 the artiy 1
07:58:26 [INFO]   Added new rule of name r_GEN_11
07:58:26 [INFO]   R_10(?X_1) :- environmental_impact(?X_1) .
07:58:26 [INFO] 12 / 13
07:58:26 [INFO]   Generating new single body literal rule for R_11
07:58:26 [INFO]   Assigned relation R_11 the artiy 2
07:58:26 [INFO]   Added new rule of name r_GEN_12
07:58:26 [INFO]   R_11(?X_2, "13.69510396381167"^^<http://www.w3.org/2001/XMLSchema#double>) :- R_3("13.69510396381167"^^<http://www.w3.org/2001/XMLSchema#double>, "13.69510396381167"^^<http://www.w3.org/2001/XMLSchema#double>, "13.69510396381167"^^<http://www.w3.org/2001/XMLSchema#double>, ?X_2) .
07:58:26 [INFO] 13 / 13
07:58:26 [INFO]   Generating new single body literal rule for R_12
07:58:26 [INFO]   Added new rule of name r_GEN_13
07:58:26 [INFO]   R_12(?X_6, ?X_1, "50.90297432498729"^^<http://www.w3.org/2001/XMLSchema#double>, ?X_5, ?X_4, ?X_3) :- project(?X_6), project(?X_1), project("50.90297432498729"^^<http://www.w3.org/2001/XMLSchema#double>), project(?X_5), project(?X_4), project(?X_3) .
07:58:26 [INFO] 
07:58:26 [INFO] Adding a outgoing relational edge for each relation other than R_OUT
07:58:26 [INFO] 
07:58:26 [INFO] 1 / 29
07:58:26 [INFO]   Adding outgoing relational edge from CIRC_EARTH for r_GEN_8
07:58:26 [INFO]   Generated literal ~CIRC_EARTH(?X_2) for rule r_GEN_8
07:58:26 [INFO] 2 / 29
07:58:26 [INFO]   Adding outgoing relational edge from PI for r_GEN_9
07:58:26 [INFO]   Generated literal ~PI(?X_1) for rule r_GEN_9
07:58:26 [INFO] 3 / 29
07:58:26 [INFO]   Adding outgoing relational edge from TRUE for r_GEN_7
07:58:26 [INFO]   Generated literal TRUE(?Z_1) for rule r_GEN_7
07:58:26 [INFO] 4 / 29
07:58:26 [INFO]   Adding outgoing relational edge from closest_house for r_GEN_7
07:58:26 [INFO]   Generated literal closest_house(?X_1, ?Z_2) for rule r_GEN_7
07:58:26 [INFO] 5 / 29
07:58:26 [INFO]   Adding outgoing relational edge from coordinates for r_GEN_13
07:58:26 [INFO]   Generated literal ~coordinates(?X_4, ?X_3) for rule r_GEN_13
07:58:26 [INFO] 6 / 29
07:58:26 [INFO]   Adding outgoing relational edge from coordinates_m for r_GEN_13
07:58:26 [INFO]   Generated literal coordinates_m(?X_5, "Wind Turbine A") for rule r_GEN_13
07:58:26 [INFO] 7 / 29
07:58:26 [INFO]   Adding outgoing relational edge from distance for r_GEN_6
07:58:26 [INFO]   Generated literal distance(?X_3, ?Z_1) for rule r_GEN_6
07:58:26 [INFO] 8 / 29
07:58:26 [INFO]   Adding outgoing relational edge from endangered for r_GEN_13
07:58:26 [INFO]   Generated literal endangered(?X_6) for rule r_GEN_13
07:58:26 [INFO] 9 / 29
07:58:26 [INFO]   Adding outgoing relational edge from environmental_impact for r_GEN_2
07:58:26 [INFO]   Generated literal environmental_impact(?Z_1) for rule r_GEN_2
07:58:26 [INFO] 10 / 29
07:58:26 [INFO]   Adding outgoing relational edge from locations for r_GEN_8
07:58:26 [INFO]   Generated literal locations(?X_4, ?Z_2, ?X_3) for rule r_GEN_8
07:58:26 [INFO] 11 / 29
07:58:26 [INFO]   Adding outgoing relational edge from project for r_GEN_1
07:58:26 [INFO]   Generated literal ~project("true"^^<http://www.w3.org/2001/XMLSchema#boolean>) for rule r_GEN_1
07:58:26 [INFO] 12 / 29
07:58:26 [INFO]   Adding outgoing relational edge from project_approved for r_GEN_5
07:58:26 [INFO]   Generated literal project_approved(?X_4) for rule r_GEN_5
07:58:26 [INFO] 13 / 29
07:58:26 [INFO]   Adding outgoing relational edge from project_height_m for r_GEN_3
07:58:26 [INFO]   Generated literal project_height_m(?X_5, ?X_5) for rule r_GEN_3
07:58:26 [INFO] 14 / 29
07:58:26 [INFO]   Adding outgoing relational edge from project_location for r_GEN_5
07:58:26 [INFO]   Generated literal project_location(?X_4, ?X_6, ?X_2) for rule r_GEN_5
07:58:26 [INFO] 15 / 29
07:58:26 [INFO]   Adding outgoing relational edge from project_location_m for r_GEN_9
07:58:26 [INFO]   Generated literal project_location_m(?X_1, ?Z_1, ?X_1) for rule r_GEN_9
07:58:26 [INFO] 16 / 29
07:58:26 [INFO]   Adding outgoing relational edge from project_reject for r_GEN_10
07:58:26 [INFO]   Generated literal project_reject(?X_1) for rule r_GEN_10
07:58:26 [INFO] 17 / 29
07:58:26 [INFO]   Adding outgoing relational edge from project_species for r_GEN_3
07:58:26 [INFO]   Generated literal ~project_species(?X_4, ?X_6) for rule r_GEN_3
07:58:26 [INFO] 18 / 29
07:58:26 [INFO]   Adding outgoing relational edge from R_1 for r_GEN_7
07:58:26 [INFO]   Generated literal R_1(?Z_4, "Wind Turbine C", ?Z_1) for rule r_GEN_7
07:58:26 [INFO] 19 / 29
07:58:26 [INFO]   Adding outgoing relational edge from R_2 for r_GEN_8
07:58:26 [INFO]   Generated literal ~R_2(?X_4, ?X_2, ?X_2, ?X_1, ?X_4, ?X_3) for rule r_GEN_8
07:58:26 [INFO] 20 / 29
07:58:26 [INFO]   Adding outgoing relational edge from R_3 for r_GEN_1
07:58:26 [INFO]   Generated literal R_3(?Z_1, ?Y_1, ?X_1, ?Y_1) for rule r_GEN_1
07:58:26 [INFO] 21 / 29
07:58:26 [INFO]   Adding outgoing relational edge from R_4 for r_GEN_3
07:58:26 [INFO]   Generated literal R_4(?X_4, ?Z_3, ?X_4, ?X_5, ?X_3, ?X_2) for rule r_GEN_3
07:58:26 [INFO] 22 / 29
07:58:26 [INFO]   Adding outgoing relational edge from R_5 for r_GEN_10
07:58:26 [INFO]   Generated literal R_5(?Z_1, ?X_1, ?X_1) for rule r_GEN_10
07:58:26 [INFO] 23 / 29
07:58:26 [INFO]   Adding outgoing relational edge from R_6 for r_GEN_4
07:58:26 [INFO]   Generated literal R_6(?X_3, ?X_1) for rule r_GEN_4
07:58:26 [INFO] 24 / 29
07:58:26 [INFO]   Adding outgoing relational edge from R_7 for r_GEN_4
07:58:26 [INFO]   Generated literal ~R_7(?X_4, ?X_3, "Wind Turbine A", ?X_3, ?X_1) for rule r_GEN_4
07:58:26 [INFO] 25 / 29
07:58:26 [INFO]   Adding outgoing relational edge from R_8 for r_GEN_12
07:58:26 [INFO]   Generated literal R_8("Wind Turbine C") for rule r_GEN_12
07:58:26 [INFO] 26 / 29
07:58:26 [INFO]   Adding outgoing relational edge from R_9 for r_GEN_8
07:58:26 [INFO]   Generated literal R_9(?X_4, "Wind Turbine C") for rule r_GEN_8
07:58:26 [INFO] 27 / 29
07:58:26 [INFO]   Adding outgoing relational edge from R_10 for r_GEN_8
07:58:26 [INFO]   Generated literal R_10(?X_2) for rule r_GEN_8
07:58:26 [INFO] 28 / 29
07:58:26 [INFO]   Adding outgoing relational edge from R_11 for r_GEN_12
07:58:26 [INFO]   Generated literal R_11(?X_2, ?X_2) for rule r_GEN_12
07:58:26 [INFO] 29 / 29
07:58:26 [INFO]   Adding outgoing relational edge from R_12 for r_GEN_7
07:58:26 [INFO]   Generated literal R_12(?Z_3, ?X_1, ?Z_5, ?X_1, ?Z_4, ?Z_2) for rule r_GEN_7
07:58:26 [INFO] 
07:58:26 [INFO] Adding gen. size facts
07:58:26 [INFO] 
07:58:26 [INFO] 1 / 13
07:58:26 [INFO]   II Add Fact Node and Edge
07:58:26 [INFO]   Added new fact R_11("str_1", c_1).
07:58:26 [INFO] 2 / 13
07:58:26 [INFO]   II Add Fact Node and Edge
07:58:26 [INFO]   Added new fact R_1(c_2, "Wind Turbine C", "Rotmilan").
07:58:26 [INFO] 3 / 13
07:58:26 [INFO]   II Add Fact Node and Edge
07:58:26 [INFO]   Added new fact R_7(c_3, "Wind Turbine B", 16917188318146332273, "50.89312291453255"^^<http://www.w3.org/2001/XMLSchema#double>, c_4).
07:58:26 [INFO] 4 / 13
07:58:26 [INFO]   II Add Fact Node and Edge
07:58:26 [INFO]   Added new fact R_10(c_5).
07:58:26 [INFO] 5 / 13
07:58:26 [INFO]   II Add Fact Node and Edge
07:58:26 [INFO]   Added new fact R_7(c_6, c_7, c_8, "Wind Turbine B", c_9).
07:58:26 [INFO] 6 / 13
07:58:26 [INFO]   II Add Fact Node and Edge
07:58:26 [INFO]   Added new fact R_6("str_2", "13.69510396381167"^^<http://www.w3.org/2001/XMLSchema#double>).
07:58:26 [INFO] 7 / 13
07:58:26 [INFO]   II Add Fact Node and Edge
07:58:26 [INFO]   Added new fact R_2(c_10, "str_3", "str_4", "str_5", c_6, "Wind Turbine B").
07:58:26 [INFO] 8 / 13
07:58:26 [INFO]   II Add Fact Node and Edge
07:58:26 [INFO]   Added new fact R_8(40).
07:58:26 [INFO] 9 / 13
07:58:26 [INFO]   II Add Fact Node and Edge
07:58:26 [INFO]   Added new fact R_OUT("str_1", "13.704927907097524"^^<http://www.w3.org/2001/XMLSchema#double>).
07:58:26 [INFO] 10 / 13
07:58:26 [INFO]   II Add Fact Node and Edge
07:58:26 [INFO]   Added new fact R_8(c_9).
07:58:26 [INFO] 11 / 13
07:58:26 [INFO]   II Add Fact Node and Edge
07:58:26 [INFO]   Added new fact R_8(c_11).
07:58:26 [INFO] 12 / 13
07:58:26 [INFO]   II Add Fact Node and Edge
07:58:26 [INFO]   Added new fact R_8(c_12).
07:58:26 [INFO] 13 / 13
07:58:26 [INFO]   II Add Fact Node and Edge
07:58:26 [INFO]   Added new fact R_2("str_6", c_4, c_9, c_13, "Wind Turbine A", c_8).
07:58:26 [INFO] 
07:58:26 [INFO] ----------------------------------------------
07:58:26 [INFO] ----------- Program Generation Done ----------
07:58:26 [INFO] ----------------------------------------------
07:58:26 [INFO] 
07:58:26 [INFO] ----------- Generated ADG Summary: -----------
07:58:26 [INFO] ADG Fact Nodes:                  13
07:58:26 [INFO] ADG Relational Nodes:            30
07:58:26 [INFO] ADG Fact Edges:                  13
07:58:26 [INFO] ADG Relational Edges:            55
07:58:26 [INFO] Number of inv. Strata:           3
07:58:26 [INFO] 
07:58:26 [INFO] Nodes with None Ancestry:        3
07:58:26 [INFO] Nodes with Positive Ancestry:    10
07:58:26 [INFO] Nodes with Negative Ancestry:    4
07:58:26 [INFO] Nodes with Unknown Ancestry:     13
07:58:26 [INFO] 
07:58:26 [INFO] Next rule name would be:         r_EXP_14
07:58:26 [INFO] Next predicate name would be:    R_13
07:58:26 [INFO] Next constant name would be:     c_14
07:58:26 [INFO] Next string would be:            "str_7"
07:58:26 [INFO] 
07:58:26 [INFO] Output predicate:                R_OUT
07:58:26 [INFO] Generated rule count:            13
07:58:26 [INFO] Rule count:                      22
07:58:26 [INFO] Average rel. arity:              2.4
07:58:26 [INFO] Arity calc. may be inaccurate if arity > f64
07:58:26 [INFO] ----------------------------------------------
07:58:26 [INFO] 
07:58:26 [INFO] ------ Performed Gen. Transformations: -------
07:58:26 [INFO]  #      Type
07:58:26 [INFO]  13      Generate New Rule with Probably Single Lit
07:58:26 [INFO]  29      Generating an Outgoing Relational Edge
07:58:26 [INFO]  12      I     Add Relational Node
07:58:26 [INFO]  13      II    Add Fact Node and Edge
07:58:26 [INFO] ----------------------------------------------
07:58:26 [INFO] 
07:58:26 [INFO] Storing input ADG and input program
07:58:26 [INFO] 
07:58:26 [INFO] ----------------------------------------------
07:58:26 [INFO] --------- Beginning Transformations ----------
07:58:26 [INFO] --------  Oracle: EXP    Number: 51
07:58:26 [INFO] ----------------------------------------------
07:58:26 [INFO] 1 / 51
07:58:26 [INFO]   IV Add Relational Edge - New Literal
07:58:26 [INFO]   Generated literal project_location(?X_1, ?X_1, "Wind Turbine C") for rule r_GEN_11
07:58:26 [INFO] 2 / 51
07:58:26 [INFO]   VII Modify Rule - Add Equality
07:58:26 [INFO]   Replaced var ?X_1 with var ?Z_1 in the rule r_GEN_9
07:58:26 [INFO] 3 / 51
07:58:26 [INFO]   II Add Fact Node and Edge
07:58:26 [INFO]   Added new fact R_3(12210312738485731540, "13.704927907097524"^^<http://www.w3.org/2001/XMLSchema#double>, "Wind Turbine B", c_16).
07:58:26 [INFO] 4 / 51
07:58:26 [INFO]   Xa Remove Relational Node - Rule Variant
07:58:26 [INFO]   Removing relational node R_11
07:58:26 [INFO]   Removing the Rule of the name r_GEN_12
07:58:26 [INFO]   Removing at least 3 relational edges.
07:58:26 [INFO] 5 / 51
07:58:26 [INFO]   VIII Modify Rule - Remove Equality
07:58:26 [INFO]   Replaced a random number of var Z_4 with var Z_4_new_1 in the rule r_GEN_7
07:58:26 [INFO] 6 / 51
07:58:26 [INFO]   II Add Fact Node and Edge
07:58:26 [INFO]   Added new fact R_2(c_17, "13.704927907097524"^^<http://www.w3.org/2001/XMLSchema#double>, c_18, 7183222806378219438, c_12, "13.69510396381167"^^<http://www.w3.org/2001/XMLSchema#double>).
07:58:26 [INFO] 7 / 51
07:58:26 [INFO]   XI Add Contradictory Rule
07:58:26 [INFO]   Added new contradictory rule of name r_EXP_16
07:58:26 [INFO]   R_5("true"^^<http://www.w3.org/2001/XMLSchema#boolean>, ?X_2, ?X_1) :- R_4("true"^^<http://www.w3.org/2001/XMLSchema#boolean>, ?Y_1, "true"^^<http://www.w3.org/2001/XMLSchema#boolean>, ?X_2, ?X_1, ?Y_1), ~R_4("true"^^<http://www.w3.org/2001/XMLSchema#boolean>, ?Y_1, "true"^^<http://www.w3.org/2001/XMLSchema#boolean>, ?X_2, ?X_1, ?Y_1) .
07:58:26 [INFO] 8 / 51
07:58:26 [INFO]   VIII Modify Rule - Remove Equality
07:58:26 [INFO]   Replaced a random number of var X_1 with var X_1_new_1 in the rule r_GEN_1
07:58:26 [INFO] 9 / 51
07:58:26 [INFO]   VIII Modify Rule - Remove Equality
07:58:26 [INFO]   Replaced a random number of var X_3 with var X_3_new_1 in the rule r_GEN_4
07:58:26 [INFO] 10 / 51
07:58:26 [INFO]   I Add Relational Node
07:58:26 [INFO]   Added new relation R_15
07:58:26 [INFO] 11 / 51
07:58:26 [INFO]   I Add Relational Node
07:58:26 [INFO]   Added new relation R_16
07:58:26 [INFO] 12 / 51
07:58:26 [INFO]   II Add Fact Node and Edge
07:58:26 [INFO]   Assigned relation R_16 the artiy 6
07:58:26 [INFO]   Added new fact R_16(c_19, 60, "Wind Turbine B", c_20, "40075000"^^<http://www.w3.org/2001/XMLSchema#double>, c_21).
07:58:26 [INFO] 13 / 51
07:58:26 [INFO]   II Add Fact Node and Edge
07:58:26 [INFO]   Added new fact R_2("str_9", c_22, "str_8", "50.90297432498729"^^<http://www.w3.org/2001/XMLSchema#double>, "str_7", 5942828572131931151).
07:58:26 [INFO] 14 / 51
07:58:26 [INFO]   VII Modify Rule - Add Equality
07:58:26 [INFO]   Aborting the introduction of an equality - rule has too few variables!
07:58:26 [INFO] 15 / 51
07:58:26 [INFO]   VI Remove Relational Edge - Single Literal
07:58:26 [INFO]   Found the rule of the name r_GEN_2
07:58:26 [INFO]   Removed relational edge NodeIndex(9): (environmental_impact -> R_1)
07:58:26 [INFO]   Attempting to remove the literal +environmental_impact(, ?Z_1) from the rule r_GEN_2
07:58:26 [INFO] 16 / 51
07:58:26 [INFO]   VIII Modify Rule - Remove Equality
07:58:26 [INFO]   Replaced a random number of var Z_1 with var Z_1_new_1 in the rule r_GEN_7
07:58:26 [INFO] 17 / 51
07:58:26 [INFO]   VII Modify Rule - Add Equality
07:58:26 [INFO]   Replaced var ?X_3 with var ?X_4 in the rule r_GEN_8
07:58:26 [INFO] 18 / 51
07:58:26 [INFO]   VII Modify Rule - Add Equality
07:58:26 [INFO]   Aborting the introduction of an equality - rule has too few variables!
07:58:26 [INFO] 19 / 51
07:58:26 [INFO]   VII Modify Rule - Add Equality
07:58:26 [INFO]   Aborting the introduction of an equality - rule has too few variables!
07:58:26 [INFO] 20 / 51
07:58:26 [INFO]   VIII Modify Rule - Remove Equality
07:58:26 [INFO]   Replaced a random number of var Z_1 with var Z_1_new_1 in the rule r_GEN_9
07:58:26 [INFO] 21 / 51
07:58:26 [INFO]   VI Remove Relational Edge - Single Literal
07:58:26 [INFO]   Found the rule of the name r_GEN_7
07:58:26 [INFO]   Removed relational edge NodeIndex(3): (TRUE -> R_6)
07:58:26 [INFO]   Attempting to remove the literal +TRUE(, ?Z_1_new_1) from the rule r_GEN_7
07:58:26 [INFO] 22 / 51
07:58:26 [INFO]   I Add Relational Node
07:58:26 [INFO]   Added new relation R_17
07:58:26 [INFO] 23 / 51
07:58:26 [INFO]   II Add Fact Node and Edge
07:58:26 [INFO]   Added new fact R_2("str_10", c_3, 446295268276265057, "str_11", c_5, "str_12").
07:58:26 [INFO] 24 / 51
07:58:26 [INFO]   II Add Fact Node and Edge
07:58:26 [INFO]   Added new fact R_8("Wind Turbine B").
07:58:26 [INFO] 25 / 51
07:58:26 [INFO]   VII Modify Rule - Add Equality
07:58:26 [INFO]   Replaced var ?Z_1 with var ?Z_1_new_1 in the rule r_GEN_9
07:58:26 [INFO] 26 / 51
07:58:26 [INFO]   Xa Remove Relational Node - Rule Variant
07:58:26 [INFO]   Removing relational node R_8
07:58:26 [INFO]   Removing the Rule of the name r_GEN_9
07:58:26 [INFO]   Removing at least 3 relational edges.
07:58:26 [INFO] 27 / 51
07:58:26 [INFO]   VIII Modify Rule - Remove Equality
07:58:26 [INFO]   Replaced a random number of var Z_2 with var Z_2_new_1 in the rule r_GEN_7
07:58:26 [INFO] 28 / 51
07:58:26 [INFO]   VIII Modify Rule - Remove Equality
07:58:26 [INFO]   Replaced a random number of var X_2 with var X_2_new_1 in the rule r_GEN_3
07:58:26 [INFO] 29 / 51
07:58:26 [INFO]   I Add Relational Node
07:58:26 [INFO]   Added new relation R_18
07:58:26 [INFO] 30 / 51
07:58:26 [INFO]   III Add Relational edges - New Rule
07:58:26 [INFO]   Added new rule of name r_EXP_17
07:58:26 [INFO]   R_6(?X_2, 60) :- CIRC_EARTH(?Y_1), R_4(c_18, c_18, ?Y_1, 60, ?Y_1, 60), project_height_m(?X_2, ?X_2), project_approved(?Y_1), R_5(?X_2, 60, ?Y_1), ~R_12(?X_2, ?X_2, ?X_2, 60, c_18, ?Y_1), ~R_16(60, c_18, ?X_2, ?Y_1, c_18, ?Y_1), ~R_12(?Y_1, ?Y_1, ?Y_1, ?Y_1, ?Y_1, ?X_2), ~R_5(?X_2, ?Y_1, ?Y_1) .
07:58:26 [INFO] 31 / 51
07:58:26 [INFO]   XI Add Contradictory Rule
07:58:26 [INFO]   Added new contradictory rule of name r_EXP_18
07:58:26 [INFO]   R_3("str_10", ?X_2, ?X_4, ?X_1) :- coordinates_m("str_10", ?X_2), coordinates_m(?X_4, ?X_1), ~coordinates_m("str_10", ?X_2) .
07:58:26 [INFO] 32 / 51
07:58:26 [INFO]   VI Remove Relational Edge - Single Literal
07:58:26 [INFO]   Found the rule of the name r_GEN_1
07:58:26 [INFO]   Removed relational edge NodeIndex(11): (project -> R_OUT)
07:58:26 [INFO]   Attempting to remove the literal -project(, "true"^^<http://www.w3.org/2001/XMLSchema#boolean>) from the rule r_GEN_1
07:58:26 [INFO] 33 / 51
07:58:26 [INFO]   III Add Relational edges - New Rule
07:58:26 [INFO]   Assigned relation R_18 the artiy 2
07:58:26 [INFO]   Added new rule of name r_EXP_19
07:58:26 [INFO]   R_18(?X_1, ?X_2) :- closest_house(?X_1, ?X_2), R_7(?X_1, ?Y_1, c_4, c_4, ?X_2), ~locations(c_4, ?Y_1, ?Y_1) .
07:58:26 [INFO] 34 / 51
07:58:26 [INFO]   II Add Fact Node and Edge
07:58:26 [INFO]   Added new fact R_1(c_23, c_8, c_19).
07:58:26 [INFO] 35 / 51
07:58:26 [INFO]   IV Add Relational Edge - New Literal
07:58:26 [INFO]   Generated literal ~project_approved(?X_4) for rule r_GEN_8
07:58:26 [INFO] 36 / 51
07:58:26 [INFO]   I Add Relational Node
07:58:26 [INFO]   Added new relation R_19
07:58:26 [INFO] 37 / 51
07:58:26 [INFO]   IX Remove Fact Node and Edge
07:58:26 [INFO]   Removed fact R_16(c_19, 60, "Wind Turbine B", c_20, "40075000"^^<http://www.w3.org/2001/XMLSchema#double>, c_21). from the program
07:58:26 [INFO]   Removed fact R_16(c_19, 60, "Wind Turbine B", c_20, "40075000"^^<http://www.w3.org/2001/XMLSchema#double>, c_21). from the ADG.
07:58:26 [INFO] 38 / 51
07:58:26 [INFO]   IX Remove Fact Node and Edge
07:58:26 [INFO]   Removed fact R_10(c_5). from the program
07:58:26 [INFO]   Removed fact R_10(c_5). from the ADG.
07:58:26 [INFO] 39 / 51
07:58:26 [INFO]   I Add Relational Node
07:58:26 [INFO]   Added new relation R_20
07:58:26 [INFO] 40 / 51
07:58:26 [INFO]   II Add Fact Node and Edge
07:58:26 [INFO]   Added new fact R_6(c_7, c_13).
07:58:26 [INFO] 41 / 51
07:58:26 [INFO]   VIII Modify Rule - Remove Equality
07:58:26 [INFO]   Replaced a random number of var X_2 with var X_2_new_1 in the rule r_GEN_2
07:58:26 [INFO] 42 / 51
07:58:26 [INFO]   VII Modify Rule - Add Equality
07:58:26 [INFO]   Aborting the introduction of an equality - rule has too few variables!
07:58:26 [INFO] 43 / 51
07:58:26 [INFO]   VII Modify Rule - Add Equality
07:58:26 [INFO]   Replaced var ?Z_2 with var ?X_2 in the rule r_GEN_8
07:58:26 [INFO] 44 / 51
07:58:26 [INFO]   VIII Modify Rule - Remove Equality
07:58:26 [INFO]   Replaced a random number of var X_1 with var X_1_new_1 in the rule r_GEN_4
07:58:26 [INFO] 45 / 51
07:58:26 [INFO]   IX Remove Fact Node and Edge
07:58:26 [INFO]   Removed fact R_7(c_3, "Wind Turbine B", 16917188318146332273, "50.89312291453255"^^<http://www.w3.org/2001/XMLSchema#double>, c_4). from the program
07:58:26 [INFO]   Removed fact R_7(c_3, "Wind Turbine B", 16917188318146332273, "50.89312291453255"^^<http://www.w3.org/2001/XMLSchema#double>, c_4). from the ADG.
07:58:26 [INFO] 46 / 51
07:58:26 [INFO]   VI Remove Relational Edge - Single Literal
07:58:26 [INFO]   Found the rule of the name r_GEN_7
07:58:26 [INFO]   Removed relational edge NodeIndex(18): (R_1 -> R_6)
07:58:26 [INFO]   Attempting to remove the literal +R_1(, ?Z_4, "Wind Turbine C", ?Z_1) from the rule r_GEN_7
07:58:26 [INFO] 47 / 51
07:58:26 [INFO]   I Add Relational Node
07:58:26 [INFO]   Added new relation R_21
07:58:26 [INFO] 48 / 51
07:58:26 [INFO]   VIII Modify Rule - Remove Equality
07:58:26 [INFO]   Replaced a random number of var X_2 with var X_2_new_1 in the rule r_EXP_17
07:58:26 [INFO] 49 / 51
07:58:26 [INFO]   III Add Relational edges - New Rule
07:58:26 [INFO]   Assigned relation R_21 the artiy 1
07:58:26 [INFO]   Assigned relation R_19 the artiy 4
07:58:26 [INFO]   Added new rule of name r_EXP_20
07:58:26 [INFO]   R_21("str_7") :- CIRC_EARTH("str_7"), R_19("str_7", "str_7", ?Y_1, "str_7"), R_1(c_22, ?Y_1, c_22), TRUE(c_22), project_location_m("str_7", ?Y_1, c_22), project_location(?Y_1, ?Y_1, c_22), ~CIRC_EARTH(c_22), ~R_2(c_22, "str_7", c_22, ?Y_1, c_22, c_22), ~R_4(c_22, c_22, ?Y_1, ?Y_1, c_22, "str_7") .
07:58:26 [INFO] 50 / 51
07:58:26 [INFO]   II Add Fact Node and Edge
07:58:26 [INFO]   Added new fact R_6(c_24, c_13).
07:58:26 [INFO] 51 / 51
07:58:26 [INFO]   Xa Remove Relational Node - Rule Variant
07:58:26 [INFO]   Removing relational node R_18
07:58:26 [INFO]   Removing the Rule of the name r_EXP_19
07:58:26 [INFO]   Removing at least 3 relational edges.
07:58:26 [INFO] ----------------------------------------------
07:58:26 [INFO] ------------ Transformations Done ------------
07:58:26 [INFO] ----------------------------------------------
07:58:26 [INFO]  Ressources required: 
                data/endangered.csv
                data/locations.csv
                
07:58:26 [INFO] ---------- Transformed ADG Summary: ----------
07:58:26 [INFO] ADG Fact Nodes:                  13
07:58:26 [INFO] ADG Relational Nodes:            34
07:58:26 [INFO] ADG Fact Edges:                  13
07:58:26 [INFO] ADG Relational Edges:            70
07:58:26 [INFO] Number of inv. Strata:           3
07:58:26 [INFO] 
07:58:26 [INFO] Nodes with None Ancestry:        5
07:58:26 [INFO] Nodes with Positive Ancestry:    8
07:58:26 [INFO] Nodes with Negative Ancestry:    6
07:58:26 [INFO] Nodes with Unknown Ancestry:     12
07:58:26 [INFO] 
07:58:26 [INFO] Next rule name would be:         r_EXP_21
07:58:26 [INFO] Next predicate name would be:    R_22
07:58:26 [INFO] Next constant name would be:     c_25
07:58:26 [INFO] Next string would be:            "str_13"
07:58:26 [INFO] 
07:58:26 [INFO] Output predicate:                R_OUT
07:58:26 [INFO] Rule count:                      24
07:58:26 [INFO] Average rel. arity:              2.515151515151515
07:58:26 [INFO] Arity calc. may be inaccurate if arity > f64
07:58:26 [INFO] ----------------------------------------------
07:58:26 [INFO] 
07:58:26 [INFO] --------- Performed Transformations: ---------
07:58:26 [INFO]  #      Type
07:58:26 [INFO]  5      Failed Transformation Attempts
07:58:26 [INFO]  7      I     Add Relational Node
07:58:26 [INFO]  9      II    Add Fact Node and Edge
07:58:26 [INFO]  3      III   Add Relational edges - New Rule
07:58:26 [INFO]  2      IV    Add Relational Edge - New Literal
07:58:26 [INFO]  3      IX    Remove Fact Node and Edge
07:58:26 [INFO]  0      V     Remove Relational Edges - Whole Rule
07:58:26 [INFO]  4      VI    Remove Relational Edge - Single Literal
07:58:26 [INFO]  8      VII   Modify Rule - Add Equality
07:58:26 [INFO]  10      VIII  Modify Rule - Remove Equality
07:58:26 [INFO]  2      XI   Add Contradictory Rule
07:58:26 [INFO]  3      Xa     Remove Relational Node Rule Variant - None anc only
07:58:26 [INFO] ----------------------------------------------
07:58:26 [INFO] 
07:58:26 [INFO] Writing output ADG and file.
07:58:26 [INFO] 
07:58:26 [INFO] ----------------------------------------------
07:58:26 [INFO] -- Beginning Nemo Execution - Input Program --
07:58:26 [INFO] ----------------------------------------------
07:58:26 [INFO] Stratified program: [[0, 1, 2, 3, 4, 5, 6, 9], [7, 8, 10, 11, 12, 13, 15, 16, 19], [18], [14, 17]]
07:58:26 [INFO] Loading source SimpleTable { arity: 2, data: [AnyDataValue(PlainString(StringDataValue("str_1"))), AnyDataValue(Double(DoubleDataValue(13.704927907097524)))] }
07:58:26 [INFO] Execution step: Combining Tables
07:58:26 [INFO] Saved permanent table R_OUT (0-1) Permutation { idx_to_val: [], val_to_idx: [] } with 1 entries (6908)
07:58:26 [INFO] <<< STEP 1: APPLYING RULE 0 coordinates(?longitude, ?latitude) :- locations(?longitude, ?latitude, ?tag), TRUE(?_BODY_1), Equal(?_BODY_1, StringContains(?tag, "addr")) >>>
07:58:26 [INFO] Loading source DsvReader { read: "<unspecified std::io::Read>", delimiter: 44, escape: None, value formats: DsvValueFormats([Double, Double, Skip, Skip, Skip, Skip, Skip, Skip, Skip, Skip, Skip, Skip, String]) }
07:58:26 [INFO] Starting data import
07:58:26 [INFO] Finished import: processed 782 lines (dropped 1)
07:58:26 [INFO] Loading source SimpleTable { arity: 1, data: [AnyDataValue(Boolean(BooleanDataValue(true)))] }
07:58:26 [INFO] Execution step: Body
07:58:26 [INFO] Saved temporary table: 122 entries (9140)
07:58:26 [INFO] Execution step: Duplicate Elimination (Datalog)
07:58:26 [INFO] Saved permanent table coordinates (1) Permutation { idx_to_val: [], val_to_idx: [] } with 122 entries (9188)
07:58:26 [INFO] Rule duration: 5 ms
07:58:26 [INFO] <<< STEP 2: APPLYING RULE 0 coordinates(?longitude, ?latitude) :- locations(?longitude, ?latitude, ?tag), TRUE(?_BODY_1), Equal(?_BODY_1, StringContains(?tag, "addr")) >>>
07:58:26 [INFO] Execution step: Body
07:58:26 [INFO] Trie does not contain any elements
07:58:26 [INFO] Execution step: Duplicate Elimination (Datalog)
07:58:26 [INFO] Trie does not contain any elements
07:58:26 [INFO] Rule duration: 0 ms
07:58:26 [INFO] <<< STEP 3: APPLYING RULE 1 coordinates_m(?Xm, ?Ym) :- coordinates(?longitude, ?latitude), PI(?PI), CIRC_EARTH(?earth), Equal(?Xm, NumericDivision(NumericProduct(NumericProduct(?longitude, ?earth), NumericCosine(NumericProduct(NumericDivision(?latitude, "180"^^<http://www.w3.org/2001/XMLSchema#double>), ?PI))), "360"^^<http://www.w3.org/2001/XMLSchema#double>)), Equal(?Ym, NumericProduct(?latitude, NumericDivision(?earth, "360"^^<http://www.w3.org/2001/XMLSchema#double>))) >>>
07:58:26 [INFO] Loading source SimpleTable { arity: 1, data: [AnyDataValue(Double(DoubleDataValue(3.14159)))] }
07:58:26 [INFO] Loading source SimpleTable { arity: 1, data: [AnyDataValue(Double(DoubleDataValue(40075000.0)))] }
07:58:26 [INFO] Execution step: Body
07:58:26 [INFO] Saved temporary table: 122 entries (9140)
07:58:26 [INFO] Execution step: Duplicate Elimination (Datalog)
07:58:26 [INFO] Saved permanent table coordinates_m (3) Permutation { idx_to_val: [], val_to_idx: [] } with 122 entries (9188)
07:58:26 [INFO] Rule duration: 0 ms
07:58:26 [INFO] <<< STEP 4: APPLYING RULE 1 coordinates_m(?Xm, ?Ym) :- coordinates(?longitude, ?latitude), PI(?PI), CIRC_EARTH(?earth), Equal(?Xm, NumericDivision(NumericProduct(NumericProduct(?longitude, ?earth), NumericCosine(NumericProduct(NumericDivision(?latitude, "180"^^<http://www.w3.org/2001/XMLSchema#double>), ?PI))), "360"^^<http://www.w3.org/2001/XMLSchema#double>)), Equal(?Ym, NumericProduct(?latitude, NumericDivision(?earth, "360"^^<http://www.w3.org/2001/XMLSchema#double>))) >>>
07:58:26 [INFO] Execution step: Body
07:58:26 [INFO] Trie does not contain any elements
07:58:26 [INFO] Execution step: Duplicate Elimination (Datalog)
07:58:26 [INFO] Trie does not contain any elements
07:58:26 [INFO] Rule duration: 0 ms
07:58:26 [INFO] <<< STEP 5: APPLYING RULE 2 project_location_m(?project, ?Xm, ?Ym) :- project_location(?project, ?longitude, ?latitude), PI(?PI), CIRC_EARTH(?earth), Equal(?Xm, NumericDivision(NumericProduct(NumericProduct(?longitude, ?earth), NumericCosine(NumericProduct(NumericDivision(?latitude, "180"^^<http://www.w3.org/2001/XMLSchema#double>), ?PI))), "360"^^<http://www.w3.org/2001/XMLSchema#double>)), Equal(?Ym, NumericProduct(?latitude, NumericDivision(?earth, "360"^^<http://www.w3.org/2001/XMLSchema#double>))) >>>
07:58:26 [INFO] Loading source SimpleTable { arity: 3, data: [AnyDataValue(PlainString(StringDataValue("Wind Turbine A"))), AnyDataValue(Double(DoubleDataValue(13.69510396381167))), AnyDataValue(Double(DoubleDataValue(50.89312291453255))), AnyDataValue(PlainString(StringDataValue("Wind Turbine B"))), AnyDataValue(Double(DoubleDataValue(13.704927907097524))), AnyDataValue(Double(DoubleDataValue(50.89816338631804))), AnyDataValue(PlainString(StringDataValue("Wind Turbine C"))), AnyDataValue(Double(DoubleDataValue(13.688126881341304))), AnyDataValue(Double(DoubleDataValue(50.90297432498729)))] }
07:58:26 [INFO] Execution step: Body
07:58:26 [INFO] Saved temporary table: 3 entries (10548)
07:58:26 [INFO] Execution step: Duplicate Elimination (Datalog)
07:58:26 [INFO] Saved permanent table project_location_m (5) Permutation { idx_to_val: [], val_to_idx: [] } with 3 entries (10596)
07:58:26 [INFO] Rule duration: 0 ms
07:58:26 [INFO] <<< STEP 6: APPLYING RULE 2 project_location_m(?project, ?Xm, ?Ym) :- project_location(?project, ?longitude, ?latitude), PI(?PI), CIRC_EARTH(?earth), Equal(?Xm, NumericDivision(NumericProduct(NumericProduct(?longitude, ?earth), NumericCosine(NumericProduct(NumericDivision(?latitude, "180"^^<http://www.w3.org/2001/XMLSchema#double>), ?PI))), "360"^^<http://www.w3.org/2001/XMLSchema#double>)), Equal(?Ym, NumericProduct(?latitude, NumericDivision(?earth, "360"^^<http://www.w3.org/2001/XMLSchema#double>))) >>>
07:58:26 [INFO] Execution step: Body
07:58:26 [INFO] Trie does not contain any elements
07:58:26 [INFO] Execution step: Duplicate Elimination (Datalog)
07:58:26 [INFO] Trie does not contain any elements
07:58:26 [INFO] Rule duration: 0 ms
07:58:26 [INFO] <<< STEP 7: APPLYING RULE 3 environmental_impact(?project) :- project_height_m(?project, ?height), NumericGreaterthaneq(?height, 50) >>>
07:58:26 [INFO] Loading source SimpleTable { arity: 2, data: [AnyDataValue(PlainString(StringDataValue("Wind Turbine A"))), AnyDataValue(Long(LongDataValue(60))), AnyDataValue(PlainString(StringDataValue("Wind Turbine B"))), AnyDataValue(Long(LongDataValue(40))), AnyDataValue(PlainString(StringDataValue("Wind Turbine C"))), AnyDataValue(Long(LongDataValue(60)))] }
07:58:26 [INFO] Execution step: Body
07:58:26 [INFO] Saved temporary table: 2 entries (3408)
07:58:26 [INFO] Execution step: Duplicate Elimination (Datalog)
07:58:26 [INFO] Saved permanent table environmental_impact (7) Permutation { idx_to_val: [], val_to_idx: [] } with 2 entries (3456)
07:58:26 [INFO] Rule duration: 0 ms
07:58:26 [INFO] <<< STEP 8: APPLYING RULE 3 environmental_impact(?project) :- project_height_m(?project, ?height), NumericGreaterthaneq(?height, 50) >>>
07:58:26 [INFO] Execution step: Body
07:58:26 [INFO] Trie does not contain any elements
07:58:26 [INFO] Execution step: Duplicate Elimination (Datalog)
07:58:26 [INFO] Trie does not contain any elements
07:58:26 [INFO] Rule duration: 0 ms
07:58:26 [INFO] <<< STEP 9: APPLYING RULE 4 distance(?project, ?distance) :- project_location_m(?project, ?Xp, ?Yp), coordinates_m(?Xr, ?Yr), Equal(?distance, NumericSquareroot(NumericSum(NumericPower(NumericSubtraction(?Xp, ?Xr), "2"^^<http://www.w3.org/2001/XMLSchema#double>), NumericPower(NumericSubtraction(?Yp, ?Yr), "2"^^<http://www.w3.org/2001/XMLSchema#double>)))) >>>
07:58:26 [INFO] Execution step: Body
07:58:26 [INFO] Saved temporary table: 366 entries (9884)
07:58:26 [INFO] Execution step: Duplicate Elimination (Datalog)
07:58:26 [INFO] Saved permanent table distance (9) Permutation { idx_to_val: [], val_to_idx: [] } with 366 entries (9932)
07:58:26 [INFO] Rule duration: 0 ms
07:58:26 [INFO] <<< STEP 10: APPLYING RULE 4 distance(?project, ?distance) :- project_location_m(?project, ?Xp, ?Yp), coordinates_m(?Xr, ?Yr), Equal(?distance, NumericSquareroot(NumericSum(NumericPower(NumericSubtraction(?Xp, ?Xr), "2"^^<http://www.w3.org/2001/XMLSchema#double>), NumericPower(NumericSubtraction(?Yp, ?Yr), "2"^^<http://www.w3.org/2001/XMLSchema#double>)))) >>>
07:58:26 [INFO] Execution step: Body
07:58:26 [INFO] Trie does not contain any elements
07:58:26 [INFO] Execution step: Duplicate Elimination (Datalog)
07:58:26 [INFO] Trie does not contain any elements
07:58:26 [INFO] Rule duration: 0 ms
07:58:26 [INFO] <<< STEP 11: APPLYING RULE 5 project_reject(?project) :- distance(?project, ?distance), NumericLessthan(?distance, "200"^^<http://www.w3.org/2001/XMLSchema#double>) >>>
07:58:26 [INFO] Execution step: Body
07:58:26 [INFO] Saved temporary table: 1 entries (3404)
07:58:26 [INFO] Execution step: Duplicate Elimination (Datalog)
07:58:26 [INFO] Saved permanent table project_reject (11) Permutation { idx_to_val: [], val_to_idx: [] } with 1 entries (3452)
07:58:26 [INFO] Rule duration: 0 ms
07:58:26 [INFO] <<< STEP 12: APPLYING RULE 5 project_reject(?project) :- distance(?project, ?distance), NumericLessthan(?distance, "200"^^<http://www.w3.org/2001/XMLSchema#double>) >>>
07:58:26 [INFO] Execution step: Body
07:58:26 [INFO] Trie does not contain any elements
07:58:26 [INFO] Execution step: Duplicate Elimination (Datalog)
07:58:26 [INFO] Trie does not contain any elements
07:58:26 [INFO] Rule duration: 0 ms
07:58:26 [INFO] <<< STEP 13: APPLYING RULE 6 project_reject(?project) :- environmental_impact(?project), project_species(?project, ?species), endangered(?species) >>>
07:58:26 [INFO] Loading source SimpleTable { arity: 2, data: [AnyDataValue(PlainString(StringDataValue("Wind Turbine A"))), AnyDataValue(PlainString(StringDataValue("Rotmilan"))), AnyDataValue(PlainString(StringDataValue("Wind Turbine A"))), AnyDataValue(PlainString(StringDataValue("Feldsperling"))), AnyDataValue(PlainString(StringDataValue("Wind Turbine B"))), AnyDataValue(PlainString(StringDataValue("Gartenschläfer"))), AnyDataValue(PlainString(StringDataValue("Wind Turbine C"))), AnyDataValue(PlainString(StringDataValue("Mauersegler")))] }
07:58:26 [INFO] Loading source DsvReader { read: "<unspecified std::io::Read>", delimiter: 44, escape: None, value formats: DsvValueFormats([String]) }
07:58:26 [INFO] Starting data import
07:58:26 [INFO] Finished import: processed 21 lines (dropped 0)
07:58:26 [INFO] Execution step: Body
07:58:26 [INFO] Saved temporary table: 1 entries (3404)
07:58:26 [INFO] Execution step: Duplicate Elimination (Datalog)
07:58:26 [INFO] Saved permanent table project_reject (13) Permutation { idx_to_val: [], val_to_idx: [] } with 1 entries (3452)
07:58:26 [INFO] Rule duration: 0 ms
07:58:26 [INFO] <<< STEP 14: APPLYING RULE 6 project_reject(?project) :- environmental_impact(?project), project_species(?project, ?species), endangered(?species) >>>
07:58:26 [INFO] Execution step: Body
07:58:26 [INFO] Trie does not contain any elements
07:58:26 [INFO] Execution step: Duplicate Elimination (Datalog)
07:58:26 [INFO] Trie does not contain any elements
07:58:26 [INFO] Rule duration: 0 ms
07:58:26 [INFO] <<< STEP 15: APPLYING RULE 9 R_10(?X_1) :- environmental_impact(?X_1) >>>
07:58:26 [INFO] Loading source SimpleTable { arity: 1, data: [AnyDataValue(Iri(IriDataValue("c_5")))] }
07:58:26 [INFO] Execution step: Body
07:58:26 [INFO] Saved temporary table: 2 entries (3408)
07:58:26 [INFO] Execution step: Duplicate Elimination (Datalog)
07:58:26 [INFO] Saved permanent table R_10 (15) Permutation { idx_to_val: [], val_to_idx: [] } with 2 entries (3456)
07:58:26 [INFO] Rule duration: 0 ms
07:58:26 [INFO] <<< STEP 16: APPLYING RULE 9 R_10(?X_1) :- environmental_impact(?X_1) >>>
07:58:26 [INFO] Execution step: Body
07:58:26 [INFO] Trie does not contain any elements
07:58:26 [INFO] Execution step: Duplicate Elimination (Datalog)
07:58:26 [INFO] Trie does not contain any elements
07:58:26 [INFO] Rule duration: 0 ms
07:58:26 [INFO] <<< STEP 17: APPLYING RULE 7 project_approved(?project) :- project(?project), project_reject(?project) >>>
07:58:26 [INFO] Loading source SimpleTable { arity: 1, data: [AnyDataValue(PlainString(StringDataValue("Wind Turbine A"))), AnyDataValue(PlainString(StringDataValue("Wind Turbine B"))), AnyDataValue(PlainString(StringDataValue("Wind Turbine C")))] }
07:58:26 [INFO] Execution step: Project/Reorder
07:58:26 [INFO] Saved temporary table: 2 entries (3456)
07:58:26 [INFO] Execution step: Body
07:58:26 [INFO] Saved temporary table: 1 entries (3404)
07:58:26 [INFO] Execution step: Duplicate Elimination (Datalog)
07:58:26 [INFO] Saved permanent table project_approved (17) Permutation { idx_to_val: [], val_to_idx: [] } with 1 entries (3452)
07:58:26 [INFO] Rule duration: 0 ms
07:58:26 [INFO] <<< STEP 18: APPLYING RULE 7 project_approved(?project) :- project(?project), project_reject(?project) >>>
07:58:26 [INFO] Execution step: Project/Reorder
07:58:26 [INFO] Saved temporary table: 2 entries (3456)
07:58:26 [INFO] Execution step: Body
07:58:26 [INFO] Trie does not contain any elements
07:58:26 [INFO] Execution step: Duplicate Elimination (Datalog)
07:58:26 [INFO] Trie does not contain any elements
07:58:26 [INFO] Rule duration: 0 ms
07:58:26 [INFO] <<< STEP 19: APPLYING RULE 8 closest_house(?project, ?_AGGREGATION_OUT) :- distance(?project, ?distance), ?_AGGREGATION_OUT = #min(?distance) >>>
07:58:26 [INFO] Execution step: Body
07:58:26 [INFO] Saved temporary table: 366 entries (9884)
07:58:26 [INFO] Execution step: Aggregate output
07:58:26 [INFO] Execution step: Project/Reorder
07:58:26 [INFO] Saved temporary table: 3 entries (7028)
07:58:26 [INFO] Execution step: Duplicate Elimination (Datalog)
07:58:26 [INFO] Saved permanent table closest_house (19) Permutation { idx_to_val: [], val_to_idx: [] } with 3 entries (7028)
07:58:26 [INFO] Rule duration: 0 ms
07:58:26 [INFO] <<< STEP 20: APPLYING RULE 8 closest_house(?project, ?_AGGREGATION_OUT) :- distance(?project, ?distance), ?_AGGREGATION_OUT = #min(?distance) >>>
07:58:26 [INFO] Execution step: Body
07:58:26 [INFO] Trie does not contain any elements
07:58:26 [INFO] Execution step: Aggregate output
07:58:26 [INFO] Trie does not contain any elements
07:58:26 [INFO] Execution step: Duplicate Elimination (Datalog)
07:58:26 [INFO] Trie does not contain any elements
07:58:26 [INFO] Rule duration: 0 ms
07:58:26 [INFO] <<< STEP 21: APPLYING RULE 11 R_12(?X_6, ?X_1, "50.90297432498729"^^<http://www.w3.org/2001/XMLSchema#double>, ?X_5, ?X_4, ?X_3) :- project(?X_6), project(?X_1), project(?_BODY_1), project(?X_5), project(?X_4), project(?X_3), coordinates_m(?X_5, ?_BODY_2), endangered(?X_6), coordinates(?X_4, ?X_3), Equal(?_BODY_1, "50.90297432498729"^^<http://www.w3.org/2001/XMLSchema#double>), Equal(?_BODY_2, "Wind Turbine A") >>>
07:58:26 [INFO] Execution step: Project/Reorder
07:58:26 [INFO] Saved temporary table: 122 entries (9188)
07:58:26 [INFO] Execution step: Body
07:58:26 [INFO] Trie does not contain any elements
07:58:26 [INFO] Execution step: Duplicate Elimination (Datalog)
07:58:26 [INFO] Trie does not contain any elements
07:58:26 [INFO] Rule duration: 0 ms
07:58:26 [INFO] <<< STEP 22: APPLYING RULE 13 R_4(?X_3, ?X_4, ?X_5, ?X_6, ?X_2, ?X_6) :- R_12(?X_3, ?X_4, ?X_5, ?X_6, ?X_2, ?_BODY_1), project_approved(?X_4), project_location(?X_4, ?X_6, ?X_2), Equal(?_BODY_1, ?X_6) >>>
07:58:26 [INFO] Execution step: Body
07:58:26 [INFO] Trie does not contain any elements
07:58:26 [INFO] Execution step: Duplicate Elimination (Datalog)
07:58:26 [INFO] Trie does not contain any elements
07:58:26 [INFO] Rule duration: 0 ms
07:58:26 [INFO] <<< STEP 23: APPLYING RULE 10 R_5("Wind Turbine A", ?X_3, ?X_2) :- R_4(?X_2, ?Y_1, ?_BODY_1, ?X_3, ?_BODY_2, ?_BODY_3), distance(?X_3, ?Z_1), Equal(?_BODY_1, ?X_2), Equal(?_BODY_2, "Wind Turbine A"), Equal(?_BODY_3, ?X_3) >>>
07:58:26 [INFO] Execution step: Body
07:58:26 [INFO] Trie does not contain any elements
07:58:26 [INFO] Execution step: Duplicate Elimination (Datalog)
07:58:26 [INFO] Trie does not contain any elements
07:58:26 [INFO] Rule duration: 0 ms
07:58:26 [INFO] <<< STEP 24: APPLYING RULE 15 R_2(?X_2, ?X_3, ?X_6, ?X_3, ?X_5, ?X_4) :- distance(?X_2, ?X_3), distance(?X_6, ?X_3), distance(?X_5, ?X_4), project_height_m(?X_5, ?_BODY_1), R_4(?X_4, ?Z_3, ?_BODY_2, ?X_5, ?X_3, ?X_2), project_species(?X_4, ?X_6), Equal(?_BODY_1, ?X_5), Equal(?_BODY_2, ?X_4) >>>
07:58:26 [INFO] Loading source SimpleTable { arity: 6, data: [AnyDataValue(Iri(IriDataValue("c_10"))), AnyDataValue(PlainString(StringDataValue("str_3"))), AnyDataValue(PlainString(StringDataValue("str_4"))), AnyDataValue(PlainString(StringDataValue("str_5"))), AnyDataValue(Iri(IriDataValue("c_6"))), AnyDataValue(PlainString(StringDataValue("Wind Turbine B"))), AnyDataValue(PlainString(StringDataValue("str_6"))), AnyDataValue(Iri(IriDataValue("c_4"))), AnyDataValue(Iri(IriDataValue("c_9"))), AnyDataValue(Iri(IriDataValue("c_13"))), AnyDataValue(PlainString(StringDataValue("Wind Turbine A"))), AnyDataValue(Iri(IriDataValue("c_8")))] }
07:58:26 [INFO] Execution step: Project/Reorder
07:58:26 [INFO] Saved temporary table: 4 entries (7020)
07:58:26 [INFO] Execution step: Body
07:58:26 [INFO] Trie does not contain any elements
07:58:26 [INFO] Execution step: Duplicate Elimination (Datalog)
07:58:26 [INFO] Trie does not contain any elements
07:58:26 [INFO] Rule duration: 0 ms
07:58:26 [INFO] <<< STEP 25: APPLYING RULE 12 R_1(?X_2, ?X_1, ?X_2) :- R_2(?X_2, ?_BODY_1, ?_BODY_2, ?_BODY_3, ?_BODY_4, ?X_1), environmental_impact(?Z_1), Equal(?_BODY_1, ?X_2), Equal(?_BODY_2, ?X_2), Equal(?_BODY_3, ?X_2), Equal(?_BODY_4, ?X_2) >>>
07:58:26 [INFO] Loading source SimpleTable { arity: 3, data: [AnyDataValue(Iri(IriDataValue("c_2"))), AnyDataValue(PlainString(StringDataValue("Wind Turbine C"))), AnyDataValue(PlainString(StringDataValue("Rotmilan")))] }
07:58:26 [INFO] Execution step: Body
07:58:26 [INFO] Trie does not contain any elements
07:58:26 [INFO] Execution step: Duplicate Elimination (Datalog)
07:58:26 [INFO] Trie does not contain any elements
07:58:26 [INFO] Rule duration: 0 ms
07:58:26 [INFO] <<< STEP 26: APPLYING RULE 16 R_9(?X_1, "addr") :- project(?X_1), project(?_BODY_1), project_reject(?X_1), R_5(?Z_1, ?X_1, ?_BODY_2), Equal(?_BODY_1, "addr"), Equal(?_BODY_2, ?X_1) >>>
07:58:26 [INFO] Execution step: Body
07:58:26 [INFO] Trie does not contain any elements
07:58:26 [INFO] Execution step: Duplicate Elimination (Datalog)
07:58:26 [INFO] Trie does not contain any elements
07:58:26 [INFO] Rule duration: 0 ms
07:58:26 [INFO] <<< STEP 27: APPLYING RULE 19 R_6(?X_1, "13.69510396381167"^^<http://www.w3.org/2001/XMLSchema#double>) :- R_9(?X_1, ?_BODY_1), TRUE(?Z_1), closest_house(?X_1, ?Z_2), R_1(?Z_4, ?_BODY_2, ?Z_1), R_12(?Z_3, ?X_1, ?Z_5, ?_BODY_3, ?Z_4, ?Z_2), Equal(?_BODY_1, "13.69510396381167"^^<http://www.w3.org/2001/XMLSchema#double>), Equal(?_BODY_2, "Wind Turbine C"), Equal(?_BODY_3, ?X_1) >>>
07:58:26 [INFO] Loading source SimpleTable { arity: 2, data: [AnyDataValue(PlainString(StringDataValue("str_2"))), AnyDataValue(Double(DoubleDataValue(13.69510396381167)))] }
07:58:26 [INFO] Execution step: Body
07:58:26 [INFO] Trie does not contain any elements
07:58:26 [INFO] Execution step: Duplicate Elimination (Datalog)
07:58:26 [INFO] Trie does not contain any elements
07:58:26 [INFO] Rule duration: 0 ms
07:58:26 [INFO] <<< STEP 28: APPLYING RULE 18 R_7(?X_4, ?X_3, ?X_2, ?X_1, "Wind Turbine C") :- project(?X_4), project(?X_3), project(?X_2), project(?X_1), project(?_BODY_1), locations(?X_4, ?Z_2, ?X_3), R_9(?X_4, ?_BODY_2), R_10(?X_2), CIRC_EARTH(?X_2), R_2(?X_4, ?X_2, ?_BODY_3, ?X_1, ?_BODY_4, ?X_3), Equal(?_BODY_1, "Wind Turbine C"), Equal(?_BODY_2, "Wind Turbine C"), Equal(?_BODY_3, ?X_2), Equal(?_BODY_4, ?X_4) >>>
07:58:26 [INFO] Loading source SimpleTable { arity: 5, data: [AnyDataValue(Iri(IriDataValue("c_3"))), AnyDataValue(PlainString(StringDataValue("Wind Turbine B"))), AnyDataValue(UnsignedLong(UnsignedLongDataValue(16917188318146332273))), AnyDataValue(Double(DoubleDataValue(50.89312291453255))), AnyDataValue(Iri(IriDataValue("c_4"))), AnyDataValue(Iri(IriDataValue("c_6"))), AnyDataValue(Iri(IriDataValue("c_7"))), AnyDataValue(Iri(IriDataValue("c_8"))), AnyDataValue(PlainString(StringDataValue("Wind Turbine B"))), AnyDataValue(Iri(IriDataValue("c_9")))] }
07:58:26 [INFO] Execution step: Project/Reorder
07:58:26 [INFO] Saved temporary table: 1 entries (3456)
07:58:26 [INFO] Execution step: Project/Reorder
07:58:26 [INFO] Saved temporary table: 2 entries (20928)
07:58:26 [INFO] Execution step: Body
07:58:26 [INFO] Trie does not contain any elements
07:58:26 [INFO] Execution step: Duplicate Elimination (Datalog)
07:58:26 [INFO] Trie does not contain any elements
07:58:26 [INFO] Rule duration: 0 ms
07:58:26 [INFO] <<< STEP 29: APPLYING RULE 14 R_OUT("Wind Turbine B", ?X_1) :- project_location_m(?_BODY_1, ?X_1, ?Y_1), R_3(?Z_1, ?Y_1, ?X_1, ?_BODY_2), project(?_BODY_3), Equal(?_BODY_1, "Wind Turbine B"), Equal(?_BODY_2, ?Y_1), Equal(?_BODY_3, "true"^^<http://www.w3.org/2001/XMLSchema#boolean>) >>>
07:58:26 [INFO] Execution step: Project/Reorder
07:58:26 [INFO] Saved temporary table: 3 entries (3460)
07:58:26 [INFO] Execution step: Body
07:58:26 [INFO] Trie does not contain any elements
07:58:26 [INFO] Execution step: Duplicate Elimination (Datalog)
07:58:26 [INFO] Trie does not contain any elements
07:58:26 [INFO] Rule duration: 0 ms
07:58:26 [INFO] <<< STEP 30: APPLYING RULE 17 R_3(?X_4, ?X_3, "Rotmilan", ?X_1) :- R_OUT(?X_4, ?X_3), R_OUT(?_BODY_1, ?X_1), R_6(?X_3, ?X_1), R_7(?X_4, ?X_3, ?_BODY_2, ?_BODY_3, ?X_1), Equal(?_BODY_1, "Rotmilan"), Equal(?_BODY_2, "Wind Turbine A"), Equal(?_BODY_3, ?X_3) >>>
07:58:26 [INFO] Execution step: Project/Reorder
07:58:26 [INFO] Saved temporary table: 2 entries (17428)
07:58:26 [INFO] Execution step: Body
07:58:26 [INFO] Trie does not contain any elements
07:58:26 [INFO] Execution step: Duplicate Elimination (Datalog)
07:58:26 [INFO] Trie does not contain any elements
07:58:26 [INFO] Rule duration: 0 ms
07:58:26 [INFO] Execution step: Combining Tables
07:58:26 [INFO] Saved permanent table R_OUT (0-1) Permutation { idx_to_val: [], val_to_idx: [] } with 1 entries (6908)
07:58:26 [INFO] ----------------------------------------------
07:58:26 [INFO] --- Finished Nemo Execution - Input Program --
07:58:26 [INFO] Output size: 1
07:58:26 [INFO] ----------------------------------------------
07:58:26 [INFO] 
07:58:26 [INFO] ----------------------------------------------
07:58:26 [INFO] Beginning Nemo Execution - Transformed Program
07:58:26 [INFO] ----------------------------------------------
07:58:26 [INFO] Stratified program: [[0, 1, 2, 3, 4, 5, 6, 17], [7, 8, 9, 10, 11, 14, 15], [12, 13, 18, 20], [16, 19, 21]]
07:58:26 [INFO] Loading source SimpleTable { arity: 2, data: [AnyDataValue(PlainString(StringDataValue("str_1"))), AnyDataValue(Double(DoubleDataValue(13.704927907097524)))] }
07:58:26 [INFO] Execution step: Combining Tables
07:58:26 [INFO] Saved permanent table R_OUT (0-1) Permutation { idx_to_val: [], val_to_idx: [] } with 1 entries (6908)
07:58:26 [INFO] <<< STEP 1: APPLYING RULE 0 coordinates(?longitude, ?latitude) :- locations(?longitude, ?latitude, ?tag), TRUE(?_BODY_1), Equal(?_BODY_1, StringContains(?tag, "addr")) >>>
07:58:26 [INFO] Loading source DsvReader { read: "<unspecified std::io::Read>", delimiter: 44, escape: None, value formats: DsvValueFormats([Double, Double, Skip, Skip, Skip, Skip, Skip, Skip, Skip, Skip, Skip, Skip, String]) }
07:58:26 [INFO] Starting data import
07:58:26 [INFO] Finished import: processed 782 lines (dropped 1)
07:58:26 [INFO] Loading source SimpleTable { arity: 1, data: [AnyDataValue(Boolean(BooleanDataValue(true)))] }
07:58:26 [INFO] Execution step: Body
07:58:26 [INFO] Saved temporary table: 122 entries (9140)
07:58:26 [INFO] Execution step: Duplicate Elimination (Datalog)
07:58:26 [INFO] Saved permanent table coordinates (1) Permutation { idx_to_val: [], val_to_idx: [] } with 122 entries (9188)
07:58:26 [INFO] Rule duration: 4 ms
07:58:26 [INFO] <<< STEP 2: APPLYING RULE 0 coordinates(?longitude, ?latitude) :- locations(?longitude, ?latitude, ?tag), TRUE(?_BODY_1), Equal(?_BODY_1, StringContains(?tag, "addr")) >>>
07:58:26 [INFO] Execution step: Body
07:58:26 [INFO] Trie does not contain any elements
07:58:26 [INFO] Execution step: Duplicate Elimination (Datalog)
07:58:26 [INFO] Trie does not contain any elements
07:58:26 [INFO] Rule duration: 0 ms
07:58:26 [INFO] <<< STEP 3: APPLYING RULE 1 coordinates_m(?Xm, ?Ym) :- coordinates(?longitude, ?latitude), PI(?PI), CIRC_EARTH(?earth), Equal(?Xm, NumericDivision(NumericProduct(NumericProduct(?longitude, ?earth), NumericCosine(NumericProduct(NumericDivision(?latitude, "180"^^<http://www.w3.org/2001/XMLSchema#double>), ?PI))), "360"^^<http://www.w3.org/2001/XMLSchema#double>)), Equal(?Ym, NumericProduct(?latitude, NumericDivision(?earth, "360"^^<http://www.w3.org/2001/XMLSchema#double>))) >>>
07:58:26 [INFO] Loading source SimpleTable { arity: 1, data: [AnyDataValue(Double(DoubleDataValue(3.14159)))] }
07:58:26 [INFO] Loading source SimpleTable { arity: 1, data: [AnyDataValue(Double(DoubleDataValue(40075000.0)))] }
07:58:26 [INFO] Execution step: Body
07:58:26 [INFO] Saved temporary table: 122 entries (9140)
07:58:26 [INFO] Execution step: Duplicate Elimination (Datalog)
07:58:26 [INFO] Saved permanent table coordinates_m (3) Permutation { idx_to_val: [], val_to_idx: [] } with 122 entries (9188)
07:58:26 [INFO] Rule duration: 0 ms
07:58:26 [INFO] <<< STEP 4: APPLYING RULE 1 coordinates_m(?Xm, ?Ym) :- coordinates(?longitude, ?latitude), PI(?PI), CIRC_EARTH(?earth), Equal(?Xm, NumericDivision(NumericProduct(NumericProduct(?longitude, ?earth), NumericCosine(NumericProduct(NumericDivision(?latitude, "180"^^<http://www.w3.org/2001/XMLSchema#double>), ?PI))), "360"^^<http://www.w3.org/2001/XMLSchema#double>)), Equal(?Ym, NumericProduct(?latitude, NumericDivision(?earth, "360"^^<http://www.w3.org/2001/XMLSchema#double>))) >>>
07:58:26 [INFO] Execution step: Body
07:58:26 [INFO] Trie does not contain any elements
07:58:26 [INFO] Execution step: Duplicate Elimination (Datalog)
07:58:26 [INFO] Trie does not contain any elements
07:58:26 [INFO] Rule duration: 0 ms
07:58:26 [INFO] <<< STEP 5: APPLYING RULE 2 project_location_m(?project, ?Xm, ?Ym) :- project_location(?project, ?longitude, ?latitude), PI(?PI), CIRC_EARTH(?earth), Equal(?Xm, NumericDivision(NumericProduct(NumericProduct(?longitude, ?earth), NumericCosine(NumericProduct(NumericDivision(?latitude, "180"^^<http://www.w3.org/2001/XMLSchema#double>), ?PI))), "360"^^<http://www.w3.org/2001/XMLSchema#double>)), Equal(?Ym, NumericProduct(?latitude, NumericDivision(?earth, "360"^^<http://www.w3.org/2001/XMLSchema#double>))) >>>
07:58:26 [INFO] Loading source SimpleTable { arity: 3, data: [AnyDataValue(PlainString(StringDataValue("Wind Turbine A"))), AnyDataValue(Double(DoubleDataValue(13.69510396381167))), AnyDataValue(Double(DoubleDataValue(50.89312291453255))), AnyDataValue(PlainString(StringDataValue("Wind Turbine B"))), AnyDataValue(Double(DoubleDataValue(13.704927907097524))), AnyDataValue(Double(DoubleDataValue(50.89816338631804))), AnyDataValue(PlainString(StringDataValue("Wind Turbine C"))), AnyDataValue(Double(DoubleDataValue(13.688126881341304))), AnyDataValue(Double(DoubleDataValue(50.90297432498729)))] }
07:58:26 [INFO] Execution step: Body
07:58:26 [INFO] Saved temporary table: 3 entries (10548)
07:58:26 [INFO] Execution step: Duplicate Elimination (Datalog)
07:58:26 [INFO] Saved permanent table project_location_m (5) Permutation { idx_to_val: [], val_to_idx: [] } with 3 entries (10596)
07:58:26 [INFO] Rule duration: 0 ms
07:58:26 [INFO] <<< STEP 6: APPLYING RULE 2 project_location_m(?project, ?Xm, ?Ym) :- project_location(?project, ?longitude, ?latitude), PI(?PI), CIRC_EARTH(?earth), Equal(?Xm, NumericDivision(NumericProduct(NumericProduct(?longitude, ?earth), NumericCosine(NumericProduct(NumericDivision(?latitude, "180"^^<http://www.w3.org/2001/XMLSchema#double>), ?PI))), "360"^^<http://www.w3.org/2001/XMLSchema#double>)), Equal(?Ym, NumericProduct(?latitude, NumericDivision(?earth, "360"^^<http://www.w3.org/2001/XMLSchema#double>))) >>>
07:58:26 [INFO] Execution step: Body
07:58:26 [INFO] Trie does not contain any elements
07:58:26 [INFO] Execution step: Duplicate Elimination (Datalog)
07:58:26 [INFO] Trie does not contain any elements
07:58:26 [INFO] Rule duration: 0 ms
07:58:26 [INFO] <<< STEP 7: APPLYING RULE 3 environmental_impact(?project) :- project_height_m(?project, ?height), NumericGreaterthaneq(?height, 50) >>>
07:58:26 [INFO] Loading source SimpleTable { arity: 2, data: [AnyDataValue(PlainString(StringDataValue("Wind Turbine A"))), AnyDataValue(Long(LongDataValue(60))), AnyDataValue(PlainString(StringDataValue("Wind Turbine B"))), AnyDataValue(Long(LongDataValue(40))), AnyDataValue(PlainString(StringDataValue("Wind Turbine C"))), AnyDataValue(Long(LongDataValue(60)))] }
07:58:26 [INFO] Execution step: Body
07:58:26 [INFO] Saved temporary table: 2 entries (3408)
07:58:26 [INFO] Execution step: Duplicate Elimination (Datalog)
07:58:26 [INFO] Saved permanent table environmental_impact (7) Permutation { idx_to_val: [], val_to_idx: [] } with 2 entries (3456)
07:58:26 [INFO] Rule duration: 0 ms
07:58:26 [INFO] <<< STEP 8: APPLYING RULE 3 environmental_impact(?project) :- project_height_m(?project, ?height), NumericGreaterthaneq(?height, 50) >>>
07:58:26 [INFO] Execution step: Body
07:58:26 [INFO] Trie does not contain any elements
07:58:26 [INFO] Execution step: Duplicate Elimination (Datalog)
07:58:26 [INFO] Trie does not contain any elements
07:58:26 [INFO] Rule duration: 0 ms
07:58:26 [INFO] <<< STEP 9: APPLYING RULE 4 distance(?project, ?distance) :- project_location_m(?project, ?Xp, ?Yp), coordinates_m(?Xr, ?Yr), Equal(?distance, NumericSquareroot(NumericSum(NumericPower(NumericSubtraction(?Xp, ?Xr), "2"^^<http://www.w3.org/2001/XMLSchema#double>), NumericPower(NumericSubtraction(?Yp, ?Yr), "2"^^<http://www.w3.org/2001/XMLSchema#double>)))) >>>
07:58:26 [INFO] Execution step: Body
07:58:26 [INFO] Saved temporary table: 366 entries (9884)
07:58:26 [INFO] Execution step: Duplicate Elimination (Datalog)
07:58:26 [INFO] Saved permanent table distance (9) Permutation { idx_to_val: [], val_to_idx: [] } with 366 entries (9932)
07:58:26 [INFO] Rule duration: 0 ms
07:58:26 [INFO] <<< STEP 10: APPLYING RULE 4 distance(?project, ?distance) :- project_location_m(?project, ?Xp, ?Yp), coordinates_m(?Xr, ?Yr), Equal(?distance, NumericSquareroot(NumericSum(NumericPower(NumericSubtraction(?Xp, ?Xr), "2"^^<http://www.w3.org/2001/XMLSchema#double>), NumericPower(NumericSubtraction(?Yp, ?Yr), "2"^^<http://www.w3.org/2001/XMLSchema#double>)))) >>>
07:58:26 [INFO] Execution step: Body
07:58:26 [INFO] Trie does not contain any elements
07:58:26 [INFO] Execution step: Duplicate Elimination (Datalog)
07:58:26 [INFO] Trie does not contain any elements
07:58:26 [INFO] Rule duration: 0 ms
07:58:26 [INFO] <<< STEP 11: APPLYING RULE 5 project_reject(?project) :- distance(?project, ?distance), NumericLessthan(?distance, "200"^^<http://www.w3.org/2001/XMLSchema#double>) >>>
07:58:26 [INFO] Execution step: Body
07:58:26 [INFO] Saved temporary table: 1 entries (3404)
07:58:26 [INFO] Execution step: Duplicate Elimination (Datalog)
07:58:26 [INFO] Saved permanent table project_reject (11) Permutation { idx_to_val: [], val_to_idx: [] } with 1 entries (3452)
07:58:26 [INFO] Rule duration: 0 ms
07:58:26 [INFO] <<< STEP 12: APPLYING RULE 5 project_reject(?project) :- distance(?project, ?distance), NumericLessthan(?distance, "200"^^<http://www.w3.org/2001/XMLSchema#double>) >>>
07:58:26 [INFO] Execution step: Body
07:58:26 [INFO] Trie does not contain any elements
07:58:26 [INFO] Execution step: Duplicate Elimination (Datalog)
07:58:26 [INFO] Trie does not contain any elements
07:58:26 [INFO] Rule duration: 0 ms
07:58:26 [INFO] <<< STEP 13: APPLYING RULE 6 project_reject(?project) :- environmental_impact(?project), project_species(?project, ?species), endangered(?species) >>>
07:58:26 [INFO] Loading source SimpleTable { arity: 2, data: [AnyDataValue(PlainString(StringDataValue("Wind Turbine A"))), AnyDataValue(PlainString(StringDataValue("Rotmilan"))), AnyDataValue(PlainString(StringDataValue("Wind Turbine A"))), AnyDataValue(PlainString(StringDataValue("Feldsperling"))), AnyDataValue(PlainString(StringDataValue("Wind Turbine B"))), AnyDataValue(PlainString(StringDataValue("Gartenschläfer"))), AnyDataValue(PlainString(StringDataValue("Wind Turbine C"))), AnyDataValue(PlainString(StringDataValue("Mauersegler")))] }
07:58:26 [INFO] Loading source DsvReader { read: "<unspecified std::io::Read>", delimiter: 44, escape: None, value formats: DsvValueFormats([String]) }
07:58:26 [INFO] Starting data import
07:58:26 [INFO] Finished import: processed 21 lines (dropped 0)
07:58:26 [INFO] Execution step: Body
07:58:26 [INFO] Saved temporary table: 1 entries (3404)
07:58:26 [INFO] Execution step: Duplicate Elimination (Datalog)
07:58:26 [INFO] Saved permanent table project_reject (13) Permutation { idx_to_val: [], val_to_idx: [] } with 1 entries (3452)
07:58:26 [INFO] Rule duration: 0 ms
07:58:26 [INFO] <<< STEP 14: APPLYING RULE 6 project_reject(?project) :- environmental_impact(?project), project_species(?project, ?species), endangered(?species) >>>
07:58:26 [INFO] Execution step: Body
07:58:26 [INFO] Trie does not contain any elements
07:58:26 [INFO] Execution step: Duplicate Elimination (Datalog)
07:58:26 [INFO] Trie does not contain any elements
07:58:26 [INFO] Rule duration: 0 ms
07:58:26 [INFO] <<< STEP 15: APPLYING RULE 17 R_10(?X_1) :- environmental_impact(?X_1), project_location(?X_1, ?_BODY_1, ?_BODY_2), Equal(?_BODY_1, ?X_1), Equal(?_BODY_2, "Wind Turbine C") >>>
07:58:26 [INFO] Execution step: Body
07:58:26 [INFO] Trie does not contain any elements
07:58:26 [INFO] Execution step: Duplicate Elimination (Datalog)
07:58:26 [INFO] Trie does not contain any elements
07:58:26 [INFO] Rule duration: 0 ms
07:58:26 [INFO] <<< STEP 16: APPLYING RULE 7 project_approved(?project) :- project(?project), project_reject(?project) >>>
07:58:26 [INFO] Loading source SimpleTable { arity: 1, data: [AnyDataValue(PlainString(StringDataValue("Wind Turbine A"))), AnyDataValue(PlainString(StringDataValue("Wind Turbine B"))), AnyDataValue(PlainString(StringDataValue("Wind Turbine C")))] }
07:58:26 [INFO] Execution step: Project/Reorder
07:58:26 [INFO] Saved temporary table: 2 entries (3456)
07:58:26 [INFO] Execution step: Body
07:58:26 [INFO] Saved temporary table: 1 entries (3404)
07:58:26 [INFO] Execution step: Duplicate Elimination (Datalog)
07:58:26 [INFO] Saved permanent table project_approved (16) Permutation { idx_to_val: [], val_to_idx: [] } with 1 entries (3452)
07:58:26 [INFO] Rule duration: 0 ms
07:58:26 [INFO] <<< STEP 17: APPLYING RULE 7 project_approved(?project) :- project(?project), project_reject(?project) >>>
07:58:26 [INFO] Execution step: Project/Reorder
07:58:26 [INFO] Saved temporary table: 2 entries (3456)
07:58:26 [INFO] Execution step: Body
07:58:26 [INFO] Trie does not contain any elements
07:58:26 [INFO] Execution step: Duplicate Elimination (Datalog)
07:58:26 [INFO] Trie does not contain any elements
07:58:26 [INFO] Rule duration: 0 ms
07:58:26 [INFO] <<< STEP 18: APPLYING RULE 8 closest_house(?project, ?_AGGREGATION_OUT) :- distance(?project, ?distance), ?_AGGREGATION_OUT = #min(?distance) >>>
07:58:26 [INFO] Execution step: Body
07:58:26 [INFO] Saved temporary table: 366 entries (9884)
07:58:26 [INFO] Execution step: Aggregate output
07:58:26 [INFO] Execution step: Project/Reorder
07:58:26 [INFO] Saved temporary table: 3 entries (7028)
07:58:26 [INFO] Execution step: Duplicate Elimination (Datalog)
07:58:26 [INFO] Saved permanent table closest_house (18) Permutation { idx_to_val: [], val_to_idx: [] } with 3 entries (7028)
07:58:26 [INFO] Rule duration: 0 ms
07:58:26 [INFO] <<< STEP 19: APPLYING RULE 8 closest_house(?project, ?_AGGREGATION_OUT) :- distance(?project, ?distance), ?_AGGREGATION_OUT = #min(?distance) >>>
07:58:26 [INFO] Execution step: Body
07:58:26 [INFO] Trie does not contain any elements
07:58:26 [INFO] Execution step: Aggregate output
07:58:26 [INFO] Trie does not contain any elements
07:58:26 [INFO] Execution step: Duplicate Elimination (Datalog)
07:58:26 [INFO] Trie does not contain any elements
07:58:26 [INFO] Rule duration: 0 ms
07:58:26 [INFO] <<< STEP 20: APPLYING RULE 10 R_12(?X_6, ?X_1, "50.90297432498729"^^<http://www.w3.org/2001/XMLSchema#double>, ?X_5, ?X_4, ?X_3) :- project(?X_6), project(?X_1), project(?_BODY_1), project(?X_5), project(?X_4), project(?X_3), coordinates_m(?X_5, ?_BODY_2), endangered(?X_6), coordinates(?X_4, ?X_3), Equal(?_BODY_1, "50.90297432498729"^^<http://www.w3.org/2001/XMLSchema#double>), Equal(?_BODY_2, "Wind Turbine A") >>>
07:58:26 [INFO] Execution step: Project/Reorder
07:58:26 [INFO] Saved temporary table: 122 entries (9188)
07:58:26 [INFO] Execution step: Body
07:58:26 [INFO] Trie does not contain any elements
07:58:26 [INFO] Execution step: Duplicate Elimination (Datalog)
07:58:26 [INFO] Trie does not contain any elements
07:58:26 [INFO] Rule duration: 0 ms
07:58:26 [INFO] <<< STEP 21: APPLYING RULE 11 R_4(?X_3, ?X_4, ?X_5, ?X_6, ?X_2, ?X_6) :- R_12(?X_3, ?X_4, ?X_5, ?X_6, ?X_2, ?_BODY_1), project_approved(?X_4), project_location(?X_4, ?X_6, ?X_2), Equal(?_BODY_1, ?X_6) >>>
07:58:26 [INFO] Execution step: Body
07:58:26 [INFO] Trie does not contain any elements
07:58:26 [INFO] Execution step: Duplicate Elimination (Datalog)
07:58:26 [INFO] Trie does not contain any elements
07:58:26 [INFO] Rule duration: 0 ms
07:58:26 [INFO] <<< STEP 22: APPLYING RULE 9 R_5("Wind Turbine A", ?X_3, ?X_2) :- R_4(?X_2, ?Y_1, ?_BODY_1, ?X_3, ?_BODY_2, ?_BODY_3), distance(?X_3, ?Z_1), Equal(?_BODY_1, ?X_2), Equal(?_BODY_2, "Wind Turbine A"), Equal(?_BODY_3, ?X_3) >>>
07:58:26 [INFO] Execution step: Body
07:58:26 [INFO] Trie does not contain any elements
07:58:26 [INFO] Execution step: Duplicate Elimination (Datalog)
07:58:26 [INFO] Trie does not contain any elements
07:58:26 [INFO] Rule duration: 0 ms
07:58:26 [INFO] <<< STEP 23: APPLYING RULE 14 R_2(?X_2_new_1, ?X_3, ?X_6, ?X_3, ?X_5, ?X_4) :- distance(?X_2_new_1, ?X_3), distance(?X_6, ?X_3), distance(?X_5, ?X_4), project_height_m(?X_5, ?_BODY_1), R_4(?X_4, ?Z_3, ?_BODY_2, ?X_5, ?X_3, ?X_2), project_species(?X_4, ?X_6), Equal(?_BODY_1, ?X_5), Equal(?_BODY_2, ?X_4) >>>
07:58:26 [INFO] Loading source SimpleTable { arity: 6, data: [AnyDataValue(Iri(IriDataValue("c_10"))), AnyDataValue(PlainString(StringDataValue("str_3"))), AnyDataValue(PlainString(StringDataValue("str_4"))), AnyDataValue(PlainString(StringDataValue("str_5"))), AnyDataValue(Iri(IriDataValue("c_6"))), AnyDataValue(PlainString(StringDataValue("Wind Turbine B"))), AnyDataValue(PlainString(StringDataValue("str_6"))), AnyDataValue(Iri(IriDataValue("c_4"))), AnyDataValue(Iri(IriDataValue("c_9"))), AnyDataValue(Iri(IriDataValue("c_13"))), AnyDataValue(PlainString(StringDataValue("Wind Turbine A"))), AnyDataValue(Iri(IriDataValue("c_8"))), AnyDataValue(Iri(IriDataValue("c_17"))), AnyDataValue(Double(DoubleDataValue(13.704927907097524))), AnyDataValue(Iri(IriDataValue("c_18"))), AnyDataValue(UnsignedLong(UnsignedLongDataValue(7183222806378219438))), AnyDataValue(Iri(IriDataValue("c_12"))), AnyDataValue(Double(DoubleDataValue(13.69510396381167))), AnyDataValue(PlainString(StringDataValue("str_9"))), AnyDataValue(Iri(IriDataValue("c_22"))), AnyDataValue(PlainString(StringDataValue("str_8"))), AnyDataValue(Double(DoubleDataValue(50.90297432498729))), AnyDataValue(PlainString(StringDataValue("str_7"))), AnyDataValue(UnsignedLong(UnsignedLongDataValue(5942828572131931151))), AnyDataValue(PlainString(StringDataValue("str_10"))), AnyDataValue(Iri(IriDataValue("c_3"))), AnyDataValue(UnsignedLong(UnsignedLongDataValue(446295268276265057))), AnyDataValue(PlainString(StringDataValue("str_11"))), AnyDataValue(Iri(IriDataValue("c_5"))), AnyDataValue(PlainString(StringDataValue("str_12")))] }
07:58:26 [INFO] Execution step: Project/Reorder
07:58:26 [INFO] Saved temporary table: 4 entries (7020)
07:58:26 [INFO] Execution step: Body
07:58:26 [INFO] Trie does not contain any elements
07:58:26 [INFO] Execution step: Duplicate Elimination (Datalog)
07:58:26 [INFO] Trie does not contain any elements
07:58:26 [INFO] Rule duration: 0 ms
07:58:26 [INFO] <<< STEP 24: APPLYING RULE 15 R_3("str_10", ?X_2, ?X_4, ?X_1) :- coordinates_m(?_BODY_1, ?X_2), coordinates_m(?X_4, ?X_1), coordinates_m(?_BODY_2, ?X_2), Equal(?_BODY_1, "str_10"), Equal(?_BODY_2, "str_10") >>>
07:58:26 [INFO] Loading source SimpleTable { arity: 4, data: [AnyDataValue(UnsignedLong(UnsignedLongDataValue(12210312738485731540))), AnyDataValue(Double(DoubleDataValue(13.704927907097524))), AnyDataValue(PlainString(StringDataValue("Wind Turbine B"))), AnyDataValue(Iri(IriDataValue("c_16")))] }
07:58:26 [INFO] Execution step: Project/Reorder
07:58:26 [INFO] Saved temporary table: 122 entries (9140)
07:58:26 [INFO] Execution step: Body
07:58:26 [INFO] Trie does not contain any elements
07:58:26 [INFO] Execution step: Duplicate Elimination (Datalog)
07:58:26 [INFO] Trie does not contain any elements
07:58:26 [INFO] Rule duration: 0 ms
07:58:26 [INFO] <<< STEP 25: APPLYING RULE 13 R_5("true"^^<http://www.w3.org/2001/XMLSchema#boolean>, ?X_2, ?X_1) :- R_4(?_BODY_1, ?Y_1, ?_BODY_2, ?X_2, ?X_1, ?_BODY_3), R_4(?_BODY_4, ?Y_1, ?_BODY_5, ?X_2, ?X_1, ?_BODY_6), Equal(?_BODY_1, "true"^^<http://www.w3.org/2001/XMLSchema#boolean>), Equal(?_BODY_2, "true"^^<http://www.w3.org/2001/XMLSchema#boolean>), Equal(?_BODY_3, ?Y_1), Equal(?_BODY_4, "true"^^<http://www.w3.org/2001/XMLSchema#boolean>), Equal(?_BODY_5, "true"^^<http://www.w3.org/2001/XMLSchema#boolean>), Equal(?_BODY_6, ?Y_1) >>>
07:58:26 [INFO] Execution step: Project/Reorder
07:58:26 [INFO] Trie does not contain any elements
07:58:26 [INFO] Execution step: Body
07:58:26 [INFO] Trie does not contain any elements
07:58:26 [INFO] Execution step: Duplicate Elimination (Datalog)
07:58:26 [INFO] Trie does not contain any elements
07:58:26 [INFO] Rule duration: 0 ms
07:58:26 [INFO] <<< STEP 26: APPLYING RULE 12 R_9(?X_1, "addr") :- project(?X_1), project(?_BODY_1), project_reject(?X_1), R_5(?Z_1, ?X_1, ?_BODY_2), Equal(?_BODY_1, "addr"), Equal(?_BODY_2, ?X_1) >>>
07:58:26 [INFO] Execution step: Body
07:58:26 [INFO] Trie does not contain any elements
07:58:26 [INFO] Execution step: Duplicate Elimination (Datalog)
07:58:26 [INFO] Trie does not contain any elements
07:58:26 [INFO] Rule duration: 0 ms
07:58:26 [INFO] <<< STEP 27: APPLYING RULE 18 R_7(?X_4, ?X_4, ?X_2, ?X_1, "Wind Turbine C") :- project(?X_4), project(?X_4), project(?X_2), project(?X_1), project(?_BODY_1), locations(?X_4, ?X_2, ?_BODY_2), R_9(?X_4, ?_BODY_3), R_10(?X_2), CIRC_EARTH(?X_2), R_2(?X_4, ?X_2, ?_BODY_4, ?X_1, ?_BODY_5, ?_BODY_6), project_approved(?X_4), Equal(?_BODY_1, "Wind Turbine C"), Equal(?_BODY_2, ?X_4), Equal(?_BODY_3, "Wind Turbine C"), Equal(?_BODY_4, ?X_2), Equal(?_BODY_5, ?X_4), Equal(?_BODY_6, ?X_4) >>>
07:58:26 [INFO] Loading source SimpleTable { arity: 5, data: [AnyDataValue(Iri(IriDataValue("c_6"))), AnyDataValue(Iri(IriDataValue("c_7"))), AnyDataValue(Iri(IriDataValue("c_8"))), AnyDataValue(PlainString(StringDataValue("Wind Turbine B"))), AnyDataValue(Iri(IriDataValue("c_9")))] }
07:58:26 [INFO] Execution step: Project/Reorder
07:58:26 [INFO] Saved temporary table: 1 entries (3456)
07:58:26 [INFO] Execution step: Project/Reorder
07:58:26 [INFO] Saved temporary table: 5 entries (21744)
07:58:26 [INFO] Execution step: Project/Reorder
07:58:26 [INFO] Saved temporary table: 1 entries (3452)
07:58:26 [INFO] Execution step: Body
07:58:26 [INFO] Trie does not contain any elements
07:58:26 [INFO] Execution step: Duplicate Elimination (Datalog)
07:58:26 [INFO] Trie does not contain any elements
07:58:26 [INFO] Rule duration: 0 ms
07:58:26 [INFO] <<< STEP 28: APPLYING RULE 20 R_6(?X_1, "13.69510396381167"^^<http://www.w3.org/2001/XMLSchema#double>) :- R_9(?X_1, ?_BODY_1), closest_house(?X_1, ?Z_2), R_12(?Z_3, ?X_1, ?Z_5, ?_BODY_2, ?Z_4_new_1, ?Z_2_new_1), Equal(?_BODY_1, "13.69510396381167"^^<http://www.w3.org/2001/XMLSchema#double>), Equal(?_BODY_2, ?X_1) >>>
07:58:26 [INFO] Loading source SimpleTable { arity: 2, data: [AnyDataValue(PlainString(StringDataValue("str_2"))), AnyDataValue(Double(DoubleDataValue(13.69510396381167))), AnyDataValue(Iri(IriDataValue("c_7"))), AnyDataValue(Iri(IriDataValue("c_13"))), AnyDataValue(Iri(IriDataValue("c_24"))), AnyDataValue(Iri(IriDataValue("c_13")))] }
07:58:26 [INFO] Execution step: Body
07:58:26 [INFO] Trie does not contain any elements
07:58:26 [INFO] Execution step: Duplicate Elimination (Datalog)
07:58:26 [INFO] Trie does not contain any elements
07:58:26 [INFO] Rule duration: 0 ms
07:58:26 [INFO] <<< STEP 29: APPLYING RULE 21 R_6(?X_2, 60) :- CIRC_EARTH(?Y_1), R_4(?_BODY_1, ?_BODY_2, ?Y_1, ?_BODY_3, ?_BODY_4, ?_BODY_5), project_height_m(?X_2, ?X_2_new_1), project_approved(?Y_1), R_5(?X_2, ?_BODY_6, ?Y_1), R_12(?X_2_new_1, ?_BODY_7, ?X_2, ?_BODY_8, ?_BODY_9, ?Y_1), R_16(?_BODY_10, ?_BODY_11, ?X_2_new_1, ?Y_1, ?_BODY_12, ?_BODY_13), R_12(?Y_1, ?_BODY_14, ?_BODY_15, ?_BODY_16, ?_BODY_17, ?X_2_new_1), R_5(?X_2, ?Y_1, ?_BODY_18), Equal(?_BODY_1, c_18), Equal(?_BODY_2, c_18), Equal(?_BODY_3, 60), Equal(?_BODY_4, ?Y_1), Equal(?_BODY_5, 60), Equal(?_BODY_6, 60), Equal(?_BODY_7, ?X_2_new_1), Equal(?_BODY_8, 60), Equal(?_BODY_9, c_18), Equal(?_BODY_10, 60), Equal(?_BODY_11, c_18), Equal(?_BODY_12, c_18), Equal(?_BODY_13, ?Y_1), Equal(?_BODY_14, ?Y_1), Equal(?_BODY_15, ?Y_1), Equal(?_BODY_16, ?Y_1), Equal(?_BODY_17, ?Y_1), Equal(?_BODY_18, ?Y_1) >>>
07:58:26 [INFO] Execution step: Project/Reorder
07:58:26 [INFO] Trie does not contain any elements
07:58:26 [INFO] Execution step: Project/Reorder
07:58:26 [INFO] Trie does not contain any elements
07:58:26 [INFO] Execution step: Project/Reorder
07:58:26 [INFO] Trie does not contain any elements
07:58:26 [INFO] Execution step: Project/Reorder
07:58:26 [INFO] Trie does not contain any elements
07:58:26 [INFO] Execution step: Body
07:58:26 [INFO] Trie does not contain any elements
07:58:26 [INFO] Execution step: Duplicate Elimination (Datalog)
07:58:26 [INFO] Trie does not contain any elements
07:58:26 [INFO] Rule duration: 0 ms
07:58:26 [INFO] <<< STEP 30: APPLYING RULE 16 R_OUT("Wind Turbine B", ?X_1_new_1) :- project_location_m(?_BODY_1, ?X_1, ?Y_1), R_3(?Z_1, ?Y_1, ?X_1_new_1, ?_BODY_2), Equal(?_BODY_1, "Wind Turbine B"), Equal(?_BODY_2, ?Y_1) >>>
07:58:26 [INFO] Execution step: Body
07:58:26 [INFO] Trie does not contain any elements
07:58:26 [INFO] Execution step: Duplicate Elimination (Datalog)
07:58:26 [INFO] Trie does not contain any elements
07:58:26 [INFO] Rule duration: 0 ms
07:58:26 [INFO] <<< STEP 31: APPLYING RULE 19 R_3(?X_4, ?X_3_new_1, "Rotmilan", ?X_1) :- R_OUT(?X_4, ?X_3_new_1), R_OUT(?_BODY_1, ?X_1), R_6(?X_3, ?X_1_new_1), R_7(?X_4, ?X_3_new_1, ?_BODY_2, ?_BODY_3, ?X_1_new_1), Equal(?_BODY_1, "Rotmilan"), Equal(?_BODY_2, "Wind Turbine A"), Equal(?_BODY_3, ?X_3_new_1) >>>
07:58:26 [INFO] Execution step: Project/Reorder
07:58:26 [INFO] Saved temporary table: 1 entries (17212)
07:58:26 [INFO] Execution step: Body
07:58:26 [INFO] Trie does not contain any elements
07:58:26 [INFO] Execution step: Duplicate Elimination (Datalog)
07:58:26 [INFO] Trie does not contain any elements
07:58:26 [INFO] Rule duration: 0 ms
07:58:26 [INFO] Execution step: Combining Tables
07:58:26 [INFO] Saved permanent table R_OUT (0-1) Permutation { idx_to_val: [], val_to_idx: [] } with 1 entries (6908)
07:58:26 [INFO] ----------------------------------------------
07:58:26 [INFO]  Finished Nemo Execution - Transformed Program
07:58:26 [INFO] Output size: 1
07:58:26 [INFO] ----------------------------------------------
07:58:26 [INFO] 
07:58:26 [INFO] ----------------------------------------------
07:58:26 [INFO] ------------ Asserting Oracle EXP ------------
07:58:26 [INFO] ----------------------------------------------
07:58:26 [INFO] All good, output is expanding
07:58:26 [INFO] old_dir "/home/leo_repp/masterthesis/nemo/nemo-metamorphic-testing/benchmark_500k_r"
