18:32:02 [INFO] ----------------------------------------------
18:32:02 [INFO] Beginning transformation mtf_EQU_5500001
                Oracle:     EQU          Number of T: 10
                Debug Mode: false          u64 Seed:    5500001
                Number of generating transformations: 12
                Internal Seed:          [194, 158, 41, 106, 240, 221, 120, 33, 249, 28, 15, 69, 38, 89, 25, 211, 57, 54, 123, 206, 39, 110, 227, 11, 136, 87, 43, 94, 208, 29, 185, 223]
                Seed File: Currently not supported!
18:32:02 [INFO] ----------------------------------------------
18:32:02 [INFO] -------------- Reading Seed File: ------------
18:32:02 [INFO] "/home/leo_repp/masterthesis/nemo/nemo-metamorphic-testing/examples/wind-turbines/permissions.rls"
18:32:02 [INFO] Renaming of rules complete
18:32:02 [INFO] --------- Finished Reading Seed file ---------
18:32:02 [INFO] ----------------------------------------------
18:32:02 [INFO] 
18:32:02 [INFO] ----------------------------------------------
18:32:02 [INFO] -------- Beginning Program Generation --------
18:32:02 [INFO] ----------------------------------------------
18:32:02 [INFO] 
18:32:02 [INFO] Removing old export statements
18:32:02 [INFO] Beginning inverse_stratum and ancestry computation starting at node R_OUT
18:32:02 [INFO] Ancestry and Inverse Stratum computation complete.
18:32:02 [INFO] Constructed lite ADG
18:32:02 [INFO] Generating Program...
18:32:02 [INFO] 
18:32:02 [INFO] 1 / 11
18:32:02 [INFO]   I Add Relational Node
18:32:02 [INFO]   Added new relation R_1
18:32:02 [INFO] 2 / 11
18:32:02 [INFO]   I Add Relational Node
18:32:02 [INFO]   Added new relation R_2
18:32:02 [INFO] 3 / 11
18:32:02 [INFO]   I Add Relational Node
18:32:02 [INFO]   Added new relation R_3
18:32:02 [INFO] 4 / 11
18:32:02 [INFO]   I Add Relational Node
18:32:02 [INFO]   Added new relation R_4
18:32:02 [INFO] 5 / 11
18:32:02 [INFO]   I Add Relational Node
18:32:02 [INFO]   Added new relation R_5
18:32:02 [INFO] 6 / 11
18:32:02 [INFO]   I Add Relational Node
18:32:02 [INFO]   Added new relation R_6
18:32:02 [INFO] 7 / 11
18:32:02 [INFO]   I Add Relational Node
18:32:02 [INFO]   Added new relation R_7
18:32:02 [INFO] 8 / 11
18:32:02 [INFO]   I Add Relational Node
18:32:02 [INFO]   Added new relation R_8
18:32:02 [INFO] 9 / 11
18:32:02 [INFO]   I Add Relational Node
18:32:02 [INFO]   Added new relation R_9
18:32:02 [INFO] 10 / 11
18:32:02 [INFO]   I Add Relational Node
18:32:02 [INFO]   Added new relation R_10
18:32:02 [INFO] 11 / 11
18:32:02 [INFO]   I Add Relational Node
18:32:02 [INFO]   Added new relation R_11
18:32:02 [INFO] 
18:32:02 [INFO] Adding a new rule for each relation other than the seed relations
18:32:02 [INFO] 
18:32:02 [INFO] 1 / 12
18:32:02 [INFO]   Generating new single body literal rule for R_OUT
18:32:02 [INFO]   Assigned relation R_OUT the artiy 5
18:32:02 [INFO]   Assigned relation R_9 the artiy 5
18:32:02 [INFO]   Added new rule of name r_GEN_1
18:32:02 [INFO]   R_OUT(?X_1, ?X_5, ?X_2, "Wind Turbine C", ?X_4) :- R_9(?X_1, ?X_5, ?X_2, "Wind Turbine C", ?X_4) .
18:32:02 [INFO] 2 / 12
18:32:02 [INFO]   Generating new single body literal rule for R_1
18:32:02 [INFO]   Assigned relation R_1 the artiy 5
18:32:02 [INFO]   Assigned relation R_10 the artiy 5
18:32:02 [INFO]   Added new rule of name r_GEN_2
18:32:02 [INFO]   R_1(?X_1, ?X_3, ?X_4, "Wind Turbine C", ?X_5) :- R_10(?X_1, ?X_3, ?X_4, "Wind Turbine C", ?X_5) .
18:32:02 [INFO] 3 / 12
18:32:02 [INFO]   Generating new single body literal rule for R_2
18:32:02 [INFO]   Assigned relation R_2 the artiy 5
18:32:02 [INFO]   Added new rule of name r_GEN_3
18:32:02 [INFO]   R_2(?X_2, ?X_1, ?X_5, "Wind Turbine B", ?X_3) :- project_height_m(?X_2, ?X_1), project_height_m(?X_5, "Wind Turbine B"), project_height_m(?X_3, ?X_1) .
18:32:02 [INFO] 4 / 12
18:32:02 [INFO]   Generating new single body literal rule for R_3
18:32:02 [INFO]   Assigned relation R_3 the artiy 1
18:32:02 [INFO]   Assigned relation R_7 the artiy 2
18:32:02 [INFO]   Added new rule of name r_GEN_4
18:32:02 [INFO]   R_3(?X_1) :- R_7("Wind Turbine A", ?X_1) .
18:32:02 [INFO] 5 / 12
18:32:02 [INFO]   Generating new single body literal rule for R_4
18:32:02 [INFO]   Assigned relation R_4 the artiy 1
18:32:02 [INFO]   Added new rule of name r_GEN_5
18:32:02 [INFO]   R_4("Wind Turbine A") :- coordinates("Wind Turbine A", "Wind Turbine A") .
18:32:02 [INFO] 6 / 12
18:32:02 [INFO]   Generating new single body literal rule for R_5
18:32:02 [INFO]   Assigned relation R_5 the artiy 4
18:32:02 [INFO]   Added new rule of name r_GEN_6
18:32:02 [INFO]   R_5(?X_1, ?X_3, ?X_3, ?X_2) :- environmental_impact(?X_1), environmental_impact(?X_3), environmental_impact(?X_3), environmental_impact(?X_2) .
18:32:02 [INFO] 7 / 12
18:32:02 [INFO]   Generating new single body literal rule for R_6
18:32:02 [INFO]   Assigned relation R_6 the artiy 5
18:32:02 [INFO]   Added new rule of name r_GEN_7
18:32:02 [INFO]   R_6(?X_4, ?X_2, ?X_3, ?X_5, "50.89312291453255"^^<http://www.w3.org/2001/XMLSchema#double>) :- project(?X_4), project(?X_2), project(?X_3), project(?X_5), project("50.89312291453255"^^<http://www.w3.org/2001/XMLSchema#double>) .
18:32:02 [INFO] 8 / 12
18:32:02 [INFO]   Generating new single body literal rule for R_7
18:32:02 [INFO]   Added new rule of name r_GEN_8
18:32:02 [INFO]   R_7(?X_2, ?X_2) :- R_1(?X_2, ?X_2, ?X_2, "Wind Turbine A", ?X_2) .
18:32:02 [INFO] 9 / 12
18:32:02 [INFO]   Generating new single body literal rule for R_8
18:32:02 [INFO]   Assigned relation R_8 the artiy 5
18:32:02 [INFO]   Added new rule of name r_GEN_9
18:32:02 [INFO]   R_8(?X_5, "3.14159"^^<http://www.w3.org/2001/XMLSchema#double>, ?X_3, ?X_1, ?X_3) :- locations(?X_5, "3.14159"^^<http://www.w3.org/2001/XMLSchema#double>, ?X_3), locations(?X_1, ?X_3, ?X_1) .
18:32:02 [INFO] 10 / 12
18:32:02 [INFO]   Generating new single body literal rule for R_9
18:32:02 [INFO]   Added new rule of name r_GEN_10
18:32:02 [INFO]   R_9(?X_4, ?X_5, ?X_4, ?X_2, ?X_3) :- R_3(?X_4), R_3(?X_5), R_3(?X_4), R_3(?X_2), R_3(?X_3) .
18:32:02 [INFO] 11 / 12
18:32:02 [INFO]   Generating new single body literal rule for R_10
18:32:02 [INFO]   Added new rule of name r_GEN_11
18:32:02 [INFO]   R_10(?X_2, ?X_5, ?X_2, ?X_1, ?X_3) :- project_height_m(?X_2, ?X_5), project_height_m(?X_2, ?X_5), project_height_m(?X_3, ?X_1) .
18:32:02 [INFO] 12 / 12
18:32:02 [INFO]   Generating new single body literal rule for R_11
18:32:02 [INFO]   Assigned relation R_11 the artiy 1
18:32:02 [INFO]   Added new rule of name r_GEN_12
18:32:02 [INFO]   R_11("3.14159"^^<http://www.w3.org/2001/XMLSchema#double>) :- R_6("Wind Turbine B", ?Y_1, "3.14159"^^<http://www.w3.org/2001/XMLSchema#double>, "3.14159"^^<http://www.w3.org/2001/XMLSchema#double>, "3.14159"^^<http://www.w3.org/2001/XMLSchema#double>) .
18:32:02 [INFO] 
18:32:02 [INFO] Adding a outgoing relational edge for each relation other than R_OUT
18:32:02 [INFO] 
18:32:02 [INFO] 1 / 28
18:32:02 [INFO]   Adding outgoing relational edge from CIRC_EARTH for r_GEN_1
18:32:02 [INFO]   Generated literal ~CIRC_EARTH(?X_2) for rule r_GEN_1
18:32:02 [INFO] 2 / 28
18:32:02 [INFO]   Adding outgoing relational edge from PI for r_GEN_9
18:32:02 [INFO]   Generated literal PI(?Z_1) for rule r_GEN_9
18:32:02 [INFO] 3 / 28
18:32:02 [INFO]   Adding outgoing relational edge from TRUE for r_GEN_2
18:32:02 [INFO]   Generated literal ~TRUE(?X_5) for rule r_GEN_2
18:32:02 [INFO] 4 / 28
18:32:02 [INFO]   Adding outgoing relational edge from closest_house for r_GEN_4
18:32:02 [INFO]   Generated literal closest_house(?Z_1, "addr") for rule r_GEN_4
18:32:02 [INFO] 5 / 28
18:32:02 [INFO]   Adding outgoing relational edge from coordinates for r_GEN_5
18:32:02 [INFO]   Generated literal coordinates("true"^^<http://www.w3.org/2001/XMLSchema#boolean>, ?Z_1) for rule r_GEN_5
18:32:02 [INFO] 6 / 28
18:32:02 [INFO]   Adding outgoing relational edge from coordinates_m for r_GEN_2
18:32:02 [INFO]   Generated literal coordinates_m(?Z_3, ?X_1) for rule r_GEN_2
18:32:02 [INFO] 7 / 28
18:32:02 [INFO]   Adding outgoing relational edge from distance for r_GEN_4
18:32:02 [INFO]   Generated literal distance(?X_1, ?Z_1) for rule r_GEN_4
18:32:02 [INFO] 8 / 28
18:32:02 [INFO]   Adding outgoing relational edge from endangered for r_GEN_8
18:32:02 [INFO]   Generated literal endangered(?X_2) for rule r_GEN_8
18:32:02 [INFO] 9 / 28
18:32:02 [INFO]   Adding outgoing relational edge from environmental_impact for r_GEN_3
18:32:02 [INFO]   Generated literal environmental_impact(?X_2) for rule r_GEN_3
18:32:02 [INFO] 10 / 28
18:32:02 [INFO]   Adding outgoing relational edge from locations for r_GEN_9
18:32:02 [INFO]   Generated literal ~locations(?X_3, ?X_1, ?X_5) for rule r_GEN_9
18:32:02 [INFO] 11 / 28
18:32:02 [INFO]   Adding outgoing relational edge from project for r_GEN_6
18:32:02 [INFO]   Generated literal project(?X_1) for rule r_GEN_6
18:32:02 [INFO] 12 / 28
18:32:02 [INFO]   Adding outgoing relational edge from project_approved for r_GEN_3
18:32:02 [INFO]   Generated literal project_approved(?X_1) for rule r_GEN_3
18:32:02 [INFO] 13 / 28
18:32:02 [INFO]   Adding outgoing relational edge from project_height_m for r_GEN_6
18:32:02 [INFO]   Generated literal project_height_m(?X_3, ?X_2) for rule r_GEN_6
18:32:02 [INFO] 14 / 28
18:32:02 [INFO]   Adding outgoing relational edge from project_location for r_GEN_12
18:32:02 [INFO]   Generated literal ~project_location(?Y_1, ?Y_1, "Gartenschläfer") for rule r_GEN_12
18:32:02 [INFO] 15 / 28
18:32:02 [INFO]   Adding outgoing relational edge from project_location_m for r_GEN_9
18:32:02 [INFO]   Generated literal project_location_m(?Z_2, ?X_3, ?X_5) for rule r_GEN_9
18:32:02 [INFO] 16 / 28
18:32:02 [INFO]   Adding outgoing relational edge from project_reject for r_GEN_4
18:32:02 [INFO]   Generated literal project_reject(?Z_1) for rule r_GEN_4
18:32:02 [INFO] 17 / 28
18:32:02 [INFO]   Adding outgoing relational edge from project_species for r_GEN_9
18:32:02 [INFO]   Generated literal ~project_species(?X_1, "Feldsperling") for rule r_GEN_9
18:32:02 [INFO] 18 / 28
18:32:02 [INFO]   Adding outgoing relational edge from R_1 for r_GEN_4
18:32:02 [INFO]   Generated literal R_1(?Z_3, 60, ?X_1, ?Z_1, ?Z_2) for rule r_GEN_4
18:32:02 [INFO] 19 / 28
18:32:02 [INFO]   Adding outgoing relational edge from R_2 for r_GEN_1
18:32:02 [INFO]   Generated literal R_2(?X_1, ?X_1, ?X_1, ?X_5, ?X_5) for rule r_GEN_1
18:32:02 [INFO] 20 / 28
18:32:02 [INFO]   Adding outgoing relational edge from R_3 for r_GEN_12
18:32:02 [INFO]   Generated literal R_3(?Y_1) for rule r_GEN_12
18:32:02 [INFO] 21 / 28
18:32:02 [INFO]   Adding outgoing relational edge from R_4 for r_GEN_11
18:32:02 [INFO]   Generated literal R_4("Wind Turbine A") for rule r_GEN_11
18:32:02 [INFO] 22 / 28
18:32:02 [INFO]   Adding outgoing relational edge from R_5 for r_GEN_8
18:32:02 [INFO]   Generated literal R_5(?Z_2, ?X_2, ?X_2, ?X_2) for rule r_GEN_8
18:32:02 [INFO] 23 / 28
18:32:02 [INFO]   Adding outgoing relational edge from R_6 for r_GEN_8
18:32:02 [INFO]   Generated literal R_6(?X_2, ?X_2, ?Z_5, ?X_2, ?Z_1) for rule r_GEN_8
18:32:02 [INFO] 24 / 28
18:32:02 [INFO]   Adding outgoing relational edge from R_7 for r_GEN_1
18:32:02 [INFO]   Generated literal ~R_7(?X_1, ?X_1) for rule r_GEN_1
18:32:02 [INFO] 25 / 28
18:32:02 [INFO]   Adding outgoing relational edge from R_8 for r_GEN_3
18:32:02 [INFO]   Generated literal R_8(?X_1, ?Z_3, ?X_3, ?Z_2, ?X_3) for rule r_GEN_3
18:32:02 [INFO] 26 / 28
18:32:02 [INFO]   Adding outgoing relational edge from R_9 for r_GEN_12
18:32:02 [INFO]   Generated literal ~R_9(?Y_1, ?Y_1, "Mauersegler", ?Y_1, ?Y_1) for rule r_GEN_12
18:32:02 [INFO] 27 / 28
18:32:02 [INFO]   Adding outgoing relational edge from R_10 for r_GEN_1
18:32:02 [INFO]   Generated literal R_10(?X_1, ?X_1, ?Z_2, ?X_1, ?X_5) for rule r_GEN_1
18:32:02 [INFO] 28 / 28
18:32:02 [INFO]   Adding outgoing relational edge from R_11 for r_GEN_12
18:32:02 [INFO]   Generated literal R_11(?Y_1) for rule r_GEN_12
18:32:02 [INFO] 
18:32:02 [INFO] Adding gen. size facts
18:32:02 [INFO] 
18:32:02 [INFO] 1 / 12
18:32:02 [INFO]   II Add Fact Node and Edge
18:32:02 [INFO]   Added new fact R_2(c_1, "Wind Turbine A", c_2, c_1, "str_1").
18:32:02 [INFO] 2 / 12
18:32:02 [INFO]   II Add Fact Node and Edge
18:32:02 [INFO]   Added new fact R_11("str_2").
18:32:02 [INFO] 3 / 12
18:32:02 [INFO]   II Add Fact Node and Edge
18:32:02 [INFO]   Added new fact R_8("Wind Turbine B", "Wind Turbine A", "Wind Turbine C", "Rotmilan", c_3).
18:32:02 [INFO] 4 / 12
18:32:02 [INFO]   II Add Fact Node and Edge
18:32:02 [INFO]   Added new fact R_3("Wind Turbine A").
18:32:02 [INFO] 5 / 12
18:32:02 [INFO]   II Add Fact Node and Edge
18:32:02 [INFO]   Added new fact R_11("Gartenschläfer").
18:32:02 [INFO] 6 / 12
18:32:02 [INFO]   II Add Fact Node and Edge
18:32:02 [INFO]   Added new fact R_9(40, "Rotmilan", 2514194567711601294, 15062069234843901878, c_4).
18:32:02 [INFO] 7 / 12
18:32:02 [INFO]   II Add Fact Node and Edge
18:32:02 [INFO]   Added new fact R_9("13.688126881341304"^^<http://www.w3.org/2001/XMLSchema#double>, "Wind Turbine A", "str_1", "Wind Turbine A", 3108637524478055374).
18:32:02 [INFO] 8 / 12
18:32:02 [INFO]   II Add Fact Node and Edge
18:32:02 [INFO]   Added new fact R_11("Wind Turbine B").
18:32:02 [INFO] 9 / 12
18:32:02 [INFO]   II Add Fact Node and Edge
18:32:02 [INFO]   Added new fact R_11("Wind Turbine A").
18:32:02 [INFO] 10 / 12
18:32:02 [INFO]   II Add Fact Node and Edge
18:32:02 [INFO]   Added new fact R_11(60).
18:32:02 [INFO] 11 / 12
18:32:02 [INFO]   II Add Fact Node and Edge
18:32:02 [INFO]   Added new fact R_2("Gartenschläfer", "str_3", 60, c_5, "str_4").
18:32:02 [INFO] 12 / 12
18:32:02 [INFO]   II Add Fact Node and Edge
18:32:02 [INFO]   Added new fact R_11(c_3).
18:32:02 [INFO] 
18:32:02 [INFO] ----------------------------------------------
18:32:02 [INFO] ----------- Program Generation Done ----------
18:32:02 [INFO] ----------------------------------------------
18:32:02 [INFO] 
18:32:02 [INFO] ----------- Generated ADG Summary: -----------
18:32:02 [INFO] ADG Fact Nodes:                  12
18:32:02 [INFO] ADG Relational Nodes:            29
18:32:02 [INFO] ADG Fact Edges:                  12
18:32:02 [INFO] ADG Relational Edges:            56
18:32:02 [INFO] Number of inv. Strata:           2
18:32:02 [INFO] 
18:32:02 [INFO] Nodes with None Ancestry:        2
18:32:02 [INFO] Nodes with Positive Ancestry:    11
18:32:02 [INFO] Nodes with Negative Ancestry:    2
18:32:02 [INFO] Nodes with Unknown Ancestry:     14
18:32:02 [INFO] 
18:32:02 [INFO] Next rule name would be:         r_EQU_13
18:32:02 [INFO] Next predicate name would be:    R_12
18:32:02 [INFO] Next constant name would be:     c_6
18:32:02 [INFO] Next string would be:            "str_5"
18:32:02 [INFO] 
18:32:02 [INFO] Output predicate:                R_OUT
18:32:02 [INFO] Generated rule count:            12
18:32:02 [INFO] Rule count:                      21
18:32:02 [INFO] Average rel. arity:              2.5172413793103448
18:32:02 [INFO] Arity calc. may be inaccurate if arity > f64
18:32:02 [INFO] ----------------------------------------------
18:32:02 [INFO] 
18:32:02 [INFO] ------ Performed Gen. Transformations: -------
18:32:02 [INFO]  #      Type
18:32:02 [INFO]  12      Generate New Rule with Probably Single Lit
18:32:02 [INFO]  28      Generating an Outgoing Relational Edge
18:32:02 [INFO]  11      I     Add Relational Node
18:32:02 [INFO]  12      II    Add Fact Node and Edge
18:32:02 [INFO] ----------------------------------------------
18:32:02 [INFO] 
18:32:02 [INFO] Storing input ADG and input program
18:32:02 [INFO] 
18:32:02 [INFO] ----------------------------------------------
18:32:02 [INFO] --------- Beginning Transformations ----------
18:32:02 [INFO] --------  Oracle: EQU    Number: 10
18:32:02 [INFO] ----------------------------------------------
18:32:02 [INFO] 1 / 10
18:32:02 [INFO]   Xa Remove Relational Node - Rule Variant
18:32:02 [INFO]   Removing relational node R_11
18:32:02 [INFO]   Removing the Rule of the name r_GEN_12
18:32:02 [INFO]   Removing at least 5 relational edges.
18:32:02 [INFO] 2 / 10
18:32:02 [INFO]   XI Add Contradictory Rule
18:32:02 [INFO]   Added new contradictory rule of name r_EQU_15
18:32:02 [INFO]   R_8(?X_1, ?X_5, ?X_2, "true"^^<http://www.w3.org/2001/XMLSchema#boolean>, ?X_5) :- R_7(?X_1, ?X_5), R_7(?X_2, "true"^^<http://www.w3.org/2001/XMLSchema#boolean>), R_7(?X_5, "true"^^<http://www.w3.org/2001/XMLSchema#boolean>), ~R_7(?X_1, ?X_5) .
18:32:02 [INFO] 3 / 10
18:32:02 [INFO]   I Add Relational Node
18:32:02 [INFO]   Added new relation R_14
18:32:02 [INFO] 4 / 10
18:32:02 [INFO]   XI Add Contradictory Rule
18:32:02 [INFO]   Added new contradictory rule of name r_EQU_16
18:32:02 [INFO]   R_8(?X_5, ?X_3, ?X_4, ?X_2, "str_3") :- environmental_impact(?X_5), environmental_impact(?X_3), environmental_impact(?X_4), environmental_impact(?X_2), environmental_impact("str_3"), ~environmental_impact(?X_5) .
18:32:02 [INFO] 5 / 10
18:32:02 [INFO]   XI Add Contradictory Rule
18:32:02 [INFO]   Added new contradictory rule of name r_EQU_17
18:32:02 [INFO]   R_4(?X_1) :- TRUE(?X_1), ~TRUE(?X_1) .
18:32:02 [INFO] 6 / 10
18:32:02 [INFO]   I Add Relational Node
18:32:02 [INFO]   Added new relation R_15
18:32:02 [INFO] 7 / 10
18:32:02 [INFO]   XI Add Contradictory Rule
18:32:02 [INFO]   Added new contradictory rule of name r_EQU_18
18:32:02 [INFO]   R_7(?X_1, ?X_1) :- coordinates_m(?X_1, ?X_1), ~coordinates_m(?X_1, ?X_1) .
18:32:02 [INFO] 8 / 10
18:32:02 [INFO]   XI Add Contradictory Rule
18:32:02 [INFO]   Assigned relation R_14 the artiy 4
18:32:02 [INFO]   Added new contradictory rule of name r_EQU_19
18:32:02 [INFO]   R_14(?X_3, ?X_3, ?X_1, ?X_4) :- closest_house(?X_3, ?X_3), closest_house(?X_1, ?X_4), ~closest_house(?X_3, ?X_3) .
18:32:02 [INFO] 9 / 10
18:32:02 [INFO]   II Add Fact Node and Edge
18:32:02 [INFO]   Added new fact R_14("Wind Turbine B", "Wind Turbine A", "Wind Turbine A", "Wind Turbine A").
18:32:02 [INFO] 10 / 10
18:32:02 [INFO]   III Add Relational edges - New Rule
18:32:02 [INFO]   Added new rule of name r_EQU_20
18:32:02 [INFO]   R_14(?X_1, c_5, ?X_2, ?X_3) :- R_7(?X_1, c_5), R_7(?X_2, ?X_3) .
18:32:02 [INFO] ----------------------------------------------
18:32:02 [INFO] ------------ Transformations Done ------------
18:32:02 [INFO] ----------------------------------------------
18:32:02 [INFO]  Ressources required: 
                data/endangered.csv
                data/locations.csv
                
18:32:02 [INFO] ---------- Transformed ADG Summary: ----------
18:32:02 [INFO] ADG Fact Nodes:                  7
18:32:02 [INFO] ADG Relational Nodes:            30
18:32:02 [INFO] ADG Fact Edges:                  7
18:32:02 [INFO] ADG Relational Edges:            70
18:32:02 [INFO] Number of inv. Strata:           2
18:32:02 [INFO] 
18:32:02 [INFO] Nodes with None Ancestry:        2
18:32:02 [INFO] Nodes with Positive Ancestry:    11
18:32:02 [INFO] Nodes with Negative Ancestry:    2
18:32:02 [INFO] Nodes with Unknown Ancestry:     14
18:32:02 [INFO] 
18:32:02 [INFO] Next rule name would be:         r_EQU_21
18:32:02 [INFO] Next predicate name would be:    R_16
18:32:02 [INFO] Next constant name would be:     c_8
18:32:02 [INFO] Next string would be:            "str_7"
18:32:02 [INFO] 
18:32:02 [INFO] Output predicate:                R_OUT
18:32:02 [INFO] Rule count:                      26
18:32:02 [INFO] Average rel. arity:              2.566666666666667
18:32:02 [INFO] Arity calc. may be inaccurate if arity > f64
18:32:02 [INFO] ----------------------------------------------
18:32:02 [INFO] 
18:32:02 [INFO] --------- Performed Transformations: ---------
18:32:02 [INFO]  #      Type
18:32:02 [INFO]  41      Failed Transformation Attempts
18:32:02 [INFO]  2      I     Add Relational Node
18:32:02 [INFO]  1      II    Add Fact Node and Edge
18:32:02 [INFO]  1      III   Add Relational edges - New Rule
18:32:02 [INFO]  0      IV    Add Relational Edge - New Literal
18:32:02 [INFO]  0      IX    Remove Fact Node and Edge
18:32:02 [INFO]  0      V     Remove Relational Edges - Whole Rule
18:32:02 [INFO]  0      VI    Remove Relational Edge - Single Literal
18:32:02 [INFO]  0      VII   Modify Rule - Add Equality
18:32:02 [INFO]  0      VIII  Modify Rule - Remove Equality
18:32:02 [INFO]  5      XI   Add Contradictory Rule
18:32:02 [INFO]  1      Xa     Remove Relational Node Rule Variant - None anc only
18:32:02 [INFO] ----------------------------------------------
18:32:02 [INFO] 
18:32:02 [INFO] Writing output ADG and file.
18:32:02 [INFO] 
18:32:02 [INFO] ----------------------------------------------
18:32:02 [INFO] -- Beginning Nemo Execution - Input Program --
18:32:02 [INFO] ----------------------------------------------
18:32:02 [INFO] Stratified program: [[0, 1, 2, 3, 4, 5, 6, 9, 11, 12, 13, 14, 16, 17], [7, 8, 10, 15, 18, 19]]
18:32:02 [INFO] <<< STEP 1: APPLYING RULE 0 coordinates(?longitude, ?latitude) :- locations(?longitude, ?latitude, ?tag), TRUE(?_BODY_1), Equal(?_BODY_1, StringContains(?tag, "addr")) >>>
18:32:02 [INFO] Loading source DsvReader { read: "<unspecified std::io::Read>", delimiter: 44, escape: None, value formats: DsvValueFormats([Double, Double, Skip, Skip, Skip, Skip, Skip, Skip, Skip, Skip, Skip, Skip, String]) }
18:32:02 [INFO] Starting data import
18:32:02 [INFO] Finished import: processed 782 lines (dropped 1)
18:32:02 [INFO] Loading source SimpleTable { arity: 1, data: [AnyDataValue(Boolean(BooleanDataValue(true)))] }
18:32:02 [INFO] Execution step: Body
18:32:02 [INFO] Saved temporary table: 122 entries (9140)
18:32:02 [INFO] Execution step: Duplicate Elimination (Datalog)
18:32:02 [INFO] Saved permanent table coordinates (1) Permutation { idx_to_val: [], val_to_idx: [] } with 122 entries (9188)
18:32:02 [INFO] Rule duration: 4 ms
18:32:02 [INFO] <<< STEP 2: APPLYING RULE 0 coordinates(?longitude, ?latitude) :- locations(?longitude, ?latitude, ?tag), TRUE(?_BODY_1), Equal(?_BODY_1, StringContains(?tag, "addr")) >>>
18:32:02 [INFO] Execution step: Body
18:32:02 [INFO] Trie does not contain any elements
18:32:02 [INFO] Execution step: Duplicate Elimination (Datalog)
18:32:02 [INFO] Trie does not contain any elements
18:32:02 [INFO] Rule duration: 0 ms
18:32:02 [INFO] <<< STEP 3: APPLYING RULE 1 coordinates_m(?Xm, ?Ym) :- coordinates(?longitude, ?latitude), PI(?PI), CIRC_EARTH(?earth), Equal(?Xm, NumericDivision(NumericProduct(NumericProduct(?longitude, ?earth), NumericCosine(NumericProduct(NumericDivision(?latitude, "180"^^<http://www.w3.org/2001/XMLSchema#double>), ?PI))), "360"^^<http://www.w3.org/2001/XMLSchema#double>)), Equal(?Ym, NumericProduct(?latitude, NumericDivision(?earth, "360"^^<http://www.w3.org/2001/XMLSchema#double>))) >>>
18:32:02 [INFO] Loading source SimpleTable { arity: 1, data: [AnyDataValue(Double(DoubleDataValue(3.14159)))] }
18:32:02 [INFO] Loading source SimpleTable { arity: 1, data: [AnyDataValue(Double(DoubleDataValue(40075000.0)))] }
18:32:02 [INFO] Execution step: Body
18:32:02 [INFO] Saved temporary table: 122 entries (9140)
18:32:02 [INFO] Execution step: Duplicate Elimination (Datalog)
18:32:02 [INFO] Saved permanent table coordinates_m (3) Permutation { idx_to_val: [], val_to_idx: [] } with 122 entries (9188)
18:32:02 [INFO] Rule duration: 0 ms
18:32:02 [INFO] <<< STEP 4: APPLYING RULE 1 coordinates_m(?Xm, ?Ym) :- coordinates(?longitude, ?latitude), PI(?PI), CIRC_EARTH(?earth), Equal(?Xm, NumericDivision(NumericProduct(NumericProduct(?longitude, ?earth), NumericCosine(NumericProduct(NumericDivision(?latitude, "180"^^<http://www.w3.org/2001/XMLSchema#double>), ?PI))), "360"^^<http://www.w3.org/2001/XMLSchema#double>)), Equal(?Ym, NumericProduct(?latitude, NumericDivision(?earth, "360"^^<http://www.w3.org/2001/XMLSchema#double>))) >>>
18:32:02 [INFO] Execution step: Body
18:32:02 [INFO] Trie does not contain any elements
18:32:02 [INFO] Execution step: Duplicate Elimination (Datalog)
18:32:02 [INFO] Trie does not contain any elements
18:32:02 [INFO] Rule duration: 0 ms
18:32:02 [INFO] <<< STEP 5: APPLYING RULE 2 project_location_m(?project, ?Xm, ?Ym) :- project_location(?project, ?longitude, ?latitude), PI(?PI), CIRC_EARTH(?earth), Equal(?Xm, NumericDivision(NumericProduct(NumericProduct(?longitude, ?earth), NumericCosine(NumericProduct(NumericDivision(?latitude, "180"^^<http://www.w3.org/2001/XMLSchema#double>), ?PI))), "360"^^<http://www.w3.org/2001/XMLSchema#double>)), Equal(?Ym, NumericProduct(?latitude, NumericDivision(?earth, "360"^^<http://www.w3.org/2001/XMLSchema#double>))) >>>
18:32:02 [INFO] Loading source SimpleTable { arity: 3, data: [AnyDataValue(PlainString(StringDataValue("Wind Turbine A"))), AnyDataValue(Double(DoubleDataValue(13.69510396381167))), AnyDataValue(Double(DoubleDataValue(50.89312291453255))), AnyDataValue(PlainString(StringDataValue("Wind Turbine B"))), AnyDataValue(Double(DoubleDataValue(13.704927907097524))), AnyDataValue(Double(DoubleDataValue(50.89816338631804))), AnyDataValue(PlainString(StringDataValue("Wind Turbine C"))), AnyDataValue(Double(DoubleDataValue(13.688126881341304))), AnyDataValue(Double(DoubleDataValue(50.90297432498729)))] }
18:32:02 [INFO] Execution step: Body
18:32:02 [INFO] Saved temporary table: 3 entries (10548)
18:32:02 [INFO] Execution step: Duplicate Elimination (Datalog)
18:32:02 [INFO] Saved permanent table project_location_m (5) Permutation { idx_to_val: [], val_to_idx: [] } with 3 entries (10596)
18:32:02 [INFO] Rule duration: 0 ms
18:32:02 [INFO] <<< STEP 6: APPLYING RULE 2 project_location_m(?project, ?Xm, ?Ym) :- project_location(?project, ?longitude, ?latitude), PI(?PI), CIRC_EARTH(?earth), Equal(?Xm, NumericDivision(NumericProduct(NumericProduct(?longitude, ?earth), NumericCosine(NumericProduct(NumericDivision(?latitude, "180"^^<http://www.w3.org/2001/XMLSchema#double>), ?PI))), "360"^^<http://www.w3.org/2001/XMLSchema#double>)), Equal(?Ym, NumericProduct(?latitude, NumericDivision(?earth, "360"^^<http://www.w3.org/2001/XMLSchema#double>))) >>>
18:32:02 [INFO] Execution step: Body
18:32:02 [INFO] Trie does not contain any elements
18:32:02 [INFO] Execution step: Duplicate Elimination (Datalog)
18:32:02 [INFO] Trie does not contain any elements
18:32:02 [INFO] Rule duration: 0 ms
18:32:02 [INFO] <<< STEP 7: APPLYING RULE 3 environmental_impact(?project) :- project_height_m(?project, ?height), NumericGreaterthaneq(?height, 50) >>>
18:32:02 [INFO] Loading source SimpleTable { arity: 2, data: [AnyDataValue(PlainString(StringDataValue("Wind Turbine A"))), AnyDataValue(Long(LongDataValue(60))), AnyDataValue(PlainString(StringDataValue("Wind Turbine B"))), AnyDataValue(Long(LongDataValue(40))), AnyDataValue(PlainString(StringDataValue("Wind Turbine C"))), AnyDataValue(Long(LongDataValue(60)))] }
18:32:02 [INFO] Execution step: Body
18:32:02 [INFO] Saved temporary table: 2 entries (3408)
18:32:02 [INFO] Execution step: Duplicate Elimination (Datalog)
18:32:02 [INFO] Saved permanent table environmental_impact (7) Permutation { idx_to_val: [], val_to_idx: [] } with 2 entries (3456)
18:32:02 [INFO] Rule duration: 0 ms
18:32:02 [INFO] <<< STEP 8: APPLYING RULE 3 environmental_impact(?project) :- project_height_m(?project, ?height), NumericGreaterthaneq(?height, 50) >>>
18:32:02 [INFO] Execution step: Body
18:32:02 [INFO] Trie does not contain any elements
18:32:02 [INFO] Execution step: Duplicate Elimination (Datalog)
18:32:02 [INFO] Trie does not contain any elements
18:32:02 [INFO] Rule duration: 0 ms
18:32:02 [INFO] <<< STEP 9: APPLYING RULE 4 distance(?project, ?distance) :- project_location_m(?project, ?Xp, ?Yp), coordinates_m(?Xr, ?Yr), Equal(?distance, NumericSquareroot(NumericSum(NumericPower(NumericSubtraction(?Xp, ?Xr), "2"^^<http://www.w3.org/2001/XMLSchema#double>), NumericPower(NumericSubtraction(?Yp, ?Yr), "2"^^<http://www.w3.org/2001/XMLSchema#double>)))) >>>
18:32:02 [INFO] Execution step: Body
18:32:02 [INFO] Saved temporary table: 366 entries (9884)
18:32:02 [INFO] Execution step: Duplicate Elimination (Datalog)
18:32:02 [INFO] Saved permanent table distance (9) Permutation { idx_to_val: [], val_to_idx: [] } with 366 entries (9932)
18:32:02 [INFO] Rule duration: 1 ms
18:32:02 [INFO] <<< STEP 10: APPLYING RULE 4 distance(?project, ?distance) :- project_location_m(?project, ?Xp, ?Yp), coordinates_m(?Xr, ?Yr), Equal(?distance, NumericSquareroot(NumericSum(NumericPower(NumericSubtraction(?Xp, ?Xr), "2"^^<http://www.w3.org/2001/XMLSchema#double>), NumericPower(NumericSubtraction(?Yp, ?Yr), "2"^^<http://www.w3.org/2001/XMLSchema#double>)))) >>>
18:32:02 [INFO] Execution step: Body
18:32:02 [INFO] Trie does not contain any elements
18:32:02 [INFO] Execution step: Duplicate Elimination (Datalog)
18:32:02 [INFO] Trie does not contain any elements
18:32:02 [INFO] Rule duration: 0 ms
18:32:02 [INFO] <<< STEP 11: APPLYING RULE 5 project_reject(?project) :- distance(?project, ?distance), NumericLessthan(?distance, "200"^^<http://www.w3.org/2001/XMLSchema#double>) >>>
18:32:02 [INFO] Execution step: Body
18:32:02 [INFO] Saved temporary table: 1 entries (3404)
18:32:02 [INFO] Execution step: Duplicate Elimination (Datalog)
18:32:02 [INFO] Saved permanent table project_reject (11) Permutation { idx_to_val: [], val_to_idx: [] } with 1 entries (3452)
18:32:02 [INFO] Rule duration: 0 ms
18:32:02 [INFO] <<< STEP 12: APPLYING RULE 5 project_reject(?project) :- distance(?project, ?distance), NumericLessthan(?distance, "200"^^<http://www.w3.org/2001/XMLSchema#double>) >>>
18:32:02 [INFO] Execution step: Body
18:32:02 [INFO] Trie does not contain any elements
18:32:02 [INFO] Execution step: Duplicate Elimination (Datalog)
18:32:02 [INFO] Trie does not contain any elements
18:32:02 [INFO] Rule duration: 0 ms
18:32:02 [INFO] <<< STEP 13: APPLYING RULE 6 project_reject(?project) :- environmental_impact(?project), project_species(?project, ?species), endangered(?species) >>>
18:32:02 [INFO] Loading source SimpleTable { arity: 2, data: [AnyDataValue(PlainString(StringDataValue("Wind Turbine A"))), AnyDataValue(PlainString(StringDataValue("Rotmilan"))), AnyDataValue(PlainString(StringDataValue("Wind Turbine A"))), AnyDataValue(PlainString(StringDataValue("Feldsperling"))), AnyDataValue(PlainString(StringDataValue("Wind Turbine B"))), AnyDataValue(PlainString(StringDataValue("Gartenschläfer"))), AnyDataValue(PlainString(StringDataValue("Wind Turbine C"))), AnyDataValue(PlainString(StringDataValue("Mauersegler")))] }
18:32:02 [INFO] Loading source DsvReader { read: "<unspecified std::io::Read>", delimiter: 44, escape: None, value formats: DsvValueFormats([String]) }
18:32:02 [INFO] Starting data import
18:32:02 [INFO] Finished import: processed 21 lines (dropped 0)
18:32:02 [INFO] Execution step: Body
18:32:02 [INFO] Saved temporary table: 1 entries (3404)
18:32:02 [INFO] Execution step: Duplicate Elimination (Datalog)
18:32:02 [INFO] Saved permanent table project_reject (13) Permutation { idx_to_val: [], val_to_idx: [] } with 1 entries (3452)
18:32:02 [INFO] Rule duration: 0 ms
18:32:02 [INFO] <<< STEP 14: APPLYING RULE 6 project_reject(?project) :- environmental_impact(?project), project_species(?project, ?species), endangered(?species) >>>
18:32:02 [INFO] Execution step: Body
18:32:02 [INFO] Trie does not contain any elements
18:32:02 [INFO] Execution step: Duplicate Elimination (Datalog)
18:32:02 [INFO] Trie does not contain any elements
18:32:02 [INFO] Rule duration: 0 ms
18:32:02 [INFO] <<< STEP 15: APPLYING RULE 9 R_6(?X_4, ?X_2, ?X_3, ?X_5, "50.89312291453255"^^<http://www.w3.org/2001/XMLSchema#double>) :- project(?X_4), project(?X_2), project(?X_3), project(?X_5), project(?_BODY_1), Equal(?_BODY_1, "50.89312291453255"^^<http://www.w3.org/2001/XMLSchema#double>) >>>
18:32:02 [INFO] Loading source SimpleTable { arity: 1, data: [AnyDataValue(PlainString(StringDataValue("Wind Turbine A"))), AnyDataValue(PlainString(StringDataValue("Wind Turbine B"))), AnyDataValue(PlainString(StringDataValue("Wind Turbine C")))] }
18:32:02 [INFO] Execution step: Body
18:32:02 [INFO] Trie does not contain any elements
18:32:02 [INFO] Execution step: Duplicate Elimination (Datalog)
18:32:02 [INFO] Trie does not contain any elements
18:32:02 [INFO] Rule duration: 0 ms
18:32:02 [INFO] <<< STEP 16: APPLYING RULE 11 R_4("Wind Turbine A") :- coordinates(?_BODY_1, ?_BODY_2), coordinates(?_BODY_3, ?Z_1), Equal(?_BODY_1, "Wind Turbine A"), Equal(?_BODY_2, "Wind Turbine A"), Equal(?_BODY_3, "true"^^<http://www.w3.org/2001/XMLSchema#boolean>) >>>
18:32:02 [INFO] Execution step: Body
18:32:02 [INFO] Trie does not contain any elements
18:32:02 [INFO] Execution step: Duplicate Elimination (Datalog)
18:32:02 [INFO] Trie does not contain any elements
18:32:02 [INFO] Rule duration: 0 ms
18:32:02 [INFO] <<< STEP 17: APPLYING RULE 16 R_10(?X_2, ?X_5, ?X_2, ?X_1, ?X_3) :- project_height_m(?X_2, ?X_5), project_height_m(?X_2, ?X_5), project_height_m(?X_3, ?X_1), R_4(?_BODY_1), Equal(?_BODY_1, "Wind Turbine A") >>>
18:32:02 [INFO] Execution step: Body
18:32:02 [INFO] Trie does not contain any elements
18:32:02 [INFO] Execution step: Duplicate Elimination (Datalog)
18:32:02 [INFO] Trie does not contain any elements
18:32:02 [INFO] Rule duration: 0 ms
18:32:02 [INFO] <<< STEP 18: APPLYING RULE 12 R_1(?X_1, ?X_3, ?X_4, "Wind Turbine C", ?X_5) :- R_10(?X_1, ?X_3, ?X_4, ?_BODY_1, ?X_5), coordinates_m(?Z_3, ?X_1), TRUE(?X_5), Equal(?_BODY_1, "Wind Turbine C") >>>
18:32:02 [INFO] Execution step: Project/Reorder
18:32:02 [INFO] Saved temporary table: 1 entries (3452)
18:32:02 [INFO] Execution step: Body
18:32:02 [INFO] Trie does not contain any elements
18:32:02 [INFO] Execution step: Duplicate Elimination (Datalog)
18:32:02 [INFO] Trie does not contain any elements
18:32:02 [INFO] Rule duration: 0 ms
18:32:02 [INFO] <<< STEP 19: APPLYING RULE 13 R_5(?X_1, ?X_3, ?X_3, ?X_2) :- environmental_impact(?X_1), environmental_impact(?X_3), environmental_impact(?X_3), environmental_impact(?X_2), project(?X_1), project_height_m(?X_3, ?X_2) >>>
18:32:02 [INFO] Execution step: Body
18:32:02 [INFO] Trie does not contain any elements
18:32:02 [INFO] Execution step: Duplicate Elimination (Datalog)
18:32:02 [INFO] Trie does not contain any elements
18:32:02 [INFO] Rule duration: 0 ms
18:32:02 [INFO] <<< STEP 20: APPLYING RULE 14 R_8(?X_5, "3.14159"^^<http://www.w3.org/2001/XMLSchema#double>, ?X_3, ?X_1, ?X_3) :- locations(?X_5, ?_BODY_1, ?X_3), locations(?X_1, ?X_3, ?_BODY_2), PI(?Z_1), project_location_m(?Z_2, ?X_3, ?X_5), locations(?X_3, ?X_1, ?X_5), project_species(?X_1, ?_BODY_3), Equal(?_BODY_1, "3.14159"^^<http://www.w3.org/2001/XMLSchema#double>), Equal(?_BODY_2, ?X_1), Equal(?_BODY_3, "Feldsperling") >>>
18:32:02 [INFO] Loading source SimpleTable { arity: 5, data: [AnyDataValue(PlainString(StringDataValue("Wind Turbine B"))), AnyDataValue(PlainString(StringDataValue("Wind Turbine A"))), AnyDataValue(PlainString(StringDataValue("Wind Turbine C"))), AnyDataValue(PlainString(StringDataValue("Rotmilan"))), AnyDataValue(Iri(IriDataValue("c_3")))] }
18:32:02 [INFO] Execution step: Project/Reorder
18:32:02 [INFO] Saved temporary table: 781 entries (26616)
18:32:02 [INFO] Execution step: Project/Reorder
18:32:02 [INFO] Saved temporary table: 4 entries (7020)
18:32:02 [INFO] Execution step: Body
18:32:02 [INFO] Trie does not contain any elements
18:32:02 [INFO] Execution step: Duplicate Elimination (Datalog)
18:32:02 [INFO] Trie does not contain any elements
18:32:02 [INFO] Rule duration: 1 ms
18:32:02 [INFO] <<< STEP 21: APPLYING RULE 17 R_7(?X_2, ?X_2) :- R_1(?X_2, ?_BODY_1, ?_BODY_2, ?_BODY_3, ?_BODY_4), endangered(?X_2), R_5(?Z_2, ?X_2, ?_BODY_5, ?_BODY_6), R_6(?X_2, ?_BODY_7, ?Z_5, ?_BODY_8, ?Z_1), Equal(?_BODY_1, ?X_2), Equal(?_BODY_2, ?X_2), Equal(?_BODY_3, "Wind Turbine A"), Equal(?_BODY_4, ?X_2), Equal(?_BODY_5, ?X_2), Equal(?_BODY_6, ?X_2), Equal(?_BODY_7, ?X_2), Equal(?_BODY_8, ?X_2) >>>
18:32:02 [INFO] Execution step: Body
18:32:02 [INFO] Trie does not contain any elements
18:32:02 [INFO] Execution step: Duplicate Elimination (Datalog)
18:32:02 [INFO] Trie does not contain any elements
18:32:02 [INFO] Rule duration: 0 ms
18:32:02 [INFO] <<< STEP 22: APPLYING RULE 7 project_approved(?project) :- project(?project), project_reject(?project) >>>
18:32:02 [INFO] Execution step: Project/Reorder
18:32:02 [INFO] Saved temporary table: 2 entries (3456)
18:32:02 [INFO] Execution step: Body
18:32:02 [INFO] Saved temporary table: 1 entries (3404)
18:32:02 [INFO] Execution step: Duplicate Elimination (Datalog)
18:32:02 [INFO] Saved permanent table project_approved (22) Permutation { idx_to_val: [], val_to_idx: [] } with 1 entries (3452)
18:32:02 [INFO] Rule duration: 0 ms
18:32:02 [INFO] <<< STEP 23: APPLYING RULE 7 project_approved(?project) :- project(?project), project_reject(?project) >>>
18:32:02 [INFO] Execution step: Project/Reorder
18:32:02 [INFO] Saved temporary table: 2 entries (3456)
18:32:02 [INFO] Execution step: Body
18:32:02 [INFO] Trie does not contain any elements
18:32:02 [INFO] Execution step: Duplicate Elimination (Datalog)
18:32:02 [INFO] Trie does not contain any elements
18:32:02 [INFO] Rule duration: 0 ms
18:32:02 [INFO] <<< STEP 24: APPLYING RULE 8 closest_house(?project, ?_AGGREGATION_OUT) :- distance(?project, ?distance), ?_AGGREGATION_OUT = #min(?distance) >>>
18:32:02 [INFO] Execution step: Body
18:32:02 [INFO] Saved temporary table: 366 entries (9884)
18:32:02 [INFO] Execution step: Aggregate output
18:32:02 [INFO] Execution step: Project/Reorder
18:32:02 [INFO] Saved temporary table: 3 entries (7028)
18:32:02 [INFO] Execution step: Duplicate Elimination (Datalog)
18:32:02 [INFO] Saved permanent table closest_house (24) Permutation { idx_to_val: [], val_to_idx: [] } with 3 entries (7028)
18:32:02 [INFO] Rule duration: 0 ms
18:32:02 [INFO] <<< STEP 25: APPLYING RULE 8 closest_house(?project, ?_AGGREGATION_OUT) :- distance(?project, ?distance), ?_AGGREGATION_OUT = #min(?distance) >>>
18:32:02 [INFO] Execution step: Body
18:32:02 [INFO] Trie does not contain any elements
18:32:02 [INFO] Execution step: Aggregate output
18:32:02 [INFO] Trie does not contain any elements
18:32:02 [INFO] Execution step: Duplicate Elimination (Datalog)
18:32:02 [INFO] Trie does not contain any elements
18:32:02 [INFO] Rule duration: 0 ms
18:32:02 [INFO] <<< STEP 26: APPLYING RULE 15 R_3(?X_1) :- R_7(?_BODY_1, ?X_1), closest_house(?Z_1, ?_BODY_2), distance(?X_1, ?Z_1), project_reject(?Z_1), R_1(?Z_3, ?_BODY_3, ?X_1, ?Z_1, ?Z_2), Equal(?_BODY_1, "Wind Turbine A"), Equal(?_BODY_2, "addr"), Equal(?_BODY_3, 60) >>>
18:32:02 [INFO] Loading source SimpleTable { arity: 1, data: [AnyDataValue(PlainString(StringDataValue("Wind Turbine A")))] }
18:32:02 [INFO] Execution step: Body
18:32:02 [INFO] Trie does not contain any elements
18:32:02 [INFO] Execution step: Duplicate Elimination (Datalog)
18:32:02 [INFO] Trie does not contain any elements
18:32:02 [INFO] Rule duration: 0 ms
18:32:02 [INFO] <<< STEP 27: APPLYING RULE 10 R_9(?X_4, ?X_5, ?X_4, ?X_2, ?X_3) :- R_3(?X_4), R_3(?X_5), R_3(?X_4), R_3(?X_2), R_3(?X_3) >>>
18:32:02 [INFO] Loading source SimpleTable { arity: 5, data: [AnyDataValue(Long(LongDataValue(40))), AnyDataValue(PlainString(StringDataValue("Rotmilan"))), AnyDataValue(UnsignedLong(UnsignedLongDataValue(2514194567711601294))), AnyDataValue(UnsignedLong(UnsignedLongDataValue(15062069234843901878))), AnyDataValue(Iri(IriDataValue("c_4"))), AnyDataValue(Double(DoubleDataValue(13.688126881341304))), AnyDataValue(PlainString(StringDataValue("Wind Turbine A"))), AnyDataValue(PlainString(StringDataValue("str_1"))), AnyDataValue(PlainString(StringDataValue("Wind Turbine A"))), AnyDataValue(UnsignedLong(UnsignedLongDataValue(3108637524478055374)))] }
18:32:02 [INFO] Execution step: Body
18:32:02 [INFO] Saved temporary table: 1 entries (13760)
18:32:02 [INFO] Execution step: Duplicate Elimination (Datalog)
18:32:02 [INFO] Saved permanent table R_9 (27) Permutation { idx_to_val: [], val_to_idx: [] } with 1 entries (17260)
18:32:02 [INFO] Rule duration: 0 ms
18:32:02 [INFO] <<< STEP 28: APPLYING RULE 10 R_9(?X_4, ?X_5, ?X_4, ?X_2, ?X_3) :- R_3(?X_4), R_3(?X_5), R_3(?X_4), R_3(?X_2), R_3(?X_3) >>>
18:32:02 [INFO] Execution step: Body
18:32:02 [INFO] Trie does not contain any elements
18:32:02 [INFO] Execution step: Duplicate Elimination (Datalog)
18:32:02 [INFO] Trie does not contain any elements
18:32:02 [INFO] Rule duration: 0 ms
18:32:02 [INFO] <<< STEP 29: APPLYING RULE 18 R_2(?X_2, ?X_1, ?X_5, "Wind Turbine B", ?X_3) :- project_height_m(?X_2, ?X_1), project_height_m(?X_5, ?_BODY_1), project_height_m(?X_3, ?X_1), environmental_impact(?X_2), project_approved(?X_1), R_8(?X_1, ?Z_3, ?X_3, ?Z_2, ?_BODY_2), Equal(?_BODY_1, "Wind Turbine B"), Equal(?_BODY_2, ?X_3) >>>
18:32:02 [INFO] Loading source SimpleTable { arity: 5, data: [AnyDataValue(Iri(IriDataValue("c_1"))), AnyDataValue(PlainString(StringDataValue("Wind Turbine A"))), AnyDataValue(Iri(IriDataValue("c_2"))), AnyDataValue(Iri(IriDataValue("c_1"))), AnyDataValue(PlainString(StringDataValue("str_1"))), AnyDataValue(PlainString(StringDataValue("Gartenschläfer"))), AnyDataValue(PlainString(StringDataValue("str_3"))), AnyDataValue(Long(LongDataValue(60))), AnyDataValue(Iri(IriDataValue("c_5"))), AnyDataValue(PlainString(StringDataValue("str_4")))] }
18:32:02 [INFO] Execution step: Body
18:32:02 [INFO] Trie does not contain any elements
18:32:02 [INFO] Execution step: Duplicate Elimination (Datalog)
18:32:02 [INFO] Trie does not contain any elements
18:32:02 [INFO] Rule duration: 0 ms
18:32:02 [INFO] <<< STEP 30: APPLYING RULE 19 R_OUT(?X_1, ?X_5, ?X_2, "Wind Turbine C", ?X_4) :- R_9(?X_1, ?X_5, ?X_2, ?_BODY_1, ?X_4), R_2(?X_1, ?_BODY_2, ?_BODY_3, ?X_5, ?_BODY_4), R_10(?X_1, ?_BODY_5, ?Z_2, ?_BODY_6, ?X_5), CIRC_EARTH(?X_2), R_7(?X_1, ?_BODY_7), Equal(?_BODY_1, "Wind Turbine C"), Equal(?_BODY_2, ?X_1), Equal(?_BODY_3, ?X_1), Equal(?_BODY_4, ?X_5), Equal(?_BODY_5, ?X_1), Equal(?_BODY_6, ?X_1), Equal(?_BODY_7, ?X_1) >>>
18:32:02 [INFO] Execution step: Project/Reorder
18:32:02 [INFO] Saved temporary table: 1 entries (3456)
18:32:02 [INFO] Execution step: Project/Reorder
18:32:02 [INFO] Trie does not contain any elements
18:32:02 [INFO] Execution step: Body
18:32:02 [INFO] Trie does not contain any elements
18:32:02 [INFO] Execution step: Duplicate Elimination (Datalog)
18:32:02 [INFO] Trie does not contain any elements
18:32:02 [INFO] Rule duration: 0 ms
18:32:02 [INFO] ----------------------------------------------
18:32:02 [INFO] --- Finished Nemo Execution - Input Program --
18:32:02 [INFO] Output size: 0
18:32:02 [INFO] ----------------------------------------------
18:32:02 [INFO] 
18:32:02 [INFO] ----------------------------------------------
18:32:02 [INFO] Beginning Nemo Execution - Transformed Program
18:32:02 [INFO] ----------------------------------------------
18:32:02 [INFO] Stratified program: [[0, 1, 2, 3, 4, 5, 6, 9, 11, 12, 13, 14, 16, 17, 22], [7, 8, 10, 15, 21, 23], [18, 19, 20]]
18:32:02 [INFO] <<< STEP 1: APPLYING RULE 0 coordinates(?longitude, ?latitude) :- locations(?longitude, ?latitude, ?tag), TRUE(?_BODY_1), Equal(?_BODY_1, StringContains(?tag, "addr")) >>>
18:32:02 [INFO] Loading source DsvReader { read: "<unspecified std::io::Read>", delimiter: 44, escape: None, value formats: DsvValueFormats([Double, Double, Skip, Skip, Skip, Skip, Skip, Skip, Skip, Skip, Skip, Skip, String]) }
18:32:02 [INFO] Starting data import
18:32:02 [INFO] Finished import: processed 782 lines (dropped 1)
18:32:02 [INFO] Loading source SimpleTable { arity: 1, data: [AnyDataValue(Boolean(BooleanDataValue(true)))] }
18:32:02 [INFO] Execution step: Body
18:32:02 [INFO] Saved temporary table: 122 entries (9140)
18:32:02 [INFO] Execution step: Duplicate Elimination (Datalog)
18:32:02 [INFO] Saved permanent table coordinates (1) Permutation { idx_to_val: [], val_to_idx: [] } with 122 entries (9188)
18:32:02 [INFO] Rule duration: 3 ms
18:32:02 [INFO] <<< STEP 2: APPLYING RULE 0 coordinates(?longitude, ?latitude) :- locations(?longitude, ?latitude, ?tag), TRUE(?_BODY_1), Equal(?_BODY_1, StringContains(?tag, "addr")) >>>
18:32:02 [INFO] Execution step: Body
18:32:02 [INFO] Trie does not contain any elements
18:32:02 [INFO] Execution step: Duplicate Elimination (Datalog)
18:32:02 [INFO] Trie does not contain any elements
18:32:02 [INFO] Rule duration: 0 ms
18:32:02 [INFO] <<< STEP 3: APPLYING RULE 1 coordinates_m(?Xm, ?Ym) :- coordinates(?longitude, ?latitude), PI(?PI), CIRC_EARTH(?earth), Equal(?Xm, NumericDivision(NumericProduct(NumericProduct(?longitude, ?earth), NumericCosine(NumericProduct(NumericDivision(?latitude, "180"^^<http://www.w3.org/2001/XMLSchema#double>), ?PI))), "360"^^<http://www.w3.org/2001/XMLSchema#double>)), Equal(?Ym, NumericProduct(?latitude, NumericDivision(?earth, "360"^^<http://www.w3.org/2001/XMLSchema#double>))) >>>
18:32:02 [INFO] Loading source SimpleTable { arity: 1, data: [AnyDataValue(Double(DoubleDataValue(3.14159)))] }
18:32:02 [INFO] Loading source SimpleTable { arity: 1, data: [AnyDataValue(Double(DoubleDataValue(40075000.0)))] }
18:32:02 [INFO] Execution step: Body
18:32:02 [INFO] Saved temporary table: 122 entries (9140)
18:32:02 [INFO] Execution step: Duplicate Elimination (Datalog)
18:32:02 [INFO] Saved permanent table coordinates_m (3) Permutation { idx_to_val: [], val_to_idx: [] } with 122 entries (9188)
18:32:02 [INFO] Rule duration: 0 ms
18:32:02 [INFO] <<< STEP 4: APPLYING RULE 1 coordinates_m(?Xm, ?Ym) :- coordinates(?longitude, ?latitude), PI(?PI), CIRC_EARTH(?earth), Equal(?Xm, NumericDivision(NumericProduct(NumericProduct(?longitude, ?earth), NumericCosine(NumericProduct(NumericDivision(?latitude, "180"^^<http://www.w3.org/2001/XMLSchema#double>), ?PI))), "360"^^<http://www.w3.org/2001/XMLSchema#double>)), Equal(?Ym, NumericProduct(?latitude, NumericDivision(?earth, "360"^^<http://www.w3.org/2001/XMLSchema#double>))) >>>
18:32:02 [INFO] Execution step: Body
18:32:02 [INFO] Trie does not contain any elements
18:32:02 [INFO] Execution step: Duplicate Elimination (Datalog)
18:32:02 [INFO] Trie does not contain any elements
18:32:02 [INFO] Rule duration: 0 ms
18:32:02 [INFO] <<< STEP 5: APPLYING RULE 2 project_location_m(?project, ?Xm, ?Ym) :- project_location(?project, ?longitude, ?latitude), PI(?PI), CIRC_EARTH(?earth), Equal(?Xm, NumericDivision(NumericProduct(NumericProduct(?longitude, ?earth), NumericCosine(NumericProduct(NumericDivision(?latitude, "180"^^<http://www.w3.org/2001/XMLSchema#double>), ?PI))), "360"^^<http://www.w3.org/2001/XMLSchema#double>)), Equal(?Ym, NumericProduct(?latitude, NumericDivision(?earth, "360"^^<http://www.w3.org/2001/XMLSchema#double>))) >>>
18:32:02 [INFO] Loading source SimpleTable { arity: 3, data: [AnyDataValue(PlainString(StringDataValue("Wind Turbine A"))), AnyDataValue(Double(DoubleDataValue(13.69510396381167))), AnyDataValue(Double(DoubleDataValue(50.89312291453255))), AnyDataValue(PlainString(StringDataValue("Wind Turbine B"))), AnyDataValue(Double(DoubleDataValue(13.704927907097524))), AnyDataValue(Double(DoubleDataValue(50.89816338631804))), AnyDataValue(PlainString(StringDataValue("Wind Turbine C"))), AnyDataValue(Double(DoubleDataValue(13.688126881341304))), AnyDataValue(Double(DoubleDataValue(50.90297432498729)))] }
18:32:02 [INFO] Execution step: Body
18:32:02 [INFO] Saved temporary table: 3 entries (10548)
18:32:02 [INFO] Execution step: Duplicate Elimination (Datalog)
18:32:02 [INFO] Saved permanent table project_location_m (5) Permutation { idx_to_val: [], val_to_idx: [] } with 3 entries (10596)
18:32:02 [INFO] Rule duration: 0 ms
18:32:02 [INFO] <<< STEP 6: APPLYING RULE 2 project_location_m(?project, ?Xm, ?Ym) :- project_location(?project, ?longitude, ?latitude), PI(?PI), CIRC_EARTH(?earth), Equal(?Xm, NumericDivision(NumericProduct(NumericProduct(?longitude, ?earth), NumericCosine(NumericProduct(NumericDivision(?latitude, "180"^^<http://www.w3.org/2001/XMLSchema#double>), ?PI))), "360"^^<http://www.w3.org/2001/XMLSchema#double>)), Equal(?Ym, NumericProduct(?latitude, NumericDivision(?earth, "360"^^<http://www.w3.org/2001/XMLSchema#double>))) >>>
18:32:02 [INFO] Execution step: Body
18:32:02 [INFO] Trie does not contain any elements
18:32:02 [INFO] Execution step: Duplicate Elimination (Datalog)
18:32:02 [INFO] Trie does not contain any elements
18:32:02 [INFO] Rule duration: 0 ms
18:32:02 [INFO] <<< STEP 7: APPLYING RULE 3 environmental_impact(?project) :- project_height_m(?project, ?height), NumericGreaterthaneq(?height, 50) >>>
18:32:02 [INFO] Loading source SimpleTable { arity: 2, data: [AnyDataValue(PlainString(StringDataValue("Wind Turbine A"))), AnyDataValue(Long(LongDataValue(60))), AnyDataValue(PlainString(StringDataValue("Wind Turbine B"))), AnyDataValue(Long(LongDataValue(40))), AnyDataValue(PlainString(StringDataValue("Wind Turbine C"))), AnyDataValue(Long(LongDataValue(60)))] }
18:32:02 [INFO] Execution step: Body
18:32:02 [INFO] Saved temporary table: 2 entries (3408)
18:32:02 [INFO] Execution step: Duplicate Elimination (Datalog)
18:32:02 [INFO] Saved permanent table environmental_impact (7) Permutation { idx_to_val: [], val_to_idx: [] } with 2 entries (3456)
18:32:02 [INFO] Rule duration: 0 ms
18:32:02 [INFO] <<< STEP 8: APPLYING RULE 3 environmental_impact(?project) :- project_height_m(?project, ?height), NumericGreaterthaneq(?height, 50) >>>
18:32:02 [INFO] Execution step: Body
18:32:02 [INFO] Trie does not contain any elements
18:32:02 [INFO] Execution step: Duplicate Elimination (Datalog)
18:32:02 [INFO] Trie does not contain any elements
18:32:02 [INFO] Rule duration: 0 ms
18:32:02 [INFO] <<< STEP 9: APPLYING RULE 4 distance(?project, ?distance) :- project_location_m(?project, ?Xp, ?Yp), coordinates_m(?Xr, ?Yr), Equal(?distance, NumericSquareroot(NumericSum(NumericPower(NumericSubtraction(?Xp, ?Xr), "2"^^<http://www.w3.org/2001/XMLSchema#double>), NumericPower(NumericSubtraction(?Yp, ?Yr), "2"^^<http://www.w3.org/2001/XMLSchema#double>)))) >>>
18:32:02 [INFO] Execution step: Body
18:32:02 [INFO] Saved temporary table: 366 entries (9884)
18:32:02 [INFO] Execution step: Duplicate Elimination (Datalog)
18:32:02 [INFO] Saved permanent table distance (9) Permutation { idx_to_val: [], val_to_idx: [] } with 366 entries (9932)
18:32:02 [INFO] Rule duration: 0 ms
18:32:02 [INFO] <<< STEP 10: APPLYING RULE 4 distance(?project, ?distance) :- project_location_m(?project, ?Xp, ?Yp), coordinates_m(?Xr, ?Yr), Equal(?distance, NumericSquareroot(NumericSum(NumericPower(NumericSubtraction(?Xp, ?Xr), "2"^^<http://www.w3.org/2001/XMLSchema#double>), NumericPower(NumericSubtraction(?Yp, ?Yr), "2"^^<http://www.w3.org/2001/XMLSchema#double>)))) >>>
18:32:02 [INFO] Execution step: Body
18:32:02 [INFO] Trie does not contain any elements
18:32:02 [INFO] Execution step: Duplicate Elimination (Datalog)
18:32:02 [INFO] Trie does not contain any elements
18:32:02 [INFO] Rule duration: 0 ms
18:32:02 [INFO] <<< STEP 11: APPLYING RULE 5 project_reject(?project) :- distance(?project, ?distance), NumericLessthan(?distance, "200"^^<http://www.w3.org/2001/XMLSchema#double>) >>>
18:32:02 [INFO] Execution step: Body
18:32:02 [INFO] Saved temporary table: 1 entries (3404)
18:32:02 [INFO] Execution step: Duplicate Elimination (Datalog)
18:32:02 [INFO] Saved permanent table project_reject (11) Permutation { idx_to_val: [], val_to_idx: [] } with 1 entries (3452)
18:32:02 [INFO] Rule duration: 0 ms
18:32:02 [INFO] <<< STEP 12: APPLYING RULE 5 project_reject(?project) :- distance(?project, ?distance), NumericLessthan(?distance, "200"^^<http://www.w3.org/2001/XMLSchema#double>) >>>
18:32:02 [INFO] Execution step: Body
18:32:02 [INFO] Trie does not contain any elements
18:32:02 [INFO] Execution step: Duplicate Elimination (Datalog)
18:32:02 [INFO] Trie does not contain any elements
18:32:02 [INFO] Rule duration: 0 ms
18:32:02 [INFO] <<< STEP 13: APPLYING RULE 6 project_reject(?project) :- environmental_impact(?project), project_species(?project, ?species), endangered(?species) >>>
18:32:02 [INFO] Loading source SimpleTable { arity: 2, data: [AnyDataValue(PlainString(StringDataValue("Wind Turbine A"))), AnyDataValue(PlainString(StringDataValue("Rotmilan"))), AnyDataValue(PlainString(StringDataValue("Wind Turbine A"))), AnyDataValue(PlainString(StringDataValue("Feldsperling"))), AnyDataValue(PlainString(StringDataValue("Wind Turbine B"))), AnyDataValue(PlainString(StringDataValue("Gartenschläfer"))), AnyDataValue(PlainString(StringDataValue("Wind Turbine C"))), AnyDataValue(PlainString(StringDataValue("Mauersegler")))] }
18:32:02 [INFO] Loading source DsvReader { read: "<unspecified std::io::Read>", delimiter: 44, escape: None, value formats: DsvValueFormats([String]) }
18:32:02 [INFO] Starting data import
18:32:02 [INFO] Finished import: processed 21 lines (dropped 0)
18:32:02 [INFO] Execution step: Body
18:32:02 [INFO] Saved temporary table: 1 entries (3404)
18:32:02 [INFO] Execution step: Duplicate Elimination (Datalog)
18:32:02 [INFO] Saved permanent table project_reject (13) Permutation { idx_to_val: [], val_to_idx: [] } with 1 entries (3452)
18:32:02 [INFO] Rule duration: 0 ms
18:32:02 [INFO] <<< STEP 14: APPLYING RULE 6 project_reject(?project) :- environmental_impact(?project), project_species(?project, ?species), endangered(?species) >>>
18:32:02 [INFO] Execution step: Body
18:32:02 [INFO] Trie does not contain any elements
18:32:02 [INFO] Execution step: Duplicate Elimination (Datalog)
18:32:02 [INFO] Trie does not contain any elements
18:32:02 [INFO] Rule duration: 0 ms
18:32:02 [INFO] <<< STEP 15: APPLYING RULE 9 R_6(?X_4, ?X_2, ?X_3, ?X_5, "50.89312291453255"^^<http://www.w3.org/2001/XMLSchema#double>) :- project(?X_4), project(?X_2), project(?X_3), project(?X_5), project(?_BODY_1), Equal(?_BODY_1, "50.89312291453255"^^<http://www.w3.org/2001/XMLSchema#double>) >>>
18:32:02 [INFO] Loading source SimpleTable { arity: 1, data: [AnyDataValue(PlainString(StringDataValue("Wind Turbine A"))), AnyDataValue(PlainString(StringDataValue("Wind Turbine B"))), AnyDataValue(PlainString(StringDataValue("Wind Turbine C")))] }
18:32:02 [INFO] Execution step: Body
18:32:02 [INFO] Trie does not contain any elements
18:32:02 [INFO] Execution step: Duplicate Elimination (Datalog)
18:32:02 [INFO] Trie does not contain any elements
18:32:02 [INFO] Rule duration: 0 ms
18:32:02 [INFO] <<< STEP 16: APPLYING RULE 11 R_4("Wind Turbine A") :- coordinates(?_BODY_1, ?_BODY_2), coordinates(?_BODY_3, ?Z_1), Equal(?_BODY_1, "Wind Turbine A"), Equal(?_BODY_2, "Wind Turbine A"), Equal(?_BODY_3, "true"^^<http://www.w3.org/2001/XMLSchema#boolean>) >>>
18:32:02 [INFO] Execution step: Body
18:32:02 [INFO] Trie does not contain any elements
18:32:02 [INFO] Execution step: Duplicate Elimination (Datalog)
18:32:02 [INFO] Trie does not contain any elements
18:32:02 [INFO] Rule duration: 0 ms
18:32:02 [INFO] <<< STEP 17: APPLYING RULE 22 R_4(?X_1) :- TRUE(?X_1), TRUE(?X_1) >>>
18:32:02 [INFO] Execution step: Project/Reorder
18:32:02 [INFO] Saved temporary table: 1 entries (3452)
18:32:02 [INFO] Execution step: Body
18:32:02 [INFO] Trie does not contain any elements
18:32:02 [INFO] Execution step: Duplicate Elimination (Datalog)
18:32:02 [INFO] Trie does not contain any elements
18:32:02 [INFO] Rule duration: 0 ms
18:32:02 [INFO] <<< STEP 18: APPLYING RULE 16 R_10(?X_2, ?X_5, ?X_2, ?X_1, ?X_3) :- project_height_m(?X_2, ?X_5), project_height_m(?X_2, ?X_5), project_height_m(?X_3, ?X_1), R_4(?_BODY_1), Equal(?_BODY_1, "Wind Turbine A") >>>
18:32:02 [INFO] Execution step: Body
18:32:02 [INFO] Trie does not contain any elements
18:32:02 [INFO] Execution step: Duplicate Elimination (Datalog)
18:32:02 [INFO] Trie does not contain any elements
18:32:02 [INFO] Rule duration: 0 ms
18:32:02 [INFO] <<< STEP 19: APPLYING RULE 12 R_1(?X_1, ?X_3, ?X_4, "Wind Turbine C", ?X_5) :- R_10(?X_1, ?X_3, ?X_4, ?_BODY_1, ?X_5), coordinates_m(?Z_3, ?X_1), TRUE(?X_5), Equal(?_BODY_1, "Wind Turbine C") >>>
18:32:02 [INFO] Execution step: Project/Reorder
18:32:02 [INFO] Saved temporary table: 1 entries (3452)
18:32:02 [INFO] Execution step: Body
18:32:02 [INFO] Trie does not contain any elements
18:32:02 [INFO] Execution step: Duplicate Elimination (Datalog)
18:32:02 [INFO] Trie does not contain any elements
18:32:02 [INFO] Rule duration: 0 ms
18:32:02 [INFO] <<< STEP 20: APPLYING RULE 13 R_5(?X_1, ?X_3, ?X_3, ?X_2) :- environmental_impact(?X_1), environmental_impact(?X_3), environmental_impact(?X_3), environmental_impact(?X_2), project(?X_1), project_height_m(?X_3, ?X_2) >>>
18:32:02 [INFO] Execution step: Body
18:32:02 [INFO] Trie does not contain any elements
18:32:02 [INFO] Execution step: Duplicate Elimination (Datalog)
18:32:02 [INFO] Trie does not contain any elements
18:32:02 [INFO] Rule duration: 0 ms
18:32:02 [INFO] <<< STEP 21: APPLYING RULE 14 R_8(?X_5, "3.14159"^^<http://www.w3.org/2001/XMLSchema#double>, ?X_3, ?X_1, ?X_3) :- locations(?X_5, ?_BODY_1, ?X_3), locations(?X_1, ?X_3, ?_BODY_2), PI(?Z_1), project_location_m(?Z_2, ?X_3, ?X_5), locations(?X_3, ?X_1, ?X_5), project_species(?X_1, ?_BODY_3), Equal(?_BODY_1, "3.14159"^^<http://www.w3.org/2001/XMLSchema#double>), Equal(?_BODY_2, ?X_1), Equal(?_BODY_3, "Feldsperling") >>>
18:32:02 [INFO] Loading source SimpleTable { arity: 5, data: [AnyDataValue(PlainString(StringDataValue("Wind Turbine B"))), AnyDataValue(PlainString(StringDataValue("Wind Turbine A"))), AnyDataValue(PlainString(StringDataValue("Wind Turbine C"))), AnyDataValue(PlainString(StringDataValue("Rotmilan"))), AnyDataValue(Iri(IriDataValue("c_3")))] }
18:32:02 [INFO] Execution step: Project/Reorder
18:32:02 [INFO] Saved temporary table: 781 entries (26616)
18:32:02 [INFO] Execution step: Project/Reorder
18:32:02 [INFO] Saved temporary table: 4 entries (7020)
18:32:02 [INFO] Execution step: Body
18:32:02 [INFO] Trie does not contain any elements
18:32:02 [INFO] Execution step: Duplicate Elimination (Datalog)
18:32:02 [INFO] Trie does not contain any elements
18:32:02 [INFO] Rule duration: 1 ms
18:32:02 [INFO] <<< STEP 22: APPLYING RULE 17 R_7(?X_2, ?X_2) :- R_1(?X_2, ?_BODY_1, ?_BODY_2, ?_BODY_3, ?_BODY_4), endangered(?X_2), R_5(?Z_2, ?X_2, ?_BODY_5, ?_BODY_6), R_6(?X_2, ?_BODY_7, ?Z_5, ?_BODY_8, ?Z_1), Equal(?_BODY_1, ?X_2), Equal(?_BODY_2, ?X_2), Equal(?_BODY_3, "Wind Turbine A"), Equal(?_BODY_4, ?X_2), Equal(?_BODY_5, ?X_2), Equal(?_BODY_6, ?X_2), Equal(?_BODY_7, ?X_2), Equal(?_BODY_8, ?X_2) >>>
18:32:02 [INFO] Execution step: Body
18:32:02 [INFO] Trie does not contain any elements
18:32:02 [INFO] Execution step: Duplicate Elimination (Datalog)
18:32:02 [INFO] Trie does not contain any elements
18:32:02 [INFO] Rule duration: 0 ms
18:32:02 [INFO] <<< STEP 23: APPLYING RULE 7 project_approved(?project) :- project(?project), project_reject(?project) >>>
18:32:02 [INFO] Execution step: Project/Reorder
18:32:02 [INFO] Saved temporary table: 2 entries (3456)
18:32:02 [INFO] Execution step: Body
18:32:02 [INFO] Saved temporary table: 1 entries (3404)
18:32:02 [INFO] Execution step: Duplicate Elimination (Datalog)
18:32:02 [INFO] Saved permanent table project_approved (23) Permutation { idx_to_val: [], val_to_idx: [] } with 1 entries (3452)
18:32:02 [INFO] Rule duration: 0 ms
18:32:02 [INFO] <<< STEP 24: APPLYING RULE 7 project_approved(?project) :- project(?project), project_reject(?project) >>>
18:32:02 [INFO] Execution step: Project/Reorder
18:32:02 [INFO] Saved temporary table: 2 entries (3456)
18:32:02 [INFO] Execution step: Body
18:32:02 [INFO] Trie does not contain any elements
18:32:02 [INFO] Execution step: Duplicate Elimination (Datalog)
18:32:02 [INFO] Trie does not contain any elements
18:32:02 [INFO] Rule duration: 0 ms
18:32:02 [INFO] <<< STEP 25: APPLYING RULE 8 closest_house(?project, ?_AGGREGATION_OUT) :- distance(?project, ?distance), ?_AGGREGATION_OUT = #min(?distance) >>>
18:32:02 [INFO] Execution step: Body
18:32:02 [INFO] Saved temporary table: 366 entries (9884)
18:32:02 [INFO] Execution step: Aggregate output
18:32:02 [INFO] Execution step: Project/Reorder
18:32:02 [INFO] Saved temporary table: 3 entries (7028)
18:32:02 [INFO] Execution step: Duplicate Elimination (Datalog)
18:32:02 [INFO] Saved permanent table closest_house (25) Permutation { idx_to_val: [], val_to_idx: [] } with 3 entries (7028)
18:32:02 [INFO] Rule duration: 0 ms
18:32:02 [INFO] <<< STEP 26: APPLYING RULE 8 closest_house(?project, ?_AGGREGATION_OUT) :- distance(?project, ?distance), ?_AGGREGATION_OUT = #min(?distance) >>>
18:32:02 [INFO] Execution step: Body
18:32:02 [INFO] Trie does not contain any elements
18:32:02 [INFO] Execution step: Aggregate output
18:32:02 [INFO] Trie does not contain any elements
18:32:02 [INFO] Execution step: Duplicate Elimination (Datalog)
18:32:02 [INFO] Trie does not contain any elements
18:32:02 [INFO] Rule duration: 0 ms
18:32:02 [INFO] <<< STEP 27: APPLYING RULE 23 R_7(?X_1, ?X_1) :- coordinates_m(?X_1, ?_BODY_1), coordinates_m(?X_1, ?_BODY_2), Equal(?_BODY_1, ?X_1), Equal(?_BODY_2, ?X_1) >>>
18:32:02 [INFO] Execution step: Project/Reorder
18:32:02 [INFO] Saved temporary table: 122 entries (9188)
18:32:02 [INFO] Execution step: Body
18:32:02 [INFO] Trie does not contain any elements
18:32:02 [INFO] Execution step: Duplicate Elimination (Datalog)
18:32:02 [INFO] Trie does not contain any elements
18:32:02 [INFO] Rule duration: 0 ms
18:32:02 [INFO] <<< STEP 28: APPLYING RULE 15 R_3(?X_1) :- R_7(?_BODY_1, ?X_1), closest_house(?Z_1, ?_BODY_2), distance(?X_1, ?Z_1), project_reject(?Z_1), R_1(?Z_3, ?_BODY_3, ?X_1, ?Z_1, ?Z_2), Equal(?_BODY_1, "Wind Turbine A"), Equal(?_BODY_2, "addr"), Equal(?_BODY_3, 60) >>>
18:32:02 [INFO] Loading source SimpleTable { arity: 1, data: [AnyDataValue(PlainString(StringDataValue("Wind Turbine A")))] }
18:32:02 [INFO] Execution step: Body
18:32:02 [INFO] Trie does not contain any elements
18:32:02 [INFO] Execution step: Duplicate Elimination (Datalog)
18:32:02 [INFO] Trie does not contain any elements
18:32:02 [INFO] Rule duration: 0 ms
18:32:02 [INFO] <<< STEP 29: APPLYING RULE 10 R_9(?X_4, ?X_5, ?X_4, ?X_2, ?X_3) :- R_3(?X_4), R_3(?X_5), R_3(?X_4), R_3(?X_2), R_3(?X_3) >>>
18:32:02 [INFO] Loading source SimpleTable { arity: 5, data: [AnyDataValue(Long(LongDataValue(40))), AnyDataValue(PlainString(StringDataValue("Rotmilan"))), AnyDataValue(UnsignedLong(UnsignedLongDataValue(2514194567711601294))), AnyDataValue(UnsignedLong(UnsignedLongDataValue(15062069234843901878))), AnyDataValue(Iri(IriDataValue("c_4"))), AnyDataValue(Double(DoubleDataValue(13.688126881341304))), AnyDataValue(PlainString(StringDataValue("Wind Turbine A"))), AnyDataValue(PlainString(StringDataValue("str_1"))), AnyDataValue(PlainString(StringDataValue("Wind Turbine A"))), AnyDataValue(UnsignedLong(UnsignedLongDataValue(3108637524478055374)))] }
18:32:02 [INFO] Execution step: Body
18:32:02 [INFO] Saved temporary table: 1 entries (13760)
18:32:02 [INFO] Execution step: Duplicate Elimination (Datalog)
18:32:02 [INFO] Saved permanent table R_9 (29) Permutation { idx_to_val: [], val_to_idx: [] } with 1 entries (17260)
18:32:02 [INFO] Rule duration: 0 ms
18:32:02 [INFO] <<< STEP 30: APPLYING RULE 10 R_9(?X_4, ?X_5, ?X_4, ?X_2, ?X_3) :- R_3(?X_4), R_3(?X_5), R_3(?X_4), R_3(?X_2), R_3(?X_3) >>>
18:32:02 [INFO] Execution step: Body
18:32:02 [INFO] Trie does not contain any elements
18:32:02 [INFO] Execution step: Duplicate Elimination (Datalog)
18:32:02 [INFO] Trie does not contain any elements
18:32:02 [INFO] Rule duration: 0 ms
18:32:02 [INFO] <<< STEP 31: APPLYING RULE 21 R_8(?X_5, ?X_3, ?X_4, ?X_2, "str_3") :- environmental_impact(?X_5), environmental_impact(?X_3), environmental_impact(?X_4), environmental_impact(?X_2), environmental_impact(?_BODY_1), environmental_impact(?X_5), Equal(?_BODY_1, "str_3") >>>
18:32:02 [INFO] Execution step: Project/Reorder
18:32:02 [INFO] Saved temporary table: 2 entries (3456)
18:32:02 [INFO] Execution step: Body
18:32:02 [INFO] Trie does not contain any elements
18:32:02 [INFO] Execution step: Duplicate Elimination (Datalog)
18:32:02 [INFO] Trie does not contain any elements
18:32:02 [INFO] Rule duration: 0 ms
18:32:02 [INFO] <<< STEP 32: APPLYING RULE 20 R_8(?X_1, ?X_5, ?X_2, "true"^^<http://www.w3.org/2001/XMLSchema#boolean>, ?X_5) :- R_7(?X_1, ?X_5), R_7(?X_2, ?_BODY_1), R_7(?X_5, ?_BODY_2), R_7(?X_1, ?X_5), Equal(?_BODY_1, "true"^^<http://www.w3.org/2001/XMLSchema#boolean>), Equal(?_BODY_2, "true"^^<http://www.w3.org/2001/XMLSchema#boolean>) >>>
18:32:02 [INFO] Execution step: Project/Reorder
18:32:02 [INFO] Trie does not contain any elements
18:32:02 [INFO] Execution step: Body
18:32:02 [INFO] Trie does not contain any elements
18:32:02 [INFO] Execution step: Duplicate Elimination (Datalog)
18:32:02 [INFO] Trie does not contain any elements
18:32:02 [INFO] Rule duration: 0 ms
18:32:02 [INFO] <<< STEP 33: APPLYING RULE 18 R_2(?X_2, ?X_1, ?X_5, "Wind Turbine B", ?X_3) :- project_height_m(?X_2, ?X_1), project_height_m(?X_5, ?_BODY_1), project_height_m(?X_3, ?X_1), environmental_impact(?X_2), project_approved(?X_1), R_8(?X_1, ?Z_3, ?X_3, ?Z_2, ?_BODY_2), Equal(?_BODY_1, "Wind Turbine B"), Equal(?_BODY_2, ?X_3) >>>
18:32:02 [INFO] Loading source SimpleTable { arity: 5, data: [AnyDataValue(Iri(IriDataValue("c_1"))), AnyDataValue(PlainString(StringDataValue("Wind Turbine A"))), AnyDataValue(Iri(IriDataValue("c_2"))), AnyDataValue(Iri(IriDataValue("c_1"))), AnyDataValue(PlainString(StringDataValue("str_1"))), AnyDataValue(PlainString(StringDataValue("Gartenschläfer"))), AnyDataValue(PlainString(StringDataValue("str_3"))), AnyDataValue(Long(LongDataValue(60))), AnyDataValue(Iri(IriDataValue("c_5"))), AnyDataValue(PlainString(StringDataValue("str_4")))] }
18:32:02 [INFO] Execution step: Body
18:32:02 [INFO] Trie does not contain any elements
18:32:02 [INFO] Execution step: Duplicate Elimination (Datalog)
18:32:02 [INFO] Trie does not contain any elements
18:32:02 [INFO] Rule duration: 0 ms
18:32:02 [INFO] <<< STEP 34: APPLYING RULE 19 R_OUT(?X_1, ?X_5, ?X_2, "Wind Turbine C", ?X_4) :- R_9(?X_1, ?X_5, ?X_2, ?_BODY_1, ?X_4), R_2(?X_1, ?_BODY_2, ?_BODY_3, ?X_5, ?_BODY_4), R_10(?X_1, ?_BODY_5, ?Z_2, ?_BODY_6, ?X_5), CIRC_EARTH(?X_2), R_7(?X_1, ?_BODY_7), Equal(?_BODY_1, "Wind Turbine C"), Equal(?_BODY_2, ?X_1), Equal(?_BODY_3, ?X_1), Equal(?_BODY_4, ?X_5), Equal(?_BODY_5, ?X_1), Equal(?_BODY_6, ?X_1), Equal(?_BODY_7, ?X_1) >>>
18:32:02 [INFO] Execution step: Project/Reorder
18:32:02 [INFO] Saved temporary table: 1 entries (3456)
18:32:02 [INFO] Execution step: Project/Reorder
18:32:02 [INFO] Trie does not contain any elements
18:32:02 [INFO] Execution step: Body
18:32:02 [INFO] Trie does not contain any elements
18:32:02 [INFO] Execution step: Duplicate Elimination (Datalog)
18:32:02 [INFO] Trie does not contain any elements
18:32:02 [INFO] Rule duration: 0 ms
18:32:02 [INFO] ----------------------------------------------
18:32:02 [INFO]  Finished Nemo Execution - Transformed Program
18:32:02 [INFO] Output size: 0
18:32:02 [INFO] ----------------------------------------------
18:32:02 [INFO] 
18:32:02 [INFO] ----------------------------------------------
18:32:02 [INFO] ------------ Asserting Oracle EQU ------------
18:32:02 [INFO] ----------------------------------------------
18:32:02 [INFO] All good, output is equivalent
18:32:02 [INFO] old_dir "/home/leo_repp/masterthesis/nemo/nemo-metamorphic-testing/benchmark_500k_r"
