18:44:55 [INFO] ----------------------------------------------
18:44:55 [INFO] Beginning transformation mtf_EXP_5500021
                Oracle:     EXP          Number of T: 30
                Debug Mode: false          u64 Seed:    5500021
                Number of generating transformations: 32
                Internal Seed:          [90, 175, 131, 84, 48, 184, 199, 108, 245, 192, 125, 120, 118, 74, 250, 153, 221, 190, 212, 1, 210, 245, 161, 2, 67, 12, 244, 18, 139, 106, 169, 119]
                Seed File: Currently not supported!
18:44:55 [INFO] ----------------------------------------------
18:44:55 [INFO] -------------- Reading Seed File: ------------
18:44:55 [INFO] "/home/leo_repp/masterthesis/nemo/nemo-metamorphic-testing/examples/owl-el/from-owl-rdf/owl-rdf-preprocessing.rls"
18:44:56 [INFO] Renaming of rules complete
18:44:56 [INFO] --------- Finished Reading Seed file ---------
18:44:56 [INFO] ----------------------------------------------
18:44:56 [INFO] 
18:44:56 [INFO] ----------------------------------------------
18:44:56 [INFO] -------- Beginning Program Generation --------
18:44:56 [INFO] ----------------------------------------------
18:44:56 [INFO] 
18:44:56 [INFO] Removing old export statements
18:44:56 [INFO] Beginning inverse_stratum and ancestry computation starting at node R_OUT
18:44:56 [INFO] Ancestry and Inverse Stratum computation complete.
18:44:56 [INFO] Constructed lite ADG
18:44:56 [INFO] Generating Program...
18:44:56 [INFO] 
18:44:56 [INFO] 1 / 31
18:44:56 [INFO]   I Add Relational Node
18:44:56 [INFO]   Added new relation R_1
18:44:56 [INFO] 2 / 31
18:44:56 [INFO]   I Add Relational Node
18:44:56 [INFO]   Added new relation R_2
18:44:56 [INFO] 3 / 31
18:44:56 [INFO]   I Add Relational Node
18:44:56 [INFO]   Added new relation R_3
18:44:56 [INFO] 4 / 31
18:44:56 [INFO]   I Add Relational Node
18:44:56 [INFO]   Added new relation R_4
18:44:56 [INFO] 5 / 31
18:44:56 [INFO]   I Add Relational Node
18:44:56 [INFO]   Added new relation R_5
18:44:56 [INFO] 6 / 31
18:44:56 [INFO]   I Add Relational Node
18:44:56 [INFO]   Added new relation R_6
18:44:56 [INFO] 7 / 31
18:44:56 [INFO]   I Add Relational Node
18:44:56 [INFO]   Added new relation R_7
18:44:56 [INFO] 8 / 31
18:44:56 [INFO]   I Add Relational Node
18:44:56 [INFO]   Added new relation R_8
18:44:56 [INFO] 9 / 31
18:44:56 [INFO]   I Add Relational Node
18:44:56 [INFO]   Added new relation R_9
18:44:56 [INFO] 10 / 31
18:44:56 [INFO]   I Add Relational Node
18:44:56 [INFO]   Added new relation R_10
18:44:56 [INFO] 11 / 31
18:44:56 [INFO]   I Add Relational Node
18:44:56 [INFO]   Added new relation R_11
18:44:56 [INFO] 12 / 31
18:44:56 [INFO]   I Add Relational Node
18:44:56 [INFO]   Added new relation R_12
18:44:56 [INFO] 13 / 31
18:44:56 [INFO]   I Add Relational Node
18:44:56 [INFO]   Added new relation R_13
18:44:56 [INFO] 14 / 31
18:44:56 [INFO]   I Add Relational Node
18:44:56 [INFO]   Added new relation R_14
18:44:56 [INFO] 15 / 31
18:44:56 [INFO]   I Add Relational Node
18:44:56 [INFO]   Added new relation R_15
18:44:56 [INFO] 16 / 31
18:44:56 [INFO]   I Add Relational Node
18:44:56 [INFO]   Added new relation R_16
18:44:56 [INFO] 17 / 31
18:44:56 [INFO]   I Add Relational Node
18:44:56 [INFO]   Added new relation R_17
18:44:56 [INFO] 18 / 31
18:44:56 [INFO]   I Add Relational Node
18:44:56 [INFO]   Added new relation R_18
18:44:56 [INFO] 19 / 31
18:44:56 [INFO]   I Add Relational Node
18:44:56 [INFO]   Added new relation R_19
18:44:56 [INFO] 20 / 31
18:44:56 [INFO]   I Add Relational Node
18:44:56 [INFO]   Added new relation R_20
18:44:56 [INFO] 21 / 31
18:44:56 [INFO]   I Add Relational Node
18:44:56 [INFO]   Added new relation R_21
18:44:56 [INFO] 22 / 31
18:44:56 [INFO]   I Add Relational Node
18:44:56 [INFO]   Added new relation R_22
18:44:56 [INFO] 23 / 31
18:44:56 [INFO]   I Add Relational Node
18:44:56 [INFO]   Added new relation R_23
18:44:56 [INFO] 24 / 31
18:44:56 [INFO]   I Add Relational Node
18:44:56 [INFO]   Added new relation R_24
18:44:56 [INFO] 25 / 31
18:44:56 [INFO]   I Add Relational Node
18:44:56 [INFO]   Added new relation R_25
18:44:56 [INFO] 26 / 31
18:44:56 [INFO]   I Add Relational Node
18:44:56 [INFO]   Added new relation R_26
18:44:56 [INFO] 27 / 31
18:44:56 [INFO]   I Add Relational Node
18:44:56 [INFO]   Added new relation R_27
18:44:56 [INFO] 28 / 31
18:44:56 [INFO]   I Add Relational Node
18:44:56 [INFO]   Added new relation R_28
18:44:56 [INFO] 29 / 31
18:44:56 [INFO]   I Add Relational Node
18:44:56 [INFO]   Added new relation R_29
18:44:56 [INFO] 30 / 31
18:44:56 [INFO]   I Add Relational Node
18:44:56 [INFO]   Added new relation R_30
18:44:56 [INFO] 31 / 31
18:44:56 [INFO]   I Add Relational Node
18:44:56 [INFO]   Added new relation R_31
18:44:56 [INFO] 
18:44:56 [INFO] Adding a new rule for each relation other than the seed relations
18:44:56 [INFO] 
18:44:56 [INFO] 1 / 32
18:44:56 [INFO]   Generating new single body literal rule for R_OUT
18:44:56 [INFO]   Assigned relation R_OUT the artiy 6
18:44:56 [INFO]   Assigned relation R_25 the artiy 6
18:44:56 [INFO]   Added new rule of name r_GEN_1
18:44:56 [INFO]   R_OUT(?X_2, ?X_3, ?X_4, ?X_6, ?X_1, <http://www.w3.org/2000/01/rdf-schema#subClassOf>) :- R_25(?X_2, ?X_3, ?X_4, ?X_6, ?X_1, <http://www.w3.org/2000/01/rdf-schema#subClassOf>) .
18:44:56 [INFO] 2 / 32
18:44:56 [INFO]   Generating new single body literal rule for R_1
18:44:56 [INFO]   Assigned relation R_1 the artiy 6
18:44:56 [INFO]   Assigned relation R_21 the artiy 6
18:44:56 [INFO]   Added new rule of name r_GEN_2
18:44:56 [INFO]   R_1(?X_3, ?X_5, ?X_1, <http://www.w3.org/2002/07/owl#propertyChain>, ?X_3, ?X_2) :- R_21(?X_3, ?X_5, ?X_1, <http://www.w3.org/2002/07/owl#propertyChain>, ?X_3, ?X_2) .
18:44:56 [INFO] 3 / 32
18:44:56 [INFO]   Generating new single body literal rule for R_2
18:44:56 [INFO]   Assigned relation R_2 the artiy 4
18:44:56 [INFO]   Assigned relation R_13 the artiy 6
18:44:56 [INFO]   Added new rule of name r_GEN_3
18:44:56 [INFO]   R_2(?X_1, ?X_2, <http://www.w3.org/2002/07/owl#someValuesFrom>, ?X_4) :- R_13(?X_1, ?X_2, <http://www.w3.org/2002/07/owl#someValuesFrom>, ?X_4, ?X_2, <http://www.w3.org/2000/01/rdf-schema#subClassOf>) .
18:44:56 [INFO] 4 / 32
18:44:56 [INFO]   Generating new single body literal rule for R_3
18:44:56 [INFO]   Assigned relation R_3 the artiy 2
18:44:56 [INFO]   Added new rule of name r_GEN_4
18:44:56 [INFO]   R_3(<http://www.w3.org/2002/07/owl#intersectionOf>, ?X_1) :- R_2(<http://www.w3.org/2002/07/owl#intersectionOf>, ?Y_1, ?X_1, <http://www.w3.org/2002/07/owl#intersectionOf>) .
18:44:56 [INFO] 5 / 32
18:44:56 [INFO]   Generating new single body literal rule for R_4
18:44:56 [INFO]   Assigned relation R_4 the artiy 4
18:44:56 [INFO]   Added new rule of name r_GEN_5
18:44:56 [INFO]   R_4(?X_3, ?X_4, ?X_2, ?X_1) :- http://rulewerk.semantic-web.org/normalForm/subClassOf(?X_3, ?X_4), http://rulewerk.semantic-web.org/normalForm/subClassOf(?X_2, ?X_1) .
18:44:56 [INFO] 6 / 32
18:44:56 [INFO]   Generating new single body literal rule for R_5
18:44:56 [INFO]   Assigned relation R_5 the artiy 4
18:44:56 [INFO]   Added new rule of name r_GEN_6
18:44:56 [INFO]   R_5(?X_4, ?X_2, ?X_2, ?X_3) :- http://rulewerk.semantic-web.org/normalForm/isMainClass(?X_4), http://rulewerk.semantic-web.org/normalForm/isMainClass(?X_2), http://rulewerk.semantic-web.org/normalForm/isMainClass(?X_2), http://rulewerk.semantic-web.org/normalForm/isMainClass(?X_3) .
18:44:56 [INFO] 7 / 32
18:44:56 [INFO]   Generating new single body literal rule for R_6
18:44:56 [INFO]   Assigned relation R_6 the artiy 2
18:44:56 [INFO]   Added new rule of name r_GEN_7
18:44:56 [INFO]   R_6(?X_1, <http://www.w3.org/2002/07/owl#intersectionOf>) :- R_25(?X_1, ?Y_1, ?Y_1, ?X_1, <http://www.w3.org/2002/07/owl#intersectionOf>, ?Y_1) .
18:44:56 [INFO] 8 / 32
18:44:56 [INFO]   Generating new single body literal rule for R_7
18:44:56 [INFO]   Assigned relation R_7 the artiy 3
18:44:56 [INFO]   Assigned relation R_24 the artiy 4
18:44:56 [INFO]   Added new rule of name r_GEN_8
18:44:56 [INFO]   R_7(<http://www.w3.org/2000/01/rdf-schema#subClassOf>, ?X_2, ?X_1) :- R_24(<http://www.w3.org/2000/01/rdf-schema#subClassOf>, ?X_2, <http://www.w3.org/2000/01/rdf-schema#subClassOf>, ?X_1) .
18:44:56 [INFO] 9 / 32
18:44:56 [INFO]   Generating new single body literal rule for R_8
18:44:56 [INFO]   Assigned relation R_8 the artiy 6
18:44:56 [INFO]   Added new rule of name r_GEN_9
18:44:56 [INFO]   R_8(?X_1, ?X_3, ?X_6, <http://www.w3.org/2002/07/owl#propertyChain>, ?X_4, ?X_5) :- R_21(?X_1, ?X_3, ?X_6, <http://www.w3.org/2002/07/owl#propertyChain>, ?X_4, ?X_5) .
18:44:56 [INFO] 10 / 32
18:44:56 [INFO]   Generating new single body literal rule for R_9
18:44:56 [INFO]   Assigned relation R_9 the artiy 3
18:44:56 [INFO]   Added new rule of name r_GEN_10
18:44:56 [INFO]   R_9(?X_3, ?X_1, ?X_2) :- auxClass(?X_3), auxClass(?X_1), auxClass(?X_2) .
18:44:56 [INFO] 11 / 32
18:44:56 [INFO]   Generating new single body literal rule for R_10
18:44:56 [INFO]   Assigned relation R_10 the artiy 3
18:44:56 [INFO]   Assigned relation R_15 the artiy 5
18:44:56 [INFO]   Added new rule of name r_GEN_11
18:44:56 [INFO]   R_10(?X_2, ?X_1, ?X_3) :- R_15(?X_2, <http://www.w3.org/2002/07/owl#onProperty>, ?X_3, ?X_1, <http://www.w3.org/2002/07/owl#onProperty>) .
18:44:56 [INFO] 12 / 32
18:44:56 [INFO]   Generating new single body literal rule for R_11
18:44:56 [INFO]   Assigned relation R_11 the artiy 3
18:44:56 [INFO]   Added new rule of name r_GEN_12
18:44:56 [INFO]   R_11(?X_3, ?X_2, <http://www.w3.org/1999/02/22-rdf-syntax-ns#rest>) :- nonlast(?X_3), nonlast(?X_2), nonlast(<http://www.w3.org/1999/02/22-rdf-syntax-ns#rest>) .
18:44:56 [INFO] 13 / 32
18:44:56 [INFO]   Generating new single body literal rule for R_12
18:44:56 [INFO]   Assigned relation R_12 the artiy 5
18:44:56 [INFO]   Assigned relation R_23 the artiy 6
18:44:56 [INFO]   Added new rule of name r_GEN_13
18:44:56 [INFO]   R_12(?X_4, ?X_2, <http://www.w3.org/1999/02/22-rdf-syntax-ns#rest>, ?X_1, ?X_5) :- R_23(?X_4, ?X_2, <http://www.w3.org/1999/02/22-rdf-syntax-ns#rest>, ?X_1, ?X_5, ?X_5) .
18:44:56 [INFO] 14 / 32
18:44:56 [INFO]   Generating new single body literal rule for R_13
18:44:56 [INFO]   Added new rule of name r_GEN_14
18:44:56 [INFO]   R_13(?X_5, ?X_4, <http://www.w3.org/2002/07/owl#intersectionOf>, ?X_2, ?X_6, ?X_1) :- R_1(?X_5, ?X_4, <http://www.w3.org/2002/07/owl#intersectionOf>, ?X_2, ?X_6, ?X_1) .
18:44:56 [INFO] 15 / 32
18:44:56 [INFO]   Generating new single body literal rule for R_14
18:44:56 [INFO]   Assigned relation R_14 the artiy 4
18:44:56 [INFO]   Added new rule of name r_GEN_15
18:44:56 [INFO]   R_14(?X_3, ?X_4, ?X_2, ?X_1) :- auxClass(?X_3), auxClass(?X_4), auxClass(?X_2), auxClass(?X_1) .
18:44:56 [INFO] 16 / 32
18:44:56 [INFO]   Generating new single body literal rule for R_15
18:44:56 [INFO]   Added new rule of name r_GEN_16
18:44:56 [INFO]   R_15(?X_5, ?X_3, ?X_2, ?X_4, ?X_1) :- class(?X_5), class(?X_3), class(?X_2), class(?X_4), class(?X_1) .
18:44:56 [INFO] 17 / 32
18:44:56 [INFO]   Generating new single body literal rule for R_16
18:44:56 [INFO]   Assigned relation R_16 the artiy 1
18:44:56 [INFO]   Added new rule of name r_GEN_17
18:44:56 [INFO]   R_16(<http://www.w3.org/2002/07/owl#intersectionOf>) :- prepareSco(<http://www.w3.org/2002/07/owl#intersectionOf>, <http://www.w3.org/2002/07/owl#intersectionOf>) .
18:44:56 [INFO] 18 / 32
18:44:56 [INFO]   Generating new single body literal rule for R_17
18:44:56 [INFO]   Assigned relation R_17 the artiy 6
18:44:56 [INFO]   Added new rule of name r_GEN_18
18:44:56 [INFO]   R_17(?X_6, ?X_2, ?X_5, ?X_1, <http://www.w3.org/2002/07/owl#equivalentClass>, ?X_3) :- class(?X_6), class(?X_2), class(?X_5), class(?X_1), class(<http://www.w3.org/2002/07/owl#equivalentClass>), class(?X_3) .
18:44:56 [INFO] 19 / 32
18:44:56 [INFO]   Generating new single body literal rule for R_18
18:44:56 [INFO]   Assigned relation R_18 the artiy 5
18:44:56 [INFO]   Added new rule of name r_GEN_19
18:44:56 [INFO]   R_18(?X_1, ?X_4, ?X_5, <http://www.w3.org/2002/07/owl#someValuesFrom>, ?X_3) :- auxClass(?X_1), auxClass(?X_4), auxClass(?X_5), auxClass(<http://www.w3.org/2002/07/owl#someValuesFrom>), auxClass(?X_3) .
18:44:56 [INFO] 20 / 32
18:44:56 [INFO]   Generating new single body literal rule for R_19
18:44:56 [INFO]   Assigned relation R_19 the artiy 3
18:44:56 [INFO]   Added new rule of name r_GEN_20
18:44:56 [INFO]   R_19(<http://www.w3.org/1999/02/22-rdf-syntax-ns#first>, ?X_1, ?X_2) :- R_11(<http://www.w3.org/1999/02/22-rdf-syntax-ns#first>, ?X_1, ?X_2) .
18:44:56 [INFO] 21 / 32
18:44:56 [INFO]   Generating new single body literal rule for R_20
18:44:56 [INFO]   Assigned relation R_20 the artiy 3
18:44:56 [INFO]   Added new rule of name r_GEN_21
18:44:56 [INFO]   R_20(?X_3, ?X_1, <http://www.w3.org/2000/01/rdf-schema#subPropertyOf>) :- R_14(?X_3, ?X_1, <http://www.w3.org/2000/01/rdf-schema#subPropertyOf>, ?X_3) .
18:44:56 [INFO] 22 / 32
18:44:56 [INFO]   Generating new single body literal rule for R_21
18:44:56 [INFO]   Added new rule of name r_GEN_22
18:44:56 [INFO]   R_21(?X_4, ?X_1, ?X_2, ?X_6, <http://www.w3.org/2000/01/rdf-schema#subClassOf>, ?X_5) :- http://rulewerk.semantic-web.org/normalForm/subProp(?X_4, ?X_1), http://rulewerk.semantic-web.org/normalForm/subProp(?X_2, ?X_6), http://rulewerk.semantic-web.org/normalForm/subProp(<http://www.w3.org/2000/01/rdf-schema#subClassOf>, ?X_5) .
18:44:56 [INFO] 23 / 32
18:44:56 [INFO]   Generating new single body literal rule for R_22
18:44:56 [INFO]   Assigned relation R_22 the artiy 5
18:44:56 [INFO]   Added new rule of name r_GEN_23
18:44:56 [INFO]   R_22(?X_2, ?X_1, ?X_2, ?X_3, <http://www.w3.org/2002/07/owl#someValuesFrom>) :- R_17(?X_2, ?X_1, ?X_2, ?X_3, ?X_2, <http://www.w3.org/2002/07/owl#someValuesFrom>) .
18:44:56 [INFO] 24 / 32
18:44:56 [INFO]   Generating new single body literal rule for R_23
18:44:56 [INFO]   Added new rule of name r_GEN_24
18:44:56 [INFO]   R_23(?X_1, ?X_4, <http://www.w3.org/2002/07/owl#intersectionOf>, ?X_6, ?X_4, ?X_3) :- prepareSco(?X_1, ?X_4), prepareSco(<http://www.w3.org/2002/07/owl#intersectionOf>, ?X_6), prepareSco(?X_4, ?X_3) .
18:44:56 [INFO] 25 / 32
18:44:56 [INFO]   Generating new single body literal rule for R_24
18:44:56 [INFO]   Added new rule of name r_GEN_25
18:44:56 [INFO]   R_24(?X_1, ?X_3, ?X_4, <http://www.w3.org/2000/01/rdf-schema#subPropertyOf>) :- R_20(?X_1, ?X_3, ?Y_1), R_20(<http://www.w3.org/2002/07/owl#onProperty>, ?X_4, <http://www.w3.org/2000/01/rdf-schema#subPropertyOf>) .
18:44:56 [INFO] 26 / 32
18:44:56 [INFO]   Generating new single body literal rule for R_25
18:44:56 [INFO]   Added new rule of name r_GEN_26
18:44:56 [INFO]   R_25(?X_2, ?X_4, ?X_3, ?X_2, ?X_5, ?X_1) :- R_24(?X_2, ?X_4, ?X_3, ?X_1), R_24(?X_5, ?X_1, <http://www.w3.org/1999/02/22-rdf-syntax-ns#rest>, ?X_2) .
18:44:56 [INFO] 27 / 32
18:44:56 [INFO]   Generating new single body literal rule for R_26
18:44:56 [INFO]   Assigned relation R_26 the artiy 2
18:44:56 [INFO]   Added new rule of name r_GEN_27
18:44:56 [INFO]   R_26(?X_1, <http://www.w3.org/2002/07/owl#someValuesFrom>) :- R_19(?X_1, <http://www.w3.org/2002/07/owl#intersectionOf>, <http://www.w3.org/2002/07/owl#someValuesFrom>) .
18:44:56 [INFO] 28 / 32
18:44:56 [INFO]   Generating new single body literal rule for R_27
18:44:56 [INFO]   Assigned relation R_27 the artiy 2
18:44:56 [INFO]   Added new rule of name r_GEN_28
18:44:56 [INFO]   R_27(?X_2, ?X_1) :- auxClass(?X_2), auxClass(?X_1) .
18:44:56 [INFO] 29 / 32
18:44:56 [INFO]   Generating new single body literal rule for R_28
18:44:56 [INFO]   Assigned relation R_28 the artiy 1
18:44:56 [INFO]   Added new rule of name r_GEN_29
18:44:56 [INFO]   R_28(<http://www.w3.org/2000/01/rdf-schema#subPropertyOf>) :- nonfirst(<http://www.w3.org/2000/01/rdf-schema#subPropertyOf>) .
18:44:56 [INFO] 30 / 32
18:44:56 [INFO]   Generating new single body literal rule for R_29
18:44:56 [INFO]   Assigned relation R_29 the artiy 2
18:44:56 [INFO]   Added new rule of name r_GEN_30
18:44:56 [INFO]   R_29(?X_2, <http://www.w3.org/2002/07/owl#equivalentClass>) :- R_4(?X_2, <http://www.w3.org/2002/07/owl#equivalentClass>, ?X_2, <http://www.w3.org/2000/01/rdf-schema#subPropertyOf>) .
18:44:56 [INFO] 31 / 32
18:44:56 [INFO]   Generating new single body literal rule for R_30
18:44:56 [INFO]   Assigned relation R_30 the artiy 3
18:44:56 [INFO]   Added new rule of name r_GEN_31
18:44:56 [INFO]   R_30(?X_1, ?X_3, ?X_2) :- R_19(?X_1, ?X_3, ?X_2) .
18:44:56 [INFO] 32 / 32
18:44:56 [INFO]   Generating new single body literal rule for R_31
18:44:56 [INFO]   Assigned relation R_31 the artiy 3
18:44:56 [INFO]   Added new rule of name r_GEN_32
18:44:56 [INFO]   R_31(?X_2, ?X_1, <http://www.w3.org/2000/01/rdf-schema#subPropertyOf>) :- synExRep(?X_2, ?X_1, <http://www.w3.org/2000/01/rdf-schema#subPropertyOf>) .
18:44:56 [INFO] 
18:44:56 [INFO] Adding a outgoing relational edge for each relation other than R_OUT
18:44:56 [INFO] 
18:44:56 [INFO] 1 / 55
18:44:56 [INFO]   Adding outgoing relational edge from ClassObject for r_GEN_19
18:44:56 [INFO]   Generated literal ~ClassObject(?X_3) for rule r_GEN_19
18:44:56 [INFO] 2 / 55
18:44:56 [INFO]   Adding outgoing relational edge from ClassSubject for r_GEN_31
18:44:56 [INFO]   Generated literal ClassSubject(?X_2) for rule r_GEN_31
18:44:56 [INFO] 3 / 55
18:44:56 [INFO]   Adding outgoing relational edge from TRIPLE for r_GEN_10
18:44:56 [INFO]   Generated literal ~TRIPLE(?X_1, ?X_3, ?X_2) for rule r_GEN_10
18:44:56 [INFO] 4 / 55
18:44:56 [INFO]   Adding outgoing relational edge from auxClass for r_GEN_26
18:44:56 [INFO]   Generated literal auxClass(?X_2) for rule r_GEN_26
18:44:56 [INFO] 5 / 55
18:44:56 [INFO]   Adding outgoing relational edge from class for r_GEN_23
18:44:56 [INFO]   Generated literal ~class(?X_2) for rule r_GEN_23
18:44:56 [INFO] 6 / 55
18:44:56 [INFO]   Adding outgoing relational edge from directSubProp for r_GEN_29
18:44:56 [INFO]   Generated literal ~directSubProp(<http://www.w3.org/2002/07/owl#someValuesFrom>, <http://www.w3.org/2000/01/rdf-schema#subPropertyOf>) for rule r_GEN_29
18:44:56 [INFO] 7 / 55
18:44:56 [INFO]   Adding outgoing relational edge from first for r_GEN_6
18:44:56 [INFO]   Generated literal first(?X_4) for rule r_GEN_6
18:44:56 [INFO] 8 / 55
18:44:56 [INFO]   Adding outgoing relational edge from http://rulewerk.semantic-web.org/normalForm/conj for r_GEN_10
18:44:56 [INFO]   Generated literal http://rulewerk.semantic-web.org/normalForm/conj(?X_3, ?X_1, ?X_3) for rule r_GEN_10
18:44:56 [INFO] 9 / 55
18:44:56 [INFO]   Adding outgoing relational edge from http://rulewerk.semantic-web.org/normalForm/exists for r_GEN_30
18:44:56 [INFO]   Generated literal http://rulewerk.semantic-web.org/normalForm/exists(?Z_1, ?X_2, ?X_2) for rule r_GEN_30
18:44:56 [INFO] 10 / 55
18:44:56 [INFO]   Adding outgoing relational edge from http://rulewerk.semantic-web.org/normalForm/isMainClass for r_GEN_27
18:44:56 [INFO]   Generated literal ~http://rulewerk.semantic-web.org/normalForm/isMainClass(?X_1) for rule r_GEN_27
18:44:56 [INFO] 11 / 55
18:44:56 [INFO]   Adding outgoing relational edge from http://rulewerk.semantic-web.org/normalForm/isSubClass for r_GEN_15
18:44:56 [INFO]   Generated literal http://rulewerk.semantic-web.org/normalForm/isSubClass(?X_4) for rule r_GEN_15
18:44:56 [INFO] 12 / 55
18:44:56 [INFO]   Adding outgoing relational edge from http://rulewerk.semantic-web.org/normalForm/subClassOf for r_GEN_24
18:44:56 [INFO]   Generated literal http://rulewerk.semantic-web.org/normalForm/subClassOf(?X_4, ?X_1) for rule r_GEN_24
18:44:56 [INFO] 13 / 55
18:44:56 [INFO]   Adding outgoing relational edge from http://rulewerk.semantic-web.org/normalForm/subProp for r_GEN_20
18:44:56 [INFO]   Generated literal http://rulewerk.semantic-web.org/normalForm/subProp(?X_1, ?X_1) for rule r_GEN_20
18:44:56 [INFO] 14 / 55
18:44:56 [INFO]   Adding outgoing relational edge from http://rulewerk.semantic-web.org/normalForm/subPropChain for r_GEN_9
18:44:56 [INFO]   Generated literal http://rulewerk.semantic-web.org/normalForm/subPropChain(?X_5, ?X_6, ?Z_3) for rule r_GEN_9
18:44:56 [INFO] 15 / 55
18:44:56 [INFO]   Adding outgoing relational edge from in for r_GEN_28
18:44:56 [INFO]   Generated literal in(?Z_2, ?X_1) for rule r_GEN_28
18:44:56 [INFO] 16 / 55
18:44:56 [INFO]   Adding outgoing relational edge from last for r_GEN_20
18:44:56 [INFO]   Generated literal last(?X_2) for rule r_GEN_20
18:44:56 [INFO] 17 / 55
18:44:56 [INFO]   Adding outgoing relational edge from next for r_GEN_10
18:44:56 [INFO]   Generated literal ~next(?X_2, ?X_2) for rule r_GEN_10
18:44:56 [INFO] 18 / 55
18:44:56 [INFO]   Adding outgoing relational edge from nonfirst for r_GEN_29
18:44:56 [INFO]   Generated literal nonfirst(?Z_1) for rule r_GEN_29
18:44:56 [INFO] 19 / 55
18:44:56 [INFO]   Adding outgoing relational edge from nonlast for r_GEN_28
18:44:56 [INFO]   Generated literal nonlast(?X_1) for rule r_GEN_28
18:44:56 [INFO] 20 / 55
18:44:56 [INFO]   Adding outgoing relational edge from prepareSco for r_GEN_4
18:44:56 [INFO]   Generated literal ~prepareSco(<http://www.w3.org/2002/07/owl#disjointWith>, ?Y_1) for rule r_GEN_4
18:44:56 [INFO] 21 / 55
18:44:56 [INFO]   Adding outgoing relational edge from repOf for r_GEN_9
18:44:56 [INFO]   Generated literal repOf(<http://www.w3.org/2000/01/rdf-schema#subClassOf>, ?X_5) for rule r_GEN_9
18:44:56 [INFO] 22 / 55
18:44:56 [INFO]   Adding outgoing relational edge from synConj for r_GEN_19
18:44:56 [INFO]   Generated literal ~synConj(?X_1, ?X_5, <http://www.w3.org/2002/07/owl#someValuesFrom>) for rule r_GEN_19
18:44:56 [INFO] 23 / 55
18:44:56 [INFO]   Adding outgoing relational edge from synEx for r_GEN_27
18:44:56 [INFO]   Generated literal synEx(?X_1, ?X_1, <http://www.w3.org/2002/07/owl#someValuesFrom>) for rule r_GEN_27
18:44:56 [INFO] 24 / 55
18:44:56 [INFO]   Adding outgoing relational edge from synExRep for r_GEN_30
18:44:56 [INFO]   Generated literal ~synExRep(?X_2, ?X_2, ?X_2) for rule r_GEN_30
18:44:56 [INFO] 25 / 55
18:44:56 [INFO]   Adding outgoing relational edge from R_1 for r_GEN_7
18:44:56 [INFO]   Generated literal R_1(?Y_1, ?Y_1, ?Z_1, ?X_1, ?Y_1, ?Y_1) for rule r_GEN_7
18:44:56 [INFO] 26 / 55
18:44:56 [INFO]   Adding outgoing relational edge from R_2 for r_GEN_18
18:44:56 [INFO]   Generated literal R_2(?X_5, ?X_6, ?X_5, ?X_2) for rule r_GEN_18
18:44:56 [INFO] 27 / 55
18:44:56 [INFO]   Adding outgoing relational edge from R_3 for r_GEN_28
18:44:56 [INFO]   Generated literal R_3(?Z_1, ?X_1) for rule r_GEN_28
18:44:56 [INFO] 28 / 55
18:44:56 [INFO]   Adding outgoing relational edge from R_4 for r_GEN_30
18:44:56 [INFO]   Generated literal ~R_4(?X_2, <http://www.w3.org/2000/01/rdf-schema#subPropertyOf>, ?X_2, ?X_2) for rule r_GEN_30
18:44:56 [INFO] 29 / 55
18:44:56 [INFO]   Adding outgoing relational edge from R_5 for r_GEN_15
18:44:56 [INFO]   Generated literal R_5(?X_2, ?X_4, ?X_1, ?Z_3) for rule r_GEN_15
18:44:56 [INFO] 30 / 55
18:44:56 [INFO]   Adding outgoing relational edge from R_6 for r_GEN_3
18:44:56 [INFO]   Generated literal ~R_6(?X_2, ?X_4) for rule r_GEN_3
18:44:56 [INFO] 31 / 55
18:44:56 [INFO]   Adding outgoing relational edge from R_7 for r_GEN_19
18:44:56 [INFO]   Generated literal R_7(?X_1, ?X_3, ?X_1) for rule r_GEN_19
18:44:56 [INFO] 32 / 55
18:44:56 [INFO]   Adding outgoing relational edge from R_8 for r_GEN_32
18:44:56 [INFO]   Generated literal R_8(?Z_1, ?X_1, ?X_1, ?X_2, <http://www.w3.org/1999/02/22-rdf-syntax-ns#first>, ?X_2) for rule r_GEN_32
18:44:56 [INFO] 33 / 55
18:44:56 [INFO]   Adding outgoing relational edge from R_9 for r_GEN_3
18:44:56 [INFO]   Generated literal R_9(?X_2, ?Z_2, ?X_1) for rule r_GEN_3
18:44:56 [INFO] 34 / 55
18:44:56 [INFO]   Adding outgoing relational edge from R_10 for r_GEN_5
18:44:56 [INFO]   Generated literal R_10(?Z_1, ?X_4, ?Z_3) for rule r_GEN_5
18:44:56 [INFO] 35 / 55
18:44:56 [INFO]   Adding outgoing relational edge from R_11 for r_GEN_26
18:44:56 [INFO]   Generated literal R_11(?X_3, ?X_2, <http://www.w3.org/2000/01/rdf-schema#subPropertyOf>) for rule r_GEN_26
18:44:56 [INFO] 36 / 55
18:44:56 [INFO]   Adding outgoing relational edge from R_12 for r_GEN_10
18:44:56 [INFO]   Generated literal R_12(?X_1, ?X_2, ?X_2, ?X_3, ?Z_2) for rule r_GEN_10
18:44:56 [INFO] 37 / 55
18:44:56 [INFO]   Adding outgoing relational edge from R_13 for r_GEN_4
18:44:56 [INFO]   Generated literal ~R_13(?Y_1, <http://www.w3.org/2000/01/rdf-schema#subClassOf>, ?X_1, ?X_1, ?Y_1, ?Y_1) for rule r_GEN_4
18:44:56 [INFO] 38 / 55
18:44:56 [INFO]   Adding outgoing relational edge from R_14 for r_GEN_28
18:44:56 [INFO]   Generated literal ~R_14(?X_1, ?X_1, ?X_1, ?X_1) for rule r_GEN_28
18:44:56 [INFO] 39 / 55
18:44:56 [INFO]   Adding outgoing relational edge from R_15 for r_GEN_9
18:44:56 [INFO]   Generated literal R_15(?Z_4, <http://www.w3.org/2002/07/owl#equivalentClass>, ?X_4, ?Z_6, ?X_1) for rule r_GEN_9
18:44:56 [INFO] 40 / 55
18:44:56 [INFO]   Adding outgoing relational edge from R_16 for r_GEN_21
18:44:56 [INFO]   Generated literal R_16(?X_1) for rule r_GEN_21
18:44:56 [INFO] 41 / 55
18:44:56 [INFO]   Adding outgoing relational edge from R_17 for r_GEN_19
18:44:56 [INFO]   Generated literal R_17(?X_4, ?Z_3, ?X_1, ?X_5, ?X_3, ?Z_5) for rule r_GEN_19
18:44:56 [INFO] 42 / 55
18:44:56 [INFO]   Adding outgoing relational edge from R_18 for r_GEN_1
18:44:56 [INFO]   Generated literal R_18(?Z_3, ?X_4, ?X_1, <http://www.w3.org/2002/07/owl#equivalentClass>, ?Z_2) for rule r_GEN_1
18:44:56 [INFO] 43 / 55
18:44:56 [INFO]   Adding outgoing relational edge from R_19 for r_GEN_22
18:44:56 [INFO]   Generated literal R_19(?X_5, ?X_5, ?X_2) for rule r_GEN_22
18:44:56 [INFO] 44 / 55
18:44:56 [INFO]   Adding outgoing relational edge from R_20 for r_GEN_22
18:44:56 [INFO]   Generated literal R_20(?Z_5, ?X_2, ?X_5) for rule r_GEN_22
18:44:56 [INFO] 45 / 55
18:44:56 [INFO]   Adding outgoing relational edge from R_21 for r_GEN_7
18:44:56 [INFO]   Generated literal ~R_21(?Y_1, ?Z_1, ?X_1, ?X_1, ?Y_1, ?Y_1) for rule r_GEN_7
18:44:56 [INFO] 46 / 55
18:44:56 [INFO]   Adding outgoing relational edge from R_22 for r_GEN_5
18:44:56 [INFO]   Generated literal ~R_22(?X_2, ?Z_1, ?X_3, ?Z_3, ?X_1) for rule r_GEN_5
18:44:56 [INFO] 47 / 55
18:44:56 [INFO]   Adding outgoing relational edge from R_23 for r_GEN_29
18:44:56 [INFO]   Generated literal R_23(?Z_1, ?Z_2, ?Z_1, <http://www.w3.org/2002/07/owl#equivalentClass>, <http://www.w3.org/2002/07/owl#onProperty>, <http://www.w3.org/1999/02/22-rdf-syntax-ns#nil>) for rule r_GEN_29
18:44:56 [INFO] 48 / 55
18:44:56 [INFO]   Adding outgoing relational edge from R_24 for r_GEN_26
18:44:56 [INFO]   Generated literal R_24(?X_2, ?X_5, ?X_3, ?X_1) for rule r_GEN_26
18:44:56 [INFO] 49 / 55
18:44:56 [INFO]   Adding outgoing relational edge from R_25 for r_GEN_7
18:44:56 [INFO]   Generated literal R_25(?Z_5, ?Y_1, ?Z_7, ?Y_1, ?Y_1, ?Y_1) for rule r_GEN_7
18:44:56 [INFO] 50 / 55
18:44:56 [INFO]   Adding outgoing relational edge from R_26 for r_GEN_11
18:44:56 [INFO]   Generated literal R_26(?X_2, ?X_1) for rule r_GEN_11
18:44:56 [INFO] 51 / 55
18:44:56 [INFO]   Adding outgoing relational edge from R_27 for r_GEN_19
18:44:56 [INFO]   Generated literal ~R_27(?X_4, ?X_3) for rule r_GEN_19
18:44:56 [INFO] 52 / 55
18:44:56 [INFO]   Adding outgoing relational edge from R_28 for r_GEN_10
18:44:56 [INFO]   Generated literal R_28(?X_2) for rule r_GEN_10
18:44:56 [INFO] 53 / 55
18:44:56 [INFO]   Adding outgoing relational edge from R_29 for r_GEN_8
18:44:56 [INFO]   Generated literal R_29(<http://www.w3.org/2000/01/rdf-schema#subClassOf>, ?X_1) for rule r_GEN_8
18:44:56 [INFO] 54 / 55
18:44:56 [INFO]   Adding outgoing relational edge from R_30 for r_GEN_9
18:44:56 [INFO]   Generated literal ~R_30(<http://www.w3.org/2002/07/owl#intersectionOf>, ?X_6, ?X_1) for rule r_GEN_9
18:44:56 [INFO] 55 / 55
18:44:56 [INFO]   Adding outgoing relational edge from R_31 for r_GEN_23
18:44:56 [INFO]   Generated literal R_31(?X_3, ?X_2, ?X_2) for rule r_GEN_23
18:44:56 [INFO] 
18:44:56 [INFO] Adding gen. size facts
18:44:56 [INFO] 
18:44:56 [INFO] 1 / 32
18:44:56 [INFO]   II Add Fact Node and Edge
18:44:56 [INFO]   Added new fact R_7(<http://www.w3.org/2002/07/owl#intersectionOf>, "str_1", 17257465228904077919).
18:44:56 [INFO] 2 / 32
18:44:56 [INFO]   II Add Fact Node and Edge
18:44:56 [INFO]   Added new fact R_27(<http://www.w3.org/2000/01/rdf-schema#subPropertyOf>, <http://www.w3.org/2000/01/rdf-schema#subPropertyOf>).
18:44:56 [INFO] 3 / 32
18:44:56 [INFO]   II Add Fact Node and Edge
18:44:56 [INFO]   Added new fact R_3(<http://www.w3.org/2002/07/owl#equivalentClass>, c_1).
18:44:56 [INFO] 4 / 32
18:44:56 [INFO]   II Add Fact Node and Edge
18:44:56 [INFO]   Added new fact R_OUT(<http://www.w3.org/2002/07/owl#equivalentClass>, "str_2", c_2, <http://www.w3.org/1999/02/22-rdf-syntax-ns#first>, <http://www.w3.org/2002/07/owl#someValuesFrom>, c_3).
18:44:56 [INFO] 5 / 32
18:44:56 [INFO]   II Add Fact Node and Edge
18:44:56 [INFO]   Added new fact R_27(17257465228904077919, <http://www.w3.org/2002/07/owl#intersectionOf>).
18:44:56 [INFO] 6 / 32
18:44:56 [INFO]   II Add Fact Node and Edge
18:44:56 [INFO]   Added new fact R_OUT(7367670805393250419, <http://www.w3.org/2002/07/owl#equivalentClass>, <http://www.w3.org/2002/07/owl#intersectionOf>, c_4, c_5, 11503531120041748240).
18:44:56 [INFO] 7 / 32
18:44:56 [INFO]   II Add Fact Node and Edge
18:44:56 [INFO]   Added new fact R_3("str_3", "str_4").
18:44:56 [INFO] 8 / 32
18:44:56 [INFO]   II Add Fact Node and Edge
18:44:56 [INFO]   Added new fact R_27(<http://www.w3.org/2000/01/rdf-schema#subClassOf>, <http://www.w3.org/1999/02/22-rdf-syntax-ns#nil>).
18:44:56 [INFO] 9 / 32
18:44:56 [INFO]   II Add Fact Node and Edge
18:44:56 [INFO]   Added new fact R_3("str_5", c_6).
18:44:56 [INFO] 10 / 32
18:44:56 [INFO]   II Add Fact Node and Edge
18:44:56 [INFO]   Added new fact R_27(c_7, "str_6").
18:44:56 [INFO] 11 / 32
18:44:56 [INFO]   II Add Fact Node and Edge
18:44:56 [INFO]   Added new fact R_27(<http://www.w3.org/2002/07/owl#disjointWith>, c_3).
18:44:56 [INFO] 12 / 32
18:44:56 [INFO]   II Add Fact Node and Edge
18:44:56 [INFO]   Added new fact R_29(c_8, c_6).
18:44:56 [INFO] 13 / 32
18:44:56 [INFO]   II Add Fact Node and Edge
18:44:56 [INFO]   Added new fact R_OUT(c_9, c_8, c_10, <http://www.w3.org/2002/07/owl#someValuesFrom>, c_11, c_8).
18:44:56 [INFO] 14 / 32
18:44:56 [INFO]   II Add Fact Node and Edge
18:44:56 [INFO]   Added new fact R_29(c_2, <http://www.w3.org/1999/02/22-rdf-syntax-ns#first>).
18:44:56 [INFO] 15 / 32
18:44:56 [INFO]   II Add Fact Node and Edge
18:44:56 [INFO]   Added new fact R_OUT(c_12, "str_2", <http://www.w3.org/2002/07/owl#intersectionOf>, <http://www.w3.org/2000/01/rdf-schema#subPropertyOf>, c_13, "str_7").
18:44:56 [INFO] 16 / 32
18:44:56 [INFO]   II Add Fact Node and Edge
18:44:56 [INFO]   Added new fact R_27("str_8", <http://www.w3.org/2002/07/owl#disjointWith>).
18:44:56 [INFO] 17 / 32
18:44:56 [INFO]   II Add Fact Node and Edge
18:44:56 [INFO]   Added new fact R_18("str_2", <http://www.w3.org/2000/01/rdf-schema#subPropertyOf>, c_2, "str_9", c_14).
18:44:56 [INFO] 18 / 32
18:44:56 [INFO]   II Add Fact Node and Edge
18:44:56 [INFO]   Added new fact R_18("str_10", 10617062087035143098, c_15, 16642901916129523393, 169380475000364966).
18:44:56 [INFO] 19 / 32
18:44:56 [INFO]   II Add Fact Node and Edge
18:44:56 [INFO]   Added new fact R_29(14048497100585420499, 3673115114632116240).
18:44:56 [INFO] 20 / 32
18:44:56 [INFO]   II Add Fact Node and Edge
18:44:56 [INFO]   Added new fact R_27(c_8, <http://www.w3.org/2002/07/owl#disjointWith>).
18:44:56 [INFO] 21 / 32
18:44:56 [INFO]   II Add Fact Node and Edge
18:44:56 [INFO]   Added new fact R_29(c_16, 6495867546046924137).
18:44:56 [INFO] 22 / 32
18:44:56 [INFO]   II Add Fact Node and Edge
18:44:56 [INFO]   Added new fact R_29(<http://www.w3.org/2000/01/rdf-schema#subPropertyOf>, 7367670805393250419).
18:44:56 [INFO] 23 / 32
18:44:56 [INFO]   II Add Fact Node and Edge
18:44:56 [INFO]   Added new fact R_18(<http://www.w3.org/1999/02/22-rdf-syntax-ns#first>, <http://www.w3.org/2000/01/rdf-schema#subClassOf>, c_17, c_18, c_19).
18:44:56 [INFO] 24 / 32
18:44:56 [INFO]   II Add Fact Node and Edge
18:44:56 [INFO]   Added new fact R_3(c_20, c_21).
18:44:56 [INFO] 25 / 32
18:44:56 [INFO]   II Add Fact Node and Edge
18:44:56 [INFO]   Added new fact R_18(c_22, "str_11", 10860539120126153789, <http://www.w3.org/2000/01/rdf-schema#subClassOf>, 16771485877638804647).
18:44:56 [INFO] 26 / 32
18:44:56 [INFO]   II Add Fact Node and Edge
18:44:56 [INFO]   Added new fact R_27(c_23, c_10).
18:44:56 [INFO] 27 / 32
18:44:56 [INFO]   II Add Fact Node and Edge
18:44:56 [INFO]   Added new fact R_18(<http://www.w3.org/2000/01/rdf-schema#subClassOf>, c_24, <http://www.w3.org/2002/07/owl#someValuesFrom>, 17366887858801009573, <http://www.w3.org/2000/01/rdf-schema#subPropertyOf>).
18:44:56 [INFO] 28 / 32
18:44:56 [INFO]   II Add Fact Node and Edge
18:44:56 [INFO]   Added new fact R_7(c_22, c_6, 16389156461784384114).
18:44:56 [INFO] 29 / 32
18:44:56 [INFO]   II Add Fact Node and Edge
18:44:56 [INFO]   Added new fact R_29(4931932393595943273, c_25).
18:44:56 [INFO] 30 / 32
18:44:56 [INFO]   II Add Fact Node and Edge
18:44:56 [INFO]   Added new fact R_29(c_16, c_8).
18:44:56 [INFO] 31 / 32
18:44:56 [INFO]   II Add Fact Node and Edge
18:44:56 [INFO]   Added new fact R_27(c_26, "str_12").
18:44:56 [INFO] 32 / 32
18:44:56 [INFO]   II Add Fact Node and Edge
18:44:56 [INFO]   Added new fact R_18(c_27, c_7, c_28, c_27, c_29).
18:44:56 [INFO] 
18:44:56 [INFO] ----------------------------------------------
18:44:56 [INFO] ----------- Program Generation Done ----------
18:44:56 [INFO] ----------------------------------------------
18:44:56 [INFO] 
18:44:56 [INFO] ----------- Generated ADG Summary: -----------
18:44:56 [INFO] ADG Fact Nodes:                  32
18:44:56 [INFO] ADG Relational Nodes:            56
18:44:56 [INFO] ADG Fact Edges:                  32
18:44:56 [INFO] ADG Relational Edges:            118
18:44:56 [INFO] Number of inv. Strata:           4
18:44:56 [INFO] 
18:44:56 [INFO] Nodes with None Ancestry:        0
18:44:56 [INFO] Nodes with Positive Ancestry:    5
18:44:56 [INFO] Nodes with Negative Ancestry:    5
18:44:56 [INFO] Nodes with Unknown Ancestry:     46
18:44:56 [INFO] 
18:44:56 [INFO] Next rule name would be:         r_EXP_33
18:44:56 [INFO] Next predicate name would be:    R_32
18:44:56 [INFO] Next constant name would be:     c_30
18:44:56 [INFO] Next string would be:            "str_13"
18:44:56 [INFO] 
18:44:56 [INFO] Output predicate:                R_OUT
18:44:56 [INFO] Generated rule count:            32
18:44:56 [INFO] Rule count:                      64
18:44:56 [INFO] Average rel. arity:              3.017857142857143
18:44:56 [INFO] Arity calc. may be inaccurate if arity > f64
18:44:56 [INFO] ----------------------------------------------
18:44:56 [INFO] 
18:44:56 [INFO] ------ Performed Gen. Transformations: -------
18:44:56 [INFO]  #      Type
18:44:56 [INFO]  32      Generate New Rule with Probably Single Lit
18:44:56 [INFO]  55      Generating an Outgoing Relational Edge
18:44:56 [INFO]  31      I     Add Relational Node
18:44:56 [INFO]  32      II    Add Fact Node and Edge
18:44:56 [INFO] ----------------------------------------------
18:44:56 [INFO] 
18:44:56 [INFO] Storing input ADG and input program
18:44:56 [INFO] 
18:44:56 [INFO] ----------------------------------------------
18:44:56 [INFO] --------- Beginning Transformations ----------
18:44:56 [INFO] --------  Oracle: EXP    Number: 30
18:44:56 [INFO] ----------------------------------------------
18:44:56 [INFO] 1 / 30
18:44:56 [INFO]   VIII Modify Rule - Remove Equality
18:44:56 [INFO]   Replaced a random number of var X_4 with var X_4_new_1 in the rule r_GEN_1
18:44:56 [INFO] 2 / 30
18:44:56 [INFO]   III Add Relational edges - New Rule
18:44:56 [INFO]   Added new rule of name r_EXP_35
18:44:56 [INFO]   R_OUT(?X_4, c_6, ?X_2, ?X_1, ?X_5, ?X_3) :- class(?X_4), R_28(c_6), nonlast(?X_2), R_8(c_6, ?X_5, ?X_1, ?Y_2, ?X_3, ?X_1), ~synEx(?X_4, ?Y_2, ?Y_2) .
18:44:56 [INFO] 3 / 30
18:44:56 [INFO]   I Add Relational Node
18:44:56 [INFO]   Added new relation R_34
18:44:56 [INFO] 4 / 30
18:44:56 [INFO]   III Add Relational edges - New Rule
18:44:56 [INFO]   Added new rule of name r_EXP_36
18:44:56 [INFO]   R_OUT(<http://www.w3.org/2000/01/rdf-schema#subClassOf>, ?X_3, ?X_6, ?X_4, ?X_3, ?X_5) :- http://rulewerk.semantic-web.org/normalForm/isSubClass(<http://www.w3.org/2000/01/rdf-schema#subClassOf>), http://rulewerk.semantic-web.org/normalForm/isSubClass(?X_3), http://rulewerk.semantic-web.org/normalForm/isSubClass(?X_6), http://rulewerk.semantic-web.org/normalForm/isSubClass(?X_4), http://rulewerk.semantic-web.org/normalForm/isSubClass(?X_3), http://rulewerk.semantic-web.org/normalForm/isSubClass(?X_5), ~R_16(?X_4), ~next(<http://www.w3.org/2000/01/rdf-schema#subClassOf>, ?X_3), ~R_5(?X_3, "str_3", <http://www.w3.org/2000/01/rdf-schema#subClassOf>, ?X_5), ~R_17(?X_3, <http://www.w3.org/2000/01/rdf-schema#subClassOf>, ?X_5, "str_3", ?X_4, ?X_5) .
18:44:56 [INFO] 5 / 30
18:44:56 [INFO]   III Add Relational edges - New Rule
18:44:56 [INFO]   Added new rule of name r_EXP_37
18:44:56 [INFO]   R_18(?X_2, ?X_5, ?X_4, ?X_1, ?X_3) :- R_30(?X_2, ?X_5, ?X_5), http://rulewerk.semantic-web.org/normalForm/subProp(?X_1, ?X_4), prepareSco(?X_4, ?X_3), R_27(?Y_1, ?X_1), ~R_13(?X_4, ?X_4, ?X_4, ?X_4, ?X_1, ?X_4), ~nonfirst(?Y_1), ~http://rulewerk.semantic-web.org/normalForm/isMainClass(?X_2), ~auxClass(?X_3) .
18:44:56 [INFO] 6 / 30
18:44:56 [INFO]   II Add Fact Node and Edge
18:44:56 [INFO]   Assigned relation R_34 the artiy 6
18:44:56 [INFO]   Added new fact R_34(c_27, 10617062087035143098, c_30, c_32, "str_5", c_33).
18:44:56 [INFO] 7 / 30
18:44:56 [INFO]   II Add Fact Node and Edge
18:44:56 [INFO]   Added new fact R_18("str_9", c_34, c_10, "str_15", c_13).
18:44:56 [INFO] 8 / 30
18:44:56 [INFO]   I Add Relational Node
18:44:56 [INFO]   Added new relation R_35
18:44:56 [INFO] 9 / 30
18:44:56 [INFO]   II Add Fact Node and Edge
18:44:56 [INFO]   Added new fact R_29("str_16", 15423228284335476637).
18:44:56 [INFO] 10 / 30
18:44:56 [INFO]   II Add Fact Node and Edge
18:44:56 [INFO]   Added new fact R_18(<http://www.w3.org/2002/07/owl#onProperty>, "str_8", 10860539120126153789, c_35, 3452390296328964523).
18:44:56 [INFO] 11 / 30
18:44:56 [INFO]   IX Remove Fact Node and Edge
18:44:56 [INFO]   Removed fact R_34(c_27, 10617062087035143098, c_30, c_32, "str_5", c_33). from the program
18:44:56 [INFO]   Removed fact R_34(c_27, 10617062087035143098, c_30, c_32, "str_5", c_33). from the ADG.
18:44:56 [INFO] 12 / 30
18:44:56 [INFO]   III Add Relational edges - New Rule
18:44:56 [INFO]   Assigned relation R_35 the artiy 3
18:44:56 [INFO]   Assigned relation R_34 the artiy 6
18:44:56 [INFO]   Added new rule of name r_EXP_38
18:44:56 [INFO]   R_35(?X_2, ?X_1, ?X_3) :- next(?X_2, ?X_1), synConj(?X_3, ?Y_1, ?Y_1), http://rulewerk.semantic-web.org/normalForm/subPropChain(?Y_1, ?X_3, <http://www.w3.org/2000/01/rdf-schema#subPropertyOf>), TRIPLE(?X_3, ?X_3, <http://www.w3.org/2000/01/rdf-schema#subPropertyOf>), R_16(?Y_1), R_34(?X_1, ?X_3, ?X_1, <http://www.w3.org/2000/01/rdf-schema#subPropertyOf>, <http://www.w3.org/2000/01/rdf-schema#subPropertyOf>, <http://www.w3.org/2000/01/rdf-schema#subPropertyOf>), ~repOf(?X_1, ?X_2), ~R_26(?X_1, ?X_1), ~http://rulewerk.semantic-web.org/normalForm/exists(<http://www.w3.org/2000/01/rdf-schema#subPropertyOf>, ?X_1, ?X_1), ~synExRep(<http://www.w3.org/2000/01/rdf-schema#subPropertyOf>, ?Y_1, ?X_1) .
18:44:56 [INFO] 13 / 30
18:44:56 [INFO]   III Add Relational edges - New Rule
18:44:56 [INFO]   Added new rule of name r_EXP_39
18:44:56 [INFO]   R_35(?X_2, ?X_1, 10860539120126153789) :- ClassObject(?X_2), synEx(?X_1, 10860539120126153789, ?X_2), ~nonfirst(10860539120126153789) .
18:44:56 [INFO] 14 / 30
18:44:56 [INFO]   II Add Fact Node and Edge
18:44:56 [INFO]   Added new fact R_7("str_17", c_36, "str_12").
18:44:56 [INFO] 15 / 30
18:44:56 [INFO]   I Add Relational Node
18:44:56 [INFO]   Added new relation R_36
18:44:56 [INFO] 16 / 30
18:44:56 [INFO]   III Add Relational edges - New Rule
18:44:56 [INFO]   Added new rule of name r_EXP_40
18:44:56 [INFO]   R_OUT(c_13, ?X_5, ?X_4, ?X_3, ?X_6, ?X_3) :- http://rulewerk.semantic-web.org/normalForm/exists(c_13, ?X_5, 169380475000364966), R_20(?X_3, c_13, c_13), synEx(?Y_1, ?X_3, ?X_4), in(?X_6, ?X_3), R_22(?X_5, ?X_3, 169380475000364966, ?X_5, 169380475000364966), ~TRIPLE(?X_5, ?X_3, 169380475000364966), ~http://rulewerk.semantic-web.org/normalForm/subClassOf(?X_3, c_13), ~repOf(?X_3, ?X_3), ~R_4(?X_5, ?X_5, ?Y_1, 169380475000364966) .
18:44:56 [INFO] 17 / 30
18:44:56 [INFO]   III Add Relational edges - New Rule
18:44:56 [INFO]   Assigned relation R_36 the artiy 6
18:44:56 [INFO]   Added new rule of name r_EXP_41
18:44:56 [INFO]   R_7(?X_2, ?X_3, "str_17") :- R_17(c_13, ?X_2, "str_17", ?X_3, ?X_3, ?X_3), in(c_13, "str_17"), http://rulewerk.semantic-web.org/normalForm/subProp(?X_3, c_13), R_36(c_13, ?X_3, c_13, ?X_3, c_13, ?X_2) .
18:44:56 [INFO] 18 / 30
18:44:56 [INFO]   VII Modify Rule - Add Equality
18:44:56 [INFO]   Replaced var ?X_1 with var ?X_2 in the rule r_EXP_39
18:44:56 [INFO] 19 / 30
18:44:56 [INFO]   I Add Relational Node
18:44:56 [INFO]   Added new relation R_37
18:44:56 [INFO] 20 / 30
18:44:56 [INFO]   VIII Modify Rule - Remove Equality
18:44:56 [INFO]   Replaced a random number of var X_5 with var X_5_new_1 in the rule r_GEN_19
18:44:56 [INFO] 21 / 30
18:44:56 [INFO]   V Remove Relational Edges - Whole Rule
18:44:56 [INFO]   Removing the Rule of the name r_EXP_38
18:44:56 [INFO] 22 / 30
18:44:56 [INFO]   II Add Fact Node and Edge
18:44:56 [INFO]   Added new fact R_7(169380475000364966, c_37, c_38).
18:44:56 [INFO] 23 / 30
18:44:56 [INFO]   VI Remove Relational Edge - Single Literal
18:44:56 [INFO]   Found the rule of the name r_EXP_39
18:44:56 [INFO]   Removed relational edge NodeIndex(18): (nonfirst -> R_35)
18:44:56 [INFO]   Attempting to remove the literal -nonfirst(, 10860539120126153789) from the rule r_EXP_39
18:44:56 [INFO] 24 / 30
18:44:56 [INFO]   III Add Relational edges - New Rule
18:44:56 [INFO]   Added new rule of name r_EXP_42
18:44:56 [INFO]   R_36(?X_6, ?X_2, c_31, ?X_5, ?X_1, ?X_3) :- R_4(?X_1, ?X_1, ?X_6, c_31), R_3(?X_1, ?X_3), synExRep(?X_5, c_31, ?X_2), R_5(?X_3, ?X_5, ?X_1, ?X_2), R_23(?X_6, ?X_1, ?X_5, ?X_6, ?X_2, ?X_6), ~R_3(?X_2, c_32) .
18:44:56 [INFO] 25 / 30
18:44:56 [INFO]   III Add Relational edges - New Rule
18:44:56 [INFO]   Added new rule of name r_EXP_43
18:44:56 [INFO]   R_7(?X_3, ?X_2, ?X_3) :- prepareSco(?X_3, ?X_3), prepareSco(?X_3, ?X_2), ~prepareSco(?X_2, ?X_3), ~R_1(c_7, ?X_3, ?X_3, ?X_2, ?X_3, ?X_3), ~R_28(?X_3) .
18:44:56 [INFO] 26 / 30
18:44:56 [INFO]   Xa Remove Relational Node - Rule Variant
18:44:56 [INFO]   Removing relational node R_35
18:44:56 [INFO]   Removing the Rule of the name r_EXP_39
18:44:56 [INFO]   Removing at least 2 relational edges.
18:44:56 [INFO] 27 / 30
18:44:56 [INFO]   I Add Relational Node
18:44:56 [INFO]   Added new relation R_38
18:44:56 [INFO] 28 / 30
18:44:56 [INFO]   VIII Modify Rule - Remove Equality
18:44:56 [INFO]   Replaced a random number of var X_3 with var X_3_new_1 in the rule r_EXP_41
18:44:56 [INFO] 29 / 30
18:44:56 [INFO]   I Add Relational Node
18:44:56 [INFO]   Added new relation R_39
18:44:56 [INFO] 30 / 30
18:44:56 [INFO]   II Add Fact Node and Edge
18:44:56 [INFO]   Added new fact R_18(4576324710014138541, c_39, 3310424778285254922, c_7, c_4).
18:44:56 [INFO] ----------------------------------------------
18:44:56 [INFO] ------------ Transformations Done ------------
18:44:56 [INFO] ----------------------------------------------
18:44:56 [INFO]  Ressources required: 
                galen-el.nt.gz
                
18:44:56 [INFO] ---------- Transformed ADG Summary: ----------
18:44:56 [INFO] ADG Fact Nodes:                  38
18:44:56 [INFO] ADG Relational Nodes:            61
18:44:56 [INFO] ADG Fact Edges:                  38
18:44:56 [INFO] ADG Relational Edges:            165
18:44:56 [INFO] Number of inv. Strata:           4
18:44:56 [INFO] 
18:44:56 [INFO] Nodes with None Ancestry:        0
18:44:56 [INFO] Nodes with Positive Ancestry:    6
18:44:56 [INFO] Nodes with Negative Ancestry:    2
18:44:56 [INFO] Nodes with Unknown Ancestry:     49
18:44:56 [INFO] 
18:44:56 [INFO] Next rule name would be:         r_EXP_44
18:44:56 [INFO] Next predicate name would be:    R_40
18:44:56 [INFO] Next constant name would be:     c_40
18:44:56 [INFO] Next string would be:            "str_18"
18:44:56 [INFO] 
18:44:56 [INFO] Output predicate:                R_OUT
18:44:56 [INFO] Rule count:                      71
18:44:56 [INFO] Average rel. arity:              3.0701754385964914
18:44:56 [INFO] Arity calc. may be inaccurate if arity > f64
18:44:56 [INFO] ----------------------------------------------
18:44:56 [INFO] 
18:44:56 [INFO] --------- Performed Transformations: ---------
18:44:56 [INFO]  #      Type
18:44:56 [INFO]  10      Failed Transformation Attempts
18:44:56 [INFO]  6      I     Add Relational Node
18:44:56 [INFO]  7      II    Add Fact Node and Edge
18:44:56 [INFO]  9      III   Add Relational edges - New Rule
18:44:56 [INFO]  0      IV    Add Relational Edge - New Literal
18:44:56 [INFO]  1      IX    Remove Fact Node and Edge
18:44:56 [INFO]  1      V     Remove Relational Edges - Whole Rule
18:44:56 [INFO]  1      VI    Remove Relational Edge - Single Literal
18:44:56 [INFO]  1      VII   Modify Rule - Add Equality
18:44:56 [INFO]  3      VIII  Modify Rule - Remove Equality
18:44:56 [INFO]  0      XI   Add Contradictory Rule
18:44:56 [INFO]  1      Xa     Remove Relational Node Rule Variant - None anc only
18:44:56 [INFO] ----------------------------------------------
18:44:56 [INFO] 
18:44:56 [INFO] Writing output ADG and file.
18:44:56 [INFO] 
18:44:56 [INFO] ----------------------------------------------
18:44:56 [INFO] -- Beginning Nemo Execution - Input Program --
18:44:56 [INFO] ----------------------------------------------
18:44:56 [INFO] Stratified program: [[0, 1, 2, 3, 4, 5, 6, 7, 8, 9, 10, 11, 12, 13, 14, 22, 23, 24, 26, 29, 33, 36, 37], [15, 16, 17, 18, 19, 20, 21, 25, 27, 28, 30, 31, 32, 34, 35, 38, 39, 40, 41, 42, 46, 51, 53, 55, 56, 60], [43, 47, 57, 58, 62], [44, 48, 49, 50, 63], [54], [45, 52, 59, 61]]
18:44:56 [INFO] Loading source SimpleTable { arity: 6, data: [AnyDataValue(Iri(IriDataValue("http://www.w3.org/2002/07/owl#equivalentClass"))), AnyDataValue(PlainString(StringDataValue("str_2"))), AnyDataValue(Iri(IriDataValue("c_2"))), AnyDataValue(Iri(IriDataValue("http://www.w3.org/1999/02/22-rdf-syntax-ns#first"))), AnyDataValue(Iri(IriDataValue("http://www.w3.org/2002/07/owl#someValuesFrom"))), AnyDataValue(Iri(IriDataValue("c_3"))), AnyDataValue(UnsignedLong(UnsignedLongDataValue(7367670805393250419))), AnyDataValue(Iri(IriDataValue("http://www.w3.org/2002/07/owl#equivalentClass"))), AnyDataValue(Iri(IriDataValue("http://www.w3.org/2002/07/owl#intersectionOf"))), AnyDataValue(Iri(IriDataValue("c_4"))), AnyDataValue(Iri(IriDataValue("c_5"))), AnyDataValue(UnsignedLong(UnsignedLongDataValue(11503531120041748240))), AnyDataValue(Iri(IriDataValue("c_9"))), AnyDataValue(Iri(IriDataValue("c_8"))), AnyDataValue(Iri(IriDataValue("c_10"))), AnyDataValue(Iri(IriDataValue("http://www.w3.org/2002/07/owl#someValuesFrom"))), AnyDataValue(Iri(IriDataValue("c_11"))), AnyDataValue(Iri(IriDataValue("c_8"))), AnyDataValue(Iri(IriDataValue("c_12"))), AnyDataValue(PlainString(StringDataValue("str_2"))), AnyDataValue(Iri(IriDataValue("http://www.w3.org/2002/07/owl#intersectionOf"))), AnyDataValue(Iri(IriDataValue("http://www.w3.org/2000/01/rdf-schema#subPropertyOf"))), AnyDataValue(Iri(IriDataValue("c_13"))), AnyDataValue(PlainString(StringDataValue("str_7")))] }
18:44:56 [INFO] Execution step: Combining Tables
18:44:56 [INFO] Saved permanent table R_OUT (0-1) Permutation { idx_to_val: [], val_to_idx: [] } with 4 entries (21516)
18:44:56 [INFO] <<< STEP 1: APPLYING RULE 0 class(?O) :- TRIPLE(?X, ?P, ?O), ClassObject(?P) >>>
18:44:56 [INFO] Loading source RdfReader { read: "<unspecified std::io::Read>", variant: NTriples, base: None }
18:44:56 [INFO] Starting RDF import (format ntriples)
18:44:56 [INFO] Finished import: processed 245662 triples
18:44:57 [INFO] Loading source SimpleTable { arity: 1, data: [AnyDataValue(Iri(IriDataValue("http://www.w3.org/2002/07/owl#someValuesFrom"))), AnyDataValue(Iri(IriDataValue("http://www.w3.org/1999/02/22-rdf-syntax-ns#first"))), AnyDataValue(Iri(IriDataValue("http://www.w3.org/2000/01/rdf-schema#subClassOf"))), AnyDataValue(Iri(IriDataValue("http://www.w3.org/2002/07/owl#equivalentClass")))] }
18:44:57 [INFO] Execution step: Body
18:44:57 [INFO] Saved temporary table: 54932 entries (223128)
18:44:57 [INFO] Execution step: Duplicate Elimination (Datalog)
18:44:57 [INFO] Saved permanent table class (1) Permutation { idx_to_val: [], val_to_idx: [] } with 54932 entries (223176)
18:44:57 [INFO] Rule duration: 1198 ms
18:44:57 [INFO] <<< STEP 2: APPLYING RULE 0 class(?O) :- TRIPLE(?X, ?P, ?O), ClassObject(?P) >>>
18:44:57 [INFO] Execution step: Body
18:44:57 [INFO] Trie does not contain any elements
18:44:57 [INFO] Execution step: Duplicate Elimination (Datalog)
18:44:57 [INFO] Trie does not contain any elements
18:44:57 [INFO] Rule duration: 0 ms
18:44:57 [INFO] <<< STEP 3: APPLYING RULE 1 class(?X) :- TRIPLE(?X, ?P, ?O), ClassSubject(?P) >>>
18:44:57 [INFO] Loading source SimpleTable { arity: 1, data: [AnyDataValue(Iri(IriDataValue("http://www.w3.org/2000/01/rdf-schema#subClassOf"))), AnyDataValue(Iri(IriDataValue("http://www.w3.org/2002/07/owl#equivalentClass")))] }
18:44:57 [INFO] Execution step: Body
18:44:57 [INFO] Saved temporary table: 23117 entries (95868)
18:44:57 [INFO] Execution step: Duplicate Elimination (Datalog)
18:44:57 [INFO] Saved permanent table class (3) Permutation { idx_to_val: [], val_to_idx: [] } with 13170 entries (56128)
18:44:57 [INFO] Rule duration: 20 ms
18:44:57 [INFO] <<< STEP 4: APPLYING RULE 1 class(?X) :- TRIPLE(?X, ?P, ?O), ClassSubject(?P) >>>
18:44:57 [INFO] Execution step: Body
18:44:57 [INFO] Trie does not contain any elements
18:44:57 [INFO] Execution step: Duplicate Elimination (Datalog)
18:44:57 [INFO] Trie does not contain any elements
18:44:57 [INFO] Rule duration: 0 ms
18:44:57 [INFO] <<< STEP 5: APPLYING RULE 2 synEx(?Y, ?P, ?X), auxClass(?X) :- TRIPLE(?X, ?_BODY_1, ?Y), TRIPLE(?X, ?_BODY_2, ?P), Equal(?_BODY_1, <http://www.w3.org/2002/07/owl#someValuesFrom>), Equal(?_BODY_2, <http://www.w3.org/2002/07/owl#onProperty>) >>>
18:44:57 [INFO] Execution step: Body
18:44:57 [INFO] Saved temporary table: 29618 entries (121872)
18:44:57 [INFO] Saved temporary table: 29618 entries (468332)
18:44:57 [INFO] Execution step: Duplicate Elimination (Datalog)
18:44:57 [INFO] Saved permanent table auxClass (5) Permutation { idx_to_val: [], val_to_idx: [] } with 29618 entries (121920)
18:44:57 [INFO] Execution step: Duplicate Elimination (Datalog)
18:44:57 [INFO] Saved permanent table synEx (5) Permutation { idx_to_val: [], val_to_idx: [] } with 29618 entries (468380)
18:44:57 [INFO] Rule duration: 44 ms
18:44:57 [INFO] <<< STEP 6: APPLYING RULE 2 synEx(?Y, ?P, ?X), auxClass(?X) :- TRIPLE(?X, ?_BODY_1, ?Y), TRIPLE(?X, ?_BODY_2, ?P), Equal(?_BODY_1, <http://www.w3.org/2002/07/owl#someValuesFrom>), Equal(?_BODY_2, <http://www.w3.org/2002/07/owl#onProperty>) >>>
18:44:57 [INFO] Execution step: Body
18:44:57 [INFO] Trie does not contain any elements
18:44:57 [INFO] Trie does not contain any elements
18:44:57 [INFO] Execution step: Duplicate Elimination (Datalog)
18:44:57 [INFO] Trie does not contain any elements
18:44:57 [INFO] Execution step: Duplicate Elimination (Datalog)
18:44:57 [INFO] Trie does not contain any elements
18:44:57 [INFO] Rule duration: 0 ms
18:44:57 [INFO] <<< STEP 7: APPLYING RULE 3 next(?L1, ?L2) :- TRIPLE(?L1, ?_BODY_1, ?L2), Equal(?_BODY_1, <http://www.w3.org/1999/02/22-rdf-syntax-ns#rest>) >>>
18:44:57 [INFO] Execution step: Body
18:44:57 [INFO] Saved temporary table: 32739 entries (269100)
18:44:57 [INFO] Execution step: Duplicate Elimination (Datalog)
18:44:57 [INFO] Saved permanent table next (7) Permutation { idx_to_val: [], val_to_idx: [] } with 32739 entries (269148)
18:44:57 [INFO] Rule duration: 191 ms
18:44:57 [INFO] <<< STEP 8: APPLYING RULE 3 next(?L1, ?L2) :- TRIPLE(?L1, ?_BODY_1, ?L2), Equal(?_BODY_1, <http://www.w3.org/1999/02/22-rdf-syntax-ns#rest>) >>>
18:44:57 [INFO] Execution step: Body
18:44:57 [INFO] Trie does not contain any elements
18:44:57 [INFO] Execution step: Duplicate Elimination (Datalog)
18:44:57 [INFO] Trie does not contain any elements
18:44:57 [INFO] Rule duration: 0 ms
18:44:57 [INFO] <<< STEP 9: APPLYING RULE 4 first(?L1) :- TRIPLE(?X, ?_BODY_1, ?L1), Equal(?_BODY_1, <http://www.w3.org/2002/07/owl#intersectionOf>) >>>
18:44:57 [INFO] Execution step: Body
18:44:57 [INFO] Saved temporary table: 15348 entries (64792)
18:44:57 [INFO] Execution step: Duplicate Elimination (Datalog)
18:44:57 [INFO] Saved permanent table first (9) Permutation { idx_to_val: [], val_to_idx: [] } with 15348 entries (64840)
18:44:57 [INFO] Rule duration: 12 ms
18:44:57 [INFO] <<< STEP 10: APPLYING RULE 4 first(?L1) :- TRIPLE(?X, ?_BODY_1, ?L1), Equal(?_BODY_1, <http://www.w3.org/2002/07/owl#intersectionOf>) >>>
18:44:57 [INFO] Execution step: Body
18:44:57 [INFO] Trie does not contain any elements
18:44:57 [INFO] Execution step: Duplicate Elimination (Datalog)
18:44:57 [INFO] Trie does not contain any elements
18:44:57 [INFO] Rule duration: 0 ms
18:44:57 [INFO] <<< STEP 11: APPLYING RULE 5 nonfirst(?L2) :- first(?L1), next(?L1, ?L2) >>>
18:44:57 [INFO] Execution step: Body
18:44:57 [INFO] Saved temporary table: 15348 entries (64792)
18:44:57 [INFO] Execution step: Duplicate Elimination (Datalog)
18:44:57 [INFO] Saved permanent table nonfirst (11) Permutation { idx_to_val: [], val_to_idx: [] } with 15348 entries (64840)
18:44:57 [INFO] Rule duration: 11 ms
18:44:57 [INFO] <<< STEP 12: APPLYING RULE 5 nonfirst(?L2) :- first(?L1), next(?L1, ?L2) >>>
18:44:57 [INFO] Execution step: Body
18:44:57 [INFO] Trie does not contain any elements
18:44:57 [INFO] Execution step: Duplicate Elimination (Datalog)
18:44:57 [INFO] Trie does not contain any elements
18:44:57 [INFO] Rule duration: 0 ms
18:44:57 [INFO] <<< STEP 13: APPLYING RULE 6 nonfirst(?L2) :- nonfirst(?L1), next(?L1, ?L2) >>>
18:44:57 [INFO] Execution step: Body
18:44:57 [INFO] Saved temporary table: 1719 entries (10276)
18:44:57 [INFO] Execution step: Duplicate Elimination (Datalog)
18:44:57 [INFO] Saved permanent table nonfirst (13) Permutation { idx_to_val: [], val_to_idx: [] } with 1719 entries (10324)
18:44:57 [INFO] Rule duration: 4 ms
18:44:57 [INFO] <<< STEP 14: APPLYING RULE 6 nonfirst(?L2) :- nonfirst(?L1), next(?L1, ?L2) >>>
18:44:57 [INFO] Execution step: Body
18:44:57 [INFO] Saved temporary table: 298 entries (4592)
18:44:57 [INFO] Execution step: Duplicate Elimination (Datalog)
18:44:57 [INFO] Saved permanent table nonfirst (14) Permutation { idx_to_val: [], val_to_idx: [] } with 297 entries (4636)
18:44:57 [INFO] Rule duration: 0 ms
18:44:57 [INFO] <<< STEP 15: APPLYING RULE 6 nonfirst(?L2) :- nonfirst(?L1), next(?L1, ?L2) >>>
18:44:57 [INFO] Execution step: Body
18:44:57 [INFO] Saved temporary table: 26 entries (3504)
18:44:57 [INFO] Execution step: Duplicate Elimination (Datalog)
18:44:57 [INFO] Saved permanent table nonfirst (15) Permutation { idx_to_val: [], val_to_idx: [] } with 25 entries (3548)
18:44:57 [INFO] Rule duration: 0 ms
18:44:57 [INFO] <<< STEP 16: APPLYING RULE 6 nonfirst(?L2) :- nonfirst(?L1), next(?L1, ?L2) >>>
18:44:57 [INFO] Execution step: Body
18:44:57 [INFO] Saved temporary table: 4 entries (3416)
18:44:57 [INFO] Execution step: Duplicate Elimination (Datalog)
18:44:57 [INFO] Saved permanent table nonfirst (16) Permutation { idx_to_val: [], val_to_idx: [] } with 3 entries (3460)
18:44:57 [INFO] Rule duration: 0 ms
18:44:57 [INFO] <<< STEP 17: APPLYING RULE 6 nonfirst(?L2) :- nonfirst(?L1), next(?L1, ?L2) >>>
18:44:57 [INFO] Execution step: Body
18:44:57 [INFO] Saved temporary table: 1 entries (3404)
18:44:57 [INFO] Execution step: Duplicate Elimination (Datalog)
18:44:57 [INFO] Trie does not contain any elements
18:44:57 [INFO] Rule duration: 0 ms
18:44:57 [INFO] <<< STEP 18: APPLYING RULE 7 last(?Ln) :- next(?Ln, ?_BODY_1), Equal(?_BODY_1, <http://www.w3.org/1999/02/22-rdf-syntax-ns#nil>) >>>
18:44:57 [INFO] Execution step: Body
18:44:57 [INFO] Saved temporary table: 15348 entries (64792)
18:44:57 [INFO] Execution step: Duplicate Elimination (Datalog)
18:44:57 [INFO] Saved permanent table last (18) Permutation { idx_to_val: [], val_to_idx: [] } with 15348 entries (64840)
18:44:57 [INFO] Rule duration: 15 ms
18:44:57 [INFO] <<< STEP 19: APPLYING RULE 7 last(?Ln) :- next(?Ln, ?_BODY_1), Equal(?_BODY_1, <http://www.w3.org/1999/02/22-rdf-syntax-ns#nil>) >>>
18:44:57 [INFO] Execution step: Body
18:44:57 [INFO] Trie does not contain any elements
18:44:57 [INFO] Execution step: Duplicate Elimination (Datalog)
18:44:57 [INFO] Trie does not contain any elements
18:44:57 [INFO] Rule duration: 0 ms
18:44:57 [INFO] <<< STEP 20: APPLYING RULE 8 nonlast(?L) :- next(?L, ?Ln), last(?Ln) >>>
18:44:57 [INFO] Execution step: Body
18:44:57 [INFO] Saved temporary table: 15348 entries (64792)
18:44:57 [INFO] Execution step: Duplicate Elimination (Datalog)
18:44:57 [INFO] Saved permanent table nonlast (20) Permutation { idx_to_val: [], val_to_idx: [] } with 15348 entries (64840)
18:44:57 [INFO] Rule duration: 6 ms
18:44:57 [INFO] <<< STEP 21: APPLYING RULE 8 nonlast(?L) :- next(?L, ?Ln), last(?Ln) >>>
18:44:57 [INFO] Execution step: Body
18:44:57 [INFO] Trie does not contain any elements
18:44:57 [INFO] Execution step: Duplicate Elimination (Datalog)
18:44:57 [INFO] Trie does not contain any elements
18:44:57 [INFO] Rule duration: 0 ms
18:44:57 [INFO] <<< STEP 22: APPLYING RULE 9 nonlast(?L1) :- next(?L1, ?L2), nonlast(?L2) >>>
18:44:57 [INFO] Execution step: Body
18:44:57 [INFO] Saved temporary table: 1718 entries (10272)
18:44:57 [INFO] Execution step: Duplicate Elimination (Datalog)
18:44:57 [INFO] Saved permanent table nonlast (22) Permutation { idx_to_val: [], val_to_idx: [] } with 1718 entries (10320)
18:44:57 [INFO] Rule duration: 1 ms
18:44:57 [INFO] <<< STEP 23: APPLYING RULE 9 nonlast(?L1) :- next(?L1, ?L2), nonlast(?L2) >>>
18:44:57 [INFO] Execution step: Body
18:44:57 [INFO] Saved temporary table: 297 entries (4588)
18:44:57 [INFO] Execution step: Duplicate Elimination (Datalog)
18:44:57 [INFO] Saved permanent table nonlast (23) Permutation { idx_to_val: [], val_to_idx: [] } with 297 entries (4636)
18:44:57 [INFO] Rule duration: 0 ms
18:44:57 [INFO] <<< STEP 24: APPLYING RULE 9 nonlast(?L1) :- next(?L1, ?L2), nonlast(?L2) >>>
18:44:57 [INFO] Execution step: Body
18:44:57 [INFO] Saved temporary table: 25 entries (3500)
18:44:57 [INFO] Execution step: Duplicate Elimination (Datalog)
18:44:57 [INFO] Saved permanent table nonlast (24) Permutation { idx_to_val: [], val_to_idx: [] } with 25 entries (3548)
18:44:57 [INFO] Rule duration: 0 ms
18:44:57 [INFO] <<< STEP 25: APPLYING RULE 9 nonlast(?L1) :- next(?L1, ?L2), nonlast(?L2) >>>
18:44:57 [INFO] Execution step: Body
18:44:57 [INFO] Saved temporary table: 3 entries (3412)
18:44:57 [INFO] Execution step: Duplicate Elimination (Datalog)
18:44:57 [INFO] Saved permanent table nonlast (25) Permutation { idx_to_val: [], val_to_idx: [] } with 3 entries (3460)
18:44:57 [INFO] Rule duration: 0 ms
18:44:57 [INFO] <<< STEP 26: APPLYING RULE 9 nonlast(?L1) :- next(?L1, ?L2), nonlast(?L2) >>>
18:44:57 [INFO] Execution step: Body
18:44:57 [INFO] Trie does not contain any elements
18:44:57 [INFO] Execution step: Duplicate Elimination (Datalog)
18:44:57 [INFO] Trie does not contain any elements
18:44:57 [INFO] Rule duration: 0 ms
18:44:57 [INFO] <<< STEP 27: APPLYING RULE 10 in(?L, ?C) :- TRIPLE(?L, ?_BODY_1, ?C), Equal(?_BODY_1, <http://www.w3.org/1999/02/22-rdf-syntax-ns#first>) >>>
18:44:57 [INFO] Execution step: Body
18:44:57 [INFO] Saved temporary table: 32739 entries (269100)
18:44:57 [INFO] Execution step: Duplicate Elimination (Datalog)
18:44:57 [INFO] Saved permanent table in (27) Permutation { idx_to_val: [], val_to_idx: [] } with 32739 entries (269148)
18:44:57 [INFO] Rule duration: 12 ms
18:44:57 [INFO] <<< STEP 28: APPLYING RULE 10 in(?L, ?C) :- TRIPLE(?L, ?_BODY_1, ?C), Equal(?_BODY_1, <http://www.w3.org/1999/02/22-rdf-syntax-ns#first>) >>>
18:44:57 [INFO] Execution step: Body
18:44:57 [INFO] Trie does not contain any elements
18:44:57 [INFO] Execution step: Duplicate Elimination (Datalog)
18:44:57 [INFO] Trie does not contain any elements
18:44:57 [INFO] Rule duration: 0 ms
18:44:57 [INFO] <<< STEP 29: APPLYING RULE 11 synConj(?X, ?C1, ?C2), auxClass(?X) :- TRIPLE(?X, ?_BODY_1, ?L1), next(?L1, ?L2), last(?L2), in(?L1, ?C1), in(?L2, ?C2), Equal(?_BODY_1, <http://www.w3.org/2002/07/owl#intersectionOf>) >>>
18:44:57 [INFO] Execution step: Body
18:44:57 [INFO] Saved temporary table: 13630 entries (174536)
18:44:57 [INFO] Saved temporary table: 13630 entries (57920)
18:44:57 [INFO] Execution step: Duplicate Elimination (Datalog)
18:44:57 [INFO] Saved permanent table synConj (29) Permutation { idx_to_val: [], val_to_idx: [] } with 13630 entries (174584)
18:44:57 [INFO] Execution step: Duplicate Elimination (Datalog)
18:44:57 [INFO] Saved permanent table auxClass (29) Permutation { idx_to_val: [], val_to_idx: [] } with 13630 entries (57968)
18:44:57 [INFO] Rule duration: 164 ms
18:44:57 [INFO] <<< STEP 30: APPLYING RULE 11 synConj(?X, ?C1, ?C2), auxClass(?X) :- TRIPLE(?X, ?_BODY_1, ?L1), next(?L1, ?L2), last(?L2), in(?L1, ?C1), in(?L2, ?C2), Equal(?_BODY_1, <http://www.w3.org/2002/07/owl#intersectionOf>) >>>
18:44:57 [INFO] Execution step: Body
18:44:57 [INFO] Trie does not contain any elements
18:44:57 [INFO] Trie does not contain any elements
18:44:57 [INFO] Execution step: Duplicate Elimination (Datalog)
18:44:57 [INFO] Trie does not contain any elements
18:44:57 [INFO] Execution step: Duplicate Elimination (Datalog)
18:44:57 [INFO] Trie does not contain any elements
18:44:57 [INFO] Rule duration: 0 ms
18:44:57 [INFO] <<< STEP 31: APPLYING RULE 12 synConj(?X, ?C1, ?L2), auxClass(?X) :- TRIPLE(?X, ?_BODY_1, ?L1), next(?L1, ?L2), nonlast(?L2), in(?L1, ?C1), Equal(?_BODY_1, <http://www.w3.org/2002/07/owl#intersectionOf>) >>>
18:44:57 [INFO] Execution step: Body
18:44:57 [INFO] Saved temporary table: 1718 entries (10272)
18:44:57 [INFO] Saved temporary table: 1718 entries (31592)
18:44:57 [INFO] Execution step: Duplicate Elimination (Datalog)
18:44:57 [INFO] Saved permanent table auxClass (31) Permutation { idx_to_val: [], val_to_idx: [] } with 1718 entries (10320)
18:44:57 [INFO] Execution step: Duplicate Elimination (Datalog)
18:44:57 [INFO] Saved permanent table synConj (31) Permutation { idx_to_val: [], val_to_idx: [] } with 1718 entries (31640)
18:44:57 [INFO] Rule duration: 32 ms
18:44:57 [INFO] <<< STEP 32: APPLYING RULE 12 synConj(?X, ?C1, ?L2), auxClass(?X) :- TRIPLE(?X, ?_BODY_1, ?L1), next(?L1, ?L2), nonlast(?L2), in(?L1, ?C1), Equal(?_BODY_1, <http://www.w3.org/2002/07/owl#intersectionOf>) >>>
18:44:57 [INFO] Execution step: Body
18:44:57 [INFO] Trie does not contain any elements
18:44:57 [INFO] Trie does not contain any elements
18:44:57 [INFO] Execution step: Duplicate Elimination (Datalog)
18:44:57 [INFO] Trie does not contain any elements
18:44:57 [INFO] Execution step: Duplicate Elimination (Datalog)
18:44:57 [INFO] Trie does not contain any elements
18:44:57 [INFO] Rule duration: 0 ms
18:44:57 [INFO] <<< STEP 33: APPLYING RULE 13 synConj(?L1, ?C1, ?L2), auxClass(?L1) :- nonfirst(?L1), next(?L1, ?L2), nonlast(?L2), in(?L1, ?C1) >>>
18:44:57 [INFO] Execution step: Body
18:44:57 [INFO] Saved temporary table: 325 entries (14876)
18:44:57 [INFO] Saved temporary table: 325 entries (4700)
18:44:57 [INFO] Execution step: Duplicate Elimination (Datalog)
18:44:57 [INFO] Saved permanent table synConj (33) Permutation { idx_to_val: [], val_to_idx: [] } with 325 entries (14924)
18:44:57 [INFO] Execution step: Duplicate Elimination (Datalog)
18:44:57 [INFO] Saved permanent table auxClass (33) Permutation { idx_to_val: [], val_to_idx: [] } with 325 entries (4748)
18:44:57 [INFO] Rule duration: 8 ms
18:44:57 [INFO] <<< STEP 34: APPLYING RULE 13 synConj(?L1, ?C1, ?L2), auxClass(?L1) :- nonfirst(?L1), next(?L1, ?L2), nonlast(?L2), in(?L1, ?C1) >>>
18:44:57 [INFO] Execution step: Body
18:44:57 [INFO] Trie does not contain any elements
18:44:57 [INFO] Trie does not contain any elements
18:44:57 [INFO] Execution step: Duplicate Elimination (Datalog)
18:44:57 [INFO] Trie does not contain any elements
18:44:57 [INFO] Execution step: Duplicate Elimination (Datalog)
18:44:57 [INFO] Trie does not contain any elements
18:44:57 [INFO] Rule duration: 0 ms
18:44:57 [INFO] <<< STEP 35: APPLYING RULE 14 synConj(?L1, ?C1, ?C2), auxClass(?L1) :- nonfirst(?L1), next(?L1, ?L2), last(?L2), in(?L1, ?C1), in(?L2, ?C2) >>>
18:44:57 [INFO] Execution step: Body
18:44:57 [INFO] Saved temporary table: 1718 entries (31592)
18:44:57 [INFO] Saved temporary table: 1718 entries (10272)
18:44:57 [INFO] Execution step: Duplicate Elimination (Datalog)
18:44:57 [INFO] Saved permanent table synConj (35) Permutation { idx_to_val: [], val_to_idx: [] } with 1718 entries (31640)
18:44:57 [INFO] Execution step: Duplicate Elimination (Datalog)
18:44:57 [INFO] Saved permanent table auxClass (35) Permutation { idx_to_val: [], val_to_idx: [] } with 1718 entries (10320)
18:44:57 [INFO] Rule duration: 16 ms
18:44:57 [INFO] <<< STEP 36: APPLYING RULE 14 synConj(?L1, ?C1, ?C2), auxClass(?L1) :- nonfirst(?L1), next(?L1, ?L2), last(?L2), in(?L1, ?C1), in(?L2, ?C2) >>>
18:44:57 [INFO] Execution step: Body
18:44:57 [INFO] Trie does not contain any elements
18:44:57 [INFO] Trie does not contain any elements
18:44:57 [INFO] Execution step: Duplicate Elimination (Datalog)
18:44:57 [INFO] Trie does not contain any elements
18:44:57 [INFO] Execution step: Duplicate Elimination (Datalog)
18:44:57 [INFO] Trie does not contain any elements
18:44:57 [INFO] Rule duration: 0 ms
18:44:57 [INFO] <<< STEP 37: APPLYING RULE 22 http://rulewerk.semantic-web.org/normalForm/subPropChain(?S, ?T, ?R), http://rulewerk.semantic-web.org/normalForm/subProp(?R, ?R) :- TRIPLE(?L, ?_BODY_1, ?R), TRIPLE(?L, ?_BODY_2, ?L1), in(?L1, ?S), next(?L1, ?L2), in(?L2, ?T), Equal(?_BODY_1, <http://www.w3.org/2000/01/rdf-schema#subPropertyOf>), Equal(?_BODY_2, <http://www.w3.org/2002/07/owl#propertyChain>) >>>
18:44:57 [INFO] Execution step: Body
18:44:57 [INFO] Trie does not contain any elements
18:44:57 [INFO] Trie does not contain any elements
18:44:57 [INFO] Execution step: Duplicate Elimination (Datalog)
18:44:57 [INFO] Trie does not contain any elements
18:44:57 [INFO] Execution step: Duplicate Elimination (Datalog)
18:44:57 [INFO] Trie does not contain any elements
18:44:57 [INFO] Rule duration: 19 ms
18:44:57 [INFO] <<< STEP 38: APPLYING RULE 23 prepareSco(?X, ?Y) :- TRIPLE(?X, ?_BODY_1, ?Y), Equal(?_BODY_1, <http://www.w3.org/2000/01/rdf-schema#subClassOf>) >>>
18:44:57 [INFO] Execution step: Body
18:44:57 [INFO] Saved temporary table: 25563 entries (290582)
18:44:57 [INFO] Execution step: Duplicate Elimination (Datalog)
18:44:57 [INFO] Saved permanent table prepareSco (38) Permutation { idx_to_val: [], val_to_idx: [] } with 25563 entries (290630)
18:44:57 [INFO] Rule duration: 17 ms
18:44:57 [INFO] <<< STEP 39: APPLYING RULE 23 prepareSco(?X, ?Y) :- TRIPLE(?X, ?_BODY_1, ?Y), Equal(?_BODY_1, <http://www.w3.org/2000/01/rdf-schema#subClassOf>) >>>
18:44:57 [INFO] Execution step: Body
18:44:57 [INFO] Trie does not contain any elements
18:44:57 [INFO] Execution step: Duplicate Elimination (Datalog)
18:44:57 [INFO] Trie does not contain any elements
18:44:57 [INFO] Rule duration: 0 ms
18:44:57 [INFO] <<< STEP 40: APPLYING RULE 24 prepareSco(?X, ?Y), prepareSco(?Y, ?X) :- TRIPLE(?X, ?_BODY_1, ?Y), Equal(?_BODY_1, <http://www.w3.org/2002/07/owl#equivalentClass>) >>>
18:44:57 [INFO] Execution step: Body
18:44:57 [INFO] Saved temporary table: 9968 entries (86932)
18:44:57 [INFO] Saved temporary table: 9968 entries (86932)
18:44:57 [INFO] Execution step: Duplicate Elimination (Datalog)
18:44:57 [INFO] Saved permanent table prepareSco (40) Permutation { idx_to_val: [], val_to_idx: [] } with 19936 entries (166724)
18:44:57 [INFO] Rule duration: 13 ms
18:44:57 [INFO] <<< STEP 41: APPLYING RULE 24 prepareSco(?X, ?Y), prepareSco(?Y, ?X) :- TRIPLE(?X, ?_BODY_1, ?Y), Equal(?_BODY_1, <http://www.w3.org/2002/07/owl#equivalentClass>) >>>
18:44:57 [INFO] Execution step: Body
18:44:57 [INFO] Trie does not contain any elements
18:44:57 [INFO] Trie does not contain any elements
18:44:57 [INFO] Execution step: Duplicate Elimination (Datalog)
18:44:57 [INFO] Trie does not contain any elements
18:44:57 [INFO] Rule duration: 0 ms
18:44:57 [INFO] <<< STEP 42: APPLYING RULE 26 http://rulewerk.semantic-web.org/normalForm/subClassOf(!C, <http://www.w3.org/2002/07/owl#Nothing>), http://rulewerk.semantic-web.org/normalForm/conj(!C, ?X, ?Y), http://rulewerk.semantic-web.org/normalForm/isSubClass(!C), http://rulewerk.semantic-web.org/normalForm/isSubClass(?X), http://rulewerk.semantic-web.org/normalForm/isSubClass(?Y) :- TRIPLE(?X, ?_BODY_1, ?Y), Equal(?_BODY_1, <http://www.w3.org/2002/07/owl#disjointWith>) >>>
18:44:57 [INFO] Execution step: Project/Reorder
18:44:57 [INFO] Trie does not contain any elements
18:44:57 [INFO] Execution step: Body
18:44:57 [INFO] Trie does not contain any elements
18:44:57 [INFO] Trie does not contain any elements
18:44:57 [INFO] Trie does not contain any elements
18:44:57 [INFO] Execution step: Head (Restricted): Updated Sat. Frontier
18:44:57 [INFO] Trie does not contain any elements
18:44:57 [INFO] Execution step: Head (Restricted): Nulls
18:44:57 [INFO] Trie does not contain any elements
18:44:57 [INFO] Trie does not contain any elements
18:44:57 [INFO] Trie does not contain any elements
18:44:57 [INFO] Execution step: Duplicate Elimination (Datalog)
18:44:57 [INFO] Trie does not contain any elements
18:44:57 [INFO] Execution step: Duplicate Elimination (Datalog)
18:44:57 [INFO] Trie does not contain any elements
18:44:57 [INFO] Execution step: Duplicate Elimination (Datalog)
18:44:57 [INFO] Trie does not contain any elements
18:44:57 [INFO] Rule duration: 0 ms
18:44:57 [INFO] <<< STEP 43: APPLYING RULE 29 directSubProp(?R, ?S) :- TRIPLE(?R, ?_BODY_1, ?S), Equal(?_BODY_1, <http://www.w3.org/2000/01/rdf-schema#subPropertyOf>) >>>
18:44:57 [INFO] Execution step: Body
18:44:57 [INFO] Saved temporary table: 958 entries (22218)
18:44:57 [INFO] Execution step: Duplicate Elimination (Datalog)
18:44:57 [INFO] Saved permanent table directSubProp (43) Permutation { idx_to_val: [], val_to_idx: [] } with 958 entries (22266)
18:44:57 [INFO] Rule duration: 0 ms
18:44:57 [INFO] <<< STEP 44: APPLYING RULE 29 directSubProp(?R, ?S) :- TRIPLE(?R, ?_BODY_1, ?S), Equal(?_BODY_1, <http://www.w3.org/2000/01/rdf-schema#subPropertyOf>) >>>
18:44:57 [INFO] Execution step: Body
18:44:57 [INFO] Trie does not contain any elements
18:44:57 [INFO] Execution step: Duplicate Elimination (Datalog)
18:44:57 [INFO] Trie does not contain any elements
18:44:57 [INFO] Rule duration: 0 ms
18:44:57 [INFO] <<< STEP 45: APPLYING RULE 33 R_11(?X_3, ?X_2, <http://www.w3.org/1999/02/22-rdf-syntax-ns#rest>) :- nonlast(?X_3), nonlast(?X_2), nonlast(?_BODY_1), Equal(?_BODY_1, <http://www.w3.org/1999/02/22-rdf-syntax-ns#rest>) >>>
18:44:57 [INFO] Execution step: Body
18:46:35 [INFO] Trie does not contain any elements
18:46:35 [INFO] Execution step: Duplicate Elimination (Datalog)
18:46:35 [INFO] Trie does not contain any elements
18:46:35 [INFO] Rule duration: 97170 ms
18:46:35 [INFO] <<< STEP 46: APPLYING RULE 36 R_15(?X_5, ?X_3, ?X_2, ?X_4, ?X_1) :- class(?X_5), class(?X_3), class(?X_2), class(?X_4), class(?X_1) >>>
18:46:35 [INFO] Execution step: Body
