13:31:53 [INFO] ----------------------------------------------
13:31:53 [INFO] Beginning transformation mtf_EXP_2
    Oracle:     EXP      Number of T: 32
    Debug Mode: true      u64 Seed:    2
    Internal Seed:        [77, 209, 16, 204, 177, 124, 55, 30, 237, 239, 68, 142, 238, 125, 215, 7, 34, 250, 84, 41, 215, 170, 67, 152, 115, 109, 172, 5, 147, 170, 243, 120]
    Seed File: Currently not supported!
13:31:53 [INFO] ----------------------------------------------
13:31:53 [INFO] Renaming of rules complete
13:31:53 [INFO] Choosing a predicate to export!
13:31:53 [INFO] Found export: success
13:31:53 [INFO] Output names (0): 
13:31:53 [INFO] Using the randomly chosen export predicate of 1: success
13:31:53 [INFO] Beginning inverse_stratum and ancestry computation starting at node success
13:31:53 [INFO] Ancestry and Inverse Stratum computation complete.
13:31:53 [DEBUG] (1) nemo_metamorphic_testing::transformations::annotated_dependency_graphs:     The following relational nodes were computed:
13:31:53 [DEBUG] (1) nemo_metamorphic_testing::transformations::annotated_dependency_graphs:   (allowedDiff, 2, +)
13:31:53 [DEBUG] (1) nemo_metamorphic_testing::transformations::annotated_dependency_graphs:   (canChangeAt, 0, +)
13:31:53 [DEBUG] (1) nemo_metamorphic_testing::transformations::annotated_dependency_graphs:   (choseB, 1, ?)
13:31:53 [DEBUG] (1) nemo_metamorphic_testing::transformations::annotated_dependency_graphs:   (choseU, 1, ?)
13:31:53 [DEBUG] (1) nemo_metamorphic_testing::transformations::annotated_dependency_graphs:   (elevator, 0, +)
13:31:53 [DEBUG] (1) nemo_metamorphic_testing::transformations::annotated_dependency_graphs:   (mustChangeAt, 1, ?)
13:31:53 [DEBUG] (1) nemo_metamorphic_testing::transformations::annotated_dependency_graphs:   (platformHeight, 1, -)
13:31:53 [DEBUG] (1) nemo_metamorphic_testing::transformations::annotated_dependency_graphs:   (seeTVTower, None, None)
13:31:53 [DEBUG] (1) nemo_metamorphic_testing::transformations::annotated_dependency_graphs:   (success, 0, +)
13:31:53 [DEBUG] (1) nemo_metamorphic_testing::transformations::annotated_dependency_graphs:   (tooLargeGap, 1, -)
13:31:53 [DEBUG] (1) nemo_metamorphic_testing::transformations::annotated_dependency_graphs:   (validC, 0, +)
13:31:53 [DEBUG] (1) nemo_metamorphic_testing::transformations::annotated_dependency_graphs: Writing ADG to file
13:31:53 [INFO] ----------------------------------------------
13:31:53 [INFO] --------- Beginning Transformations ----------
13:31:53 [INFO] --------  Oracle: EXP    Number: 32
13:31:53 [INFO] ----------------------------------------------
13:31:53 [DEBUG] (1) nemo_metamorphic_testing::transformations::annotated_dependency_graphs: Verifying ADG
13:31:53 [DEBUG] (1) nemo_metamorphic_testing::transformations::annotated_dependency_graphs: Writing ADG to file
13:31:53 [DEBUG] (1) nemo_metamorphic_testing::transformations::annotated_dependency_graphs: Writing reduced ADG to file
13:31:53 [DEBUG] (1) nemo_metamorphic_testing: ADG edge verification succeeded
13:31:53 [DEBUG] (1) nemo_metamorphic_testing: RNG position: 0
13:31:53 [INFO] 1 / 32
13:31:53 [INFO]   II Add Fact Node and Edge
13:31:53 [INFO]   Added new fact validC("str_1", "kottbusser_tor").
13:31:53 [DEBUG] (1) nemo_metamorphic_testing::transformations::annotated_dependency_graphs: Verifying ADG
13:31:53 [DEBUG] (1) nemo_metamorphic_testing::transformations::annotated_dependency_graphs: Writing ADG to file
13:31:53 [DEBUG] (1) nemo_metamorphic_testing::transformations::annotated_dependency_graphs: Writing reduced ADG to file
13:31:53 [DEBUG] (1) nemo_metamorphic_testing: ADG edge verification succeeded
13:31:53 [DEBUG] (1) nemo_metamorphic_testing: RNG position: 11
13:31:53 [INFO] 2 / 32
13:31:53 [DEBUG] (1) nemo_metamorphic_testing::transformations::remove_relational_edge_single_literal:     Incoming edges by rule name: [r_5 : [tooLargeGap, elevator, ]; ]
13:31:53 [DEBUG] (1) nemo_metamorphic_testing::transformations::remove_relational_edge_single_literal: Zip {
    a: Cloned {
        it: Iter(
            [
                EdgeIndex(17),
                EdgeIndex(16),
            ],
        ),
    },
    b: IntoIter(
        [
            (r_5, -, (?y, )),
            (r_5, +, (?y, )),
        ],
    ),
}
13:31:53 [DEBUG] (1) nemo_metamorphic_testing::transformations::modify_rule_remove_equality:     Incoming edges by rule name: [r_4 : [choseB, choseU, ]; r_3 : [choseU, choseB, ]; r_2 : [mustChangeAt, validC, validC, ]; r_1 : [canChangeAt, mustChangeAt, validC, validC, ]; ]
13:31:53 [INFO]   VIII Modify Rule - Remove Equality
13:31:53 [DEBUG] (1) nemo_metamorphic_testing::transformations::modify_rule_remove_equality: pos edges by tag: {Tag { origin: File { start: 460, end: 466 }, tag: "validC" }: [EdgeIndex(10), EdgeIndex(9)]}
13:31:53 [DEBUG] (1) nemo_metamorphic_testing::transformations::modify_rule_remove_equality: neg edges by tag: {Tag { origin: File { start: 506, end: 518 }, tag: "mustChangeAt" }: [EdgeIndex(11)]}
13:31:53 [INFO]   Replaced a random number of var y with var y_new_1 in the rule r_2
13:31:53 [DEBUG] (1) nemo_metamorphic_testing::transformations::modify_rule_remove_equality:   Old Rule: validC(?x, ?z) :- validC(?x, ?y), validC(?y, ?z), ~mustChangeAt(?y) .
13:31:53 [DEBUG] (1) nemo_metamorphic_testing::transformations::modify_rule_remove_equality:   New Rule: validC(?x, ?z) :- validC(?x, ?y), validC(?y_new_1, ?z), ~mustChangeAt(?y_new_1) .
13:31:53 [DEBUG] (1) nemo_metamorphic_testing::transformations::annotated_dependency_graphs: Verifying ADG
13:31:53 [DEBUG] (1) nemo_metamorphic_testing::transformations::annotated_dependency_graphs: Writing ADG to file
13:31:53 [DEBUG] (1) nemo_metamorphic_testing::transformations::annotated_dependency_graphs: Writing reduced ADG to file
13:31:53 [DEBUG] (1) nemo_metamorphic_testing: ADG edge verification succeeded
13:31:53 [DEBUG] (1) nemo_metamorphic_testing: RNG position: 18
13:31:53 [INFO] 3 / 32
13:31:53 [INFO]   I Add Relational Node
13:31:53 [INFO]   Added new relation R_1
13:31:53 [DEBUG] (1) nemo_metamorphic_testing::transformations::annotated_dependency_graphs: Verifying ADG
13:31:53 [DEBUG] (1) nemo_metamorphic_testing::transformations::annotated_dependency_graphs: Writing ADG to file
13:31:53 [DEBUG] (1) nemo_metamorphic_testing::transformations::annotated_dependency_graphs: Writing reduced ADG to file
13:31:53 [DEBUG] (1) nemo_metamorphic_testing: ADG edge verification succeeded
13:31:53 [DEBUG] (1) nemo_metamorphic_testing: RNG position: 19
13:31:53 [INFO] 4 / 32
13:31:53 [INFO]   II Add Fact Node and Edge
13:31:53 [INFO]   Added new fact success("str_1").
13:31:53 [DEBUG] (1) nemo_metamorphic_testing::transformations::annotated_dependency_graphs: Verifying ADG
13:31:53 [DEBUG] (1) nemo_metamorphic_testing::transformations::annotated_dependency_graphs: Writing ADG to file
13:31:53 [DEBUG] (1) nemo_metamorphic_testing::transformations::annotated_dependency_graphs: Writing reduced ADG to file
13:31:53 [DEBUG] (1) nemo_metamorphic_testing: ADG edge verification succeeded
13:31:53 [DEBUG] (1) nemo_metamorphic_testing: RNG position: 24
13:31:53 [INFO] 5 / 32
13:31:53 [INFO]   II Add Fact Node and Edge
13:31:53 [INFO]   Added new fact elevator(c_1).
13:31:53 [DEBUG] (1) nemo_metamorphic_testing::transformations::annotated_dependency_graphs: Verifying ADG
13:31:53 [DEBUG] (1) nemo_metamorphic_testing::transformations::annotated_dependency_graphs: Writing ADG to file
13:31:53 [DEBUG] (1) nemo_metamorphic_testing::transformations::annotated_dependency_graphs: Writing reduced ADG to file
13:31:53 [DEBUG] (1) nemo_metamorphic_testing: ADG edge verification succeeded
13:31:53 [DEBUG] (1) nemo_metamorphic_testing: RNG position: 30
13:31:53 [INFO] 6 / 32
13:31:53 [DEBUG] (1) nemo_metamorphic_testing::transformations::add_relational_edge_new_literal:     Incoming edges by rule name: [r_6 : [allowedDiff, platformHeight, ]; ]
13:31:53 [INFO]   IV Add Relational Edge - New Literal
13:31:53 [INFO] Relation R_1 has arity None
13:31:53 [INFO]   Assigned relation R_1 the artiy 5
13:31:53 [DEBUG] (1) nemo_metamorphic_testing::transformations::add_relational_edge_new_literal:   Options for literal vector: [?y, ?y, ?h, ?h, ?y, "jungfernheide",  ]
13:31:53 [INFO]   Generated literal ~R_1(?h, "jungfernheide", ?y, ?y, ?h) for rule r_6
13:31:53 [DEBUG] (1) nemo_metamorphic_testing::transformations::add_relational_edge_new_literal:    Old Rule: tooLargeGap(?y) :- platformHeight(?y, ?h), ~allowedDiff(?h, trainHeight) .
13:31:53 [DEBUG] (1) nemo_metamorphic_testing::transformations::add_relational_edge_new_literal:    New Rule: tooLargeGap(?y) :- platformHeight(?y, ?h), ~allowedDiff(?h, trainHeight), ~R_1(?h, "jungfernheide", ?y, ?y, ?h) .
13:31:53 [DEBUG] (1) nemo_metamorphic_testing::transformations::annotated_dependency_graphs: Writing ADG to file
13:31:53 [DEBUG] (1) nemo_metamorphic_testing::transformations::annotated_dependency_graphs:   Updating Ancestry and Inverse Stratum beginning in relational node tooLargeGap
13:31:53 [DEBUG] (1) nemo_metamorphic_testing::transformations::annotated_dependency_graphs: Writing ADG restricted to Incoming from tooLargeGap
13:31:53 [DEBUG] (1) nemo_metamorphic_testing::transformations::annotated_dependency_graphs: Writing reduced ADG to file
13:31:53 [DEBUG] (1) nemo_metamorphic_testing::transformations::annotated_dependency_graphs:   Ancestry and Inverse Stratum update complete.
13:31:53 [DEBUG] (1) nemo_metamorphic_testing::transformations::annotated_dependency_graphs: Verifying ADG
13:31:53 [DEBUG] (1) nemo_metamorphic_testing::transformations::annotated_dependency_graphs: Writing ADG to file
13:31:53 [DEBUG] (1) nemo_metamorphic_testing::transformations::annotated_dependency_graphs: Writing reduced ADG to file
13:31:53 [DEBUG] (1) nemo_metamorphic_testing: ADG edge verification succeeded
13:31:53 [DEBUG] (1) nemo_metamorphic_testing: RNG position: 47
13:31:53 [INFO] 7 / 32
13:31:53 [INFO]   II Add Fact Node and Edge
13:31:53 [INFO]   Added new fact elevator(c_2).
13:31:53 [DEBUG] (1) nemo_metamorphic_testing::transformations::annotated_dependency_graphs: Verifying ADG
13:31:53 [DEBUG] (1) nemo_metamorphic_testing::transformations::annotated_dependency_graphs: Writing ADG to file
13:31:53 [DEBUG] (1) nemo_metamorphic_testing::transformations::annotated_dependency_graphs: Writing reduced ADG to file
13:31:53 [DEBUG] (1) nemo_metamorphic_testing: ADG edge verification succeeded
13:31:53 [DEBUG] (1) nemo_metamorphic_testing: RNG position: 53
13:31:53 [INFO] 8 / 32
13:31:53 [DEBUG] (1) nemo_metamorphic_testing::transformations::remove_relational_edge_single_literal:     Incoming edges by rule name: [r_5 : [tooLargeGap, elevator, ]; ]
13:31:53 [DEBUG] (1) nemo_metamorphic_testing::transformations::remove_relational_edge_single_literal: Zip {
    a: Cloned {
        it: Iter(
            [
                EdgeIndex(17),
                EdgeIndex(16),
            ],
        ),
    },
    b: IntoIter(
        [
            (r_5, -, (?y, )),
            (r_5, +, (?y, )),
        ],
    ),
}
13:31:53 [INFO]   I Add Relational Node
13:31:53 [INFO]   Added new relation R_2
13:31:53 [DEBUG] (1) nemo_metamorphic_testing::transformations::annotated_dependency_graphs: Verifying ADG
13:31:53 [DEBUG] (1) nemo_metamorphic_testing::transformations::annotated_dependency_graphs: Writing ADG to file
13:31:53 [DEBUG] (1) nemo_metamorphic_testing::transformations::annotated_dependency_graphs: Writing reduced ADG to file
13:31:53 [DEBUG] (1) nemo_metamorphic_testing: ADG edge verification succeeded
13:31:53 [DEBUG] (1) nemo_metamorphic_testing: RNG position: 56
13:31:53 [INFO] 9 / 32
13:31:53 [INFO]   III Add Relational edges - New Rule
13:31:53 [DEBUG] (1) nemo_metamorphic_testing::transformations::add_relational_edge_new_rule:   Adding the literal elevator->success) : (r_EXP_1,+,, ?X_1)
13:31:53 [DEBUG] (1) nemo_metamorphic_testing::transformations::add_relational_edge_new_rule:   Adding the literal validC->success) : (r_EXP_1,+,, ?Y_1, ?Y_1)
13:31:53 [INFO]   Added new rule of name r_EXP_1
13:31:53 [INFO]   success(?X_1) :- elevator(?X_1), validC(?Y_1, ?Y_1) .
13:31:53 [DEBUG] (1) nemo_metamorphic_testing::transformations::annotated_dependency_graphs: Writing ADG to file
13:31:53 [DEBUG] (1) nemo_metamorphic_testing::transformations::annotated_dependency_graphs:   Updating Ancestry and Inverse Stratum beginning in relational node success
13:31:53 [DEBUG] (1) nemo_metamorphic_testing::transformations::annotated_dependency_graphs: Writing ADG restricted to Incoming from success
13:31:53 [DEBUG] (1) nemo_metamorphic_testing::transformations::annotated_dependency_graphs: Writing reduced ADG to file
13:31:53 [DEBUG] (1) nemo_metamorphic_testing::transformations::annotated_dependency_graphs:   Ancestry and Inverse Stratum update complete.
13:31:53 [DEBUG] (1) nemo_metamorphic_testing::transformations::annotated_dependency_graphs: Verifying ADG
13:31:53 [DEBUG] (1) nemo_metamorphic_testing::transformations::annotated_dependency_graphs: Writing ADG to file
13:31:53 [DEBUG] (1) nemo_metamorphic_testing::transformations::annotated_dependency_graphs: Writing reduced ADG to file
13:31:53 [DEBUG] (1) nemo_metamorphic_testing: ADG edge verification succeeded
13:31:53 [DEBUG] (1) nemo_metamorphic_testing: RNG position: 135
13:31:53 [INFO] 10 / 32
13:31:53 [DEBUG] (1) nemo_metamorphic_testing::transformations::add_relational_edge_new_literal:     Incoming edges by rule name: [r_6 : [R_1, allowedDiff, platformHeight, ]; ]
13:31:53 [INFO]   IV Add Relational Edge - New Literal
13:31:53 [INFO] Relation allowedDiff has arity Some(2)
13:31:53 [DEBUG] (1) nemo_metamorphic_testing::transformations::add_relational_edge_new_literal:   Options for literal vector: [?y, ?y, ?h, ?h, ?h, ?y, ?y, ?h, ?h, "alexanderplatz", ?Z_1, ?Z_2, ?Z_3,  ]
13:31:53 [INFO]   Generated literal allowedDiff(?y, ?h) for rule r_6
13:31:53 [DEBUG] (1) nemo_metamorphic_testing::transformations::add_relational_edge_new_literal:    Old Rule: tooLargeGap(?y) :- platformHeight(?y, ?h), ~allowedDiff(?h, trainHeight), ~R_1(?h, "jungfernheide", ?y, ?y, ?h) .
13:31:53 [DEBUG] (1) nemo_metamorphic_testing::transformations::add_relational_edge_new_literal:    New Rule: tooLargeGap(?y) :- platformHeight(?y, ?h), ~allowedDiff(?h, trainHeight), ~R_1(?h, "jungfernheide", ?y, ?y, ?h), allowedDiff(?y, ?h) .
13:31:53 [DEBUG] (1) nemo_metamorphic_testing::transformations::annotated_dependency_graphs: Writing ADG to file
13:31:53 [DEBUG] (1) nemo_metamorphic_testing::transformations::annotated_dependency_graphs:   Updating Ancestry and Inverse Stratum beginning in relational node tooLargeGap
13:31:53 [DEBUG] (1) nemo_metamorphic_testing::transformations::annotated_dependency_graphs: Writing ADG restricted to Incoming from tooLargeGap
13:31:53 [DEBUG] (1) nemo_metamorphic_testing::transformations::annotated_dependency_graphs: Writing reduced ADG to file
13:31:53 [DEBUG] (1) nemo_metamorphic_testing::transformations::annotated_dependency_graphs:   Ancestry and Inverse Stratum update complete.
13:31:53 [DEBUG] (1) nemo_metamorphic_testing::transformations::annotated_dependency_graphs: Verifying ADG
13:31:53 [DEBUG] (1) nemo_metamorphic_testing::transformations::annotated_dependency_graphs: Writing ADG to file
13:31:53 [DEBUG] (1) nemo_metamorphic_testing::transformations::annotated_dependency_graphs: Writing reduced ADG to file
13:31:53 [DEBUG] (1) nemo_metamorphic_testing: ADG edge verification succeeded
13:31:53 [DEBUG] (1) nemo_metamorphic_testing: RNG position: 166
13:31:53 [INFO] 11 / 32
13:31:53 [DEBUG] (1) nemo_metamorphic_testing::transformations::remove_relational_edges_whole_rule:     Incoming edges by rule name: [r_6 : [allowedDiff, R_1, allowedDiff, platformHeight, ]; ]
13:31:53 [INFO]   V Remove Relational Edges - Whole Rule
13:31:53 [INFO]   Removing the Rule of the name r_6
13:31:53 [DEBUG] (1) nemo_metamorphic_testing::transformations::remove_relational_edges_whole_rule:    tooLargeGap(?y) :- platformHeight(?y, ?h), ~allowedDiff(?h, trainHeight), ~R_1(?h, "jungfernheide", ?y, ?y, ?h), allowedDiff(?y, ?h) .
13:31:53 [DEBUG] (1) nemo_metamorphic_testing::transformations::annotated_dependency_graphs: Verifying ADG
13:31:53 [DEBUG] (1) nemo_metamorphic_testing::transformations::annotated_dependency_graphs: Writing ADG to file
13:31:53 [DEBUG] (1) nemo_metamorphic_testing::transformations::annotated_dependency_graphs: Writing reduced ADG to file
13:31:53 [DEBUG] (1) nemo_metamorphic_testing: ADG edge verification succeeded
13:31:53 [DEBUG] (1) nemo_metamorphic_testing: RNG position: 168
13:31:53 [INFO] 12 / 32
13:31:53 [DEBUG] (1) nemo_metamorphic_testing::transformations::modify_rule_remove_equality:     Incoming edges by rule name: [r_EXP_1 : [validC, elevator, ]; r_11 : [validC, ]; ]
13:31:53 [INFO]   VIII Modify Rule - Remove Equality
13:31:53 [DEBUG] (1) nemo_metamorphic_testing::transformations::modify_rule_remove_equality: pos edges by tag: {Tag { origin: File { start: 460, end: 466 }, tag: "validC" }: [EdgeIndex(33)], Tag { origin: File { start: 773, end: 781 }, tag: "elevator" }: [EdgeIndex(32)]}
13:31:53 [DEBUG] (1) nemo_metamorphic_testing::transformations::modify_rule_remove_equality: neg edges by tag: {}
13:31:53 [INFO]   Replaced a random number of var Y_1 with var Y_1_new_1 in the rule r_EXP_1
13:31:53 [DEBUG] (1) nemo_metamorphic_testing::transformations::modify_rule_remove_equality:   Old Rule: success(?X_1) :- elevator(?X_1), validC(?Y_1, ?Y_1) .
13:31:53 [DEBUG] (1) nemo_metamorphic_testing::transformations::modify_rule_remove_equality:   New Rule: success(?X_1) :- elevator(?X_1), validC(?Y_1_new_1, ?Y_1) .
13:31:53 [DEBUG] (1) nemo_metamorphic_testing::transformations::annotated_dependency_graphs: Verifying ADG
13:31:53 [DEBUG] (1) nemo_metamorphic_testing::transformations::annotated_dependency_graphs: Writing ADG to file
13:31:53 [DEBUG] (1) nemo_metamorphic_testing::transformations::annotated_dependency_graphs: Writing reduced ADG to file
13:31:53 [DEBUG] (1) nemo_metamorphic_testing: ADG edge verification succeeded
13:31:53 [DEBUG] (1) nemo_metamorphic_testing: RNG position: 171
13:31:53 [INFO] 13 / 32
13:31:53 [DEBUG] (1) nemo_metamorphic_testing::transformations::remove_relational_edges_whole_rule:     Incoming edges by rule name: [r_10 : [choseB, ]; r_9 : [choseB, ]; ]
13:31:53 [INFO]   V Remove Relational Edges - Whole Rule
13:31:53 [INFO]   Removing the Rule of the name r_10
13:31:53 [DEBUG] (1) nemo_metamorphic_testing::transformations::remove_relational_edges_whole_rule:    seeTVTower(s) :- choseB("alexanderplatz", ?x) .
13:31:53 [DEBUG] (1) nemo_metamorphic_testing::transformations::annotated_dependency_graphs:   Updating Ancestry and Inverse Stratum beginning in relational node seeTVTower
13:31:53 [DEBUG] (1) nemo_metamorphic_testing::transformations::annotated_dependency_graphs: Writing ADG restricted to Incoming from seeTVTower
13:31:53 [DEBUG] (1) nemo_metamorphic_testing::transformations::annotated_dependency_graphs: Writing reduced ADG to file
13:31:53 [DEBUG] (1) nemo_metamorphic_testing::transformations::annotated_dependency_graphs:   Ancestry and Inverse Stratum update complete.
13:31:53 [DEBUG] (1) nemo_metamorphic_testing::transformations::annotated_dependency_graphs:   Updating Ancestry and Inverse Stratum beginning in relational node mustChangeAt
13:31:53 [DEBUG] (1) nemo_metamorphic_testing::transformations::annotated_dependency_graphs: Writing ADG restricted to Incoming from mustChangeAt
13:31:53 [DEBUG] (1) nemo_metamorphic_testing::transformations::annotated_dependency_graphs: Writing reduced ADG to file
13:31:53 [DEBUG] (1) nemo_metamorphic_testing::transformations::annotated_dependency_graphs:   Ancestry and Inverse Stratum update complete.
13:31:53 [DEBUG] (1) nemo_metamorphic_testing::transformations::annotated_dependency_graphs:   Updating Ancestry and Inverse Stratum beginning in relational node mustChangeAt
13:31:53 [DEBUG] (1) nemo_metamorphic_testing::transformations::annotated_dependency_graphs: Writing ADG restricted to Incoming from mustChangeAt
13:31:53 [DEBUG] (1) nemo_metamorphic_testing::transformations::annotated_dependency_graphs: Writing reduced ADG to file
13:31:53 [DEBUG] (1) nemo_metamorphic_testing::transformations::annotated_dependency_graphs:   Ancestry and Inverse Stratum update complete.
13:31:53 [DEBUG] (1) nemo_metamorphic_testing::transformations::annotated_dependency_graphs:   Updating Ancestry and Inverse Stratum beginning in relational node validC
13:31:53 [DEBUG] (1) nemo_metamorphic_testing::transformations::annotated_dependency_graphs: Writing ADG restricted to Incoming from validC
13:31:53 [DEBUG] (1) nemo_metamorphic_testing::transformations::annotated_dependency_graphs: Writing reduced ADG to file
13:31:53 [DEBUG] (1) nemo_metamorphic_testing::transformations::annotated_dependency_graphs:   Ancestry and Inverse Stratum update complete.
13:31:53 [DEBUG] (1) nemo_metamorphic_testing::transformations::annotated_dependency_graphs:   Updating Ancestry and Inverse Stratum beginning in relational node validC
13:31:53 [DEBUG] (1) nemo_metamorphic_testing::transformations::annotated_dependency_graphs: Writing ADG restricted to Incoming from validC
13:31:53 [DEBUG] (1) nemo_metamorphic_testing::transformations::annotated_dependency_graphs: Writing reduced ADG to file
13:31:53 [DEBUG] (1) nemo_metamorphic_testing::transformations::annotated_dependency_graphs:   Ancestry and Inverse Stratum update complete.
13:31:53 [DEBUG] (1) nemo_metamorphic_testing::transformations::annotated_dependency_graphs: Verifying ADG
13:31:53 [DEBUG] (1) nemo_metamorphic_testing::transformations::annotated_dependency_graphs: Writing ADG to file
13:31:53 [DEBUG] (1) nemo_metamorphic_testing::transformations::annotated_dependency_graphs: Writing reduced ADG to file
13:31:53 [DEBUG] (1) nemo_metamorphic_testing: ADG edge verification succeeded
13:31:53 [DEBUG] (1) nemo_metamorphic_testing: RNG position: 173
13:31:53 [INFO] 14 / 32
13:31:53 [DEBUG] (1) nemo_metamorphic_testing::transformations::remove_relational_edges_whole_rule:     Incoming edges by rule name: [r_9 : [choseB, ]; ]
13:31:53 [INFO]   V Remove Relational Edges - Whole Rule
13:31:53 [INFO]   Removing the Rule of the name r_9
13:31:53 [DEBUG] (1) nemo_metamorphic_testing::transformations::remove_relational_edges_whole_rule:    seeTVTower(s) :- choseB(?x, "alexanderplatz") .
13:31:53 [DEBUG] (1) nemo_metamorphic_testing::transformations::annotated_dependency_graphs:   Updating Ancestry and Inverse Stratum beginning in relational node mustChangeAt
13:31:53 [DEBUG] (1) nemo_metamorphic_testing::transformations::annotated_dependency_graphs: Writing ADG restricted to Incoming from mustChangeAt
13:31:53 [DEBUG] (1) nemo_metamorphic_testing::transformations::annotated_dependency_graphs: Writing reduced ADG to file
13:31:53 [DEBUG] (1) nemo_metamorphic_testing::transformations::annotated_dependency_graphs:   Ancestry and Inverse Stratum update complete.
13:31:53 [DEBUG] (1) nemo_metamorphic_testing::transformations::annotated_dependency_graphs:   Updating Ancestry and Inverse Stratum beginning in relational node mustChangeAt
13:31:53 [DEBUG] (1) nemo_metamorphic_testing::transformations::annotated_dependency_graphs: Writing ADG restricted to Incoming from mustChangeAt
13:31:53 [DEBUG] (1) nemo_metamorphic_testing::transformations::annotated_dependency_graphs: Writing reduced ADG to file
13:31:53 [DEBUG] (1) nemo_metamorphic_testing::transformations::annotated_dependency_graphs:   Ancestry and Inverse Stratum update complete.
13:31:53 [DEBUG] (1) nemo_metamorphic_testing::transformations::annotated_dependency_graphs:   Updating Ancestry and Inverse Stratum beginning in relational node validC
13:31:53 [DEBUG] (1) nemo_metamorphic_testing::transformations::annotated_dependency_graphs: Writing ADG restricted to Incoming from validC
13:31:53 [DEBUG] (1) nemo_metamorphic_testing::transformations::annotated_dependency_graphs: Writing reduced ADG to file
13:31:53 [DEBUG] (1) nemo_metamorphic_testing::transformations::annotated_dependency_graphs:   Ancestry and Inverse Stratum update complete.
13:31:53 [DEBUG] (1) nemo_metamorphic_testing::transformations::annotated_dependency_graphs:   Updating Ancestry and Inverse Stratum beginning in relational node validC
13:31:53 [DEBUG] (1) nemo_metamorphic_testing::transformations::annotated_dependency_graphs: Writing ADG restricted to Incoming from validC
13:31:53 [DEBUG] (1) nemo_metamorphic_testing::transformations::annotated_dependency_graphs: Writing reduced ADG to file
13:31:53 [DEBUG] (1) nemo_metamorphic_testing::transformations::annotated_dependency_graphs:   Ancestry and Inverse Stratum update complete.
13:31:53 [DEBUG] (1) nemo_metamorphic_testing::transformations::annotated_dependency_graphs: Verifying ADG
13:31:53 [DEBUG] (1) nemo_metamorphic_testing::transformations::annotated_dependency_graphs: Writing ADG to file
13:31:53 [DEBUG] (1) nemo_metamorphic_testing::transformations::annotated_dependency_graphs: Writing reduced ADG to file
13:31:53 [DEBUG] (1) nemo_metamorphic_testing: ADG edge verification succeeded
13:31:53 [DEBUG] (1) nemo_metamorphic_testing: RNG position: 174
13:31:53 [INFO] 15 / 32
13:31:53 [DEBUG] (1) nemo_metamorphic_testing::transformations::remove_relational_edge_single_literal:     Incoming edges by rule name: [r_5 : [tooLargeGap, elevator, ]; ]
13:31:53 [DEBUG] (1) nemo_metamorphic_testing::transformations::remove_relational_edge_single_literal: Zip {
    a: Cloned {
        it: Iter(
            [
                EdgeIndex(17),
                EdgeIndex(16),
            ],
        ),
    },
    b: IntoIter(
        [
            (r_5, -, (?y, )),
            (r_5, +, (?y, )),
        ],
    ),
}
13:31:53 [INFO]   II Add Fact Node and Edge
13:31:53 [INFO]   Added new fact allowedDiff(trainHeight, 14804430621825759324).
13:31:53 [DEBUG] (1) nemo_metamorphic_testing::transformations::annotated_dependency_graphs: Verifying ADG
13:31:53 [DEBUG] (1) nemo_metamorphic_testing::transformations::annotated_dependency_graphs: Writing ADG to file
13:31:53 [DEBUG] (1) nemo_metamorphic_testing::transformations::annotated_dependency_graphs: Writing reduced ADG to file
13:31:53 [DEBUG] (1) nemo_metamorphic_testing: ADG edge verification succeeded
13:31:53 [DEBUG] (1) nemo_metamorphic_testing: RNG position: 189
13:31:53 [INFO] 16 / 32
13:31:53 [INFO]   I Add Relational Node
13:31:53 [INFO]   Added new relation R_3
13:31:53 [DEBUG] (1) nemo_metamorphic_testing::transformations::annotated_dependency_graphs: Verifying ADG
13:31:53 [DEBUG] (1) nemo_metamorphic_testing::transformations::annotated_dependency_graphs: Writing ADG to file
13:31:53 [DEBUG] (1) nemo_metamorphic_testing::transformations::annotated_dependency_graphs: Writing reduced ADG to file
13:31:53 [DEBUG] (1) nemo_metamorphic_testing: ADG edge verification succeeded
13:31:53 [DEBUG] (1) nemo_metamorphic_testing: RNG position: 190
13:31:53 [INFO] 17 / 32
13:31:53 [DEBUG] (1) nemo_metamorphic_testing::transformations::modify_rule_remove_equality:     Incoming edges by rule name: [r_4 : [choseB, choseU, ]; r_3 : [choseU, choseB, ]; r_2 : [mustChangeAt, validC, validC, ]; r_1 : [canChangeAt, mustChangeAt, validC, validC, ]; ]
13:31:53 [INFO]   VIII Modify Rule - Remove Equality
13:31:53 [DEBUG] (1) nemo_metamorphic_testing::transformations::modify_rule_remove_equality: pos edges by tag: {Tag { origin: File { start: 523, end: 534 }, tag: "canChangeAt" }: [EdgeIndex(8)], Tag { origin: File { start: 506, end: 518 }, tag: "mustChangeAt" }: [EdgeIndex(7)], Tag { origin: File { start: 460, end: 466 }, tag: "validC" }: [EdgeIndex(6), EdgeIndex(5)]}
13:31:53 [DEBUG] (1) nemo_metamorphic_testing::transformations::modify_rule_remove_equality: neg edges by tag: {}
13:31:53 [INFO]   Replaced a random number of var y with var y_new_1 in the rule r_1
13:31:53 [DEBUG] (1) nemo_metamorphic_testing::transformations::modify_rule_remove_equality:   Old Rule: validC(?x, ?z) :- validC(?x, ?y), validC(?y, ?z), mustChangeAt(?y), canChangeAt(?y) .
13:31:53 [DEBUG] (1) nemo_metamorphic_testing::transformations::modify_rule_remove_equality:   New Rule: validC(?x, ?z) :- validC(?x, ?y), validC(?y, ?z), mustChangeAt(?y_new_1), canChangeAt(?y_new_1) .
13:31:53 [DEBUG] (1) nemo_metamorphic_testing::transformations::annotated_dependency_graphs: Verifying ADG
13:31:53 [DEBUG] (1) nemo_metamorphic_testing::transformations::annotated_dependency_graphs: Writing ADG to file
13:31:53 [DEBUG] (1) nemo_metamorphic_testing::transformations::annotated_dependency_graphs: Writing reduced ADG to file
13:31:53 [DEBUG] (1) nemo_metamorphic_testing: ADG edge verification succeeded
13:31:53 [DEBUG] (1) nemo_metamorphic_testing: RNG position: 196
13:31:53 [INFO] 18 / 32
13:31:53 [INFO]   I Add Relational Node
13:31:53 [INFO]   Added new relation R_4
13:31:53 [DEBUG] (1) nemo_metamorphic_testing::transformations::annotated_dependency_graphs: Verifying ADG
13:31:53 [DEBUG] (1) nemo_metamorphic_testing::transformations::annotated_dependency_graphs: Writing ADG to file
13:31:53 [DEBUG] (1) nemo_metamorphic_testing::transformations::annotated_dependency_graphs: Writing reduced ADG to file
13:31:53 [DEBUG] (1) nemo_metamorphic_testing: ADG edge verification succeeded
13:31:53 [DEBUG] (1) nemo_metamorphic_testing: RNG position: 197
13:31:53 [INFO] 19 / 32
13:31:53 [DEBUG] (1) nemo_metamorphic_testing::transformations::modify_rule_remove_equality:     Incoming edges by rule name: [r_4 : [choseB, choseU, ]; r_3 : [choseU, choseB, ]; r_2 : [mustChangeAt, validC, validC, ]; r_1 : [canChangeAt, mustChangeAt, validC, validC, ]; ]
13:31:53 [INFO]   VIII Modify Rule - Remove Equality
13:31:53 [DEBUG] (1) nemo_metamorphic_testing::transformations::modify_rule_remove_equality: pos edges by tag: {Tag { origin: File { start: 523, end: 534 }, tag: "canChangeAt" }: [EdgeIndex(8)], Tag { origin: File { start: 506, end: 518 }, tag: "mustChangeAt" }: [EdgeIndex(7)], Tag { origin: File { start: 460, end: 466 }, tag: "validC" }: [EdgeIndex(6), EdgeIndex(5)]}
13:31:53 [DEBUG] (1) nemo_metamorphic_testing::transformations::modify_rule_remove_equality: neg edges by tag: {}
13:31:53 [INFO]   Replaced a random number of var y_new_1 with var y_new_1_new_1 in the rule r_1
13:31:53 [DEBUG] (1) nemo_metamorphic_testing::transformations::modify_rule_remove_equality:   Old Rule: validC(?x, ?z) :- validC(?x, ?y), validC(?y, ?z), mustChangeAt(?y_new_1), canChangeAt(?y_new_1) .
13:31:53 [DEBUG] (1) nemo_metamorphic_testing::transformations::modify_rule_remove_equality:   New Rule: validC(?x, ?z) :- validC(?x, ?y), validC(?y, ?z), mustChangeAt(?y_new_1_new_1), canChangeAt(?y_new_1) .
13:31:53 [DEBUG] (1) nemo_metamorphic_testing::transformations::annotated_dependency_graphs: Verifying ADG
13:31:53 [DEBUG] (1) nemo_metamorphic_testing::transformations::annotated_dependency_graphs: Writing ADG to file
13:31:53 [DEBUG] (1) nemo_metamorphic_testing::transformations::annotated_dependency_graphs: Writing reduced ADG to file
13:31:53 [DEBUG] (1) nemo_metamorphic_testing: ADG edge verification succeeded
13:31:53 [DEBUG] (1) nemo_metamorphic_testing: RNG position: 201
13:31:53 [INFO] 20 / 32
13:31:53 [INFO]   I Add Relational Node
13:31:53 [INFO]   Added new relation R_5
13:31:53 [DEBUG] (1) nemo_metamorphic_testing::transformations::annotated_dependency_graphs: Verifying ADG
13:31:53 [DEBUG] (1) nemo_metamorphic_testing::transformations::annotated_dependency_graphs: Writing ADG to file
13:31:53 [DEBUG] (1) nemo_metamorphic_testing::transformations::annotated_dependency_graphs: Writing reduced ADG to file
13:31:53 [DEBUG] (1) nemo_metamorphic_testing: ADG edge verification succeeded
13:31:53 [DEBUG] (1) nemo_metamorphic_testing: RNG position: 205
13:31:53 [INFO] 21 / 32
13:31:53 [INFO]   II Add Fact Node and Edge
13:31:53 [INFO]   Added new fact canChangeAt(c_2).
13:31:53 [DEBUG] (1) nemo_metamorphic_testing::transformations::annotated_dependency_graphs: Verifying ADG
13:31:53 [DEBUG] (1) nemo_metamorphic_testing::transformations::annotated_dependency_graphs: Writing ADG to file
13:31:53 [DEBUG] (1) nemo_metamorphic_testing::transformations::annotated_dependency_graphs: Writing reduced ADG to file
13:31:53 [DEBUG] (1) nemo_metamorphic_testing: ADG edge verification succeeded
13:31:53 [DEBUG] (1) nemo_metamorphic_testing: RNG position: 210
13:31:53 [INFO] 22 / 32
13:31:53 [INFO]   III Add Relational edges - New Rule
13:31:53 [INFO]   Assigned relation R_3 the artiy 3
13:31:53 [INFO]   Assigned relation seeTVTower the artiy 3
13:31:53 [DEBUG] (1) nemo_metamorphic_testing::transformations::add_relational_edge_new_rule:   Adding the literal canChangeAt->R_3) : (r_EXP_2,+,, ?X_2)
13:31:53 [DEBUG] (1) nemo_metamorphic_testing::transformations::add_relational_edge_new_rule:   Adding the literal tooLargeGap->R_3) : (r_EXP_2,+,, c_1)
13:31:53 [DEBUG] (1) nemo_metamorphic_testing::transformations::add_relational_edge_new_rule:   Adding the literal mustChangeAt->R_3) : (r_EXP_2,+,, ?X_1)
13:31:53 [DEBUG] (1) nemo_metamorphic_testing::transformations::add_relational_edge_new_rule:   Adding the literal success->R_3) : (r_EXP_2,+,, ?X_2)
13:31:53 [DEBUG] (1) nemo_metamorphic_testing::transformations::add_relational_edge_new_rule:   Adding the literal seeTVTower->R_3) : (r_EXP_2,-,, "alexanderplatz", ?X_1, ?X_1)
13:31:53 [DEBUG] (1) nemo_metamorphic_testing::transformations::add_relational_edge_new_rule:   Adding the literal canChangeAt->R_3) : (r_EXP_2,-,, "alexanderplatz")
13:31:53 [DEBUG] (1) nemo_metamorphic_testing::transformations::add_relational_edge_new_rule:   Adding the literal tooLargeGap->R_3) : (r_EXP_2,-,, "alexanderplatz")
13:31:53 [DEBUG] (1) nemo_metamorphic_testing::transformations::add_relational_edge_new_rule:   Adding the literal mustChangeAt->R_3) : (r_EXP_2,-,, ?X_1)
13:31:53 [INFO]   Added new rule of name r_EXP_2
13:31:53 [INFO]   R_3(?X_2, c_1, ?X_1) :- canChangeAt(?X_2), tooLargeGap(c_1), mustChangeAt(?X_1), success(?X_2), ~seeTVTower("alexanderplatz", ?X_1, ?X_1), ~canChangeAt("alexanderplatz"), ~tooLargeGap("alexanderplatz"), ~mustChangeAt(?X_1) .
13:31:53 [DEBUG] (1) nemo_metamorphic_testing::transformations::annotated_dependency_graphs: Writing ADG to file
13:31:53 [DEBUG] (1) nemo_metamorphic_testing::transformations::annotated_dependency_graphs:   Updating Ancestry and Inverse Stratum beginning in relational node R_3
13:31:53 [DEBUG] (1) nemo_metamorphic_testing::transformations::annotated_dependency_graphs: Writing ADG restricted to Incoming from R_3
13:31:53 [DEBUG] (1) nemo_metamorphic_testing::transformations::annotated_dependency_graphs: Writing reduced ADG to file
13:31:53 [DEBUG] (1) nemo_metamorphic_testing::transformations::annotated_dependency_graphs:   Ancestry and Inverse Stratum update complete.
13:31:53 [DEBUG] (1) nemo_metamorphic_testing::transformations::annotated_dependency_graphs: Verifying ADG
13:31:53 [DEBUG] (1) nemo_metamorphic_testing::transformations::annotated_dependency_graphs: Writing ADG to file
13:31:53 [DEBUG] (1) nemo_metamorphic_testing::transformations::annotated_dependency_graphs: Writing reduced ADG to file
13:31:53 [DEBUG] (1) nemo_metamorphic_testing: ADG edge verification succeeded
13:31:53 [DEBUG] (1) nemo_metamorphic_testing: RNG position: 307
13:31:53 [INFO] 23 / 32
13:31:53 [INFO]   III Add Relational edges - New Rule
13:31:53 [INFO]   Assigned relation R_4 the artiy 2
13:31:53 [DEBUG] (1) nemo_metamorphic_testing::transformations::add_relational_edge_new_rule:   Adding the literal seeTVTower->R_4) : (r_EXP_3,+,, c_2, ?X_2, ?X_1)
13:31:53 [DEBUG] (1) nemo_metamorphic_testing::transformations::add_relational_edge_new_rule:   Adding the literal validC->R_4) : (r_EXP_3,-,, ?X_2, ?X_1)
13:31:53 [DEBUG] (1) nemo_metamorphic_testing::transformations::add_relational_edge_new_rule:   Adding the literal platformHeight->R_4) : (r_EXP_3,-,, c_2, ?X_2)
13:31:53 [INFO]   Added new rule of name r_EXP_3
13:31:53 [INFO]   R_4(?X_1, ?X_2) :- seeTVTower(c_2, ?X_2, ?X_1), ~validC(?X_2, ?X_1), ~platformHeight(c_2, ?X_2) .
13:31:53 [DEBUG] (1) nemo_metamorphic_testing::transformations::annotated_dependency_graphs: Writing ADG to file
13:31:53 [DEBUG] (1) nemo_metamorphic_testing::transformations::annotated_dependency_graphs:   Updating Ancestry and Inverse Stratum beginning in relational node R_4
13:31:53 [DEBUG] (1) nemo_metamorphic_testing::transformations::annotated_dependency_graphs: Writing ADG restricted to Incoming from R_4
13:31:53 [DEBUG] (1) nemo_metamorphic_testing::transformations::annotated_dependency_graphs: Writing reduced ADG to file
13:31:53 [DEBUG] (1) nemo_metamorphic_testing::transformations::annotated_dependency_graphs:   Ancestry and Inverse Stratum update complete.
13:31:53 [DEBUG] (1) nemo_metamorphic_testing::transformations::annotated_dependency_graphs: Verifying ADG
13:31:53 [DEBUG] (1) nemo_metamorphic_testing::transformations::annotated_dependency_graphs: Writing ADG to file
13:31:53 [DEBUG] (1) nemo_metamorphic_testing::transformations::annotated_dependency_graphs: Writing reduced ADG to file
13:31:53 [DEBUG] (1) nemo_metamorphic_testing: ADG edge verification succeeded
13:31:53 [DEBUG] (1) nemo_metamorphic_testing: RNG position: 405
13:31:53 [INFO] 24 / 32
13:31:53 [INFO]   II Add Fact Node and Edge
13:31:53 [INFO]   Added new fact platformHeight(c_3, c_1).
13:31:53 [DEBUG] (1) nemo_metamorphic_testing::transformations::annotated_dependency_graphs: Verifying ADG
13:31:53 [DEBUG] (1) nemo_metamorphic_testing::transformations::annotated_dependency_graphs: Writing ADG to file
13:31:53 [DEBUG] (1) nemo_metamorphic_testing::transformations::annotated_dependency_graphs: Writing reduced ADG to file
13:31:53 [DEBUG] (1) nemo_metamorphic_testing: ADG edge verification succeeded
13:31:53 [DEBUG] (1) nemo_metamorphic_testing: RNG position: 414
13:31:53 [INFO] 25 / 32
13:31:53 [DEBUG] (1) nemo_metamorphic_testing::transformations::add_relational_edge_new_literal:     Incoming edges by rule name: [r_EXP_2 : [mustChangeAt, tooLargeGap, canChangeAt, seeTVTower, success, mustChangeAt, tooLargeGap, canChangeAt, ]; ]
13:31:53 [INFO]   IV Add Relational Edge - New Literal
13:31:53 [INFO] Relation R_1 has arity None
13:31:53 [INFO]   Assigned relation R_1 the artiy 3
13:31:53 [DEBUG] (1) nemo_metamorphic_testing::transformations::add_relational_edge_new_literal:   Options for literal vector: [?X_2, ?X_1, ?X_2, ?X_1, ?X_2, ?X_1, ?X_1, ?X_1, ?X_1, c_1, ?Z_1, ?Z_2, ?Z_3,  ]
13:31:53 [INFO]   Generated literal R_1(?X_2, ?X_1, ?X_1) for rule r_EXP_2
13:31:53 [DEBUG] (1) nemo_metamorphic_testing::transformations::add_relational_edge_new_literal:    Old Rule: R_3(?X_2, c_1, ?X_1) :- canChangeAt(?X_2), tooLargeGap(c_1), mustChangeAt(?X_1), success(?X_2), ~seeTVTower("alexanderplatz", ?X_1, ?X_1), ~canChangeAt("alexanderplatz"), ~tooLargeGap("alexanderplatz"), ~mustChangeAt(?X_1) .
13:31:53 [DEBUG] (1) nemo_metamorphic_testing::transformations::add_relational_edge_new_literal:    New Rule: R_3(?X_2, c_1, ?X_1) :- canChangeAt(?X_2), tooLargeGap(c_1), mustChangeAt(?X_1), success(?X_2), ~seeTVTower("alexanderplatz", ?X_1, ?X_1), ~canChangeAt("alexanderplatz"), ~tooLargeGap("alexanderplatz"), ~mustChangeAt(?X_1), R_1(?X_2, ?X_1, ?X_1) .
13:31:53 [DEBUG] (1) nemo_metamorphic_testing::transformations::annotated_dependency_graphs: Writing ADG to file
13:31:53 [DEBUG] (1) nemo_metamorphic_testing::transformations::annotated_dependency_graphs:   Updating Ancestry and Inverse Stratum beginning in relational node R_3
13:31:53 [DEBUG] (1) nemo_metamorphic_testing::transformations::annotated_dependency_graphs: Writing ADG restricted to Incoming from R_3
13:31:53 [DEBUG] (1) nemo_metamorphic_testing::transformations::annotated_dependency_graphs: Writing reduced ADG to file
13:31:53 [DEBUG] (1) nemo_metamorphic_testing::transformations::annotated_dependency_graphs:   Ancestry and Inverse Stratum update complete.
13:31:53 [DEBUG] (1) nemo_metamorphic_testing::transformations::annotated_dependency_graphs: Verifying ADG
13:31:53 [DEBUG] (1) nemo_metamorphic_testing::transformations::annotated_dependency_graphs: Writing ADG to file
13:31:53 [DEBUG] (1) nemo_metamorphic_testing::transformations::annotated_dependency_graphs: Writing reduced ADG to file
13:31:53 [DEBUG] (1) nemo_metamorphic_testing: ADG edge verification succeeded
13:31:53 [DEBUG] (1) nemo_metamorphic_testing: RNG position: 447
13:31:53 [INFO] 26 / 32
13:31:53 [INFO]   I Add Relational Node
13:31:53 [INFO]   Added new relation R_6
13:31:53 [DEBUG] (1) nemo_metamorphic_testing::transformations::annotated_dependency_graphs: Verifying ADG
13:31:53 [DEBUG] (1) nemo_metamorphic_testing::transformations::annotated_dependency_graphs: Writing ADG to file
13:31:53 [DEBUG] (1) nemo_metamorphic_testing::transformations::annotated_dependency_graphs: Writing reduced ADG to file
13:31:53 [DEBUG] (1) nemo_metamorphic_testing: ADG edge verification succeeded
13:31:53 [DEBUG] (1) nemo_metamorphic_testing: RNG position: 448
13:31:53 [INFO] 27 / 32
13:31:53 [DEBUG] (1) nemo_metamorphic_testing::transformations::modify_rule_remove_equality:     Incoming edges by rule name: [r_EXP_2 : [R_1, mustChangeAt, tooLargeGap, canChangeAt, seeTVTower, success, mustChangeAt, tooLargeGap, canChangeAt, ]; ]
13:31:53 [INFO]   VIII Modify Rule - Remove Equality
13:31:53 [DEBUG] (1) nemo_metamorphic_testing::transformations::modify_rule_remove_equality: pos edges by tag: {Tag { origin: Created, tag: "R_1" }: [EdgeIndex(43)], Tag { origin: File { start: 1156, end: 1163 }, tag: "success" }: [EdgeIndex(34)], Tag { origin: File { start: 506, end: 518 }, tag: "mustChangeAt" }: [EdgeIndex(30)], Tag { origin: File { start: 787, end: 798 }, tag: "tooLargeGap" }: [EdgeIndex(19)], Tag { origin: File { start: 523, end: 534 }, tag: "canChangeAt" }: [EdgeIndex(18)]}
13:31:53 [DEBUG] (1) nemo_metamorphic_testing::transformations::modify_rule_remove_equality: neg edges by tag: {Tag { origin: File { start: 506, end: 518 }, tag: "mustChangeAt" }: [EdgeIndex(38)], Tag { origin: File { start: 787, end: 798 }, tag: "tooLargeGap" }: [EdgeIndex(37)], Tag { origin: File { start: 523, end: 534 }, tag: "canChangeAt" }: [EdgeIndex(36)], Tag { origin: File { start: 1032, end: 1042 }, tag: "seeTVTower" }: [EdgeIndex(35)]}
13:31:53 [INFO]   Replaced a random number of var X_2 with var X_2_new_1 in the rule r_EXP_2
13:31:53 [DEBUG] (1) nemo_metamorphic_testing::transformations::modify_rule_remove_equality:   Old Rule: R_3(?X_2, c_1, ?X_1) :- canChangeAt(?X_2), tooLargeGap(c_1), mustChangeAt(?X_1), success(?X_2), ~seeTVTower("alexanderplatz", ?X_1, ?X_1), ~canChangeAt("alexanderplatz"), ~tooLargeGap("alexanderplatz"), ~mustChangeAt(?X_1), R_1(?X_2, ?X_1, ?X_1) .
13:31:53 [DEBUG] (1) nemo_metamorphic_testing::transformations::modify_rule_remove_equality:   New Rule: R_3(?X_2, c_1, ?X_1) :- canChangeAt(?X_2), tooLargeGap(c_1), mustChangeAt(?X_1), success(?X_2_new_1), ~seeTVTower("alexanderplatz", ?X_1, ?X_1), ~canChangeAt("alexanderplatz"), ~tooLargeGap("alexanderplatz"), ~mustChangeAt(?X_1), R_1(?X_2_new_1, ?X_1, ?X_1) .
13:31:53 [DEBUG] (1) nemo_metamorphic_testing::transformations::annotated_dependency_graphs: Verifying ADG
13:31:53 [DEBUG] (1) nemo_metamorphic_testing::transformations::annotated_dependency_graphs: Writing ADG to file
13:31:53 [DEBUG] (1) nemo_metamorphic_testing::transformations::annotated_dependency_graphs: Writing reduced ADG to file
13:31:53 [DEBUG] (1) nemo_metamorphic_testing: ADG edge verification succeeded
13:31:53 [DEBUG] (1) nemo_metamorphic_testing: RNG position: 457
13:31:53 [INFO] 28 / 32
13:31:53 [DEBUG] (1) nemo_metamorphic_testing::transformations::modify_rule_remove_equality:     Incoming edges by rule name: [r_4 : [choseB, choseU, ]; r_3 : [choseU, choseB, ]; r_2 : [mustChangeAt, validC, validC, ]; r_1 : [canChangeAt, mustChangeAt, validC, validC, ]; ]
13:31:53 [INFO]   VIII Modify Rule - Remove Equality
13:31:53 [DEBUG] (1) nemo_metamorphic_testing::transformations::modify_rule_remove_equality: pos edges by tag: {Tag { origin: File { start: 523, end: 534 }, tag: "canChangeAt" }: [EdgeIndex(8)], Tag { origin: File { start: 506, end: 518 }, tag: "mustChangeAt" }: [EdgeIndex(7)], Tag { origin: File { start: 460, end: 466 }, tag: "validC" }: [EdgeIndex(6), EdgeIndex(5)]}
13:31:53 [DEBUG] (1) nemo_metamorphic_testing::transformations::modify_rule_remove_equality: neg edges by tag: {}
13:31:53 [INFO]   Replaced a random number of var y with var y_new_2 in the rule r_1
13:31:53 [DEBUG] (1) nemo_metamorphic_testing::transformations::modify_rule_remove_equality:   Old Rule: validC(?x, ?z) :- validC(?x, ?y), validC(?y, ?z), mustChangeAt(?y_new_1_new_1), canChangeAt(?y_new_1) .
13:31:53 [DEBUG] (1) nemo_metamorphic_testing::transformations::modify_rule_remove_equality:   New Rule: validC(?x, ?z) :- validC(?x, ?y_new_2), validC(?y, ?z), mustChangeAt(?y_new_1_new_1), canChangeAt(?y_new_1) .
13:31:53 [DEBUG] (1) nemo_metamorphic_testing::transformations::annotated_dependency_graphs: Verifying ADG
13:31:53 [DEBUG] (1) nemo_metamorphic_testing::transformations::annotated_dependency_graphs: Writing ADG to file
13:31:53 [DEBUG] (1) nemo_metamorphic_testing::transformations::annotated_dependency_graphs: Writing reduced ADG to file
13:31:53 [DEBUG] (1) nemo_metamorphic_testing: ADG edge verification succeeded
13:31:53 [DEBUG] (1) nemo_metamorphic_testing: RNG position: 460
13:31:53 [INFO] 29 / 32
13:31:53 [INFO]   II Add Fact Node and Edge
13:31:53 [INFO]   Added new fact validC("str_2", c_4).
13:31:53 [DEBUG] (1) nemo_metamorphic_testing::transformations::annotated_dependency_graphs: Verifying ADG
13:31:53 [DEBUG] (1) nemo_metamorphic_testing::transformations::annotated_dependency_graphs: Writing ADG to file
13:31:53 [DEBUG] (1) nemo_metamorphic_testing::transformations::annotated_dependency_graphs: Writing reduced ADG to file
13:31:53 [DEBUG] (1) nemo_metamorphic_testing: ADG edge verification succeeded
13:31:53 [DEBUG] (1) nemo_metamorphic_testing: RNG position: 472
13:31:53 [INFO] 30 / 32
13:31:53 [INFO]   II Add Fact Node and Edge
13:31:53 [INFO]   Assigned relation R_5 the artiy 5
13:31:53 [INFO]   Added new fact R_5("jungfernheide", "str_3", c_1, c_5, 4797613705401315553).
13:31:53 [DEBUG] (1) nemo_metamorphic_testing::transformations::annotated_dependency_graphs: Verifying ADG
13:31:53 [DEBUG] (1) nemo_metamorphic_testing::transformations::annotated_dependency_graphs: Writing ADG to file
13:31:53 [DEBUG] (1) nemo_metamorphic_testing::transformations::annotated_dependency_graphs: Writing reduced ADG to file
13:31:53 [DEBUG] (1) nemo_metamorphic_testing: ADG edge verification succeeded
13:31:53 [DEBUG] (1) nemo_metamorphic_testing: RNG position: 499
13:31:53 [INFO] 31 / 32
13:31:53 [INFO]   I Add Relational Node
13:31:53 [INFO]   Added new relation R_7
13:31:53 [DEBUG] (1) nemo_metamorphic_testing::transformations::annotated_dependency_graphs: Verifying ADG
13:31:53 [DEBUG] (1) nemo_metamorphic_testing::transformations::annotated_dependency_graphs: Writing ADG to file
13:31:53 [DEBUG] (1) nemo_metamorphic_testing::transformations::annotated_dependency_graphs: Writing reduced ADG to file
13:31:53 [DEBUG] (1) nemo_metamorphic_testing: ADG edge verification succeeded
13:31:53 [DEBUG] (1) nemo_metamorphic_testing: RNG position: 500
13:31:53 [INFO] 32 / 32
13:31:53 [INFO]   III Add Relational edges - New Rule
13:31:53 [INFO]   Assigned relation R_6 the artiy 6
13:31:53 [DEBUG] (1) nemo_metamorphic_testing::transformations::add_relational_edge_new_rule:   Adding the literal R_6->R_5) : (r_EXP_4,+,, ?Y_1, ?X_4, ?X_3, ?X_5, ?X_2, ?X_5)
13:31:53 [DEBUG] (1) nemo_metamorphic_testing::transformations::add_relational_edge_new_rule:   Adding the literal tooLargeGap->R_5) : (r_EXP_4,+,, c_2)
13:31:53 [DEBUG] (1) nemo_metamorphic_testing::transformations::add_relational_edge_new_rule:   Adding the literal allowedDiff->R_5) : (r_EXP_4,-,, ?X_5, ?Y_1)
13:31:53 [DEBUG] (1) nemo_metamorphic_testing::transformations::add_relational_edge_new_rule:   Adding the literal canChangeAt->R_5) : (r_EXP_4,-,, ?Y_1)
13:31:53 [INFO]   Added new rule of name r_EXP_4
13:31:53 [INFO]   R_5(c_2, ?X_4, ?X_3, ?X_5, ?X_2) :- R_6(?Y_1, ?X_4, ?X_3, ?X_5, ?X_2, ?X_5), tooLargeGap(c_2), ~allowedDiff(?X_5, ?Y_1), ~canChangeAt(?Y_1) .
13:31:53 [DEBUG] (1) nemo_metamorphic_testing::transformations::annotated_dependency_graphs: Writing ADG to file
13:31:53 [DEBUG] (1) nemo_metamorphic_testing::transformations::annotated_dependency_graphs:   Updating Ancestry and Inverse Stratum beginning in relational node R_5
13:31:53 [DEBUG] (1) nemo_metamorphic_testing::transformations::annotated_dependency_graphs: Writing ADG restricted to Incoming from R_5
13:31:53 [DEBUG] (1) nemo_metamorphic_testing::transformations::annotated_dependency_graphs: Writing reduced ADG to file
13:31:53 [DEBUG] (1) nemo_metamorphic_testing::transformations::annotated_dependency_graphs:   Ancestry and Inverse Stratum update complete.
13:31:53 [INFO] ----------------------------------------------
13:31:53 [INFO] ------------ Transformations Done ------------
13:31:53 [INFO] ----------------------------------------------
13:31:53 [INFO]  Ressources required: 
        data/choseU.csv
        data/choseB.csv
        data/elevator.csv
        data/platformHeight.csv
        data/allowedDiff.csv
        
13:31:53 [INFO] ---------------- ADG Summary: ----------------
13:31:53 [INFO] ADG Fact Nodes:                  14
13:31:53 [INFO] ADG Relational Nodes:            18
13:31:53 [INFO] ADG Fact Edges:                  14
13:31:53 [INFO] ADG Relational Edges:            36
13:31:53 [INFO] 
13:31:53 [INFO] Next rule name would be:         r_EXP_5
13:31:53 [INFO] Next predicate name would be:    R_8
13:31:53 [INFO] Next constant name would be:     c_6
13:31:53 [INFO] Next string would be:            "str_4"
13:31:53 [INFO] 
13:31:53 [INFO] Output predicate:                success
13:31:53 [INFO] Rule count:                      12
13:31:53 [INFO] Average arity:                   2
13:31:53 [INFO] --------- Performed Transformations: ---------
13:31:53 [INFO]  #      Type
13:31:53 [INFO]  6      None - Transformation not applicable
13:31:53 [INFO]  7      I     Add Relational Node
13:31:53 [INFO]  9      II    Add Fact Node and Edge
13:31:53 [INFO]  4      III   Add Relational edges - New Rule
13:31:53 [INFO]  3      IV    Add Relational Edge - New Literal
13:31:53 [INFO]  3      V     Remove Relational Edges - Whole Rule
13:31:53 [INFO]  6      VIII  Modify Rule - Remove Equality
13:31:53 [INFO] ----------------------------------------------
13:31:53 [DEBUG] (1) nemo_metamorphic_testing::transformations::annotated_dependency_graphs: Writing ADG to file
13:31:53 [INFO] ----------------------------------------------
13:31:53 [INFO] -- Beginning Nemo Execution - Input Program --
13:31:53 [INFO] ----------------------------------------------
13:31:53 [INFO] Stratified program: [[2, 3, 5, 6, 7], [0, 1, 4, 8]]
13:31:53 [INFO] <<< STEP 1: APPLYING RULE 2 validC(?x, ?y) :- choseB(?x, ?y), choseU(?x, ?y) >>>
13:31:53 [INFO] Loading source DsvReader { read: "<unspecified std::io::Read>", delimiter: 44, escape: None, value formats: DsvValueFormats([String, String]) }
13:31:53 [INFO] Starting data import
13:31:53 [INFO] Finished import: processed 0 lines (dropped 0)
13:31:53 [INFO] Loading source DsvReader { read: "<unspecified std::io::Read>", delimiter: 44, escape: None, value formats: DsvValueFormats([String, String]) }
13:31:53 [INFO] Starting data import
13:31:53 [INFO] Finished import: processed 41 lines (dropped 0)
13:31:53 [INFO] Execution step: Project/Reorder
13:31:54 [INFO] Saved temporary table: 41 entries (9044)
13:31:54 [INFO] Execution step: Body
13:31:54 [INFO] Trie does not contain any elements
13:31:54 [INFO] Execution step: Duplicate Elimination (Datalog)
13:31:54 [INFO] Trie does not contain any elements
13:31:54 [INFO] Rule duration: 2 ms
13:31:54 [INFO] <<< STEP 2: APPLYING RULE 3 validC(?x, ?y) :- choseU(?x, ?y), choseB(?x, ?y) >>>
13:31:54 [INFO] Execution step: Project/Reorder
13:31:54 [INFO] Trie does not contain any elements
13:31:54 [INFO] Execution step: Body
13:31:54 [INFO] Saved temporary table: 41 entries (9096)
13:31:54 [INFO] Execution step: Duplicate Elimination (Datalog)
13:31:54 [INFO] Saved permanent table validC (2) Permutation { idx_to_val: [], val_to_idx: [] } with 41 entries (9144)
13:31:54 [INFO] Rule duration: 1 ms
13:31:54 [INFO] <<< STEP 3: APPLYING RULE 3 validC(?x, ?y) :- choseU(?x, ?y), choseB(?x, ?y) >>>
13:31:54 [INFO] Execution step: Project/Reorder
13:31:54 [INFO] Trie does not contain any elements
13:31:54 [INFO] Execution step: Body
13:31:54 [INFO] Trie does not contain any elements
13:31:54 [INFO] Execution step: Duplicate Elimination (Datalog)
13:31:54 [INFO] Trie does not contain any elements
13:31:54 [INFO] Rule duration: 0 ms
13:31:54 [INFO] <<< STEP 4: APPLYING RULE 5 tooLargeGap(?y) :- platformHeight(?y, ?h), allowedDiff(?h, ?_BODY_1), Equal(?_BODY_1, trainHeight) >>>
13:31:54 [INFO] Loading source DsvReader { read: "<unspecified std::io::Read>", delimiter: 44, escape: None, value formats: DsvValueFormats([String, Integer]) }
13:31:54 [INFO] Starting data import
13:31:54 [INFO] Finished import: processed 41 lines (dropped 35)
13:31:54 [INFO] Loading source DsvReader { read: "<unspecified std::io::Read>", delimiter: 44, escape: None, value formats: DsvValueFormats([Integer, Integer]) }
13:31:54 [INFO] Starting data import
13:31:54 [INFO] Finished import: processed 7 lines (dropped 0)
13:31:54 [INFO] Execution step: Project/Reorder
13:31:54 [INFO] Saved temporary table: 7 entries (7072)
13:31:54 [INFO] Execution step: Body
13:31:54 [INFO] Saved temporary table: 6 entries (3424)
13:31:54 [INFO] Execution step: Duplicate Elimination (Datalog)
13:31:54 [INFO] Saved permanent table tooLargeGap (4) Permutation { idx_to_val: [], val_to_idx: [] } with 6 entries (3472)
13:31:54 [INFO] Rule duration: 1 ms
13:31:54 [INFO] <<< STEP 5: APPLYING RULE 5 tooLargeGap(?y) :- platformHeight(?y, ?h), allowedDiff(?h, ?_BODY_1), Equal(?_BODY_1, trainHeight) >>>
13:31:54 [INFO] Execution step: Project/Reorder
13:31:54 [INFO] Saved temporary table: 7 entries (7072)
13:31:54 [INFO] Execution step: Body
13:31:54 [INFO] Trie does not contain any elements
13:31:54 [INFO] Execution step: Duplicate Elimination (Datalog)
13:31:54 [INFO] Trie does not contain any elements
13:31:54 [INFO] Rule duration: 0 ms
13:31:54 [INFO] <<< STEP 6: APPLYING RULE 6 mustChangeAt(?y) :- choseU(?x, ?y), choseB(?y, ?z) >>>
13:31:54 [INFO] Execution step: Body
13:31:54 [INFO] Trie does not contain any elements
13:31:54 [INFO] Execution step: Duplicate Elimination (Datalog)
13:31:54 [INFO] Trie does not contain any elements
13:31:54 [INFO] Rule duration: 0 ms
13:31:54 [INFO] <<< STEP 7: APPLYING RULE 7 mustChangeAt(?y) :- choseB(?x, ?y), choseU(?y, ?z) >>>
13:31:54 [INFO] Execution step: Body
13:31:54 [INFO] Trie does not contain any elements
13:31:54 [INFO] Execution step: Duplicate Elimination (Datalog)
13:31:54 [INFO] Trie does not contain any elements
13:31:54 [INFO] Rule duration: 0 ms
13:31:54 [INFO] <<< STEP 8: APPLYING RULE 4 canChangeAt(?y) :- elevator(?y), tooLargeGap(?y) >>>
13:31:54 [INFO] Loading source DsvReader { read: "<unspecified std::io::Read>", delimiter: 44, escape: None, value formats: DsvValueFormats([String]) }
13:31:54 [INFO] Starting data import
13:31:54 [INFO] Finished import: processed 41 lines (dropped 0)
13:31:54 [INFO] Execution step: Project/Reorder
13:31:54 [INFO] Saved temporary table: 6 entries (3472)
13:31:54 [INFO] Execution step: Body
13:31:54 [INFO] Saved temporary table: 35 entries (3540)
13:31:54 [INFO] Execution step: Duplicate Elimination (Datalog)
13:31:54 [INFO] Saved permanent table canChangeAt (8) Permutation { idx_to_val: [], val_to_idx: [] } with 35 entries (3588)
13:31:54 [INFO] Rule duration: 0 ms
13:31:54 [INFO] <<< STEP 9: APPLYING RULE 4 canChangeAt(?y) :- elevator(?y), tooLargeGap(?y) >>>
13:31:54 [INFO] Execution step: Project/Reorder
13:31:54 [INFO] Saved temporary table: 6 entries (3472)
13:31:54 [INFO] Execution step: Body
13:31:54 [INFO] Trie does not contain any elements
13:31:54 [INFO] Execution step: Duplicate Elimination (Datalog)
13:31:54 [INFO] Trie does not contain any elements
13:31:54 [INFO] Rule duration: 0 ms
13:31:54 [INFO] <<< STEP 10: APPLYING RULE 0 validC(?x, ?z) :- validC(?x, ?y), validC(?y, ?z), mustChangeAt(?y), canChangeAt(?y) >>>
13:31:54 [INFO] Execution step: Body
13:31:54 [INFO] Trie does not contain any elements
13:31:54 [INFO] Execution step: Duplicate Elimination (Datalog)
13:31:54 [INFO] Trie does not contain any elements
13:31:54 [INFO] Rule duration: 0 ms
13:31:54 [INFO] <<< STEP 11: APPLYING RULE 1 validC(?x, ?z) :- validC(?x, ?y), validC(?y, ?z), mustChangeAt(?y) >>>
13:31:54 [INFO] Execution step: Project/Reorder
13:31:54 [INFO] Trie does not contain any elements
13:31:54 [INFO] Execution step: Body
13:31:54 [INFO] Trie does not contain any elements
13:31:54 [INFO] Execution step: Duplicate Elimination (Datalog)
13:31:54 [INFO] Trie does not contain any elements
13:31:54 [INFO] Rule duration: 0 ms
13:31:54 [INFO] <<< STEP 12: APPLYING RULE 8 success(s) :- validC(?_BODY_1, ?_BODY_2), Equal(?_BODY_1, "jungfernheide"), Equal(?_BODY_2, "kottbusser_tor") >>>
13:31:54 [INFO] Execution step: Body
13:31:54 [INFO] Trie does not contain any elements
13:31:54 [INFO] Execution step: Duplicate Elimination (Datalog)
13:31:54 [INFO] Trie does not contain any elements
13:31:54 [INFO] Rule duration: 0 ms
13:31:54 [INFO] ----------------------------------------------
13:31:54 [INFO] --- Finished Nemo Execution - Input Program --
13:31:54 [INFO] ----------------------------------------------
13:31:54 [INFO]  Output success 
13:31:54 [INFO] ----------------------------------------------
13:31:54 [INFO] Beginning Nemo Execution - Transformed Program
13:31:54 [INFO] ----------------------------------------------
13:31:54 [INFO] Stratified program: [[0, 1, 2, 3, 4], [5, 6, 7, 8]]
13:31:54 [INFO] Loading source SimpleTable { arity: 1, data: [AnyDataValue(PlainString(StringDataValue("str_1")))] }
13:31:54 [INFO] Execution step: Combining Tables
13:31:54 [INFO] Saved permanent table success (0-1) Permutation { idx_to_val: [], val_to_idx: [] } with 1 entries (3452)
13:31:54 [INFO] <<< STEP 1: APPLYING RULE 0 validC(?x, ?y) :- choseB(?x, ?y), choseU(?x, ?y) >>>
13:31:54 [INFO] Loading source DsvReader { read: "<unspecified std::io::Read>", delimiter: 44, escape: None, value formats: DsvValueFormats([String, String]) }
13:31:54 [INFO] Starting data import
13:31:54 [INFO] Finished import: processed 0 lines (dropped 0)
13:31:54 [INFO] Loading source DsvReader { read: "<unspecified std::io::Read>", delimiter: 44, escape: None, value formats: DsvValueFormats([String, String]) }
13:31:54 [INFO] Starting data import
13:31:54 [INFO] Finished import: processed 41 lines (dropped 0)
13:31:54 [INFO] Loading source SimpleTable { arity: 2, data: [AnyDataValue(PlainString(StringDataValue("str_1"))), AnyDataValue(PlainString(StringDataValue("kottbusser_tor"))), AnyDataValue(PlainString(StringDataValue("str_2"))), AnyDataValue(Iri(IriDataValue("c_4")))] }
13:31:54 [INFO] Execution step: Project/Reorder
13:31:54 [INFO] Saved temporary table: 41 entries (9044)
13:31:54 [INFO] Execution step: Body
13:31:54 [INFO] Trie does not contain any elements
13:31:54 [INFO] Execution step: Duplicate Elimination (Datalog)
13:31:54 [INFO] Trie does not contain any elements
13:31:54 [INFO] Rule duration: 1 ms
13:31:54 [INFO] <<< STEP 2: APPLYING RULE 1 validC(?x, ?y) :- choseU(?x, ?y), choseB(?x, ?y) >>>
13:31:54 [INFO] Execution step: Project/Reorder
13:31:54 [INFO] Trie does not contain any elements
13:31:54 [INFO] Execution step: Body
13:31:54 [INFO] Saved temporary table: 41 entries (9096)
13:31:54 [INFO] Execution step: Duplicate Elimination (Datalog)
13:31:54 [INFO] Saved permanent table validC (2) Permutation { idx_to_val: [], val_to_idx: [] } with 41 entries (9144)
13:31:54 [INFO] Rule duration: 0 ms
13:31:54 [INFO] <<< STEP 3: APPLYING RULE 1 validC(?x, ?y) :- choseU(?x, ?y), choseB(?x, ?y) >>>
13:31:54 [INFO] Execution step: Project/Reorder
13:31:54 [INFO] Trie does not contain any elements
13:31:54 [INFO] Execution step: Body
13:31:54 [INFO] Trie does not contain any elements
13:31:54 [INFO] Execution step: Duplicate Elimination (Datalog)
13:31:54 [INFO] Trie does not contain any elements
13:31:54 [INFO] Rule duration: 0 ms
13:31:54 [INFO] <<< STEP 4: APPLYING RULE 2 canChangeAt(?y) :- elevator(?y), tooLargeGap(?y) >>>
13:31:54 [INFO] Loading source DsvReader { read: "<unspecified std::io::Read>", delimiter: 44, escape: None, value formats: DsvValueFormats([String]) }
13:31:54 [INFO] Starting data import
13:31:54 [INFO] Finished import: processed 41 lines (dropped 0)
13:31:54 [INFO] Loading source SimpleTable { arity: 1, data: [AnyDataValue(Iri(IriDataValue("c_1"))), AnyDataValue(Iri(IriDataValue("c_2")))] }
13:31:54 [INFO] Loading source SimpleTable { arity: 1, data: [AnyDataValue(Iri(IriDataValue("c_2")))] }
13:31:54 [INFO] Execution step: Project/Reorder
13:31:54 [INFO] Trie does not contain any elements
13:31:54 [INFO] Execution step: Body
13:31:54 [INFO] Saved temporary table: 43 entries (3572)
13:31:54 [INFO] Execution step: Duplicate Elimination (Datalog)
13:31:54 [INFO] Saved permanent table canChangeAt (4) Permutation { idx_to_val: [], val_to_idx: [] } with 42 entries (3616)
13:31:54 [INFO] Rule duration: 1 ms
13:31:54 [INFO] <<< STEP 5: APPLYING RULE 2 canChangeAt(?y) :- elevator(?y), tooLargeGap(?y) >>>
13:31:54 [INFO] Execution step: Project/Reorder
13:31:54 [INFO] Trie does not contain any elements
13:31:54 [INFO] Execution step: Body
13:31:54 [INFO] Trie does not contain any elements
13:31:54 [INFO] Execution step: Duplicate Elimination (Datalog)
13:31:54 [INFO] Trie does not contain any elements
13:31:54 [INFO] Rule duration: 0 ms
13:31:54 [INFO] <<< STEP 6: APPLYING RULE 3 mustChangeAt(?y) :- choseU(?x, ?y), choseB(?y, ?z) >>>
13:31:54 [INFO] Execution step: Body
13:31:54 [INFO] Trie does not contain any elements
13:31:54 [INFO] Execution step: Duplicate Elimination (Datalog)
13:31:54 [INFO] Trie does not contain any elements
13:31:54 [INFO] Rule duration: 0 ms
13:31:54 [INFO] <<< STEP 7: APPLYING RULE 4 mustChangeAt(?y) :- choseB(?x, ?y), choseU(?y, ?z) >>>
13:31:54 [INFO] Execution step: Body
13:31:54 [INFO] Trie does not contain any elements
13:31:54 [INFO] Execution step: Duplicate Elimination (Datalog)
13:31:54 [INFO] Trie does not contain any elements
13:31:54 [INFO] Rule duration: 1 ms
13:31:54 [INFO] <<< STEP 8: APPLYING RULE 6 validC(?x, ?z) :- validC(?x, ?y), validC(?y_new_1, ?z), mustChangeAt(?y_new_1) >>>
13:31:54 [INFO] Execution step: Project/Reorder
13:31:54 [INFO] Trie does not contain any elements
13:31:54 [INFO] Execution step: Body
13:31:54 [INFO] Saved temporary table: 1806 entries (16260)
13:31:54 [INFO] Execution step: Duplicate Elimination (Datalog)
13:31:54 [INFO] Saved permanent table validC (8) Permutation { idx_to_val: [], val_to_idx: [] } with 1763 entries (16136)
13:31:54 [INFO] Rule duration: 8 ms
13:31:54 [INFO] <<< STEP 9: APPLYING RULE 6 validC(?x, ?z) :- validC(?x, ?y), validC(?y_new_1, ?z), mustChangeAt(?y_new_1) >>>
13:31:54 [INFO] Execution step: Project/Reorder
13:31:54 [INFO] Trie does not contain any elements
13:31:54 [INFO] Execution step: Body
13:31:54 [INFO] Saved temporary table: 1806 entries (16260)
13:31:54 [INFO] Execution step: Duplicate Elimination (Datalog)
13:31:54 [INFO] Trie does not contain any elements
13:31:54 [INFO] Rule duration: 307 ms
13:31:54 [INFO] <<< STEP 10: APPLYING RULE 8 validC(?x, ?z) :- validC(?x, ?y_new_2), validC(?y, ?z), mustChangeAt(?y_new_1_new_1), canChangeAt(?y_new_1) >>>
13:31:54 [INFO] Execution step: Body
13:31:54 [INFO] Trie does not contain any elements
13:31:54 [INFO] Execution step: Duplicate Elimination (Datalog)
13:31:54 [INFO] Trie does not contain any elements
13:31:54 [INFO] Rule duration: 0 ms
13:31:54 [INFO] <<< STEP 11: APPLYING RULE 5 success(s) :- validC(?_BODY_1, ?_BODY_2), Equal(?_BODY_1, "jungfernheide"), Equal(?_BODY_2, "kottbusser_tor") >>>
13:31:54 [INFO] Execution step: Body
13:31:54 [INFO] Saved temporary table: 1 entries (0)
13:31:54 [INFO] Execution step: Duplicate Elimination (Datalog)
13:31:54 [INFO] Saved permanent table success (11) Permutation { idx_to_val: [], val_to_idx: [] } with 1 entries (3452)
13:31:54 [INFO] Rule duration: 0 ms
13:31:54 [INFO] <<< STEP 12: APPLYING RULE 5 success(s) :- validC(?_BODY_1, ?_BODY_2), Equal(?_BODY_1, "jungfernheide"), Equal(?_BODY_2, "kottbusser_tor") >>>
13:31:54 [INFO] Execution step: Body
13:31:54 [INFO] Trie does not contain any elements
13:31:54 [INFO] Execution step: Duplicate Elimination (Datalog)
13:31:54 [INFO] Trie does not contain any elements
13:31:54 [INFO] Rule duration: 0 ms
13:31:54 [INFO] <<< STEP 13: APPLYING RULE 7 success(?X_1) :- elevator(?X_1), validC(?Y_1_new_1, ?Y_1) >>>
13:31:54 [INFO] Execution step: Body
13:31:54 [INFO] Saved temporary table: 43 entries (3572)
13:31:54 [INFO] Execution step: Duplicate Elimination (Datalog)
13:31:54 [INFO] Saved permanent table success (13) Permutation { idx_to_val: [], val_to_idx: [] } with 43 entries (3620)
13:31:54 [INFO] Rule duration: 112 ms
13:31:54 [INFO] <<< STEP 14: APPLYING RULE 7 success(?X_1) :- elevator(?X_1), validC(?Y_1_new_1, ?Y_1) >>>
13:31:54 [INFO] Execution step: Body
13:31:54 [INFO] Trie does not contain any elements
13:31:54 [INFO] Execution step: Duplicate Elimination (Datalog)
13:31:54 [INFO] Trie does not contain any elements
13:31:54 [INFO] Rule duration: 0 ms
13:31:54 [INFO] Execution step: Combining Tables
13:31:54 [INFO] Saved permanent table success (0-14) Permutation { idx_to_val: [], val_to_idx: [] } with 45 entries (3628)
13:31:54 [INFO] ----------------------------------------------
13:31:54 [INFO]  Finished Nemo Execution - Transformed Program
13:31:54 [INFO] ----------------------------------------------
13:31:54 [INFO]  Output success 
13:31:54 [INFO]      [AnyDataValue(Iri(IriDataValue("c_1")))]
13:31:54 [INFO]      [AnyDataValue(Iri(IriDataValue("c_2")))]
13:31:54 [INFO]      [AnyDataValue(Iri(IriDataValue("s")))]
13:31:54 [INFO]      [AnyDataValue(PlainString(StringDataValue("jungfernheide")))]
13:31:54 [INFO]      [AnyDataValue(PlainString(StringDataValue("kottbusser_tor")))]
13:31:54 [INFO]      [AnyDataValue(PlainString(StringDataValue("str_1")))]
13:31:54 [INFO]      [AnyDataValue(PlainString(StringDataValue("wittenau")))]
13:31:54 [INFO]      [AnyDataValue(PlainString(StringDataValue("rathaus_reinickendorf")))]
13:31:54 [INFO]      [AnyDataValue(PlainString(StringDataValue("karl-bonhoeffer-nervenklinik")))]
13:31:54 [INFO]      [AnyDataValue(PlainString(StringDataValue("lindauer_allee")))]
13:31:54 [INFO]      [AnyDataValue(PlainString(StringDataValue("paracelsus-bad")))]
13:31:54 [INFO]      [AnyDataValue(PlainString(StringDataValue("residenzstraße")))]
13:31:54 [INFO]      [AnyDataValue(PlainString(StringDataValue("franz-neumann-platz")))]
13:31:54 [INFO]      [AnyDataValue(PlainString(StringDataValue("osloer_straße")))]
13:31:54 [INFO]      [AnyDataValue(PlainString(StringDataValue("pankstraße")))]
13:31:54 [INFO]      [AnyDataValue(PlainString(StringDataValue("gesundbrunnen")))]
13:31:54 [INFO]      [AnyDataValue(PlainString(StringDataValue("bernauer_straße")))]
13:31:54 [INFO]      [AnyDataValue(PlainString(StringDataValue("rosenthaler_platz")))]
13:31:54 [INFO]      [AnyDataValue(PlainString(StringDataValue("weinmeisterstraße")))]
13:31:54 [INFO]      [AnyDataValue(PlainString(StringDataValue("alexanderplatz")))]
13:31:54 [INFO]      [AnyDataValue(PlainString(StringDataValue("jannowitzbrueke")))]
13:31:54 [INFO]      [AnyDataValue(PlainString(StringDataValue("heinrich-heine_straße")))]
13:31:54 [INFO]      [AnyDataValue(PlainString(StringDataValue("moritzplatz")))]
13:31:54 [INFO]      [AnyDataValue(PlainString(StringDataValue("schoenleinstraße")))]
13:31:54 [INFO]      [AnyDataValue(PlainString(StringDataValue("hermannplatz")))]
13:31:54 [INFO]      [AnyDataValue(PlainString(StringDataValue("boddinstraße")))]
13:31:54 [INFO]      [AnyDataValue(PlainString(StringDataValue("leinestraße")))]
13:31:54 [INFO]      [AnyDataValue(PlainString(StringDataValue("mierendorffplatz")))]
13:31:54 [INFO]      [AnyDataValue(PlainString(StringDataValue("richard-wagner_platz")))]
13:31:54 [INFO]      [AnyDataValue(PlainString(StringDataValue("bismarckstraße")))]
13:31:54 [INFO]      [AnyDataValue(PlainString(StringDataValue("wilmersdorfer_straße")))]
13:31:54 [INFO]      [AnyDataValue(PlainString(StringDataValue("charlottenburg")))]
13:31:54 [INFO]      [AnyDataValue(PlainString(StringDataValue("adenauerplatz")))]
13:31:54 [INFO]      [AnyDataValue(PlainString(StringDataValue("konstanzer_straße")))]
13:31:54 [INFO]      [AnyDataValue(PlainString(StringDataValue("fehrbelliner_platz")))]
13:31:54 [INFO]      [AnyDataValue(PlainString(StringDataValue("blissestraße")))]
13:31:54 [INFO]      [AnyDataValue(PlainString(StringDataValue("berliner_straße")))]
13:31:54 [INFO]      [AnyDataValue(PlainString(StringDataValue("bayerischer_platz")))]
13:31:54 [INFO]      [AnyDataValue(PlainString(StringDataValue("eisenacher_straße")))]
13:31:54 [INFO]      [AnyDataValue(PlainString(StringDataValue("kleistpark")))]
13:31:54 [INFO]      [AnyDataValue(PlainString(StringDataValue("yorckstraße")))]
13:31:54 [INFO]      [AnyDataValue(PlainString(StringDataValue("moeckernbruecke")))]
13:31:54 [INFO]      [AnyDataValue(PlainString(StringDataValue("mehringdamm")))]
13:31:54 [INFO]      [AnyDataValue(PlainString(StringDataValue("gneisenaustraße")))]
13:31:54 [INFO]      [AnyDataValue(PlainString(StringDataValue("suedstern")))]
13:31:54 [INFO] ----------------------------------------------
13:31:54 [INFO] ------------ Asserting Oracle EXP ------------
13:31:54 [INFO] ----------------------------------------------
13:31:54 [INFO] All good, output is expanding
