07:58:26 [INFO] ----------------------------------------------
07:58:26 [INFO] Beginning transformation mtf_CON_5500049
                Oracle:     CON          Number of T: 58
                Debug Mode: false          u64 Seed:    5500049
                Number of generating transformations: 20
                Internal Seed:          [185, 172, 94, 208, 16, 144, 232, 42, 75, 206, 35, 147, 19, 211, 200, 106, 110, 25, 129, 91, 100, 224, 236, 3, 96, 25, 200, 13, 73, 240, 181, 100]
                Seed File: Currently not supported!
07:58:26 [INFO] ----------------------------------------------
07:58:26 [INFO] -------------- Reading Seed File: ------------
07:58:26 [INFO] "/home/leo_repp/masterthesis/nemo/nemo-metamorphic-testing/examples/datalogMtlWeather/datalogMtlWeather.rls"
07:58:26 [INFO] Renaming of rules complete
07:58:26 [INFO] --------- Finished Reading Seed file ---------
07:58:26 [INFO] ----------------------------------------------
07:58:26 [INFO] 
07:58:26 [INFO] ----------------------------------------------
07:58:26 [INFO] -------- Beginning Program Generation --------
07:58:26 [INFO] ----------------------------------------------
07:58:26 [INFO] 
07:58:26 [INFO] Removing old export statements
07:58:26 [INFO] Beginning inverse_stratum and ancestry computation starting at node R_OUT
07:58:26 [INFO] Ancestry and Inverse Stratum computation complete.
07:58:26 [INFO] Constructed lite ADG
07:58:26 [INFO] Generating Program...
07:58:26 [INFO] 
07:58:26 [INFO] 1 / 19
07:58:26 [INFO]   I Add Relational Node
07:58:26 [INFO]   Added new relation R_1
07:58:26 [INFO] 2 / 19
07:58:26 [INFO]   I Add Relational Node
07:58:26 [INFO]   Added new relation R_2
07:58:26 [INFO] 3 / 19
07:58:26 [INFO]   I Add Relational Node
07:58:26 [INFO]   Added new relation R_3
07:58:26 [INFO] 4 / 19
07:58:26 [INFO]   I Add Relational Node
07:58:26 [INFO]   Added new relation R_4
07:58:26 [INFO] 5 / 19
07:58:26 [INFO]   I Add Relational Node
07:58:26 [INFO]   Added new relation R_5
07:58:26 [INFO] 6 / 19
07:58:26 [INFO]   I Add Relational Node
07:58:26 [INFO]   Added new relation R_6
07:58:26 [INFO] 7 / 19
07:58:26 [INFO]   I Add Relational Node
07:58:26 [INFO]   Added new relation R_7
07:58:26 [INFO] 8 / 19
07:58:26 [INFO]   I Add Relational Node
07:58:26 [INFO]   Added new relation R_8
07:58:26 [INFO] 9 / 19
07:58:26 [INFO]   I Add Relational Node
07:58:26 [INFO]   Added new relation R_9
07:58:26 [INFO] 10 / 19
07:58:26 [INFO]   I Add Relational Node
07:58:26 [INFO]   Added new relation R_10
07:58:26 [INFO] 11 / 19
07:58:26 [INFO]   I Add Relational Node
07:58:26 [INFO]   Added new relation R_11
07:58:26 [INFO] 12 / 19
07:58:26 [INFO]   I Add Relational Node
07:58:26 [INFO]   Added new relation R_12
07:58:26 [INFO] 13 / 19
07:58:26 [INFO]   I Add Relational Node
07:58:26 [INFO]   Added new relation R_13
07:58:26 [INFO] 14 / 19
07:58:26 [INFO]   I Add Relational Node
07:58:26 [INFO]   Added new relation R_14
07:58:26 [INFO] 15 / 19
07:58:26 [INFO]   I Add Relational Node
07:58:26 [INFO]   Added new relation R_15
07:58:26 [INFO] 16 / 19
07:58:26 [INFO]   I Add Relational Node
07:58:26 [INFO]   Added new relation R_16
07:58:26 [INFO] 17 / 19
07:58:26 [INFO]   I Add Relational Node
07:58:26 [INFO]   Added new relation R_17
07:58:26 [INFO] 18 / 19
07:58:26 [INFO]   I Add Relational Node
07:58:26 [INFO]   Added new relation R_18
07:58:26 [INFO] 19 / 19
07:58:26 [INFO]   I Add Relational Node
07:58:26 [INFO]   Added new relation R_19
07:58:26 [INFO] 
07:58:26 [INFO] Adding a new rule for each relation other than the seed relations
07:58:26 [INFO] 
07:58:26 [INFO] 1 / 20
07:58:26 [INFO]   Generating new single body literal rule for R_OUT
07:58:26 [INFO]   Assigned relation R_OUT the artiy 3
07:58:26 [INFO]   Added new rule of name r_GEN_1
07:58:26 [INFO]   R_OUT(?X_2, ?X_1, ?X_3) :- HeavyWind(?X_2, ?X_1, ?X_3) .
07:58:26 [INFO] 2 / 20
07:58:26 [INFO]   Generating new single body literal rule for R_1
07:58:26 [INFO]   Assigned relation R_1 the artiy 3
07:58:26 [INFO]   Assigned relation R_19 the artiy 5
07:58:26 [INFO]   Added new rule of name r_GEN_2
07:58:26 [INFO]   R_1(?X_3, "210"^^<http://www.w3.org/2001/XMLSchema#double>, ?X_2) :- R_19(?X_3, "210"^^<http://www.w3.org/2001/XMLSchema#double>, "StationA", ?Y_1, ?X_2) .
07:58:26 [INFO] 3 / 20
07:58:26 [INFO]   Generating new single body literal rule for R_2
07:58:26 [INFO]   Assigned relation R_2 the artiy 2
07:58:26 [INFO]   Assigned relation R_6 the artiy 6
07:58:26 [INFO]   Added new rule of name r_GEN_3
07:58:26 [INFO]   R_2(?X_2, ?X_2) :- R_6(?X_2, ?X_2, "115.3"^^<http://www.w3.org/2001/XMLSchema#double>, ?X_2, ?X_2, "115.3"^^<http://www.w3.org/2001/XMLSchema#double>) .
07:58:26 [INFO] 4 / 20
07:58:26 [INFO]   Generating new single body literal rule for R_3
07:58:26 [INFO]   Assigned relation R_3 the artiy 3
07:58:26 [INFO]   Assigned relation R_15 the artiy 4
07:58:26 [INFO]   Added new rule of name r_GEN_4
07:58:26 [INFO]   R_3(?X_1, "StationA", ?X_3) :- R_15(?Y_1, "StationA", ?X_3, ?X_1) .
07:58:26 [INFO] 5 / 20
07:58:26 [INFO]   Generating new single body literal rule for R_4
07:58:26 [INFO]   Assigned relation R_4 the artiy 5
07:58:26 [INFO]   Assigned relation R_11 the artiy 5
07:58:26 [INFO]   Added new rule of name r_GEN_5
07:58:26 [INFO]   R_4(?X_1, "StationA", ?X_3, ?X_5, ?X_4) :- R_11(?X_1, "StationA", ?X_3, ?X_5, ?X_4) .
07:58:26 [INFO] 6 / 20
07:58:26 [INFO]   Generating new single body literal rule for R_5
07:58:26 [INFO]   Assigned relation R_5 the artiy 6
07:58:26 [INFO]   Added new rule of name r_GEN_6
07:58:26 [INFO]   R_5(?X_6, ?X_4, "215"^^<http://www.w3.org/2001/XMLSchema#double>, ?X_3, ?X_2, ?X_1) :- HeavyWindForce(?X_6, ?X_4, "215"^^<http://www.w3.org/2001/XMLSchema#double>), HeavyWindForce(?X_3, ?X_2, ?X_1) .
07:58:26 [INFO] 7 / 20
07:58:26 [INFO]   Generating new single body literal rule for R_6
07:58:26 [INFO]   Added new rule of name r_GEN_7
07:58:26 [INFO]   R_6(?X_5, ?X_4, ?X_1, ?X_3, "118"^^<http://www.w3.org/2001/XMLSchema#double>, ?X_1) :- LocatedInState("115.2"^^<http://www.w3.org/2001/XMLSchema#double>, ?X_4, ?Y_2, ?X_3), LocatedInState("118"^^<http://www.w3.org/2001/XMLSchema#double>, ?X_1, ?X_1, ?X_5) .
07:58:26 [INFO] 8 / 20
07:58:26 [INFO]   Generating new single body literal rule for R_7
07:58:26 [INFO]   Assigned relation R_7 the artiy 2
07:58:26 [INFO]   Added new rule of name r_GEN_8
07:58:26 [INFO]   R_7(?X_2, "StationA") :- TempAbove41(?X_2, "112"^^<http://www.w3.org/2001/XMLSchema#double>, "StationA") .
07:58:26 [INFO] 9 / 20
07:58:26 [INFO]   Generating new single body literal rule for R_8
07:58:26 [INFO]   Assigned relation R_8 the artiy 6
07:58:26 [INFO]   Added new rule of name r_GEN_9
07:58:26 [INFO]   R_8(?X_1, ?X_2, ?X_4, ?X_6, "117"^^<http://www.w3.org/2001/XMLSchema#double>, ?X_3) :- R_19(?X_1, ?X_4, ?X_4, ?X_4, ?X_1), R_19(?X_3, "117"^^<http://www.w3.org/2001/XMLSchema#double>, ?X_6, ?X_2, ?X_6) .
07:58:26 [INFO] 10 / 20
07:58:26 [INFO]   Generating new single body literal rule for R_9
07:58:26 [INFO]   Assigned relation R_9 the artiy 1
07:58:26 [INFO]   Added new rule of name r_GEN_10
07:58:26 [INFO]   R_9("StationA") :- ExcessiveHeat("StationA", "StationA", "StationA") .
07:58:26 [INFO] 11 / 20
07:58:26 [INFO]   Generating new single body literal rule for R_10
07:58:26 [INFO]   Assigned relation R_10 the artiy 4
07:58:26 [INFO]   Added new rule of name r_GEN_11
07:58:26 [INFO]   R_10(?X_2, ?X_4, ?X_1, ?X_3) :- R_7(?X_2, ?X_4), R_7(?X_1, ?X_3) .
07:58:26 [INFO] 12 / 20
07:58:26 [INFO]   Generating new single body literal rule for R_11
07:58:26 [INFO]   Added new rule of name r_GEN_12
07:58:26 [INFO]   R_11("0"^^<http://www.w3.org/2001/XMLSchema#double>, ?X_2, ?X_1, ?X_4, ?X_5) :- TempAbove41DiamondMinus1("0"^^<http://www.w3.org/2001/XMLSchema#double>, ?X_2, ?X_1), TempAbove41DiamondMinus1(?X_4, ?X_5, ?X_2) .
07:58:26 [INFO] 13 / 20
07:58:26 [INFO]   Generating new single body literal rule for R_12
07:58:26 [INFO]   Assigned relation R_12 the artiy 4
07:58:26 [INFO]   Added new rule of name r_GEN_13
07:58:26 [INFO]   R_12(?X_2, ?X_3, ?X_4, ?X_1) :- R_8(?Y_1, ?X_3, ?X_4, ?X_1, ?X_2, "StationA") .
07:58:26 [INFO] 14 / 20
07:58:26 [INFO]   Generating new single body literal rule for R_13
07:58:26 [INFO]   Assigned relation R_13 the artiy 4
07:58:26 [INFO]   Added new rule of name r_GEN_14
07:58:26 [INFO]   R_13(?X_1, "210"^^<http://www.w3.org/2001/XMLSchema#double>, ?X_3, ?X_2) :- R_9(?X_1), R_9("210"^^<http://www.w3.org/2001/XMLSchema#double>), R_9(?X_3), R_9(?X_2) .
07:58:26 [INFO] 15 / 20
07:58:26 [INFO]   Generating new single body literal rule for R_14
07:58:26 [INFO]   Assigned relation R_14 the artiy 3
07:58:26 [INFO]   Added new rule of name r_GEN_15
07:58:26 [INFO]   R_14(?X_3, ?X_3, ?X_2) :- R_11(?X_2, ?X_3, "StationA", ?X_2, ?X_3) .
07:58:26 [INFO] 16 / 20
07:58:26 [INFO]   Generating new single body literal rule for R_15
07:58:26 [INFO]   Added new rule of name r_GEN_16
07:58:26 [INFO]   R_15(?X_1, ?X_1, ?X_3, ?X_2) :- R_1(?Y_1, ?X_1, "112"^^<http://www.w3.org/2001/XMLSchema#double>), R_1(?X_2, ?X_1, ?X_3) .
07:58:26 [INFO] 17 / 20
07:58:26 [INFO]   Generating new single body literal rule for R_16
07:58:26 [INFO]   Assigned relation R_16 the artiy 1
07:58:26 [INFO]   Added new rule of name r_GEN_17
07:58:26 [INFO]   R_16(?X_1) :- HeatAffectedState(?X_1, "117.1"^^<http://www.w3.org/2001/XMLSchema#double>, ?Y_1) .
07:58:26 [INFO] 18 / 20
07:58:26 [INFO]   Generating new single body literal rule for R_17
07:58:26 [INFO]   Assigned relation R_17 the artiy 5
07:58:26 [INFO]   Added new rule of name r_GEN_18
07:58:26 [INFO]   R_17(?X_2, ?X_3, "112"^^<http://www.w3.org/2001/XMLSchema#double>, ?X_4, ?X_4) :- R_16(?X_2), R_16(?X_3), R_16("112"^^<http://www.w3.org/2001/XMLSchema#double>), R_16(?X_4), R_16(?X_4) .
07:58:26 [INFO] 19 / 20
07:58:26 [INFO]   Generating new single body literal rule for R_18
07:58:26 [INFO]   Assigned relation R_18 the artiy 1
07:58:26 [INFO]   Added new rule of name r_GEN_19
07:58:26 [INFO]   R_18(?X_1) :- R_6(?X_1, ?Y_1, ?X_1, ?X_1, ?Y_1, ?X_1) .
07:58:26 [INFO] 20 / 20
07:58:26 [INFO]   Generating new single body literal rule for R_19
07:58:26 [INFO]   Added new rule of name r_GEN_20
07:58:26 [INFO]   R_19(?X_3, ?X_5, "210"^^<http://www.w3.org/2001/XMLSchema#double>, ?X_1, ?X_4) :- R_3(?X_4, ?X_5, "210"^^<http://www.w3.org/2001/XMLSchema#double>), R_3(?X_1, ?X_4, ?X_3) .
07:58:26 [INFO] 
07:58:26 [INFO] Adding a outgoing relational edge for each relation other than R_OUT
07:58:26 [INFO] 
07:58:26 [INFO] 1 / 29
07:58:26 [INFO]   Adding outgoing relational edge from ExcessiveHeat for r_GEN_18
07:58:26 [INFO]   Generated literal ExcessiveHeat(?Z_2, ?X_3, ?X_4) for rule r_GEN_18
07:58:26 [INFO] 2 / 29
07:58:26 [INFO]   Adding outgoing relational edge from HeatAffectedState for r_GEN_17
07:58:26 [INFO]   Generated literal HeatAffectedState("StationA", ?X_1, ?X_1) for rule r_GEN_17
07:58:26 [INFO] 3 / 29
07:58:26 [INFO]   Adding outgoing relational edge from HeavyWind for r_GEN_9
07:58:26 [INFO]   Generated literal HeavyWind(?X_1, ?Z_2, ?X_2) for rule r_GEN_9
07:58:26 [INFO] 4 / 29
07:58:26 [INFO]   Adding outgoing relational edge from HeavyWindAffectedState for r_GEN_8
07:58:26 [INFO]   Generated literal HeavyWindAffectedState(?X_2, ?X_2, ?Z_1) for rule r_GEN_8
07:58:26 [INFO] 5 / 29
07:58:26 [INFO]   Adding outgoing relational edge from HeavyWindForce for r_GEN_1
07:58:26 [INFO]   Generated literal HeavyWindForce(?X_2, ?X_2, ?Z_2) for rule r_GEN_1
07:58:26 [INFO] 6 / 29
07:58:26 [INFO]   Adding outgoing relational edge from LocatedInState for r_GEN_6
07:58:26 [INFO]   Generated literal LocatedInState(?X_6, ?X_2, ?Z_2, "213.4"^^<http://www.w3.org/2001/XMLSchema#double>) for rule r_GEN_6
07:58:26 [INFO] 7 / 29
07:58:26 [INFO]   Adding outgoing relational edge from TempAbove24 for r_GEN_6
07:58:26 [INFO]   Generated literal TempAbove24(?X_4, ?X_1, ?Z_4) for rule r_GEN_6
07:58:26 [INFO] 8 / 29
07:58:26 [INFO]   Adding outgoing relational edge from TempAbove41 for r_GEN_11
07:58:26 [INFO]   Generated literal TempAbove41(?X_1, ?X_1, ?X_2) for rule r_GEN_11
07:58:26 [INFO] 9 / 29
07:58:26 [INFO]   Adding outgoing relational edge from TempAbove41DiamondMinus1 for r_GEN_10
07:58:26 [INFO]   Generated literal ~TempAbove41DiamondMinus1("115.3"^^<http://www.w3.org/2001/XMLSchema#double>, "0"^^<http://www.w3.org/2001/XMLSchema#double>, "1000"^^<http://www.w3.org/2001/XMLSchema#double>) for rule r_GEN_10
07:58:26 [INFO] 10 / 29
07:58:26 [INFO]   Adding outgoing relational edge from TempConstantOver24AtLeastFor1 for r_GEN_17
07:58:26 [INFO]   Generated literal TempConstantOver24AtLeastFor1(?X_1, ?X_1, ?Z_1) for rule r_GEN_17
07:58:26 [INFO] 11 / 29
07:58:26 [INFO]   Adding outgoing relational edge from R_1 for r_GEN_5
07:58:26 [INFO]   Generated literal R_1(?X_4, ?X_1, ?Z_1) for rule r_GEN_5
07:58:26 [INFO] 12 / 29
07:58:26 [INFO]   Adding outgoing relational edge from R_2 for r_GEN_10
07:58:26 [INFO]   Generated literal R_2("118"^^<http://www.w3.org/2001/XMLSchema#double>, ?Z_1) for rule r_GEN_10
07:58:26 [INFO] 13 / 29
07:58:26 [INFO]   Adding outgoing relational edge from R_3 for r_GEN_9
07:58:26 [INFO]   Generated literal R_3(?X_2, ?Z_4, ?X_4) for rule r_GEN_9
07:58:26 [INFO] 14 / 29
07:58:26 [INFO]   Adding outgoing relational edge from R_4 for r_GEN_17
07:58:26 [INFO]   Generated literal R_4(?X_1, ?X_1, ?Z_4, ?X_1, ?X_1) for rule r_GEN_17
07:58:26 [INFO] 15 / 29
07:58:26 [INFO]   Adding outgoing relational edge from R_5 for r_GEN_20
07:58:26 [INFO]   Generated literal R_5(?X_1, ?Z_3, ?X_4, ?X_5, ?Z_1, ?X_3) for rule r_GEN_20
07:58:26 [INFO] 16 / 29
07:58:26 [INFO]   Adding outgoing relational edge from R_6 for r_GEN_11
07:58:26 [INFO]   Generated literal R_6(?X_4, ?X_3, ?X_2, ?X_1, ?X_2, ?Z_2) for rule r_GEN_11
07:58:26 [INFO] 17 / 29
07:58:26 [INFO]   Adding outgoing relational edge from R_7 for r_GEN_4
07:58:26 [INFO]   Generated literal R_7(?X_3, ?Z_1) for rule r_GEN_4
07:58:26 [INFO] 18 / 29
07:58:26 [INFO]   Adding outgoing relational edge from R_8 for r_GEN_20
07:58:26 [INFO]   Generated literal R_8(?X_4, ?Z_5, ?Z_2, ?X_4, ?X_5, ?X_3) for rule r_GEN_20
07:58:26 [INFO] 19 / 29
07:58:26 [INFO]   Adding outgoing relational edge from R_9 for r_GEN_4
07:58:26 [INFO]   Generated literal ~R_9(?Y_1) for rule r_GEN_4
07:58:26 [INFO] 20 / 29
07:58:26 [INFO]   Adding outgoing relational edge from R_10 for r_GEN_12
07:58:26 [INFO]   Generated literal R_10(?X_4, ?X_2, ?X_2, ?X_1) for rule r_GEN_12
07:58:26 [INFO] 21 / 29
07:58:26 [INFO]   Adding outgoing relational edge from R_11 for r_GEN_14
07:58:26 [INFO]   Generated literal R_11(?X_3, "StationA", ?X_1, ?X_2, ?X_2) for rule r_GEN_14
07:58:26 [INFO] 22 / 29
07:58:26 [INFO]   Adding outgoing relational edge from R_12 for r_GEN_9
07:58:26 [INFO]   Generated literal R_12(?Z_4, ?Z_2, ?X_6, "118"^^<http://www.w3.org/2001/XMLSchema#double>) for rule r_GEN_9
07:58:26 [INFO] 23 / 29
07:58:26 [INFO]   Adding outgoing relational edge from R_13 for r_GEN_5
07:58:26 [INFO]   Generated literal R_13(?X_1, ?Z_1, ?X_3, ?X_4) for rule r_GEN_5
07:58:26 [INFO] 24 / 29
07:58:26 [INFO]   Adding outgoing relational edge from R_14 for r_GEN_13
07:58:26 [INFO]   Generated literal R_14(?Z_3, ?X_3, ?X_3) for rule r_GEN_13
07:58:26 [INFO] 25 / 29
07:58:26 [INFO]   Adding outgoing relational edge from R_15 for r_GEN_4
07:58:26 [INFO]   Generated literal R_15(?X_1, ?X_1, ?Y_1, ?Z_4) for rule r_GEN_4
07:58:26 [INFO] 26 / 29
07:58:26 [INFO]   Adding outgoing relational edge from R_16 for r_GEN_15
07:58:26 [INFO]   Generated literal R_16(?X_2) for rule r_GEN_15
07:58:26 [INFO] 27 / 29
07:58:26 [INFO]   Adding outgoing relational edge from R_17 for r_GEN_1
07:58:26 [INFO]   Generated literal ~R_17(?Z_2, ?X_1, ?X_3, ?X_2, ?X_2) for rule r_GEN_1
07:58:26 [INFO] 28 / 29
07:58:26 [INFO]   Adding outgoing relational edge from R_18 for r_GEN_20
07:58:26 [INFO]   Generated literal R_18(?Z_2) for rule r_GEN_20
07:58:26 [INFO] 29 / 29
07:58:26 [INFO]   Adding outgoing relational edge from R_19 for r_GEN_1
07:58:26 [INFO]   Generated literal R_19(?Z_5, "StationA", ?X_3, ?X_1, ?X_2) for rule r_GEN_1
07:58:26 [INFO] 
07:58:26 [INFO] Adding gen. size facts
07:58:26 [INFO] 
07:58:26 [INFO] 1 / 20
07:58:26 [INFO]   II Add Fact Node and Edge
07:58:26 [INFO]   Added new fact R_17("215"^^<http://www.w3.org/2001/XMLSchema#double>, "215"^^<http://www.w3.org/2001/XMLSchema#double>, "117.1"^^<http://www.w3.org/2001/XMLSchema#double>, "Ohio", "115.2"^^<http://www.w3.org/2001/XMLSchema#double>).
07:58:26 [INFO] 2 / 20
07:58:26 [INFO]   II Add Fact Node and Edge
07:58:26 [INFO]   Added new fact R_17("str_1", c_1, "117.1"^^<http://www.w3.org/2001/XMLSchema#double>, c_2, "210"^^<http://www.w3.org/2001/XMLSchema#double>).
07:58:26 [INFO] 3 / 20
07:58:26 [INFO]   II Add Fact Node and Edge
07:58:26 [INFO]   Added new fact R_17("Ohio", 18384886770202202936, 18384886770202202936, "115.2"^^<http://www.w3.org/2001/XMLSchema#double>, "210"^^<http://www.w3.org/2001/XMLSchema#double>).
07:58:26 [INFO] 4 / 20
07:58:26 [INFO]   II Add Fact Node and Edge
07:58:26 [INFO]   Added new fact R_OUT("str_2", "213.5"^^<http://www.w3.org/2001/XMLSchema#double>, "213.5"^^<http://www.w3.org/2001/XMLSchema#double>).
07:58:26 [INFO] 5 / 20
07:58:26 [INFO]   II Add Fact Node and Edge
07:58:26 [INFO]   Added new fact R_17(3458956254703931496, c_3, "str_1", c_4, "str_1").
07:58:26 [INFO] 6 / 20
07:58:26 [INFO]   II Add Fact Node and Edge
07:58:26 [INFO]   Added new fact R_OUT(c_4, "115.2"^^<http://www.w3.org/2001/XMLSchema#double>, 3847744805701495938).
07:58:26 [INFO] 7 / 20
07:58:26 [INFO]   II Add Fact Node and Edge
07:58:26 [INFO]   Added new fact R_17("str_3", c_5, "StationA", "str_2", 3458956254703931496).
07:58:26 [INFO] 8 / 20
07:58:26 [INFO]   II Add Fact Node and Edge
07:58:26 [INFO]   Added new fact R_17("112"^^<http://www.w3.org/2001/XMLSchema#double>, c_6, "213.5"^^<http://www.w3.org/2001/XMLSchema#double>, "115.2"^^<http://www.w3.org/2001/XMLSchema#double>, "215"^^<http://www.w3.org/2001/XMLSchema#double>).
07:58:26 [INFO] 9 / 20
07:58:26 [INFO]   II Add Fact Node and Edge
07:58:26 [INFO]   Added new fact R_OUT(3458956254703931496, "StationA", c_4).
07:58:26 [INFO] 10 / 20
07:58:26 [INFO]   II Add Fact Node and Edge
07:58:26 [INFO]   Added new fact R_OUT("str_4", c_7, "StationA").
07:58:26 [INFO] 11 / 20
07:58:26 [INFO]   II Add Fact Node and Edge
07:58:26 [INFO]   Added new fact R_OUT("113.4"^^<http://www.w3.org/2001/XMLSchema#double>, "str_5", 16742037668050906954).
07:58:26 [INFO] 12 / 20
07:58:26 [INFO]   II Add Fact Node and Edge
07:58:26 [INFO]   Added new fact R_OUT("117.1"^^<http://www.w3.org/2001/XMLSchema#double>, "111.7"^^<http://www.w3.org/2001/XMLSchema#double>, c_8).
07:58:26 [INFO] 13 / 20
07:58:26 [INFO]   II Add Fact Node and Edge
07:58:26 [INFO]   Added new fact R_OUT(c_3, 3458956254703931496, 14820479962864370478).
07:58:26 [INFO] 14 / 20
07:58:26 [INFO]   II Add Fact Node and Edge
07:58:26 [INFO]   Added new fact R_17("str_6", "0"^^<http://www.w3.org/2001/XMLSchema#double>, "StationA", 4449329531337822340, 6032314067681919842).
07:58:26 [INFO] 15 / 20
07:58:26 [INFO]   II Add Fact Node and Edge
07:58:26 [INFO]   Added new fact R_17("213.5"^^<http://www.w3.org/2001/XMLSchema#double>, "113.4"^^<http://www.w3.org/2001/XMLSchema#double>, "StationA", c_7, "StationA").
07:58:26 [INFO] 16 / 20
07:58:26 [INFO]   II Add Fact Node and Edge
07:58:26 [INFO]   Added new fact R_OUT(c_9, "str_6", 4449329531337822340).
07:58:26 [INFO] 17 / 20
07:58:26 [INFO]   II Add Fact Node and Edge
07:58:26 [INFO]   Added new fact R_17("Ohio", c_10, c_11, "str_7", "StationA").
07:58:26 [INFO] 18 / 20
07:58:26 [INFO]   II Add Fact Node and Edge
07:58:26 [INFO]   Added new fact R_17("115.3"^^<http://www.w3.org/2001/XMLSchema#double>, c_12, c_13, 13406093573717760936, "str_8").
07:58:26 [INFO] 19 / 20
07:58:26 [INFO]   II Add Fact Node and Edge
07:58:26 [INFO]   Added new fact R_OUT(16742037668050906954, 14156994711038173609, "str_9").
07:58:26 [INFO] 20 / 20
07:58:26 [INFO]   II Add Fact Node and Edge
07:58:26 [INFO]   Added new fact R_OUT("str_6", c_14, "StationA").
07:58:26 [INFO] 
07:58:26 [INFO] ----------------------------------------------
07:58:26 [INFO] ----------- Program Generation Done ----------
07:58:26 [INFO] ----------------------------------------------
07:58:26 [INFO] 
07:58:26 [INFO] ----------- Generated ADG Summary: -----------
07:58:26 [INFO] ADG Fact Nodes:                  20
07:58:26 [INFO] ADG Relational Nodes:            30
07:58:26 [INFO] ADG Fact Edges:                  20
07:58:26 [INFO] ADG Relational Edges:            63
07:58:26 [INFO] Number of inv. Strata:           3
07:58:26 [INFO] 
07:58:26 [INFO] Nodes with None Ancestry:        0
07:58:26 [INFO] Nodes with Positive Ancestry:    1
07:58:26 [INFO] Nodes with Negative Ancestry:    1
07:58:26 [INFO] Nodes with Unknown Ancestry:     28
07:58:26 [INFO] 
07:58:26 [INFO] Next rule name would be:         r_CON_21
07:58:26 [INFO] Next predicate name would be:    R_20
07:58:26 [INFO] Next constant name would be:     c_15
07:58:26 [INFO] Next string would be:            "str_10"
07:58:26 [INFO] 
07:58:26 [INFO] Output predicate:                R_OUT
07:58:26 [INFO] Generated rule count:            20
07:58:26 [INFO] Rule count:                      26
07:58:26 [INFO] Average rel. arity:              3.466666666666667
07:58:26 [INFO] Arity calc. may be inaccurate if arity > f64
07:58:26 [INFO] ----------------------------------------------
07:58:26 [INFO] 
07:58:26 [INFO] ------ Performed Gen. Transformations: -------
07:58:26 [INFO]  #      Type
07:58:26 [INFO]  20      Generate New Rule with Probably Single Lit
07:58:26 [INFO]  29      Generating an Outgoing Relational Edge
07:58:26 [INFO]  19      I     Add Relational Node
07:58:26 [INFO]  20      II    Add Fact Node and Edge
07:58:26 [INFO] ----------------------------------------------
07:58:26 [INFO] 
07:58:26 [INFO] Storing input ADG and input program
07:58:26 [INFO] 
07:58:26 [INFO] ----------------------------------------------
07:58:26 [INFO] --------- Beginning Transformations ----------
07:58:26 [INFO] --------  Oracle: CON    Number: 58
07:58:26 [INFO] ----------------------------------------------
07:58:26 [INFO] 1 / 58
07:58:26 [INFO]   VIII Modify Rule - Remove Equality
07:58:26 [INFO]   Replaced a random number of var X_3 with var X_3_new_1 in the rule r_GEN_18
07:58:26 [INFO] 2 / 58
07:58:26 [INFO]   VI Remove Relational Edge - Single Literal
07:58:26 [INFO]   Found the rule of the name r_GEN_18
07:58:26 [INFO]   Removed relational edge NodeIndex(26): (R_16 -> R_17)
07:58:26 [INFO]   Attempting to remove the literal +R_16(, "112"^^<http://www.w3.org/2001/XMLSchema#double>) from the rule r_GEN_18
07:58:26 [INFO] 3 / 58
07:58:26 [INFO]   I Add Relational Node
07:58:26 [INFO]   Added new relation R_22
07:58:26 [INFO] 4 / 58
07:58:26 [INFO]   II Add Fact Node and Edge
07:58:26 [INFO]   Assigned relation R_22 the artiy 6
07:58:26 [INFO]   Added new fact R_22("str_12", "210"^^<http://www.w3.org/2001/XMLSchema#double>, "117"^^<http://www.w3.org/2001/XMLSchema#double>, c_17, 14058087543270203378, c_18).
07:58:26 [INFO] 5 / 58
07:58:26 [INFO]   VI Remove Relational Edge - Single Literal
07:58:26 [INFO]   Found the rule of the name r_GEN_18
07:58:26 [INFO]   Removed relational edge NodeIndex(26): (R_16 -> R_17)
07:58:26 [INFO]   Attempting to remove the literal +R_16(, ?X_3_new_1) from the rule r_GEN_18
07:58:26 [INFO] 6 / 58
07:58:26 [INFO]   IX Remove Fact Node and Edge
07:58:26 [INFO]   Removed fact R_22("str_12", "210"^^<http://www.w3.org/2001/XMLSchema#double>, "117"^^<http://www.w3.org/2001/XMLSchema#double>, c_17, 14058087543270203378, c_18). from the program
07:58:26 [INFO]   Removed fact R_22("str_12", "210"^^<http://www.w3.org/2001/XMLSchema#double>, "117"^^<http://www.w3.org/2001/XMLSchema#double>, c_17, 14058087543270203378, c_18). from the ADG.
07:58:26 [INFO] 7 / 58
07:58:26 [INFO]   VIII Modify Rule - Remove Equality
07:58:26 [INFO]   Replaced a random number of var X_4 with var X_4_new_1 in the rule r_GEN_18
07:58:26 [INFO] 8 / 58
07:58:26 [INFO]   III Add Relational edges - New Rule
07:58:26 [INFO]   Added new rule of name r_CON_23
07:58:26 [INFO]   R_17(?X_1, "str_6", ?X_3, ?X_3, ?X_5) :- ExcessiveHeat(?X_1, "str_6", ?X_5), R_3(?X_3, ?X_5, 3847744805701495938), HeavyWind(?X_5, ?Y_1, ?X_1), HeavyWindAffectedState(?X_1, ?X_3, "str_6"), R_16("str_6") .
07:58:26 [INFO] 9 / 58
07:58:26 [INFO]   II Add Fact Node and Edge
07:58:26 [INFO]   Assigned relation R_22 the artiy 4
07:58:26 [INFO]   Added new fact R_22("118"^^<http://www.w3.org/2001/XMLSchema#double>, "117.1"^^<http://www.w3.org/2001/XMLSchema#double>, "113.4"^^<http://www.w3.org/2001/XMLSchema#double>, 11252254779385139062).
07:58:26 [INFO] 10 / 58
07:58:26 [INFO]   II Add Fact Node and Edge
07:58:26 [INFO]   Added new fact R_17(5240208260037814909, "213.5"^^<http://www.w3.org/2001/XMLSchema#double>, 10536767652218666853, c_19, c_20).
07:58:26 [INFO] 11 / 58
07:58:26 [INFO]   VII Modify Rule - Add Equality
07:58:26 [INFO]   Replaced var ?X_1 with var ?X_2 in the rule r_GEN_1
07:58:26 [INFO] 12 / 58
07:58:26 [INFO]   IX Remove Fact Node and Edge
07:58:26 [INFO]   Removed fact R_22("118"^^<http://www.w3.org/2001/XMLSchema#double>, "117.1"^^<http://www.w3.org/2001/XMLSchema#double>, "113.4"^^<http://www.w3.org/2001/XMLSchema#double>, 11252254779385139062). from the program
07:58:26 [INFO]   Removed fact R_22("118"^^<http://www.w3.org/2001/XMLSchema#double>, "117.1"^^<http://www.w3.org/2001/XMLSchema#double>, "113.4"^^<http://www.w3.org/2001/XMLSchema#double>, 11252254779385139062). from the ADG.
07:58:26 [INFO] 13 / 58
07:58:26 [INFO]   VIII Modify Rule - Remove Equality
07:58:26 [INFO]   Replaced a random number of var X_3 with var X_3_new_1 in the rule r_CON_23
07:58:26 [INFO] 14 / 58
07:58:26 [INFO]   VII Modify Rule - Add Equality
07:58:26 [INFO]   Replaced var ?Z_5 with var ?Z_2 in the rule r_GEN_1
07:58:26 [INFO] 15 / 58
07:58:26 [INFO]   IV Add Relational Edge - New Literal
07:58:26 [INFO]   Generated literal ~R_7(14058087543270203378, ?X_2) for rule r_GEN_1
07:58:26 [INFO] 16 / 58
07:58:26 [INFO]   VIII Modify Rule - Remove Equality
07:58:26 [INFO]   Replaced a random number of var X_4_new_1 with var X_4_new_1_new_1 in the rule r_GEN_18
07:58:26 [INFO] 17 / 58
07:58:26 [INFO]   VII Modify Rule - Add Equality
07:58:26 [INFO]   Replaced var ?X_2 with var ?X_3 in the rule r_GEN_1
07:58:26 [INFO] 18 / 58
07:58:26 [INFO]   IX Remove Fact Node and Edge
07:58:26 [INFO]   Removed fact R_OUT("str_2", "213.5"^^<http://www.w3.org/2001/XMLSchema#double>, "213.5"^^<http://www.w3.org/2001/XMLSchema#double>). from the program
07:58:26 [INFO]   Removed fact R_OUT("str_2", "213.5"^^<http://www.w3.org/2001/XMLSchema#double>, "213.5"^^<http://www.w3.org/2001/XMLSchema#double>). from the ADG.
07:58:26 [INFO] 19 / 58
07:58:26 [INFO]   II Add Fact Node and Edge
07:58:26 [INFO]   Added new fact R_17("str_5", "1000"^^<http://www.w3.org/2001/XMLSchema#double>, c_21, "111.7"^^<http://www.w3.org/2001/XMLSchema#double>, "str_3").
07:58:26 [INFO] 20 / 58
07:58:26 [INFO]   VIII Modify Rule - Remove Equality
07:58:26 [INFO]   Replaced a random number of var X_5 with var X_5_new_1 in the rule r_CON_23
07:58:26 [INFO] 21 / 58
07:58:26 [INFO]   IX Remove Fact Node and Edge
07:58:26 [INFO]   Removed fact R_OUT(16742037668050906954, 14156994711038173609, "str_9"). from the program
07:58:26 [INFO]   Removed fact R_OUT(16742037668050906954, 14156994711038173609, "str_9"). from the ADG.
07:58:26 [INFO] 22 / 58
07:58:26 [INFO]   VIII Modify Rule - Remove Equality
07:58:26 [INFO]   Replaced a random number of var X_1 with var X_1_new_1 in the rule r_CON_23
07:58:26 [INFO] 23 / 58
07:58:26 [INFO]   IV Add Relational Edge - New Literal
07:58:26 [INFO]   Generated literal TempAbove41(18384886770202202936, ?Z_4, ?Z_8) for rule r_GEN_1
07:58:26 [INFO] 24 / 58
07:58:26 [INFO]   I Add Relational Node
07:58:26 [INFO]   Added new relation R_23
07:58:26 [INFO] 25 / 58
07:58:26 [INFO]   II Add Fact Node and Edge
07:58:26 [INFO]   Added new fact R_17(12263503447766230979, c_22, c_23, c_24, 13406093573717760936).
07:58:26 [INFO] 26 / 58
07:58:26 [INFO]   VIII Modify Rule - Remove Equality
07:58:26 [INFO]   Replaced a random number of var X_5 with var X_5_new_2 in the rule r_CON_23
07:58:26 [INFO] 27 / 58
07:58:26 [INFO]   IX Remove Fact Node and Edge
07:58:26 [INFO]   Removed fact R_OUT(c_3, 3458956254703931496, 14820479962864370478). from the program
07:58:26 [INFO]   Removed fact R_OUT(c_3, 3458956254703931496, 14820479962864370478). from the ADG.
07:58:26 [INFO] 28 / 58
07:58:26 [INFO]   VII Modify Rule - Add Equality
07:58:26 [INFO]   Replaced var ?X_3 with var ?Z_2 in the rule r_GEN_1
07:58:26 [INFO] 29 / 58
07:58:26 [INFO]   IV Add Relational Edge - New Literal
07:58:26 [INFO]   Assigned relation R_22 the artiy 2
07:58:26 [INFO]   Generated literal R_22(?Z_2, ?Z_8) for rule r_GEN_1
07:58:26 [INFO] 30 / 58
07:58:26 [INFO]   IV Add Relational Edge - New Literal
07:58:26 [INFO]   Generated literal ~R_13(?Z_2, ?Z_8, ?Z_4, ?Z_2) for rule r_GEN_1
07:58:26 [INFO] 31 / 58
07:58:26 [INFO]   XI Add Contradictory Rule
07:58:26 [INFO]   Added new contradictory rule of name r_CON_24
07:58:26 [INFO]   R_5(?X_2, ?X_2, ?X_5, ?X_6, 13406093573717760936, ?X_3) :- TempAbove41(?X_2, ?X_2, ?X_5), TempAbove41(?X_6, 13406093573717760936, ?X_3), ~TempAbove41(?X_2, ?X_2, ?X_5) .
07:58:26 [INFO] 32 / 58
07:58:26 [INFO]   II Add Fact Node and Edge
07:58:26 [INFO]   Added new fact R_17("115.2"^^<http://www.w3.org/2001/XMLSchema#double>, "str_13", "str_14", c_23, 3458956254703931496).
07:58:26 [INFO] 33 / 58
07:58:26 [INFO]   VIII Modify Rule - Remove Equality
07:58:26 [INFO]   Replaced a random number of var X_1 with var X_1_new_2 in the rule r_CON_23
07:58:26 [INFO] 34 / 58
07:58:26 [INFO]   IX Remove Fact Node and Edge
07:58:26 [INFO]   Removed fact R_OUT("113.4"^^<http://www.w3.org/2001/XMLSchema#double>, "str_5", 16742037668050906954). from the program
07:58:26 [INFO]   Removed fact R_OUT("113.4"^^<http://www.w3.org/2001/XMLSchema#double>, "str_5", 16742037668050906954). from the ADG.
07:58:26 [INFO] 35 / 58
07:58:26 [INFO]   III Add Relational edges - New Rule
07:58:26 [INFO]   Added new rule of name r_CON_25
07:58:26 [INFO]   R_17(?X_3, "113.4"^^<http://www.w3.org/2001/XMLSchema#double>, ?X_2, ?X_5, ?X_1) :- R_14(?X_5, "113.4"^^<http://www.w3.org/2001/XMLSchema#double>, ?X_2), R_14(?X_5, ?X_1, ?X_3), ~R_15(?X_1, ?X_3, "113.4"^^<http://www.w3.org/2001/XMLSchema#double>, ?X_1) .
07:58:26 [INFO] 36 / 58
07:58:26 [INFO]   VII Modify Rule - Add Equality
07:58:26 [INFO]   Replaced var ?Z_2 with var ?Z_8 in the rule r_GEN_1
07:58:26 [INFO] 37 / 58
07:58:26 [INFO]   VII Modify Rule - Add Equality
07:58:26 [INFO]   Replaced var ?Z_4 with var ?Z_8 in the rule r_GEN_1
07:58:26 [INFO] 38 / 58
07:58:26 [INFO]   III Add Relational edges - New Rule
07:58:26 [INFO]   Added new rule of name r_CON_26
07:58:26 [INFO]   R_17(?X_5, ?X_1, "StationA", ?X_2, ?X_4) :- R_15(?X_5, ?X_2, "StationA", ?X_2), R_22("StationA", ?X_4), R_11(?X_1, "StationA", ?X_1, ?X_2, "StationA"), R_19("StationA", ?X_2, "StationA", "str_9", ?X_5), TempConstantOver24AtLeastFor1("StationA", ?Y_1, ?X_1), ~R_9("StationA") .
07:58:26 [INFO] 39 / 58
07:58:26 [INFO]   VIII Modify Rule - Remove Equality
07:58:26 [INFO]   Replaced a random number of var X_5 with var X_5_new_1 in the rule r_CON_26
07:58:26 [INFO] 40 / 58
07:58:26 [INFO]   II Add Fact Node and Edge
07:58:26 [INFO]   Assigned relation R_23 the artiy 6
07:58:26 [INFO]   Added new fact R_23("str_15", 12263503447766230979, c_25, c_26, "str_16", "StationA").
07:58:26 [INFO] 41 / 58
07:58:26 [INFO]   I Add Relational Node
07:58:26 [INFO]   Added new relation R_24
07:58:26 [INFO] 42 / 58
07:58:26 [INFO]   I Add Relational Node
07:58:26 [INFO]   Added new relation R_25
07:58:26 [INFO] 43 / 58
07:58:26 [INFO]   III Add Relational edges - New Rule
07:58:26 [INFO]   Assigned relation R_24 the artiy 6
07:58:26 [INFO]   Added new rule of name r_CON_27
07:58:26 [INFO]   R_24(?X_1, "210"^^<http://www.w3.org/2001/XMLSchema#double>, ?X_4, ?X_3, ?X_2, ?X_5) :- TempAbove41(?X_1, "210"^^<http://www.w3.org/2001/XMLSchema#double>, ?X_4), HeatAffectedState(?X_3, ?X_4, ?Y_1), HeavyWindForce(?Y_2, ?X_2, ?X_5), R_OUT(?X_2, ?X_5, ?X_1), HeavyWindForce(?Y_2, ?X_1, ?X_1) .
07:58:26 [INFO] 44 / 58
07:58:26 [INFO]   II Add Fact Node and Edge
07:58:26 [INFO]   Added new fact R_24(c_27, 18384886770202202936, c_28, "str_17", c_29, 9597278328770180543).
07:58:26 [INFO] 45 / 58
07:58:26 [INFO]   IX Remove Fact Node and Edge
07:58:26 [INFO]   Removed fact R_OUT(c_9, "str_6", 4449329531337822340). from the program
07:58:26 [INFO]   Removed fact R_OUT(c_9, "str_6", 4449329531337822340). from the ADG.
07:58:26 [INFO] 46 / 58
07:58:26 [INFO]   I Add Relational Node
07:58:26 [INFO]   Added new relation R_26
07:58:26 [INFO] 47 / 58
07:58:26 [INFO]   Xa Remove Relational Node - Rule Variant
07:58:26 [INFO]   Removing relational node R_24
07:58:26 [INFO]   Removing the Rule of the name r_CON_27
07:58:26 [INFO]   Removing at least 5 relational edges.
07:58:26 [INFO] 48 / 58
07:58:26 [INFO]   I Add Relational Node
07:58:26 [INFO]   Added new relation R_27
07:58:26 [INFO] 49 / 58
07:58:26 [INFO]   III Add Relational edges - New Rule
07:58:26 [INFO]   Added new rule of name r_CON_28
07:58:26 [INFO]   R_17(14820479962864370478, ?X_5, ?X_4, ?X_3, ?X_2) :- R_14(14820479962864370478, ?X_5, ?X_4), R_1(?X_3, "str_8", ?X_2), ~R_13(?X_3, "str_8", 14820479962864370478, "str_8"), ~R_9(14820479962864370478), ~R_10("str_8", ?X_5, ?X_2, c_26) .
07:58:26 [INFO] 50 / 58
07:58:26 [INFO]   VI Remove Relational Edge - Single Literal
07:58:26 [INFO]   Found the rule of the name r_CON_26
07:58:26 [INFO]   Removed relational edge NodeIndex(19): (R_9 -> R_17)
07:58:26 [INFO]   Attempting to remove the literal -R_9(, "StationA") from the rule r_CON_26
07:58:26 [INFO] 51 / 58
07:58:26 [INFO]   VII Modify Rule - Add Equality
07:58:26 [INFO]   Aborting the introduction of an equality - rule has too few variables!
07:58:26 [INFO] 52 / 58
07:58:26 [INFO]   VIII Modify Rule - Remove Equality
07:58:26 [INFO]   Replaced a random number of var X_2 with var X_2_new_1 in the rule r_CON_26
07:58:26 [INFO] 53 / 58
07:58:26 [INFO]   I Add Relational Node
07:58:26 [INFO]   Added new relation R_28
07:58:26 [INFO] 54 / 58
07:58:26 [INFO]   IV Add Relational Edge - New Literal
07:58:26 [INFO]   Generated literal R_13(?Z_2, ?Z_7, "117.1"^^<http://www.w3.org/2001/XMLSchema#double>, c_6) for rule r_GEN_1
07:58:26 [INFO] 55 / 58
07:58:26 [INFO]   II Add Fact Node and Edge
07:58:26 [INFO]   Added new fact R_23(c_30, c_2, "str_7", c_12, 14058087543270203378, c_31).
07:58:26 [INFO] 56 / 58
07:58:26 [INFO]   VIII Modify Rule - Remove Equality
07:58:26 [INFO]   Replaced a random number of var X_5 with var X_5_new_1 in the rule r_CON_25
07:58:26 [INFO] 57 / 58
07:58:26 [INFO]   IX Remove Fact Node and Edge
07:58:26 [INFO]   Removed fact R_OUT(3458956254703931496, "StationA", c_4). from the program
07:58:26 [INFO]   Removed fact R_OUT(3458956254703931496, "StationA", c_4). from the ADG.
07:58:26 [INFO] 58 / 58
07:58:26 [INFO]   I Add Relational Node
07:58:26 [INFO]   Added new relation R_29
07:58:26 [INFO] ----------------------------------------------
07:58:26 [INFO] ------------ Transformations Done ------------
07:58:26 [INFO] ----------------------------------------------
07:58:26 [INFO]  Ressources required: 
                
07:58:26 [INFO] ---------- Transformed ADG Summary: ----------
07:58:26 [INFO] ADG Fact Nodes:                  20
07:58:26 [INFO] ADG Relational Nodes:            37
07:58:26 [INFO] ADG Fact Edges:                  20
07:58:26 [INFO] ADG Relational Edges:            87
07:58:26 [INFO] Number of inv. Strata:           4
07:58:26 [INFO] 
07:58:26 [INFO] Nodes with None Ancestry:        0
07:58:26 [INFO] Nodes with Positive Ancestry:    1
07:58:26 [INFO] Nodes with Negative Ancestry:    1
07:58:26 [INFO] Nodes with Unknown Ancestry:     29
07:58:26 [INFO] 
07:58:26 [INFO] Next rule name would be:         r_CON_29
07:58:26 [INFO] Next predicate name would be:    R_30
07:58:26 [INFO] Next constant name would be:     c_32
07:58:26 [INFO] Next string would be:            "str_18"
07:58:26 [INFO] 
07:58:26 [INFO] Output predicate:                R_OUT
07:58:26 [INFO] Rule count:                      31
07:58:26 [INFO] Average rel. arity:              3.5757575757575757
07:58:26 [INFO] Arity calc. may be inaccurate if arity > f64
07:58:26 [INFO] ----------------------------------------------
07:58:26 [INFO] 
07:58:26 [INFO] --------- Performed Transformations: ---------
07:58:26 [INFO]  #      Type
07:58:26 [INFO]  16      Failed Transformation Attempts
07:58:26 [INFO]  8      I     Add Relational Node
07:58:26 [INFO]  9      II    Add Fact Node and Edge
07:58:26 [INFO]  5      III   Add Relational edges - New Rule
07:58:26 [INFO]  5      IV    Add Relational Edge - New Literal
07:58:26 [INFO]  8      IX    Remove Fact Node and Edge
07:58:26 [INFO]  0      V     Remove Relational Edges - Whole Rule
07:58:26 [INFO]  3      VI    Remove Relational Edge - Single Literal
07:58:26 [INFO]  7      VII   Modify Rule - Add Equality
07:58:26 [INFO]  11      VIII  Modify Rule - Remove Equality
07:58:26 [INFO]  1      XI   Add Contradictory Rule
07:58:26 [INFO]  1      Xa     Remove Relational Node Rule Variant - None anc only
07:58:26 [INFO] ----------------------------------------------
07:58:26 [INFO] 
07:58:26 [INFO] Writing output ADG and file.
07:58:26 [INFO] 
07:58:26 [INFO] ----------------------------------------------
07:58:26 [INFO] -- Beginning Nemo Execution - Input Program --
07:58:26 [INFO] ----------------------------------------------
07:58:26 [INFO] Stratified program: [[0, 1, 2, 3, 4, 5, 7, 8, 10, 12, 13, 16, 17], [14, 18], [6, 9, 11, 15, 19, 20, 21, 22, 23, 24], [25]]
07:58:26 [INFO] Loading source SimpleTable { arity: 3, data: [AnyDataValue(PlainString(StringDataValue("str_2"))), AnyDataValue(Double(DoubleDataValue(213.5))), AnyDataValue(Double(DoubleDataValue(213.5))), AnyDataValue(Iri(IriDataValue("c_4"))), AnyDataValue(Double(DoubleDataValue(115.2))), AnyDataValue(UnsignedLong(UnsignedLongDataValue(3847744805701495938))), AnyDataValue(UnsignedLong(UnsignedLongDataValue(3458956254703931496))), AnyDataValue(PlainString(StringDataValue("StationA"))), AnyDataValue(Iri(IriDataValue("c_4"))), AnyDataValue(PlainString(StringDataValue("str_4"))), AnyDataValue(Iri(IriDataValue("c_7"))), AnyDataValue(PlainString(StringDataValue("StationA"))), AnyDataValue(Double(DoubleDataValue(113.4))), AnyDataValue(PlainString(StringDataValue("str_5"))), AnyDataValue(UnsignedLong(UnsignedLongDataValue(16742037668050906954))), AnyDataValue(Double(DoubleDataValue(117.1))), AnyDataValue(Double(DoubleDataValue(111.7))), AnyDataValue(Iri(IriDataValue("c_8"))), AnyDataValue(Iri(IriDataValue("c_3"))), AnyDataValue(UnsignedLong(UnsignedLongDataValue(3458956254703931496))), AnyDataValue(UnsignedLong(UnsignedLongDataValue(14820479962864370478))), AnyDataValue(Iri(IriDataValue("c_9"))), AnyDataValue(PlainString(StringDataValue("str_6"))), AnyDataValue(UnsignedLong(UnsignedLongDataValue(4449329531337822340))), AnyDataValue(UnsignedLong(UnsignedLongDataValue(16742037668050906954))), AnyDataValue(UnsignedLong(UnsignedLongDataValue(14156994711038173609))), AnyDataValue(PlainString(StringDataValue("str_9"))), AnyDataValue(PlainString(StringDataValue("str_6"))), AnyDataValue(Iri(IriDataValue("c_14"))), AnyDataValue(PlainString(StringDataValue("StationA")))] }
07:58:26 [INFO] Execution step: Combining Tables
07:58:26 [INFO] Saved permanent table R_OUT (0-1) Permutation { idx_to_val: [], val_to_idx: [] } with 10 entries (11384)
07:58:26 [INFO] <<< STEP 1: APPLYING RULE 0 TempAbove41DiamondMinus1(?Station, ?Start, ?_HEAD_1) :- TempAbove41(?Station, ?Start, ?End), Equal(?_HEAD_1, NumericSum(?End, "1"^^<http://www.w3.org/2001/XMLSchema#double>)) >>>
07:58:26 [INFO] Loading source SimpleTable { arity: 3, data: [AnyDataValue(PlainString(StringDataValue("StationA"))), AnyDataValue(Double(DoubleDataValue(213.4))), AnyDataValue(Double(DoubleDataValue(213.5)))] }
07:58:26 [INFO] Execution step: Body
07:58:26 [INFO] Saved temporary table: 1 entries (10316)
07:58:26 [INFO] Execution step: Duplicate Elimination (Datalog)
07:58:26 [INFO] Saved permanent table TempAbove41DiamondMinus1 (1) Permutation { idx_to_val: [], val_to_idx: [] } with 1 entries (10364)
07:58:26 [INFO] Rule duration: 0 ms
07:58:26 [INFO] <<< STEP 2: APPLYING RULE 0 TempAbove41DiamondMinus1(?Station, ?Start, ?_HEAD_1) :- TempAbove41(?Station, ?Start, ?End), Equal(?_HEAD_1, NumericSum(?End, "1"^^<http://www.w3.org/2001/XMLSchema#double>)) >>>
07:58:26 [INFO] Execution step: Body
07:58:26 [INFO] Trie does not contain any elements
07:58:26 [INFO] Execution step: Duplicate Elimination (Datalog)
07:58:26 [INFO] Trie does not contain any elements
07:58:26 [INFO] Rule duration: 0 ms
07:58:26 [INFO] <<< STEP 3: APPLYING RULE 1 TempConstantOver24AtLeastFor1(?Station, ?_HEAD_1, ?End) :- TempAbove24(?Station, ?Start, ?End), NumericLessthan(NumericSum(?Start, "1"^^<http://www.w3.org/2001/XMLSchema#double>), ?End), Equal(?_HEAD_1, NumericSum(?Start, "1"^^<http://www.w3.org/2001/XMLSchema#double>)) >>>
07:58:26 [INFO] Loading source SimpleTable { arity: 3, data: [AnyDataValue(PlainString(StringDataValue("StationA"))), AnyDataValue(Double(DoubleDataValue(210.0))), AnyDataValue(Double(DoubleDataValue(215.0)))] }
07:58:26 [INFO] Execution step: Body
07:58:26 [INFO] Saved temporary table: 1 entries (10316)
07:58:26 [INFO] Execution step: Duplicate Elimination (Datalog)
07:58:26 [INFO] Saved permanent table TempConstantOver24AtLeastFor1 (3) Permutation { idx_to_val: [], val_to_idx: [] } with 1 entries (10364)
07:58:26 [INFO] Rule duration: 0 ms
07:58:26 [INFO] <<< STEP 4: APPLYING RULE 1 TempConstantOver24AtLeastFor1(?Station, ?_HEAD_1, ?End) :- TempAbove24(?Station, ?Start, ?End), NumericLessthan(NumericSum(?Start, "1"^^<http://www.w3.org/2001/XMLSchema#double>), ?End), Equal(?_HEAD_1, NumericSum(?Start, "1"^^<http://www.w3.org/2001/XMLSchema#double>)) >>>
07:58:26 [INFO] Execution step: Body
07:58:26 [INFO] Trie does not contain any elements
07:58:26 [INFO] Execution step: Duplicate Elimination (Datalog)
07:58:26 [INFO] Trie does not contain any elements
07:58:26 [INFO] Rule duration: 0 ms
07:58:26 [INFO] <<< STEP 5: APPLYING RULE 2 ExcessiveHeat(?Station, ?_HEAD_1, ?_HEAD_2) :- TempAbove41DiamondMinus1(?Station, ?Start41, ?End41), TempConstantOver24AtLeastFor1(?Station, ?Start24, ?End24), NumericLessthan(?Start41, ?End24), NumericLessthan(?Start24, ?End41), Equal(?_HEAD_1, NumericSubtraction(NumericMaximum(?Start24, ?Start41), "1"^^<http://www.w3.org/2001/XMLSchema#double>)), Equal(?_HEAD_2, NumericMinimum(?End41, ?End24)) >>>
07:58:26 [INFO] Execution step: Body
07:58:26 [INFO] Saved temporary table: 1 entries (10316)
07:58:26 [INFO] Execution step: Duplicate Elimination (Datalog)
07:58:26 [INFO] Saved permanent table ExcessiveHeat (5) Permutation { idx_to_val: [], val_to_idx: [] } with 1 entries (10364)
07:58:26 [INFO] Rule duration: 0 ms
07:58:26 [INFO] <<< STEP 6: APPLYING RULE 2 ExcessiveHeat(?Station, ?_HEAD_1, ?_HEAD_2) :- TempAbove41DiamondMinus1(?Station, ?Start41, ?End41), TempConstantOver24AtLeastFor1(?Station, ?Start24, ?End24), NumericLessthan(?Start41, ?End24), NumericLessthan(?Start24, ?End41), Equal(?_HEAD_1, NumericSubtraction(NumericMaximum(?Start24, ?Start41), "1"^^<http://www.w3.org/2001/XMLSchema#double>)), Equal(?_HEAD_2, NumericMinimum(?End41, ?End24)) >>>
07:58:26 [INFO] Execution step: Body
07:58:26 [INFO] Trie does not contain any elements
07:58:26 [INFO] Execution step: Duplicate Elimination (Datalog)
07:58:26 [INFO] Trie does not contain any elements
07:58:26 [INFO] Rule duration: 0 ms
07:58:26 [INFO] <<< STEP 7: APPLYING RULE 3 HeatAffectedState(?State, ?_HEAD_1, ?_HEAD_2) :- ExcessiveHeat(?Station, ?StartHeat, ?EndHeat), LocatedInState(?Station, ?State, ?StartIn, ?EndIn), NumericLessthan(?StartHeat, ?EndIn), NumericLessthan(?StartIn, ?EndHeat), Equal(?_HEAD_1, NumericMaximum(?StartHeat, ?StartIn)), Equal(?_HEAD_2, NumericMinimum(?EndHeat, ?EndIn)) >>>
07:58:26 [INFO] Loading source SimpleTable { arity: 4, data: [AnyDataValue(PlainString(StringDataValue("StationA"))), AnyDataValue(PlainString(StringDataValue("Ohio"))), AnyDataValue(Double(DoubleDataValue(0.0))), AnyDataValue(Double(DoubleDataValue(1000.0)))] }
07:58:26 [INFO] Execution step: Body
07:58:26 [INFO] Saved temporary table: 1 entries (10316)
07:58:26 [INFO] Execution step: Duplicate Elimination (Datalog)
07:58:26 [INFO] Saved permanent table HeatAffectedState (7) Permutation { idx_to_val: [], val_to_idx: [] } with 1 entries (10364)
07:58:26 [INFO] Rule duration: 0 ms
07:58:26 [INFO] <<< STEP 8: APPLYING RULE 3 HeatAffectedState(?State, ?_HEAD_1, ?_HEAD_2) :- ExcessiveHeat(?Station, ?StartHeat, ?EndHeat), LocatedInState(?Station, ?State, ?StartIn, ?EndIn), NumericLessthan(?StartHeat, ?EndIn), NumericLessthan(?StartIn, ?EndHeat), Equal(?_HEAD_1, NumericMaximum(?StartHeat, ?StartIn)), Equal(?_HEAD_2, NumericMinimum(?EndHeat, ?EndIn)) >>>
07:58:26 [INFO] Execution step: Body
07:58:26 [INFO] Trie does not contain any elements
07:58:26 [INFO] Execution step: Duplicate Elimination (Datalog)
07:58:26 [INFO] Trie does not contain any elements
07:58:26 [INFO] Rule duration: 0 ms
07:58:26 [INFO] <<< STEP 9: APPLYING RULE 4 HeavyWind(?Station, ?Start, ?End) :- HeavyWindForce(?Station, ?Start, ?End), NumericLessthan(NumericSum(?Start, "1"^^<http://www.w3.org/2001/XMLSchema#double>), ?End) >>>
07:58:26 [INFO] Loading source SimpleTable { arity: 3, data: [AnyDataValue(PlainString(StringDataValue("StationA"))), AnyDataValue(Double(DoubleDataValue(111.7))), AnyDataValue(Double(DoubleDataValue(112.0))), AnyDataValue(PlainString(StringDataValue("StationA"))), AnyDataValue(Double(DoubleDataValue(113.4))), AnyDataValue(Double(DoubleDataValue(115.2))), AnyDataValue(PlainString(StringDataValue("StationA"))), AnyDataValue(Double(DoubleDataValue(115.3))), AnyDataValue(Double(DoubleDataValue(117.0))), AnyDataValue(PlainString(StringDataValue("StationA"))), AnyDataValue(Double(DoubleDataValue(117.1))), AnyDataValue(Double(DoubleDataValue(118.0)))] }
07:58:26 [INFO] Execution step: Body
07:58:26 [INFO] Saved temporary table: 2 entries (10380)
07:58:26 [INFO] Execution step: Duplicate Elimination (Datalog)
07:58:26 [INFO] Saved permanent table HeavyWind (9) Permutation { idx_to_val: [], val_to_idx: [] } with 2 entries (10428)
07:58:26 [INFO] Rule duration: 0 ms
07:58:26 [INFO] <<< STEP 10: APPLYING RULE 4 HeavyWind(?Station, ?Start, ?End) :- HeavyWindForce(?Station, ?Start, ?End), NumericLessthan(NumericSum(?Start, "1"^^<http://www.w3.org/2001/XMLSchema#double>), ?End) >>>
07:58:26 [INFO] Execution step: Body
07:58:26 [INFO] Trie does not contain any elements
07:58:26 [INFO] Execution step: Duplicate Elimination (Datalog)
07:58:26 [INFO] Trie does not contain any elements
07:58:26 [INFO] Rule duration: 0 ms
07:58:26 [INFO] <<< STEP 11: APPLYING RULE 5 HeavyWindAffectedState(?State, ?_HEAD_1, ?_HEAD_2) :- HeavyWind(?Station, ?StartWind, ?EndWind), LocatedInState(?Station, ?State, ?StartIn, ?EndIn), NumericLessthan(?StartWind, ?EndIn), NumericLessthan(?StartIn, ?EndWind), Equal(?_HEAD_1, NumericMaximum(?StartWind, ?StartIn)), Equal(?_HEAD_2, NumericMinimum(?EndWind, ?EndIn)) >>>
07:58:26 [INFO] Execution step: Body
07:58:26 [INFO] Saved temporary table: 2 entries (10380)
07:58:26 [INFO] Execution step: Duplicate Elimination (Datalog)
07:58:26 [INFO] Saved permanent table HeavyWindAffectedState (11) Permutation { idx_to_val: [], val_to_idx: [] } with 2 entries (10428)
07:58:26 [INFO] Rule duration: 0 ms
07:58:26 [INFO] <<< STEP 12: APPLYING RULE 5 HeavyWindAffectedState(?State, ?_HEAD_1, ?_HEAD_2) :- HeavyWind(?Station, ?StartWind, ?EndWind), LocatedInState(?Station, ?State, ?StartIn, ?EndIn), NumericLessthan(?StartWind, ?EndIn), NumericLessthan(?StartIn, ?EndWind), Equal(?_HEAD_1, NumericMaximum(?StartWind, ?StartIn)), Equal(?_HEAD_2, NumericMinimum(?EndWind, ?EndIn)) >>>
07:58:26 [INFO] Execution step: Body
07:58:26 [INFO] Trie does not contain any elements
07:58:26 [INFO] Execution step: Duplicate Elimination (Datalog)
07:58:26 [INFO] Trie does not contain any elements
07:58:26 [INFO] Rule duration: 0 ms
07:58:26 [INFO] <<< STEP 13: APPLYING RULE 8 R_6(?X_5, ?X_4, ?X_1, ?X_3, "118"^^<http://www.w3.org/2001/XMLSchema#double>, ?X_1) :- LocatedInState(?_BODY_1, ?X_4, ?Y_2, ?X_3), LocatedInState(?_BODY_2, ?X_1, ?_BODY_3, ?X_5), Equal(?_BODY_1, "115.2"^^<http://www.w3.org/2001/XMLSchema#double>), Equal(?_BODY_2, "118"^^<http://www.w3.org/2001/XMLSchema#double>), Equal(?_BODY_3, ?X_1) >>>
07:58:26 [INFO] Execution step: Body
07:58:26 [INFO] Trie does not contain any elements
07:58:26 [INFO] Execution step: Duplicate Elimination (Datalog)
07:58:26 [INFO] Trie does not contain any elements
07:58:26 [INFO] Rule duration: 0 ms
07:58:26 [INFO] <<< STEP 14: APPLYING RULE 7 R_2(?X_2, ?X_2) :- R_6(?X_2, ?_BODY_1, ?_BODY_2, ?_BODY_3, ?_BODY_4, ?_BODY_5), Equal(?_BODY_1, ?X_2), Equal(?_BODY_2, "115.3"^^<http://www.w3.org/2001/XMLSchema#double>), Equal(?_BODY_3, ?X_2), Equal(?_BODY_4, ?X_2), Equal(?_BODY_5, "115.3"^^<http://www.w3.org/2001/XMLSchema#double>) >>>
07:58:26 [INFO] Execution step: Body
07:58:26 [INFO] Trie does not contain any elements
07:58:26 [INFO] Execution step: Duplicate Elimination (Datalog)
07:58:26 [INFO] Trie does not contain any elements
07:58:26 [INFO] Rule duration: 0 ms
07:58:26 [INFO] <<< STEP 15: APPLYING RULE 10 R_18(?X_1) :- R_6(?X_1, ?Y_1, ?_BODY_1, ?_BODY_2, ?_BODY_3, ?_BODY_4), Equal(?_BODY_1, ?X_1), Equal(?_BODY_2, ?X_1), Equal(?_BODY_3, ?Y_1), Equal(?_BODY_4, ?X_1) >>>
07:58:26 [INFO] Execution step: Body
07:58:26 [INFO] Trie does not contain any elements
07:58:26 [INFO] Execution step: Duplicate Elimination (Datalog)
07:58:26 [INFO] Trie does not contain any elements
07:58:26 [INFO] Rule duration: 0 ms
07:58:26 [INFO] <<< STEP 16: APPLYING RULE 12 R_7(?X_2, "StationA") :- TempAbove41(?X_2, ?_BODY_1, ?_BODY_2), HeavyWindAffectedState(?X_2, ?_BODY_3, ?Z_1), Equal(?_BODY_1, "112"^^<http://www.w3.org/2001/XMLSchema#double>), Equal(?_BODY_2, "StationA"), Equal(?_BODY_3, ?X_2) >>>
07:58:26 [INFO] Execution step: Body
07:58:26 [INFO] Trie does not contain any elements
07:58:26 [INFO] Execution step: Duplicate Elimination (Datalog)
07:58:26 [INFO] Trie does not contain any elements
07:58:26 [INFO] Rule duration: 0 ms
07:58:26 [INFO] <<< STEP 17: APPLYING RULE 13 R_5(?X_6, ?X_4, "215"^^<http://www.w3.org/2001/XMLSchema#double>, ?X_3, ?X_2, ?X_1) :- HeavyWindForce(?X_6, ?X_4, ?_BODY_1), HeavyWindForce(?X_3, ?X_2, ?X_1), LocatedInState(?X_6, ?X_2, ?Z_2, ?_BODY_2), TempAbove24(?X_4, ?X_1, ?Z_4), Equal(?_BODY_1, "215"^^<http://www.w3.org/2001/XMLSchema#double>), Equal(?_BODY_2, "213.4"^^<http://www.w3.org/2001/XMLSchema#double>) >>>
07:58:26 [INFO] Execution step: Body
07:58:26 [INFO] Trie does not contain any elements
07:58:26 [INFO] Execution step: Duplicate Elimination (Datalog)
07:58:26 [INFO] Trie does not contain any elements
07:58:26 [INFO] Rule duration: 0 ms
07:58:26 [INFO] <<< STEP 18: APPLYING RULE 16 R_10(?X_2, ?X_4, ?X_1, ?X_3) :- R_7(?X_2, ?X_4), R_7(?X_1, ?X_3), TempAbove41(?X_1, ?_BODY_1, ?X_2), R_6(?X_4, ?X_3, ?X_2, ?X_1, ?_BODY_2, ?Z_2), Equal(?_BODY_1, ?X_1), Equal(?_BODY_2, ?X_2) >>>
07:58:26 [INFO] Execution step: Body
07:58:26 [INFO] Trie does not contain any elements
07:58:26 [INFO] Execution step: Duplicate Elimination (Datalog)
07:58:26 [INFO] Trie does not contain any elements
07:58:26 [INFO] Rule duration: 0 ms
07:58:26 [INFO] <<< STEP 19: APPLYING RULE 17 R_11("0"^^<http://www.w3.org/2001/XMLSchema#double>, ?X_2, ?X_1, ?X_4, ?X_5) :- TempAbove41DiamondMinus1(?_BODY_1, ?X_2, ?X_1), TempAbove41DiamondMinus1(?X_4, ?X_5, ?X_2), R_10(?X_4, ?X_2, ?_BODY_2, ?X_1), Equal(?_BODY_1, "0"^^<http://www.w3.org/2001/XMLSchema#double>), Equal(?_BODY_2, ?X_2) >>>
07:58:26 [INFO] Execution step: Body
07:58:26 [INFO] Trie does not contain any elements
07:58:26 [INFO] Execution step: Duplicate Elimination (Datalog)
07:58:26 [INFO] Trie does not contain any elements
07:58:26 [INFO] Rule duration: 0 ms
07:58:26 [INFO] <<< STEP 20: APPLYING RULE 14 R_9("StationA") :- ExcessiveHeat(?_BODY_1, ?_BODY_2, ?_BODY_3), R_2(?_BODY_4, ?Z_1), TempAbove41DiamondMinus1(?_BODY_5, ?_BODY_6, ?_BODY_7), Equal(?_BODY_1, "StationA"), Equal(?_BODY_2, "StationA"), Equal(?_BODY_3, "StationA"), Equal(?_BODY_4, "118"^^<http://www.w3.org/2001/XMLSchema#double>), Equal(?_BODY_5, "115.3"^^<http://www.w3.org/2001/XMLSchema#double>), Equal(?_BODY_6, "0"^^<http://www.w3.org/2001/XMLSchema#double>), Equal(?_BODY_7, "1000"^^<http://www.w3.org/2001/XMLSchema#double>) >>>
07:58:26 [INFO] Execution step: Project/Reorder
07:58:26 [INFO] Saved temporary table: 1 entries (10364)
07:58:26 [INFO] Execution step: Body
07:58:26 [INFO] Trie does not contain any elements
07:58:26 [INFO] Execution step: Duplicate Elimination (Datalog)
07:58:26 [INFO] Trie does not contain any elements
07:58:26 [INFO] Rule duration: 0 ms
07:58:26 [INFO] <<< STEP 21: APPLYING RULE 18 R_13(?X_1, "210"^^<http://www.w3.org/2001/XMLSchema#double>, ?X_3, ?X_2) :- R_9(?X_1), R_9(?_BODY_1), R_9(?X_3), R_9(?X_2), R_11(?X_3, ?_BODY_2, ?X_1, ?X_2, ?_BODY_3), Equal(?_BODY_1, "210"^^<http://www.w3.org/2001/XMLSchema#double>), Equal(?_BODY_2, "StationA"), Equal(?_BODY_3, ?X_2) >>>
07:58:26 [INFO] Execution step: Body
07:58:26 [INFO] Trie does not contain any elements
07:58:26 [INFO] Execution step: Duplicate Elimination (Datalog)
07:58:26 [INFO] Trie does not contain any elements
07:58:26 [INFO] Rule duration: 0 ms
07:58:26 [INFO] <<< STEP 22: APPLYING RULE 6 R_1(?X_3, "210"^^<http://www.w3.org/2001/XMLSchema#double>, ?X_2) :- R_19(?X_3, ?_BODY_1, ?_BODY_2, ?Y_1, ?X_2), Equal(?_BODY_1, "210"^^<http://www.w3.org/2001/XMLSchema#double>), Equal(?_BODY_2, "StationA") >>>
07:58:26 [INFO] Execution step: Body
07:58:26 [INFO] Trie does not contain any elements
07:58:26 [INFO] Execution step: Duplicate Elimination (Datalog)
07:58:26 [INFO] Trie does not contain any elements
07:58:26 [INFO] Rule duration: 0 ms
07:58:26 [INFO] <<< STEP 23: APPLYING RULE 9 R_15(?X_1, ?X_1, ?X_3, ?X_2) :- R_1(?Y_1, ?X_1, ?_BODY_1), R_1(?X_2, ?X_1, ?X_3), Equal(?_BODY_1, "112"^^<http://www.w3.org/2001/XMLSchema#double>) >>>
07:58:26 [INFO] Execution step: Body
07:58:26 [INFO] Trie does not contain any elements
07:58:26 [INFO] Execution step: Duplicate Elimination (Datalog)
07:58:26 [INFO] Trie does not contain any elements
07:58:26 [INFO] Rule duration: 0 ms
07:58:26 [INFO] <<< STEP 24: APPLYING RULE 15 R_16(?X_1) :- HeatAffectedState(?X_1, ?_BODY_1, ?Y_1), HeatAffectedState(?_BODY_2, ?X_1, ?_BODY_3), TempConstantOver24AtLeastFor1(?X_1, ?_BODY_4, ?Z_1), R_4(?X_1, ?_BODY_5, ?Z_4, ?_BODY_6, ?_BODY_7), Equal(?_BODY_1, "117.1"^^<http://www.w3.org/2001/XMLSchema#double>), Equal(?_BODY_2, "StationA"), Equal(?_BODY_3, ?X_1), Equal(?_BODY_4, ?X_1), Equal(?_BODY_5, ?X_1), Equal(?_BODY_6, ?X_1), Equal(?_BODY_7, ?X_1) >>>
07:58:26 [INFO] Execution step: Body
07:58:26 [INFO] Trie does not contain any elements
07:58:26 [INFO] Execution step: Duplicate Elimination (Datalog)
07:58:26 [INFO] Trie does not contain any elements
07:58:26 [INFO] Rule duration: 0 ms
07:58:26 [INFO] <<< STEP 25: APPLYING RULE 19 R_8(?X_1, ?X_2, ?X_4, ?X_6, "117"^^<http://www.w3.org/2001/XMLSchema#double>, ?X_3) :- R_19(?X_1, ?X_4, ?_BODY_1, ?_BODY_2, ?_BODY_3), R_19(?X_3, ?_BODY_4, ?X_6, ?X_2, ?_BODY_5), HeavyWind(?X_1, ?Z_2, ?X_2), R_3(?X_2, ?Z_4, ?X_4), R_12(?Z_4, ?Z_2, ?X_6, ?_BODY_6), Equal(?_BODY_1, ?X_4), Equal(?_BODY_2, ?X_4), Equal(?_BODY_3, ?X_1), Equal(?_BODY_4, "117"^^<http://www.w3.org/2001/XMLSchema#double>), Equal(?_BODY_5, ?X_6), Equal(?_BODY_6, "118"^^<http://www.w3.org/2001/XMLSchema#double>) >>>
07:58:26 [INFO] Execution step: Body
07:58:26 [INFO] Trie does not contain any elements
07:58:26 [INFO] Execution step: Duplicate Elimination (Datalog)
07:58:26 [INFO] Trie does not contain any elements
07:58:26 [INFO] Rule duration: 0 ms
07:58:26 [INFO] <<< STEP 26: APPLYING RULE 20 R_4(?X_1, "StationA", ?X_3, ?X_5, ?X_4) :- R_11(?X_1, ?_BODY_1, ?X_3, ?X_5, ?X_4), R_1(?X_4, ?X_1, ?Z_1), R_13(?X_1, ?Z_1, ?X_3, ?X_4), Equal(?_BODY_1, "StationA") >>>
07:58:26 [INFO] Execution step: Body
07:58:26 [INFO] Trie does not contain any elements
07:58:26 [INFO] Execution step: Duplicate Elimination (Datalog)
07:58:26 [INFO] Trie does not contain any elements
07:58:26 [INFO] Rule duration: 0 ms
07:58:26 [INFO] <<< STEP 27: APPLYING RULE 21 R_12(?X_2, ?X_3, ?X_4, ?X_1) :- R_8(?Y_1, ?X_3, ?X_4, ?X_1, ?X_2, ?_BODY_1), R_14(?Z_3, ?X_3, ?_BODY_2), Equal(?_BODY_1, "StationA"), Equal(?_BODY_2, ?X_3) >>>
07:58:26 [INFO] Execution step: Body
07:58:26 [INFO] Trie does not contain any elements
07:58:26 [INFO] Execution step: Duplicate Elimination (Datalog)
07:58:26 [INFO] Trie does not contain any elements
07:58:26 [INFO] Rule duration: 0 ms
07:58:26 [INFO] <<< STEP 28: APPLYING RULE 22 R_3(?X_1, "StationA", ?X_3) :- R_15(?Y_1, ?_BODY_1, ?X_3, ?X_1), R_7(?X_3, ?Z_1), R_15(?X_1, ?_BODY_2, ?Y_1, ?Z_4), R_9(?Y_1), Equal(?_BODY_1, "StationA"), Equal(?_BODY_2, ?X_1) >>>
07:58:26 [INFO] Execution step: Project/Reorder
07:58:26 [INFO] Trie does not contain any elements
07:58:26 [INFO] Execution step: Body
07:58:26 [INFO] Trie does not contain any elements
07:58:26 [INFO] Execution step: Duplicate Elimination (Datalog)
07:58:26 [INFO] Trie does not contain any elements
07:58:26 [INFO] Rule duration: 0 ms
07:58:26 [INFO] <<< STEP 29: APPLYING RULE 23 R_14(?X_3, ?X_3, ?X_2) :- R_11(?X_2, ?X_3, ?_BODY_1, ?_BODY_2, ?_BODY_3), R_16(?X_2), Equal(?_BODY_1, "StationA"), Equal(?_BODY_2, ?X_2), Equal(?_BODY_3, ?X_3) >>>
07:58:26 [INFO] Execution step: Body
07:58:26 [INFO] Trie does not contain any elements
07:58:26 [INFO] Execution step: Duplicate Elimination (Datalog)
07:58:26 [INFO] Trie does not contain any elements
07:58:26 [INFO] Rule duration: 0 ms
07:58:26 [INFO] <<< STEP 30: APPLYING RULE 24 R_19(?X_3, ?X_5, "210"^^<http://www.w3.org/2001/XMLSchema#double>, ?X_1, ?X_4) :- R_3(?X_4, ?X_5, ?_BODY_1), R_3(?X_1, ?X_4, ?X_3), R_5(?X_1, ?Z_3, ?X_4, ?X_5, ?Z_1, ?X_3), R_8(?X_4, ?Z_5, ?Z_2, ?_BODY_2, ?X_5, ?X_3), R_18(?Z_2), Equal(?_BODY_1, "210"^^<http://www.w3.org/2001/XMLSchema#double>), Equal(?_BODY_2, ?X_4) >>>
07:58:26 [INFO] Execution step: Body
07:58:26 [INFO] Trie does not contain any elements
07:58:26 [INFO] Execution step: Duplicate Elimination (Datalog)
07:58:26 [INFO] Trie does not contain any elements
07:58:26 [INFO] Rule duration: 0 ms
07:58:26 [INFO] <<< STEP 31: APPLYING RULE 11 R_17(?X_2, ?X_3, "112"^^<http://www.w3.org/2001/XMLSchema#double>, ?X_4, ?X_4) :- R_16(?X_2), R_16(?X_3), R_16(?_BODY_1), R_16(?X_4), R_16(?X_4), ExcessiveHeat(?Z_2, ?X_3, ?X_4), Equal(?_BODY_1, "112"^^<http://www.w3.org/2001/XMLSchema#double>) >>>
07:58:26 [INFO] Loading source SimpleTable { arity: 5, data: [AnyDataValue(Double(DoubleDataValue(215.0))), AnyDataValue(Double(DoubleDataValue(215.0))), AnyDataValue(Double(DoubleDataValue(117.1))), AnyDataValue(PlainString(StringDataValue("Ohio"))), AnyDataValue(Double(DoubleDataValue(115.2))), AnyDataValue(PlainString(StringDataValue("str_1"))), AnyDataValue(Iri(IriDataValue("c_1"))), AnyDataValue(Double(DoubleDataValue(117.1))), AnyDataValue(Iri(IriDataValue("c_2"))), AnyDataValue(Double(DoubleDataValue(210.0))), AnyDataValue(PlainString(StringDataValue("Ohio"))), AnyDataValue(UnsignedLong(UnsignedLongDataValue(18384886770202202936))), AnyDataValue(UnsignedLong(UnsignedLongDataValue(18384886770202202936))), AnyDataValue(Double(DoubleDataValue(115.2))), AnyDataValue(Double(DoubleDataValue(210.0))), AnyDataValue(UnsignedLong(UnsignedLongDataValue(3458956254703931496))), AnyDataValue(Iri(IriDataValue("c_3"))), AnyDataValue(PlainString(StringDataValue("str_1"))), AnyDataValue(Iri(IriDataValue("c_4"))), AnyDataValue(PlainString(StringDataValue("str_1"))), AnyDataValue(PlainString(StringDataValue("str_3"))), AnyDataValue(Iri(IriDataValue("c_5"))), AnyDataValue(PlainString(StringDataValue("StationA"))), AnyDataValue(PlainString(StringDataValue("str_2"))), AnyDataValue(UnsignedLong(UnsignedLongDataValue(3458956254703931496))), AnyDataValue(Double(DoubleDataValue(112.0))), AnyDataValue(Iri(IriDataValue("c_6"))), AnyDataValue(Double(DoubleDataValue(213.5))), AnyDataValue(Double(DoubleDataValue(115.2))), AnyDataValue(Double(DoubleDataValue(215.0))), AnyDataValue(PlainString(StringDataValue("str_6"))), AnyDataValue(Double(DoubleDataValue(0.0))), AnyDataValue(PlainString(StringDataValue("StationA"))), AnyDataValue(UnsignedLong(UnsignedLongDataValue(4449329531337822340))), AnyDataValue(UnsignedLong(UnsignedLongDataValue(6032314067681919842))), AnyDataValue(Double(DoubleDataValue(213.5))), AnyDataValue(Double(DoubleDataValue(113.4))), AnyDataValue(PlainString(StringDataValue("StationA"))), AnyDataValue(Iri(IriDataValue("c_7"))), AnyDataValue(PlainString(StringDataValue("StationA"))), AnyDataValue(PlainString(StringDataValue("Ohio"))), AnyDataValue(Iri(IriDataValue("c_10"))), AnyDataValue(Iri(IriDataValue("c_11"))), AnyDataValue(PlainString(StringDataValue("str_7"))), AnyDataValue(PlainString(StringDataValue("StationA"))), AnyDataValue(Double(DoubleDataValue(115.3))), AnyDataValue(Iri(IriDataValue("c_12"))), AnyDataValue(Iri(IriDataValue("c_13"))), AnyDataValue(UnsignedLong(UnsignedLongDataValue(13406093573717760936))), AnyDataValue(PlainString(StringDataValue("str_8")))] }
07:58:26 [INFO] Execution step: Body
07:58:26 [INFO] Trie does not contain any elements
07:58:26 [INFO] Execution step: Duplicate Elimination (Datalog)
07:58:26 [INFO] Trie does not contain any elements
07:58:26 [INFO] Rule duration: 0 ms
07:58:26 [INFO] <<< STEP 32: APPLYING RULE 25 R_OUT(?X_2, ?X_1, ?X_3) :- HeavyWind(?X_2, ?X_1, ?X_3), HeavyWindForce(?X_2, ?_BODY_1, ?Z_2), R_19(?Z_5, ?_BODY_2, ?X_3, ?X_1, ?X_2), R_17(?Z_2, ?X_1, ?X_3, ?X_2, ?_BODY_3), Equal(?_BODY_1, ?X_2), Equal(?_BODY_2, "StationA"), Equal(?_BODY_3, ?X_2) >>>
07:58:26 [INFO] Execution step: Project/Reorder
07:58:26 [INFO] Saved temporary table: 10 entries (19152)
07:58:26 [INFO] Execution step: Body
07:58:26 [INFO] Trie does not contain any elements
07:58:26 [INFO] Execution step: Duplicate Elimination (Datalog)
07:58:26 [INFO] Trie does not contain any elements
07:58:26 [INFO] Rule duration: 0 ms
07:58:26 [INFO] Execution step: Combining Tables
07:58:26 [INFO] Saved permanent table R_OUT (0-1) Permutation { idx_to_val: [], val_to_idx: [] } with 10 entries (11384)
07:58:26 [INFO] ----------------------------------------------
07:58:26 [INFO] --- Finished Nemo Execution - Input Program --
07:58:26 [INFO] Output size: 10
07:58:26 [INFO] ----------------------------------------------
07:58:26 [INFO] 
07:58:26 [INFO] ----------------------------------------------
07:58:26 [INFO] Beginning Nemo Execution - Transformed Program
07:58:26 [INFO] ----------------------------------------------
07:58:26 [INFO] Stratified program: [[0, 1, 2, 3, 4, 5, 7, 8, 10, 11, 12, 15, 16, 25], [13, 17], [6, 9, 14, 18, 19, 20, 21, 22, 23, 24, 26, 27, 28], [30], [29]]
07:58:26 [INFO] Loading source SimpleTable { arity: 3, data: [AnyDataValue(Iri(IriDataValue("c_4"))), AnyDataValue(Double(DoubleDataValue(115.2))), AnyDataValue(UnsignedLong(UnsignedLongDataValue(3847744805701495938))), AnyDataValue(PlainString(StringDataValue("str_4"))), AnyDataValue(Iri(IriDataValue("c_7"))), AnyDataValue(PlainString(StringDataValue("StationA"))), AnyDataValue(Double(DoubleDataValue(117.1))), AnyDataValue(Double(DoubleDataValue(111.7))), AnyDataValue(Iri(IriDataValue("c_8"))), AnyDataValue(PlainString(StringDataValue("str_6"))), AnyDataValue(Iri(IriDataValue("c_14"))), AnyDataValue(PlainString(StringDataValue("StationA")))] }
07:58:26 [INFO] Execution step: Combining Tables
07:58:26 [INFO] Saved permanent table R_OUT (0-1) Permutation { idx_to_val: [], val_to_idx: [] } with 4 entries (10704)
07:58:26 [INFO] <<< STEP 1: APPLYING RULE 0 TempAbove41DiamondMinus1(?Station, ?Start, ?_HEAD_1) :- TempAbove41(?Station, ?Start, ?End), Equal(?_HEAD_1, NumericSum(?End, "1"^^<http://www.w3.org/2001/XMLSchema#double>)) >>>
07:58:26 [INFO] Loading source SimpleTable { arity: 3, data: [AnyDataValue(PlainString(StringDataValue("StationA"))), AnyDataValue(Double(DoubleDataValue(213.4))), AnyDataValue(Double(DoubleDataValue(213.5)))] }
07:58:26 [INFO] Execution step: Body
07:58:26 [INFO] Saved temporary table: 1 entries (10316)
07:58:26 [INFO] Execution step: Duplicate Elimination (Datalog)
07:58:26 [INFO] Saved permanent table TempAbove41DiamondMinus1 (1) Permutation { idx_to_val: [], val_to_idx: [] } with 1 entries (10364)
07:58:26 [INFO] Rule duration: 0 ms
07:58:26 [INFO] <<< STEP 2: APPLYING RULE 0 TempAbove41DiamondMinus1(?Station, ?Start, ?_HEAD_1) :- TempAbove41(?Station, ?Start, ?End), Equal(?_HEAD_1, NumericSum(?End, "1"^^<http://www.w3.org/2001/XMLSchema#double>)) >>>
07:58:26 [INFO] Execution step: Body
07:58:26 [INFO] Trie does not contain any elements
07:58:26 [INFO] Execution step: Duplicate Elimination (Datalog)
07:58:26 [INFO] Trie does not contain any elements
07:58:26 [INFO] Rule duration: 0 ms
07:58:26 [INFO] <<< STEP 3: APPLYING RULE 1 TempConstantOver24AtLeastFor1(?Station, ?_HEAD_1, ?End) :- TempAbove24(?Station, ?Start, ?End), NumericLessthan(NumericSum(?Start, "1"^^<http://www.w3.org/2001/XMLSchema#double>), ?End), Equal(?_HEAD_1, NumericSum(?Start, "1"^^<http://www.w3.org/2001/XMLSchema#double>)) >>>
07:58:26 [INFO] Loading source SimpleTable { arity: 3, data: [AnyDataValue(PlainString(StringDataValue("StationA"))), AnyDataValue(Double(DoubleDataValue(210.0))), AnyDataValue(Double(DoubleDataValue(215.0)))] }
07:58:26 [INFO] Execution step: Body
07:58:26 [INFO] Saved temporary table: 1 entries (10316)
07:58:26 [INFO] Execution step: Duplicate Elimination (Datalog)
07:58:26 [INFO] Saved permanent table TempConstantOver24AtLeastFor1 (3) Permutation { idx_to_val: [], val_to_idx: [] } with 1 entries (10364)
07:58:26 [INFO] Rule duration: 0 ms
07:58:26 [INFO] <<< STEP 4: APPLYING RULE 1 TempConstantOver24AtLeastFor1(?Station, ?_HEAD_1, ?End) :- TempAbove24(?Station, ?Start, ?End), NumericLessthan(NumericSum(?Start, "1"^^<http://www.w3.org/2001/XMLSchema#double>), ?End), Equal(?_HEAD_1, NumericSum(?Start, "1"^^<http://www.w3.org/2001/XMLSchema#double>)) >>>
07:58:26 [INFO] Execution step: Body
07:58:26 [INFO] Trie does not contain any elements
07:58:26 [INFO] Execution step: Duplicate Elimination (Datalog)
07:58:26 [INFO] Trie does not contain any elements
07:58:26 [INFO] Rule duration: 0 ms
07:58:26 [INFO] <<< STEP 5: APPLYING RULE 2 ExcessiveHeat(?Station, ?_HEAD_1, ?_HEAD_2) :- TempAbove41DiamondMinus1(?Station, ?Start41, ?End41), TempConstantOver24AtLeastFor1(?Station, ?Start24, ?End24), NumericLessthan(?Start41, ?End24), NumericLessthan(?Start24, ?End41), Equal(?_HEAD_1, NumericSubtraction(NumericMaximum(?Start24, ?Start41), "1"^^<http://www.w3.org/2001/XMLSchema#double>)), Equal(?_HEAD_2, NumericMinimum(?End41, ?End24)) >>>
07:58:26 [INFO] Execution step: Body
07:58:26 [INFO] Saved temporary table: 1 entries (10316)
07:58:26 [INFO] Execution step: Duplicate Elimination (Datalog)
07:58:26 [INFO] Saved permanent table ExcessiveHeat (5) Permutation { idx_to_val: [], val_to_idx: [] } with 1 entries (10364)
07:58:26 [INFO] Rule duration: 0 ms
07:58:26 [INFO] <<< STEP 6: APPLYING RULE 2 ExcessiveHeat(?Station, ?_HEAD_1, ?_HEAD_2) :- TempAbove41DiamondMinus1(?Station, ?Start41, ?End41), TempConstantOver24AtLeastFor1(?Station, ?Start24, ?End24), NumericLessthan(?Start41, ?End24), NumericLessthan(?Start24, ?End41), Equal(?_HEAD_1, NumericSubtraction(NumericMaximum(?Start24, ?Start41), "1"^^<http://www.w3.org/2001/XMLSchema#double>)), Equal(?_HEAD_2, NumericMinimum(?End41, ?End24)) >>>
07:58:26 [INFO] Execution step: Body
07:58:26 [INFO] Trie does not contain any elements
07:58:26 [INFO] Execution step: Duplicate Elimination (Datalog)
07:58:26 [INFO] Trie does not contain any elements
07:58:26 [INFO] Rule duration: 0 ms
07:58:26 [INFO] <<< STEP 7: APPLYING RULE 3 HeatAffectedState(?State, ?_HEAD_1, ?_HEAD_2) :- ExcessiveHeat(?Station, ?StartHeat, ?EndHeat), LocatedInState(?Station, ?State, ?StartIn, ?EndIn), NumericLessthan(?StartHeat, ?EndIn), NumericLessthan(?StartIn, ?EndHeat), Equal(?_HEAD_1, NumericMaximum(?StartHeat, ?StartIn)), Equal(?_HEAD_2, NumericMinimum(?EndHeat, ?EndIn)) >>>
07:58:26 [INFO] Loading source SimpleTable { arity: 4, data: [AnyDataValue(PlainString(StringDataValue("StationA"))), AnyDataValue(PlainString(StringDataValue("Ohio"))), AnyDataValue(Double(DoubleDataValue(0.0))), AnyDataValue(Double(DoubleDataValue(1000.0)))] }
07:58:26 [INFO] Execution step: Body
07:58:26 [INFO] Saved temporary table: 1 entries (10316)
07:58:26 [INFO] Execution step: Duplicate Elimination (Datalog)
07:58:26 [INFO] Saved permanent table HeatAffectedState (7) Permutation { idx_to_val: [], val_to_idx: [] } with 1 entries (10364)
07:58:26 [INFO] Rule duration: 0 ms
07:58:26 [INFO] <<< STEP 8: APPLYING RULE 3 HeatAffectedState(?State, ?_HEAD_1, ?_HEAD_2) :- ExcessiveHeat(?Station, ?StartHeat, ?EndHeat), LocatedInState(?Station, ?State, ?StartIn, ?EndIn), NumericLessthan(?StartHeat, ?EndIn), NumericLessthan(?StartIn, ?EndHeat), Equal(?_HEAD_1, NumericMaximum(?StartHeat, ?StartIn)), Equal(?_HEAD_2, NumericMinimum(?EndHeat, ?EndIn)) >>>
07:58:26 [INFO] Execution step: Body
07:58:26 [INFO] Trie does not contain any elements
07:58:26 [INFO] Execution step: Duplicate Elimination (Datalog)
07:58:26 [INFO] Trie does not contain any elements
07:58:26 [INFO] Rule duration: 0 ms
07:58:26 [INFO] <<< STEP 9: APPLYING RULE 4 HeavyWind(?Station, ?Start, ?End) :- HeavyWindForce(?Station, ?Start, ?End), NumericLessthan(NumericSum(?Start, "1"^^<http://www.w3.org/2001/XMLSchema#double>), ?End) >>>
07:58:26 [INFO] Loading source SimpleTable { arity: 3, data: [AnyDataValue(PlainString(StringDataValue("StationA"))), AnyDataValue(Double(DoubleDataValue(111.7))), AnyDataValue(Double(DoubleDataValue(112.0))), AnyDataValue(PlainString(StringDataValue("StationA"))), AnyDataValue(Double(DoubleDataValue(113.4))), AnyDataValue(Double(DoubleDataValue(115.2))), AnyDataValue(PlainString(StringDataValue("StationA"))), AnyDataValue(Double(DoubleDataValue(115.3))), AnyDataValue(Double(DoubleDataValue(117.0))), AnyDataValue(PlainString(StringDataValue("StationA"))), AnyDataValue(Double(DoubleDataValue(117.1))), AnyDataValue(Double(DoubleDataValue(118.0)))] }
07:58:26 [INFO] Execution step: Body
07:58:26 [INFO] Saved temporary table: 2 entries (10380)
07:58:26 [INFO] Execution step: Duplicate Elimination (Datalog)
07:58:26 [INFO] Saved permanent table HeavyWind (9) Permutation { idx_to_val: [], val_to_idx: [] } with 2 entries (10428)
07:58:26 [INFO] Rule duration: 0 ms
07:58:26 [INFO] <<< STEP 10: APPLYING RULE 4 HeavyWind(?Station, ?Start, ?End) :- HeavyWindForce(?Station, ?Start, ?End), NumericLessthan(NumericSum(?Start, "1"^^<http://www.w3.org/2001/XMLSchema#double>), ?End) >>>
07:58:26 [INFO] Execution step: Body
07:58:26 [INFO] Trie does not contain any elements
07:58:26 [INFO] Execution step: Duplicate Elimination (Datalog)
07:58:26 [INFO] Trie does not contain any elements
07:58:26 [INFO] Rule duration: 0 ms
07:58:26 [INFO] <<< STEP 11: APPLYING RULE 5 HeavyWindAffectedState(?State, ?_HEAD_1, ?_HEAD_2) :- HeavyWind(?Station, ?StartWind, ?EndWind), LocatedInState(?Station, ?State, ?StartIn, ?EndIn), NumericLessthan(?StartWind, ?EndIn), NumericLessthan(?StartIn, ?EndWind), Equal(?_HEAD_1, NumericMaximum(?StartWind, ?StartIn)), Equal(?_HEAD_2, NumericMinimum(?EndWind, ?EndIn)) >>>
07:58:26 [INFO] Execution step: Body
07:58:26 [INFO] Saved temporary table: 2 entries (10380)
07:58:26 [INFO] Execution step: Duplicate Elimination (Datalog)
07:58:26 [INFO] Saved permanent table HeavyWindAffectedState (11) Permutation { idx_to_val: [], val_to_idx: [] } with 2 entries (10428)
07:58:26 [INFO] Rule duration: 0 ms
07:58:26 [INFO] <<< STEP 12: APPLYING RULE 5 HeavyWindAffectedState(?State, ?_HEAD_1, ?_HEAD_2) :- HeavyWind(?Station, ?StartWind, ?EndWind), LocatedInState(?Station, ?State, ?StartIn, ?EndIn), NumericLessthan(?StartWind, ?EndIn), NumericLessthan(?StartIn, ?EndWind), Equal(?_HEAD_1, NumericMaximum(?StartWind, ?StartIn)), Equal(?_HEAD_2, NumericMinimum(?EndWind, ?EndIn)) >>>
07:58:26 [INFO] Execution step: Body
07:58:26 [INFO] Trie does not contain any elements
07:58:26 [INFO] Execution step: Duplicate Elimination (Datalog)
07:58:26 [INFO] Trie does not contain any elements
07:58:26 [INFO] Rule duration: 0 ms
07:58:26 [INFO] <<< STEP 13: APPLYING RULE 8 R_6(?X_5, ?X_4, ?X_1, ?X_3, "118"^^<http://www.w3.org/2001/XMLSchema#double>, ?X_1) :- LocatedInState(?_BODY_1, ?X_4, ?Y_2, ?X_3), LocatedInState(?_BODY_2, ?X_1, ?_BODY_3, ?X_5), Equal(?_BODY_1, "115.2"^^<http://www.w3.org/2001/XMLSchema#double>), Equal(?_BODY_2, "118"^^<http://www.w3.org/2001/XMLSchema#double>), Equal(?_BODY_3, ?X_1) >>>
07:58:26 [INFO] Execution step: Body
07:58:26 [INFO] Trie does not contain any elements
07:58:26 [INFO] Execution step: Duplicate Elimination (Datalog)
07:58:26 [INFO] Trie does not contain any elements
07:58:26 [INFO] Rule duration: 0 ms
07:58:26 [INFO] <<< STEP 14: APPLYING RULE 7 R_2(?X_2, ?X_2) :- R_6(?X_2, ?_BODY_1, ?_BODY_2, ?_BODY_3, ?_BODY_4, ?_BODY_5), Equal(?_BODY_1, ?X_2), Equal(?_BODY_2, "115.3"^^<http://www.w3.org/2001/XMLSchema#double>), Equal(?_BODY_3, ?X_2), Equal(?_BODY_4, ?X_2), Equal(?_BODY_5, "115.3"^^<http://www.w3.org/2001/XMLSchema#double>) >>>
07:58:26 [INFO] Execution step: Body
07:58:26 [INFO] Trie does not contain any elements
07:58:26 [INFO] Execution step: Duplicate Elimination (Datalog)
07:58:26 [INFO] Trie does not contain any elements
07:58:26 [INFO] Rule duration: 0 ms
07:58:26 [INFO] <<< STEP 15: APPLYING RULE 10 R_18(?X_1) :- R_6(?X_1, ?Y_1, ?_BODY_1, ?_BODY_2, ?_BODY_3, ?_BODY_4), Equal(?_BODY_1, ?X_1), Equal(?_BODY_2, ?X_1), Equal(?_BODY_3, ?Y_1), Equal(?_BODY_4, ?X_1) >>>
07:58:26 [INFO] Execution step: Body
07:58:26 [INFO] Trie does not contain any elements
07:58:26 [INFO] Execution step: Duplicate Elimination (Datalog)
07:58:26 [INFO] Trie does not contain any elements
07:58:26 [INFO] Rule duration: 0 ms
07:58:26 [INFO] <<< STEP 16: APPLYING RULE 11 R_7(?X_2, "StationA") :- TempAbove41(?X_2, ?_BODY_1, ?_BODY_2), HeavyWindAffectedState(?X_2, ?_BODY_3, ?Z_1), Equal(?_BODY_1, "112"^^<http://www.w3.org/2001/XMLSchema#double>), Equal(?_BODY_2, "StationA"), Equal(?_BODY_3, ?X_2) >>>
07:58:26 [INFO] Execution step: Body
07:58:26 [INFO] Trie does not contain any elements
07:58:26 [INFO] Execution step: Duplicate Elimination (Datalog)
07:58:26 [INFO] Trie does not contain any elements
07:58:26 [INFO] Rule duration: 0 ms
07:58:26 [INFO] <<< STEP 17: APPLYING RULE 12 R_5(?X_6, ?X_4, "215"^^<http://www.w3.org/2001/XMLSchema#double>, ?X_3, ?X_2, ?X_1) :- HeavyWindForce(?X_6, ?X_4, ?_BODY_1), HeavyWindForce(?X_3, ?X_2, ?X_1), LocatedInState(?X_6, ?X_2, ?Z_2, ?_BODY_2), TempAbove24(?X_4, ?X_1, ?Z_4), Equal(?_BODY_1, "215"^^<http://www.w3.org/2001/XMLSchema#double>), Equal(?_BODY_2, "213.4"^^<http://www.w3.org/2001/XMLSchema#double>) >>>
07:58:26 [INFO] Execution step: Body
07:58:26 [INFO] Trie does not contain any elements
07:58:26 [INFO] Execution step: Duplicate Elimination (Datalog)
07:58:26 [INFO] Trie does not contain any elements
07:58:26 [INFO] Rule duration: 0 ms
07:58:26 [INFO] <<< STEP 18: APPLYING RULE 15 R_10(?X_2, ?X_4, ?X_1, ?X_3) :- R_7(?X_2, ?X_4), R_7(?X_1, ?X_3), TempAbove41(?X_1, ?_BODY_1, ?X_2), R_6(?X_4, ?X_3, ?X_2, ?X_1, ?_BODY_2, ?Z_2), Equal(?_BODY_1, ?X_1), Equal(?_BODY_2, ?X_2) >>>
07:58:26 [INFO] Execution step: Body
07:58:26 [INFO] Trie does not contain any elements
07:58:26 [INFO] Execution step: Duplicate Elimination (Datalog)
07:58:26 [INFO] Trie does not contain any elements
07:58:26 [INFO] Rule duration: 0 ms
07:58:26 [INFO] <<< STEP 19: APPLYING RULE 16 R_11("0"^^<http://www.w3.org/2001/XMLSchema#double>, ?X_2, ?X_1, ?X_4, ?X_5) :- TempAbove41DiamondMinus1(?_BODY_1, ?X_2, ?X_1), TempAbove41DiamondMinus1(?X_4, ?X_5, ?X_2), R_10(?X_4, ?X_2, ?_BODY_2, ?X_1), Equal(?_BODY_1, "0"^^<http://www.w3.org/2001/XMLSchema#double>), Equal(?_BODY_2, ?X_2) >>>
07:58:26 [INFO] Execution step: Body
07:58:26 [INFO] Trie does not contain any elements
07:58:26 [INFO] Execution step: Duplicate Elimination (Datalog)
07:58:26 [INFO] Trie does not contain any elements
07:58:26 [INFO] Rule duration: 0 ms
07:58:26 [INFO] <<< STEP 20: APPLYING RULE 25 R_5(?X_2, ?X_2, ?X_5, ?X_6, 13406093573717760936, ?X_3) :- TempAbove41(?X_2, ?_BODY_1, ?X_5), TempAbove41(?X_6, ?_BODY_2, ?X_3), TempAbove41(?X_2, ?_BODY_3, ?X_5), Equal(?_BODY_1, ?X_2), Equal(?_BODY_2, 13406093573717760936), Equal(?_BODY_3, ?X_2) >>>
07:58:26 [INFO] Execution step: Project/Reorder
07:58:26 [INFO] Saved temporary table: 1 entries (10316)
07:58:26 [INFO] Execution step: Body
07:58:26 [INFO] Trie does not contain any elements
07:58:26 [INFO] Execution step: Duplicate Elimination (Datalog)
07:58:26 [INFO] Trie does not contain any elements
07:58:26 [INFO] Rule duration: 0 ms
07:58:26 [INFO] <<< STEP 21: APPLYING RULE 13 R_9("StationA") :- ExcessiveHeat(?_BODY_1, ?_BODY_2, ?_BODY_3), R_2(?_BODY_4, ?Z_1), TempAbove41DiamondMinus1(?_BODY_5, ?_BODY_6, ?_BODY_7), Equal(?_BODY_1, "StationA"), Equal(?_BODY_2, "StationA"), Equal(?_BODY_3, "StationA"), Equal(?_BODY_4, "118"^^<http://www.w3.org/2001/XMLSchema#double>), Equal(?_BODY_5, "115.3"^^<http://www.w3.org/2001/XMLSchema#double>), Equal(?_BODY_6, "0"^^<http://www.w3.org/2001/XMLSchema#double>), Equal(?_BODY_7, "1000"^^<http://www.w3.org/2001/XMLSchema#double>) >>>
07:58:26 [INFO] Execution step: Project/Reorder
07:58:26 [INFO] Saved temporary table: 1 entries (10364)
07:58:26 [INFO] Execution step: Body
07:58:26 [INFO] Trie does not contain any elements
07:58:26 [INFO] Execution step: Duplicate Elimination (Datalog)
07:58:26 [INFO] Trie does not contain any elements
07:58:26 [INFO] Rule duration: 0 ms
07:58:26 [INFO] <<< STEP 22: APPLYING RULE 17 R_13(?X_1, "210"^^<http://www.w3.org/2001/XMLSchema#double>, ?X_3, ?X_2) :- R_9(?X_1), R_9(?_BODY_1), R_9(?X_3), R_9(?X_2), R_11(?X_3, ?_BODY_2, ?X_1, ?X_2, ?_BODY_3), Equal(?_BODY_1, "210"^^<http://www.w3.org/2001/XMLSchema#double>), Equal(?_BODY_2, "StationA"), Equal(?_BODY_3, ?X_2) >>>
07:58:26 [INFO] Execution step: Body
07:58:26 [INFO] Trie does not contain any elements
07:58:26 [INFO] Execution step: Duplicate Elimination (Datalog)
07:58:26 [INFO] Trie does not contain any elements
07:58:26 [INFO] Rule duration: 0 ms
07:58:26 [INFO] <<< STEP 23: APPLYING RULE 6 R_1(?X_3, "210"^^<http://www.w3.org/2001/XMLSchema#double>, ?X_2) :- R_19(?X_3, ?_BODY_1, ?_BODY_2, ?Y_1, ?X_2), Equal(?_BODY_1, "210"^^<http://www.w3.org/2001/XMLSchema#double>), Equal(?_BODY_2, "StationA") >>>
07:58:26 [INFO] Execution step: Body
07:58:26 [INFO] Trie does not contain any elements
07:58:26 [INFO] Execution step: Duplicate Elimination (Datalog)
07:58:26 [INFO] Trie does not contain any elements
07:58:26 [INFO] Rule duration: 0 ms
07:58:26 [INFO] <<< STEP 24: APPLYING RULE 9 R_15(?X_1, ?X_1, ?X_3, ?X_2) :- R_1(?Y_1, ?X_1, ?_BODY_1), R_1(?X_2, ?X_1, ?X_3), Equal(?_BODY_1, "112"^^<http://www.w3.org/2001/XMLSchema#double>) >>>
07:58:26 [INFO] Execution step: Body
07:58:26 [INFO] Trie does not contain any elements
07:58:26 [INFO] Execution step: Duplicate Elimination (Datalog)
07:58:26 [INFO] Trie does not contain any elements
07:58:26 [INFO] Rule duration: 0 ms
07:58:26 [INFO] <<< STEP 25: APPLYING RULE 14 R_16(?X_1) :- HeatAffectedState(?X_1, ?_BODY_1, ?Y_1), HeatAffectedState(?_BODY_2, ?X_1, ?_BODY_3), TempConstantOver24AtLeastFor1(?X_1, ?_BODY_4, ?Z_1), R_4(?X_1, ?_BODY_5, ?Z_4, ?_BODY_6, ?_BODY_7), Equal(?_BODY_1, "117.1"^^<http://www.w3.org/2001/XMLSchema#double>), Equal(?_BODY_2, "StationA"), Equal(?_BODY_3, ?X_1), Equal(?_BODY_4, ?X_1), Equal(?_BODY_5, ?X_1), Equal(?_BODY_6, ?X_1), Equal(?_BODY_7, ?X_1) >>>
07:58:26 [INFO] Execution step: Body
07:58:26 [INFO] Trie does not contain any elements
07:58:26 [INFO] Execution step: Duplicate Elimination (Datalog)
07:58:26 [INFO] Trie does not contain any elements
07:58:26 [INFO] Rule duration: 0 ms
07:58:26 [INFO] <<< STEP 26: APPLYING RULE 18 R_8(?X_1, ?X_2, ?X_4, ?X_6, "117"^^<http://www.w3.org/2001/XMLSchema#double>, ?X_3) :- R_19(?X_1, ?X_4, ?_BODY_1, ?_BODY_2, ?_BODY_3), R_19(?X_3, ?_BODY_4, ?X_6, ?X_2, ?_BODY_5), HeavyWind(?X_1, ?Z_2, ?X_2), R_3(?X_2, ?Z_4, ?X_4), R_12(?Z_4, ?Z_2, ?X_6, ?_BODY_6), Equal(?_BODY_1, ?X_4), Equal(?_BODY_2, ?X_4), Equal(?_BODY_3, ?X_1), Equal(?_BODY_4, "117"^^<http://www.w3.org/2001/XMLSchema#double>), Equal(?_BODY_5, ?X_6), Equal(?_BODY_6, "118"^^<http://www.w3.org/2001/XMLSchema#double>) >>>
07:58:26 [INFO] Execution step: Body
07:58:26 [INFO] Trie does not contain any elements
07:58:26 [INFO] Execution step: Duplicate Elimination (Datalog)
07:58:26 [INFO] Trie does not contain any elements
07:58:26 [INFO] Rule duration: 0 ms
07:58:26 [INFO] <<< STEP 27: APPLYING RULE 19 R_4(?X_1, "StationA", ?X_3, ?X_5, ?X_4) :- R_11(?X_1, ?_BODY_1, ?X_3, ?X_5, ?X_4), R_1(?X_4, ?X_1, ?Z_1), R_13(?X_1, ?Z_1, ?X_3, ?X_4), Equal(?_BODY_1, "StationA") >>>
07:58:26 [INFO] Execution step: Body
07:58:26 [INFO] Trie does not contain any elements
07:58:26 [INFO] Execution step: Duplicate Elimination (Datalog)
07:58:26 [INFO] Trie does not contain any elements
07:58:26 [INFO] Rule duration: 0 ms
07:58:26 [INFO] <<< STEP 28: APPLYING RULE 20 R_12(?X_2, ?X_3, ?X_4, ?X_1) :- R_8(?Y_1, ?X_3, ?X_4, ?X_1, ?X_2, ?_BODY_1), R_14(?Z_3, ?X_3, ?_BODY_2), Equal(?_BODY_1, "StationA"), Equal(?_BODY_2, ?X_3) >>>
07:58:26 [INFO] Execution step: Body
07:58:26 [INFO] Trie does not contain any elements
07:58:26 [INFO] Execution step: Duplicate Elimination (Datalog)
07:58:26 [INFO] Trie does not contain any elements
07:58:26 [INFO] Rule duration: 0 ms
07:58:26 [INFO] <<< STEP 29: APPLYING RULE 21 R_3(?X_1, "StationA", ?X_3) :- R_15(?Y_1, ?_BODY_1, ?X_3, ?X_1), R_7(?X_3, ?Z_1), R_15(?X_1, ?_BODY_2, ?Y_1, ?Z_4), R_9(?Y_1), Equal(?_BODY_1, "StationA"), Equal(?_BODY_2, ?X_1) >>>
07:58:26 [INFO] Execution step: Project/Reorder
07:58:26 [INFO] Trie does not contain any elements
07:58:26 [INFO] Execution step: Body
07:58:26 [INFO] Trie does not contain any elements
07:58:26 [INFO] Execution step: Duplicate Elimination (Datalog)
07:58:26 [INFO] Trie does not contain any elements
07:58:26 [INFO] Rule duration: 0 ms
07:58:26 [INFO] <<< STEP 30: APPLYING RULE 22 R_14(?X_3, ?X_3, ?X_2) :- R_11(?X_2, ?X_3, ?_BODY_1, ?_BODY_2, ?_BODY_3), R_16(?X_2), Equal(?_BODY_1, "StationA"), Equal(?_BODY_2, ?X_2), Equal(?_BODY_3, ?X_3) >>>
07:58:26 [INFO] Execution step: Body
07:58:26 [INFO] Trie does not contain any elements
07:58:26 [INFO] Execution step: Duplicate Elimination (Datalog)
07:58:26 [INFO] Trie does not contain any elements
07:58:26 [INFO] Rule duration: 0 ms
07:58:26 [INFO] <<< STEP 31: APPLYING RULE 23 R_19(?X_3, ?X_5, "210"^^<http://www.w3.org/2001/XMLSchema#double>, ?X_1, ?X_4) :- R_3(?X_4, ?X_5, ?_BODY_1), R_3(?X_1, ?X_4, ?X_3), R_5(?X_1, ?Z_3, ?X_4, ?X_5, ?Z_1, ?X_3), R_8(?X_4, ?Z_5, ?Z_2, ?_BODY_2, ?X_5, ?X_3), R_18(?Z_2), Equal(?_BODY_1, "210"^^<http://www.w3.org/2001/XMLSchema#double>), Equal(?_BODY_2, ?X_4) >>>
07:58:26 [INFO] Execution step: Body
07:58:26 [INFO] Trie does not contain any elements
07:58:26 [INFO] Execution step: Duplicate Elimination (Datalog)
07:58:26 [INFO] Trie does not contain any elements
07:58:26 [INFO] Rule duration: 0 ms
07:58:26 [INFO] <<< STEP 32: APPLYING RULE 24 R_17(?X_2, ?X_3, "112"^^<http://www.w3.org/2001/XMLSchema#double>, ?X_4_new_1, ?X_4) :- R_16(?X_2), R_16(?X_4), R_16(?X_4_new_1), ExcessiveHeat(?Z_2, ?X_3, ?X_4_new_1_new_1) >>>
07:58:26 [INFO] Loading source SimpleTable { arity: 5, data: [AnyDataValue(Double(DoubleDataValue(215.0))), AnyDataValue(Double(DoubleDataValue(215.0))), AnyDataValue(Double(DoubleDataValue(117.1))), AnyDataValue(PlainString(StringDataValue("Ohio"))), AnyDataValue(Double(DoubleDataValue(115.2))), AnyDataValue(PlainString(StringDataValue("str_1"))), AnyDataValue(Iri(IriDataValue("c_1"))), AnyDataValue(Double(DoubleDataValue(117.1))), AnyDataValue(Iri(IriDataValue("c_2"))), AnyDataValue(Double(DoubleDataValue(210.0))), AnyDataValue(PlainString(StringDataValue("Ohio"))), AnyDataValue(UnsignedLong(UnsignedLongDataValue(18384886770202202936))), AnyDataValue(UnsignedLong(UnsignedLongDataValue(18384886770202202936))), AnyDataValue(Double(DoubleDataValue(115.2))), AnyDataValue(Double(DoubleDataValue(210.0))), AnyDataValue(UnsignedLong(UnsignedLongDataValue(3458956254703931496))), AnyDataValue(Iri(IriDataValue("c_3"))), AnyDataValue(PlainString(StringDataValue("str_1"))), AnyDataValue(Iri(IriDataValue("c_4"))), AnyDataValue(PlainString(StringDataValue("str_1"))), AnyDataValue(PlainString(StringDataValue("str_3"))), AnyDataValue(Iri(IriDataValue("c_5"))), AnyDataValue(PlainString(StringDataValue("StationA"))), AnyDataValue(PlainString(StringDataValue("str_2"))), AnyDataValue(UnsignedLong(UnsignedLongDataValue(3458956254703931496))), AnyDataValue(Double(DoubleDataValue(112.0))), AnyDataValue(Iri(IriDataValue("c_6"))), AnyDataValue(Double(DoubleDataValue(213.5))), AnyDataValue(Double(DoubleDataValue(115.2))), AnyDataValue(Double(DoubleDataValue(215.0))), AnyDataValue(PlainString(StringDataValue("str_6"))), AnyDataValue(Double(DoubleDataValue(0.0))), AnyDataValue(PlainString(StringDataValue("StationA"))), AnyDataValue(UnsignedLong(UnsignedLongDataValue(4449329531337822340))), AnyDataValue(UnsignedLong(UnsignedLongDataValue(6032314067681919842))), AnyDataValue(Double(DoubleDataValue(213.5))), AnyDataValue(Double(DoubleDataValue(113.4))), AnyDataValue(PlainString(StringDataValue("StationA"))), AnyDataValue(Iri(IriDataValue("c_7"))), AnyDataValue(PlainString(StringDataValue("StationA"))), AnyDataValue(PlainString(StringDataValue("Ohio"))), AnyDataValue(Iri(IriDataValue("c_10"))), AnyDataValue(Iri(IriDataValue("c_11"))), AnyDataValue(PlainString(StringDataValue("str_7"))), AnyDataValue(PlainString(StringDataValue("StationA"))), AnyDataValue(Double(DoubleDataValue(115.3))), AnyDataValue(Iri(IriDataValue("c_12"))), AnyDataValue(Iri(IriDataValue("c_13"))), AnyDataValue(UnsignedLong(UnsignedLongDataValue(13406093573717760936))), AnyDataValue(PlainString(StringDataValue("str_8"))), AnyDataValue(UnsignedLong(UnsignedLongDataValue(5240208260037814909))), AnyDataValue(Double(DoubleDataValue(213.5))), AnyDataValue(UnsignedLong(UnsignedLongDataValue(10536767652218666853))), AnyDataValue(Iri(IriDataValue("c_19"))), AnyDataValue(Iri(IriDataValue("c_20"))), AnyDataValue(PlainString(StringDataValue("str_5"))), AnyDataValue(Double(DoubleDataValue(1000.0))), AnyDataValue(Iri(IriDataValue("c_21"))), AnyDataValue(Double(DoubleDataValue(111.7))), AnyDataValue(PlainString(StringDataValue("str_3"))), AnyDataValue(UnsignedLong(UnsignedLongDataValue(12263503447766230979))), AnyDataValue(Iri(IriDataValue("c_22"))), AnyDataValue(Iri(IriDataValue("c_23"))), AnyDataValue(Iri(IriDataValue("c_24"))), AnyDataValue(UnsignedLong(UnsignedLongDataValue(13406093573717760936))), AnyDataValue(Double(DoubleDataValue(115.2))), AnyDataValue(PlainString(StringDataValue("str_13"))), AnyDataValue(PlainString(StringDataValue("str_14"))), AnyDataValue(Iri(IriDataValue("c_23"))), AnyDataValue(UnsignedLong(UnsignedLongDataValue(3458956254703931496)))] }
07:58:26 [INFO] Execution step: Body
07:58:26 [INFO] Trie does not contain any elements
07:58:26 [INFO] Execution step: Duplicate Elimination (Datalog)
07:58:26 [INFO] Trie does not contain any elements
07:58:26 [INFO] Rule duration: 0 ms
07:58:26 [INFO] <<< STEP 33: APPLYING RULE 26 R_17(?X_1_new_1, "str_6", ?X_3_new_1, ?X_3, ?X_5_new_1) :- ExcessiveHeat(?X_1, ?_BODY_1, ?X_5_new_1), R_3(?X_3, ?X_5, ?_BODY_2), HeavyWind(?X_5_new_2, ?Y_1, ?X_1_new_1), HeavyWindAffectedState(?X_1_new_2, ?X_3_new_1, ?_BODY_3), R_16(?_BODY_4), Equal(?_BODY_1, "str_6"), Equal(?_BODY_2, 3847744805701495938), Equal(?_BODY_3, "str_6"), Equal(?_BODY_4, "str_6") >>>
07:58:26 [INFO] Execution step: Body
07:58:26 [INFO] Trie does not contain any elements
07:58:26 [INFO] Execution step: Duplicate Elimination (Datalog)
07:58:26 [INFO] Trie does not contain any elements
07:58:26 [INFO] Rule duration: 0 ms
07:58:26 [INFO] <<< STEP 34: APPLYING RULE 27 R_17(14820479962864370478, ?X_5, ?X_4, ?X_3, ?X_2) :- R_14(?_BODY_1, ?X_5, ?X_4), R_1(?X_3, ?_BODY_2, ?X_2), R_13(?X_3, ?_BODY_3, ?_BODY_4, ?_BODY_5), R_9(?_BODY_6), R_10(?_BODY_7, ?X_5, ?X_2, ?_BODY_8), Equal(?_BODY_1, 14820479962864370478), Equal(?_BODY_2, "str_8"), Equal(?_BODY_3, "str_8"), Equal(?_BODY_4, 14820479962864370478), Equal(?_BODY_5, "str_8"), Equal(?_BODY_6, 14820479962864370478), Equal(?_BODY_7, "str_8"), Equal(?_BODY_8, c_26) >>>
07:58:26 [INFO] Execution step: Project/Reorder
07:58:26 [INFO] Trie does not contain any elements
07:58:26 [INFO] Execution step: Project/Reorder
07:58:26 [INFO] Trie does not contain any elements
07:58:26 [INFO] Execution step: Project/Reorder
07:58:26 [INFO] Trie does not contain any elements
07:58:26 [INFO] Execution step: Body
07:58:26 [INFO] Trie does not contain any elements
07:58:26 [INFO] Execution step: Duplicate Elimination (Datalog)
07:58:26 [INFO] Trie does not contain any elements
07:58:26 [INFO] Rule duration: 0 ms
07:58:26 [INFO] <<< STEP 35: APPLYING RULE 28 R_17(?X_5, ?X_1, "StationA", ?X_2_new_1, ?X_4) :- R_15(?X_5_new_1, ?X_2, ?_BODY_1, ?X_2_new_1), R_22(?_BODY_2, ?X_4), R_11(?X_1, ?_BODY_3, ?_BODY_4, ?X_2, ?_BODY_5), R_19(?_BODY_6, ?X_2_new_1, ?_BODY_7, ?_BODY_8, ?X_5), TempConstantOver24AtLeastFor1(?_BODY_9, ?Y_1, ?X_1), Equal(?_BODY_1, "StationA"), Equal(?_BODY_2, "StationA"), Equal(?_BODY_3, "StationA"), Equal(?_BODY_4, ?X_1), Equal(?_BODY_5, "StationA"), Equal(?_BODY_6, "StationA"), Equal(?_BODY_7, "StationA"), Equal(?_BODY_8, "str_9"), Equal(?_BODY_9, "StationA") >>>
07:58:26 [INFO] Execution step: Body
07:58:26 [INFO] Trie does not contain any elements
07:58:26 [INFO] Execution step: Duplicate Elimination (Datalog)
07:58:26 [INFO] Trie does not contain any elements
07:58:26 [INFO] Rule duration: 0 ms
07:58:26 [INFO] <<< STEP 36: APPLYING RULE 30 R_17(?X_3, "113.4"^^<http://www.w3.org/2001/XMLSchema#double>, ?X_2, ?X_5_new_1, ?X_1) :- R_14(?X_5_new_1, ?_BODY_1, ?X_2), R_14(?X_5, ?X_1, ?X_3), R_15(?X_1, ?X_3, ?_BODY_2, ?_BODY_3), Equal(?_BODY_1, "113.4"^^<http://www.w3.org/2001/XMLSchema#double>), Equal(?_BODY_2, "113.4"^^<http://www.w3.org/2001/XMLSchema#double>), Equal(?_BODY_3, ?X_1) >>>
07:58:26 [INFO] Execution step: Project/Reorder
07:58:26 [INFO] Trie does not contain any elements
07:58:26 [INFO] Execution step: Body
07:58:26 [INFO] Trie does not contain any elements
07:58:26 [INFO] Execution step: Duplicate Elimination (Datalog)
07:58:26 [INFO] Trie does not contain any elements
07:58:26 [INFO] Rule duration: 0 ms
07:58:26 [INFO] <<< STEP 37: APPLYING RULE 29 R_OUT(?Z_8, ?Z_8, ?Z_8) :- HeavyWind(?Z_8, ?_BODY_1, ?_BODY_2), HeavyWindForce(?Z_8, ?_BODY_3, ?_BODY_4), R_19(?Z_8, ?_BODY_5, ?_BODY_6, ?_BODY_7, ?_BODY_8), TempAbove41(?_BODY_9, ?Z_8, ?_BODY_10), R_22(?Z_8, ?_BODY_11), R_13(?Z_2, ?Z_7, ?_BODY_12, ?_BODY_13), R_17(?Z_8, ?_BODY_14, ?_BODY_15, ?_BODY_16, ?_BODY_17), R_7(?_BODY_18, ?Z_8), R_13(?Z_8, ?_BODY_19, ?_BODY_20, ?_BODY_21), Equal(?_BODY_1, ?Z_8), Equal(?_BODY_2, ?Z_8), Equal(?_BODY_3, ?Z_8), Equal(?_BODY_4, ?Z_8), Equal(?_BODY_5, "StationA"), Equal(?_BODY_6, ?Z_8), Equal(?_BODY_7, ?Z_8), Equal(?_BODY_8, ?Z_8), Equal(?_BODY_9, 18384886770202202936), Equal(?_BODY_10, ?Z_8), Equal(?_BODY_11, ?Z_8), Equal(?_BODY_12, "117.1"^^<http://www.w3.org/2001/XMLSchema#double>), Equal(?_BODY_13, c_6), Equal(?_BODY_14, ?Z_8), Equal(?_BODY_15, ?Z_8), Equal(?_BODY_16, ?Z_8), Equal(?_BODY_17, ?Z_8), Equal(?_BODY_18, 14058087543270203378), Equal(?_BODY_19, ?Z_8), Equal(?_BODY_20, ?Z_8), Equal(?_BODY_21, ?Z_8) >>>
07:58:26 [INFO] Execution step: Project/Reorder
07:58:26 [INFO] Saved temporary table: 14 entries (20084)
07:58:26 [INFO] Execution step: Project/Reorder
07:58:26 [INFO] Trie does not contain any elements
07:58:26 [INFO] Execution step: Project/Reorder
07:58:26 [INFO] Trie does not contain any elements
07:58:26 [INFO] Execution step: Body
07:58:26 [INFO] Trie does not contain any elements
07:58:26 [INFO] Execution step: Duplicate Elimination (Datalog)
07:58:26 [INFO] Trie does not contain any elements
07:58:26 [INFO] Rule duration: 0 ms
07:58:26 [INFO] Execution step: Combining Tables
07:58:26 [INFO] Saved permanent table R_OUT (0-1) Permutation { idx_to_val: [], val_to_idx: [] } with 4 entries (10704)
07:58:26 [INFO] ----------------------------------------------
07:58:26 [INFO]  Finished Nemo Execution - Transformed Program
07:58:26 [INFO] Output size: 4
07:58:26 [INFO] ----------------------------------------------
07:58:26 [INFO] 
07:58:26 [INFO] ----------------------------------------------
07:58:26 [INFO] ------------ Asserting Oracle CON ------------
07:58:26 [INFO] ----------------------------------------------
07:58:26 [INFO] All good, output has contracted
07:58:26 [INFO] old_dir "/home/leo_repp/masterthesis/nemo/nemo-metamorphic-testing/benchmark_500k_r"
