18:44:51 [INFO] ----------------------------------------------
18:44:51 [INFO] Beginning transformation mtf_CON_5500014
                Oracle:     CON          Number of T: 23
                Debug Mode: false          u64 Seed:    5500014
                Number of generating transformations: 25
                Internal Seed:          [71, 108, 71, 13, 209, 146, 119, 67, 112, 232, 177, 130, 214, 64, 185, 176, 26, 120, 64, 40, 234, 89, 138, 91, 166, 95, 221, 94, 4, 62, 0, 245]
                Seed File: Currently not supported!
18:44:51 [INFO] ----------------------------------------------
18:44:51 [INFO] -------------- Reading Seed File: ------------
18:44:51 [INFO] "/home/leo_repp/masterthesis/nemo/nemo-metamorphic-testing/examples/wind-turbines/permissions.rls"
18:44:51 [INFO] Renaming of rules complete
18:44:51 [INFO] --------- Finished Reading Seed file ---------
18:44:51 [INFO] ----------------------------------------------
18:44:51 [INFO] 
18:44:51 [INFO] ----------------------------------------------
18:44:51 [INFO] -------- Beginning Program Generation --------
18:44:51 [INFO] ----------------------------------------------
18:44:51 [INFO] 
18:44:51 [INFO] Removing old export statements
18:44:51 [INFO] Beginning inverse_stratum and ancestry computation starting at node R_OUT
18:44:51 [INFO] Ancestry and Inverse Stratum computation complete.
18:44:51 [INFO] Constructed lite ADG
18:44:51 [INFO] Generating Program...
18:44:51 [INFO] 
18:44:51 [INFO] 1 / 24
18:44:51 [INFO]   I Add Relational Node
18:44:51 [INFO]   Added new relation R_1
18:44:51 [INFO] 2 / 24
18:44:51 [INFO]   I Add Relational Node
18:44:51 [INFO]   Added new relation R_2
18:44:51 [INFO] 3 / 24
18:44:51 [INFO]   I Add Relational Node
18:44:51 [INFO]   Added new relation R_3
18:44:51 [INFO] 4 / 24
18:44:51 [INFO]   I Add Relational Node
18:44:51 [INFO]   Added new relation R_4
18:44:51 [INFO] 5 / 24
18:44:51 [INFO]   I Add Relational Node
18:44:51 [INFO]   Added new relation R_5
18:44:51 [INFO] 6 / 24
18:44:51 [INFO]   I Add Relational Node
18:44:51 [INFO]   Added new relation R_6
18:44:51 [INFO] 7 / 24
18:44:51 [INFO]   I Add Relational Node
18:44:51 [INFO]   Added new relation R_7
18:44:51 [INFO] 8 / 24
18:44:51 [INFO]   I Add Relational Node
18:44:51 [INFO]   Added new relation R_8
18:44:51 [INFO] 9 / 24
18:44:51 [INFO]   I Add Relational Node
18:44:51 [INFO]   Added new relation R_9
18:44:51 [INFO] 10 / 24
18:44:51 [INFO]   I Add Relational Node
18:44:51 [INFO]   Added new relation R_10
18:44:51 [INFO] 11 / 24
18:44:51 [INFO]   I Add Relational Node
18:44:51 [INFO]   Added new relation R_11
18:44:51 [INFO] 12 / 24
18:44:51 [INFO]   I Add Relational Node
18:44:51 [INFO]   Added new relation R_12
18:44:51 [INFO] 13 / 24
18:44:51 [INFO]   I Add Relational Node
18:44:51 [INFO]   Added new relation R_13
18:44:51 [INFO] 14 / 24
18:44:51 [INFO]   I Add Relational Node
18:44:51 [INFO]   Added new relation R_14
18:44:51 [INFO] 15 / 24
18:44:51 [INFO]   I Add Relational Node
18:44:51 [INFO]   Added new relation R_15
18:44:51 [INFO] 16 / 24
18:44:51 [INFO]   I Add Relational Node
18:44:51 [INFO]   Added new relation R_16
18:44:51 [INFO] 17 / 24
18:44:51 [INFO]   I Add Relational Node
18:44:51 [INFO]   Added new relation R_17
18:44:51 [INFO] 18 / 24
18:44:51 [INFO]   I Add Relational Node
18:44:51 [INFO]   Added new relation R_18
18:44:51 [INFO] 19 / 24
18:44:51 [INFO]   I Add Relational Node
18:44:51 [INFO]   Added new relation R_19
18:44:51 [INFO] 20 / 24
18:44:51 [INFO]   I Add Relational Node
18:44:51 [INFO]   Added new relation R_20
18:44:51 [INFO] 21 / 24
18:44:51 [INFO]   I Add Relational Node
18:44:51 [INFO]   Added new relation R_21
18:44:51 [INFO] 22 / 24
18:44:51 [INFO]   I Add Relational Node
18:44:51 [INFO]   Added new relation R_22
18:44:51 [INFO] 23 / 24
18:44:51 [INFO]   I Add Relational Node
18:44:51 [INFO]   Added new relation R_23
18:44:51 [INFO] 24 / 24
18:44:51 [INFO]   I Add Relational Node
18:44:51 [INFO]   Added new relation R_24
18:44:51 [INFO] 
18:44:51 [INFO] Adding a new rule for each relation other than the seed relations
18:44:51 [INFO] 
18:44:51 [INFO] 1 / 25
18:44:51 [INFO]   Generating new single body literal rule for R_OUT
18:44:51 [INFO]   Assigned relation R_OUT the artiy 2
18:44:51 [INFO]   Assigned relation R_23 the artiy 6
18:44:51 [INFO]   Added new rule of name r_GEN_1
18:44:51 [INFO]   R_OUT("Feldsperling", ?X_2) :- R_23(?X_2, ?X_2, "Feldsperling", ?X_2, ?X_2, ?Y_1) .
18:44:51 [INFO] 2 / 25
18:44:51 [INFO]   Generating new single body literal rule for R_1
18:44:51 [INFO]   Assigned relation R_1 the artiy 3
18:44:51 [INFO]   Assigned relation R_17 the artiy 5
18:44:51 [INFO]   Added new rule of name r_GEN_2
18:44:51 [INFO]   R_1(?X_2, ?X_1, "13.688126881341304"^^<http://www.w3.org/2001/XMLSchema#double>) :- R_17(?X_2, ?X_1, ?X_2, "Wind Turbine B", "13.688126881341304"^^<http://www.w3.org/2001/XMLSchema#double>) .
18:44:51 [INFO] 3 / 25
18:44:51 [INFO]   Generating new single body literal rule for R_2
18:44:51 [INFO]   Assigned relation R_2 the artiy 2
18:44:51 [INFO]   Added new rule of name r_GEN_3
18:44:51 [INFO]   R_2(?X_1, ?X_2) :- project_species(?X_1, ?X_2) .
18:44:51 [INFO] 4 / 25
18:44:51 [INFO]   Generating new single body literal rule for R_3
18:44:51 [INFO]   Assigned relation R_3 the artiy 5
18:44:51 [INFO]   Added new rule of name r_GEN_4
18:44:51 [INFO]   R_3(?X_2, ?X_1, ?X_3, ?X_4, ?X_3) :- project_height_m(?X_2, ?X_1), project_height_m(?X_3, ?X_4), project_height_m(?X_3, ?Y_1) .
18:44:51 [INFO] 5 / 25
18:44:51 [INFO]   Generating new single body literal rule for R_4
18:44:51 [INFO]   Assigned relation R_4 the artiy 2
18:44:51 [INFO]   Assigned relation R_15 the artiy 2
18:44:51 [INFO]   Added new rule of name r_GEN_5
18:44:51 [INFO]   R_4(?X_1, ?X_2) :- R_15(?X_1, ?X_2) .
18:44:51 [INFO] 6 / 25
18:44:51 [INFO]   Generating new single body literal rule for R_5
18:44:51 [INFO]   Assigned relation R_5 the artiy 6
18:44:51 [INFO]   Assigned relation R_20 the artiy 6
18:44:51 [INFO]   Added new rule of name r_GEN_6
18:44:51 [INFO]   R_5(?X_2, ?X_6, "Wind Turbine A", ?X_1, ?X_4, ?X_2) :- R_20(?X_2, ?X_6, "Wind Turbine A", ?X_1, ?X_4, ?X_2) .
18:44:51 [INFO] 7 / 25
18:44:51 [INFO]   Generating new single body literal rule for R_6
18:44:51 [INFO]   Assigned relation R_6 the artiy 5
18:44:51 [INFO]   Added new rule of name r_GEN_7
18:44:51 [INFO]   R_6(?X_5, ?X_4, ?X_1, ?X_3, "Gartenschläfer") :- environmental_impact(?X_5), environmental_impact(?X_4), environmental_impact(?X_1), environmental_impact(?X_3), environmental_impact("Gartenschläfer") .
18:44:51 [INFO] 8 / 25
18:44:51 [INFO]   Generating new single body literal rule for R_7
18:44:51 [INFO]   Assigned relation R_7 the artiy 3
18:44:51 [INFO]   Added new rule of name r_GEN_8
18:44:51 [INFO]   R_7(?X_2, "Wind Turbine A", ?X_3) :- R_20(?X_2, "addr", ?X_3, "Wind Turbine A", "Wind Turbine A", ?X_3) .
18:44:51 [INFO] 9 / 25
18:44:51 [INFO]   Generating new single body literal rule for R_8
18:44:51 [INFO]   Assigned relation R_8 the artiy 2
18:44:51 [INFO]   Added new rule of name r_GEN_9
18:44:51 [INFO]   R_8(?X_2, ?X_2) :- TRUE(?X_2), TRUE(?X_2) .
18:44:51 [INFO] 10 / 25
18:44:51 [INFO]   Generating new single body literal rule for R_9
18:44:51 [INFO]   Assigned relation R_9 the artiy 1
18:44:51 [INFO]   Added new rule of name r_GEN_10
18:44:51 [INFO]   R_9(?X_1) :- CIRC_EARTH(?X_1) .
18:44:51 [INFO] 11 / 25
18:44:51 [INFO]   Generating new single body literal rule for R_10
18:44:51 [INFO]   Assigned relation R_10 the artiy 4
18:44:51 [INFO]   Assigned relation R_14 the artiy 5
18:44:51 [INFO]   Added new rule of name r_GEN_11
18:44:51 [INFO]   R_10(?X_4, ?X_3, ?X_2, "true"^^<http://www.w3.org/2001/XMLSchema#boolean>) :- R_14("50.90297432498729"^^<http://www.w3.org/2001/XMLSchema#double>, ?X_3, ?X_2, "true"^^<http://www.w3.org/2001/XMLSchema#boolean>, ?X_4) .
18:44:51 [INFO] 12 / 25
18:44:51 [INFO]   Generating new single body literal rule for R_11
18:44:51 [INFO]   Assigned relation R_11 the artiy 3
18:44:51 [INFO]   Added new rule of name r_GEN_12
18:44:51 [INFO]   R_11("Gartenschläfer", ?X_2, ?X_1) :- R_17("Gartenschläfer", ?X_2, ?X_1, ?X_1, "Rotmilan") .
18:44:51 [INFO] 13 / 25
18:44:51 [INFO]   Generating new single body literal rule for R_12
18:44:51 [INFO]   Assigned relation R_12 the artiy 5
18:44:51 [INFO]   Added new rule of name r_GEN_13
18:44:51 [INFO]   R_12(?X_3, ?X_5, ?X_2, ?X_1, ?X_4) :- R_2(?X_3, ?X_5), R_2(?X_1, ?X_1), R_2(?X_4, ?X_2) .
18:44:51 [INFO] 14 / 25
18:44:51 [INFO]   Generating new single body literal rule for R_13
18:44:51 [INFO]   Assigned relation R_13 the artiy 3
18:44:51 [INFO]   Added new rule of name r_GEN_14
18:44:51 [INFO]   R_13("Wind Turbine C", ?X_3, ?X_2) :- R_11("Wind Turbine C", ?X_3, ?X_2) .
18:44:51 [INFO] 15 / 25
18:44:51 [INFO]   Generating new single body literal rule for R_14
18:44:51 [INFO]   Added new rule of name r_GEN_15
18:44:51 [INFO]   R_14(?X_2, ?X_1, ?X_4, "Wind Turbine C", ?X_3) :- R_12(?X_2, ?X_1, ?X_4, "Wind Turbine C", ?X_3) .
18:44:51 [INFO] 16 / 25
18:44:51 [INFO]   Generating new single body literal rule for R_15
18:44:51 [INFO]   Added new rule of name r_GEN_16
18:44:51 [INFO]   R_15(?X_1, ?X_1) :- endangered(?X_1), endangered(?X_1) .
18:44:51 [INFO] 17 / 25
18:44:51 [INFO]   Generating new single body literal rule for R_16
18:44:51 [INFO]   Assigned relation R_16 the artiy 2
18:44:51 [INFO]   Added new rule of name r_GEN_17
18:44:51 [INFO]   R_16(?X_2, ?X_2) :- project_reject(?X_2), project_reject(?X_2) .
18:44:51 [INFO] 18 / 25
18:44:51 [INFO]   Generating new single body literal rule for R_17
18:44:51 [INFO]   Added new rule of name r_GEN_18
18:44:51 [INFO]   R_17(?X_2, "true"^^<http://www.w3.org/2001/XMLSchema#boolean>, ?X_5, ?X_1, ?X_2) :- project_approved(?X_2), project_approved("true"^^<http://www.w3.org/2001/XMLSchema#boolean>), project_approved(?X_5), project_approved(?X_1), project_approved(?X_2) .
18:44:51 [INFO] 19 / 25
18:44:51 [INFO]   Generating new single body literal rule for R_18
18:44:51 [INFO]   Assigned relation R_18 the artiy 6
18:44:51 [INFO]   Assigned relation R_21 the artiy 6
18:44:51 [INFO]   Added new rule of name r_GEN_19
18:44:51 [INFO]   R_18(?X_6, ?X_3, ?X_5, ?X_4, "13.69510396381167"^^<http://www.w3.org/2001/XMLSchema#double>, ?X_2) :- R_21(?X_6, ?X_3, ?X_5, ?X_4, "13.69510396381167"^^<http://www.w3.org/2001/XMLSchema#double>, ?X_2) .
18:44:51 [INFO] 20 / 25
18:44:51 [INFO]   Generating new single body literal rule for R_19
18:44:51 [INFO]   Assigned relation R_19 the artiy 2
18:44:51 [INFO]   Added new rule of name r_GEN_20
18:44:51 [INFO]   R_19("40075000"^^<http://www.w3.org/2001/XMLSchema#double>, ?X_2) :- R_20(?Y_1, ?X_2, ?X_2, "40075000"^^<http://www.w3.org/2001/XMLSchema#double>, "3.14159"^^<http://www.w3.org/2001/XMLSchema#double>, ?X_2) .
18:44:51 [INFO] 21 / 25
18:44:51 [INFO]   Generating new single body literal rule for R_20
18:44:51 [INFO]   Assigned relation R_24 the artiy 6
18:44:51 [INFO]   Added new rule of name r_GEN_21
18:44:51 [INFO]   R_20(?X_1, ?X_4, ?X_1, ?X_5, ?X_2, ?X_6) :- R_24(?X_1, ?X_4, ?X_1, ?X_5, ?X_2, ?X_6) .
18:44:51 [INFO] 22 / 25
18:44:51 [INFO]   Generating new single body literal rule for R_21
18:44:51 [INFO]   Added new rule of name r_GEN_22
18:44:51 [INFO]   R_21("Wind Turbine A", ?X_4, ?X_3, ?X_6, ?X_1, ?X_5) :- TRUE("Wind Turbine A"), TRUE(?X_4), TRUE(?X_3), TRUE(?X_6), TRUE(?X_1), TRUE(?X_5) .
18:44:51 [INFO] 23 / 25
18:44:51 [INFO]   Generating new single body literal rule for R_22
18:44:51 [INFO]   Assigned relation R_22 the artiy 4
18:44:51 [INFO]   Added new rule of name r_GEN_23
18:44:51 [INFO]   R_22(?X_4, "Wind Turbine A", ?X_2, ?X_1) :- R_20("Wind Turbine A", "Wind Turbine A", ?X_2, ?X_1, ?Y_1, ?X_4) .
18:44:51 [INFO] 24 / 25
18:44:51 [INFO]   Generating new single body literal rule for R_23
18:44:51 [INFO]   Added new rule of name r_GEN_24
18:44:51 [INFO]   R_23(?X_2, "Wind Turbine B", ?X_5, ?X_6, ?X_4, ?X_3) :- locations(?X_2, "Wind Turbine B", ?X_5), locations(?X_6, ?X_4, ?X_3) .
18:44:51 [INFO] 25 / 25
18:44:51 [INFO]   Generating new single body literal rule for R_24
18:44:51 [INFO]   Added new rule of name r_GEN_25
18:44:51 [INFO]   R_24(?X_2, ?X_5, ?X_6, 60, ?X_3, ?X_1) :- R_OUT(?X_2, ?X_5), R_OUT(?X_6, 60), R_OUT(?X_3, ?X_1) .
18:44:51 [INFO] 
18:44:51 [INFO] Adding a outgoing relational edge for each relation other than R_OUT
18:44:51 [INFO] 
18:44:51 [INFO] 1 / 41
18:44:51 [INFO]   Adding outgoing relational edge from CIRC_EARTH for r_GEN_21
18:44:51 [INFO]   Generated literal CIRC_EARTH(?Z_3) for rule r_GEN_21
18:44:51 [INFO] 2 / 41
18:44:51 [INFO]   Adding outgoing relational edge from PI for r_GEN_21
18:44:51 [INFO]   Generated literal PI(?X_5) for rule r_GEN_21
18:44:51 [INFO] 3 / 41
18:44:51 [INFO]   Adding outgoing relational edge from TRUE for r_GEN_6
18:44:51 [INFO]   Generated literal TRUE(?Z_2) for rule r_GEN_6
18:44:51 [INFO] 4 / 41
18:44:51 [INFO]   Adding outgoing relational edge from closest_house for r_GEN_20
18:44:51 [INFO]   Generated literal ~closest_house("Wind Turbine A", ?X_2) for rule r_GEN_20
18:44:51 [INFO] 5 / 41
18:44:51 [INFO]   Adding outgoing relational edge from coordinates for r_GEN_1
18:44:51 [INFO]   Generated literal coordinates(?X_2, ?Z_2) for rule r_GEN_1
18:44:51 [INFO] 6 / 41
18:44:51 [INFO]   Adding outgoing relational edge from coordinates_m for r_GEN_7
18:44:51 [INFO]   Generated literal coordinates_m(?Z_1, ?X_5) for rule r_GEN_7
18:44:51 [INFO] 7 / 41
18:44:51 [INFO]   Adding outgoing relational edge from distance for r_GEN_5
18:44:51 [INFO]   Generated literal distance(?Z_2, ?X_2) for rule r_GEN_5
18:44:51 [INFO] 8 / 41
18:44:51 [INFO]   Adding outgoing relational edge from endangered for r_GEN_13
18:44:51 [INFO]   Generated literal endangered(?X_1) for rule r_GEN_13
18:44:51 [INFO] 9 / 41
18:44:51 [INFO]   Adding outgoing relational edge from environmental_impact for r_GEN_5
18:44:51 [INFO]   Generated literal environmental_impact(?X_1) for rule r_GEN_5
18:44:51 [INFO] 10 / 41
18:44:51 [INFO]   Adding outgoing relational edge from locations for r_GEN_4
18:44:51 [INFO]   Generated literal locations(?X_2, ?Z_1, ?X_4) for rule r_GEN_4
18:44:51 [INFO] 11 / 41
18:44:51 [INFO]   Adding outgoing relational edge from project for r_GEN_17
18:44:51 [INFO]   Generated literal project(?X_2) for rule r_GEN_17
18:44:51 [INFO] 12 / 41
18:44:51 [INFO]   Adding outgoing relational edge from project_approved for r_GEN_15
18:44:51 [INFO]   Generated literal project_approved(?X_4) for rule r_GEN_15
18:44:51 [INFO] 13 / 41
18:44:51 [INFO]   Adding outgoing relational edge from project_height_m for r_GEN_16
18:44:51 [INFO]   Generated literal ~project_height_m(?X_1, ?X_1) for rule r_GEN_16
18:44:51 [INFO] 14 / 41
18:44:51 [INFO]   Adding outgoing relational edge from project_location for r_GEN_7
18:44:51 [INFO]   Generated literal project_location(?X_4, ?X_1, ?Z_1) for rule r_GEN_7
18:44:51 [INFO] 15 / 41
18:44:51 [INFO]   Adding outgoing relational edge from project_location_m for r_GEN_6
18:44:51 [INFO]   Generated literal project_location_m(?X_1, ?X_2, ?Z_3) for rule r_GEN_6
18:44:51 [INFO] 16 / 41
18:44:51 [INFO]   Adding outgoing relational edge from project_reject for r_GEN_18
18:44:51 [INFO]   Generated literal project_reject("13.704927907097524"^^<http://www.w3.org/2001/XMLSchema#double>) for rule r_GEN_18
18:44:51 [INFO] 17 / 41
18:44:51 [INFO]   Adding outgoing relational edge from project_species for r_GEN_3
18:44:51 [INFO]   Generated literal ~project_species("Wind Turbine A", ?X_2) for rule r_GEN_3
18:44:51 [INFO] 18 / 41
18:44:51 [INFO]   Adding outgoing relational edge from R_1 for r_GEN_18
18:44:51 [INFO]   Generated literal R_1(?X_2, ?Z_3, "Wind Turbine B") for rule r_GEN_18
18:44:51 [INFO] 19 / 41
18:44:51 [INFO]   Adding outgoing relational edge from R_2 for r_GEN_14
18:44:51 [INFO]   Generated literal R_2(?X_2, ?X_3) for rule r_GEN_14
18:44:51 [INFO] 20 / 41
18:44:51 [INFO]   Adding outgoing relational edge from R_3 for r_GEN_2
18:44:51 [INFO]   Generated literal R_3(?X_1, ?X_1, ?X_2, ?Z_1, ?X_2) for rule r_GEN_2
18:44:51 [INFO] 21 / 41
18:44:51 [INFO]   Adding outgoing relational edge from R_4 for r_GEN_21
18:44:51 [INFO]   Generated literal R_4(?X_2, ?X_4) for rule r_GEN_21
18:44:51 [INFO] 22 / 41
18:44:51 [INFO]   Adding outgoing relational edge from R_5 for r_GEN_8
18:44:51 [INFO]   Generated literal ~R_5(?X_3, ?X_3, ?X_3, ?X_2, ?X_2, "Wind Turbine C") for rule r_GEN_8
18:44:51 [INFO] 23 / 41
18:44:51 [INFO]   Adding outgoing relational edge from R_6 for r_GEN_25
18:44:51 [INFO]   Generated literal R_6(?Z_3, ?X_2, ?X_6, "Wind Turbine B", ?X_3) for rule r_GEN_25
18:44:51 [INFO] 24 / 41
18:44:51 [INFO]   Adding outgoing relational edge from R_7 for r_GEN_19
18:44:51 [INFO]   Generated literal R_7(?Z_3, ?X_3, ?X_6) for rule r_GEN_19
18:44:51 [INFO] 25 / 41
18:44:51 [INFO]   Adding outgoing relational edge from R_8 for r_GEN_20
18:44:51 [INFO]   Generated literal R_8(?X_2, ?Z_1) for rule r_GEN_20
18:44:51 [INFO] 26 / 41
18:44:51 [INFO]   Adding outgoing relational edge from R_9 for r_GEN_20
18:44:51 [INFO]   Generated literal R_9(?Y_1) for rule r_GEN_20
18:44:51 [INFO] 27 / 41
18:44:51 [INFO]   Adding outgoing relational edge from R_10 for r_GEN_25
18:44:51 [INFO]   Generated literal ~R_10("40075000"^^<http://www.w3.org/2001/XMLSchema#double>, ?X_3, ?X_3, ?X_6) for rule r_GEN_25
18:44:51 [INFO] 28 / 41
18:44:51 [INFO]   Adding outgoing relational edge from R_11 for r_GEN_7
18:44:51 [INFO]   Generated literal R_11(?Z_6, ?Z_4, ?X_5) for rule r_GEN_7
18:44:51 [INFO] 29 / 41
18:44:51 [INFO]   Adding outgoing relational edge from R_12 for r_GEN_9
18:44:51 [INFO]   Generated literal R_12(?X_2, ?Z_1, ?X_2, ?X_2, ?X_2) for rule r_GEN_9
18:44:51 [INFO] 30 / 41
18:44:51 [INFO]   Adding outgoing relational edge from R_13 for r_GEN_5
18:44:51 [INFO]   Generated literal R_13("Wind Turbine A", ?X_2, ?Z_2) for rule r_GEN_5
18:44:51 [INFO] 31 / 41
18:44:51 [INFO]   Adding outgoing relational edge from R_14 for r_GEN_8
18:44:51 [INFO]   Generated literal ~R_14(?X_3, ?X_3, ?X_3, ?X_3, ?X_3) for rule r_GEN_8
18:44:51 [INFO] 32 / 41
18:44:51 [INFO]   Adding outgoing relational edge from R_15 for r_GEN_11
18:44:51 [INFO]   Generated literal R_15(?X_3, "3.14159"^^<http://www.w3.org/2001/XMLSchema#double>) for rule r_GEN_11
18:44:51 [INFO] 33 / 41
18:44:51 [INFO]   Adding outgoing relational edge from R_16 for r_GEN_22
18:44:51 [INFO]   Generated literal R_16("Wind Turbine C", ?X_5) for rule r_GEN_22
18:44:51 [INFO] 34 / 41
18:44:51 [INFO]   Adding outgoing relational edge from R_17 for r_GEN_10
18:44:51 [INFO]   Generated literal R_17(?Z_1, ?X_1, ?X_1, 40, ?X_1) for rule r_GEN_10
18:44:51 [INFO] 35 / 41
18:44:51 [INFO]   Adding outgoing relational edge from R_18 for r_GEN_8
18:44:51 [INFO]   Generated literal R_18(?Z_5, ?X_3, "Wind Turbine A", ?X_3, ?X_2, ?X_3) for rule r_GEN_8
18:44:51 [INFO] 36 / 41
18:44:51 [INFO]   Adding outgoing relational edge from R_19 for r_GEN_17
18:44:51 [INFO]   Generated literal R_19(?X_2, ?X_2) for rule r_GEN_17
18:44:51 [INFO] 37 / 41
18:44:51 [INFO]   Adding outgoing relational edge from R_20 for r_GEN_17
18:44:51 [INFO]   Generated literal R_20(?Z_1, ?X_2, ?X_2, ?X_2, ?X_2, ?Z_3) for rule r_GEN_17
18:44:51 [INFO] 38 / 41
18:44:51 [INFO]   Adding outgoing relational edge from R_21 for r_GEN_12
18:44:51 [INFO]   Generated literal R_21(?Z_1, ?X_1, ?X_2, ?Z_2, ?X_1, ?X_1) for rule r_GEN_12
18:44:51 [INFO] 39 / 41
18:44:51 [INFO]   Adding outgoing relational edge from R_22 for r_GEN_17
18:44:51 [INFO]   Generated literal R_22(?X_2, ?Z_4, ?X_2, ?X_2) for rule r_GEN_17
18:44:51 [INFO] 40 / 41
18:44:51 [INFO]   Adding outgoing relational edge from R_23 for r_GEN_2
18:44:51 [INFO]   Generated literal R_23(?X_2, ?X_2, ?Z_3, ?X_1, ?X_1, ?Z_4) for rule r_GEN_2
18:44:51 [INFO] 41 / 41
18:44:51 [INFO]   Adding outgoing relational edge from R_24 for r_GEN_8
18:44:51 [INFO]   Generated literal R_24(?X_2, ?Z_8, ?X_2, ?X_2, ?X_3, ?X_2) for rule r_GEN_8
18:44:51 [INFO] 
18:44:51 [INFO] Adding gen. size facts
18:44:51 [INFO] 
18:44:51 [INFO] 1 / 25
18:44:51 [INFO]   II Add Fact Node and Edge
18:44:51 [INFO]   Added new fact R_12("true"^^<http://www.w3.org/2001/XMLSchema#boolean>, "Wind Turbine A", 40, "Feldsperling", c_1).
18:44:51 [INFO] 2 / 25
18:44:51 [INFO]   II Add Fact Node and Edge
18:44:51 [INFO]   Added new fact R_1(c_2, "13.69510396381167"^^<http://www.w3.org/2001/XMLSchema#double>, c_3).
18:44:51 [INFO] 3 / 25
18:44:51 [INFO]   II Add Fact Node and Edge
18:44:51 [INFO]   Added new fact R_3(12313174342861107982, "true"^^<http://www.w3.org/2001/XMLSchema#boolean>, "Feldsperling", c_1, "Wind Turbine A").
18:44:51 [INFO] 4 / 25
18:44:51 [INFO]   II Add Fact Node and Edge
18:44:51 [INFO]   Added new fact R_4(c_4, c_5).
18:44:51 [INFO] 5 / 25
18:44:51 [INFO]   II Add Fact Node and Edge
18:44:51 [INFO]   Added new fact R_6(c_6, c_1, 60, c_7, "40075000"^^<http://www.w3.org/2001/XMLSchema#double>).
18:44:51 [INFO] 6 / 25
18:44:51 [INFO]   II Add Fact Node and Edge
18:44:51 [INFO]   Added new fact R_6(c_8, "40075000"^^<http://www.w3.org/2001/XMLSchema#double>, "Feldsperling", "Wind Turbine C", "3.14159"^^<http://www.w3.org/2001/XMLSchema#double>).
18:44:51 [INFO] 7 / 25
18:44:51 [INFO]   II Add Fact Node and Edge
18:44:51 [INFO]   Added new fact R_7(c_9, "40075000"^^<http://www.w3.org/2001/XMLSchema#double>, c_10).
18:44:51 [INFO] 8 / 25
18:44:51 [INFO]   II Add Fact Node and Edge
18:44:51 [INFO]   Added new fact R_OUT(c_11, "Rotmilan").
18:44:51 [INFO] 9 / 25
18:44:51 [INFO]   II Add Fact Node and Edge
18:44:51 [INFO]   Added new fact R_19("Wind Turbine A", "str_1").
18:44:51 [INFO] 10 / 25
18:44:51 [INFO]   II Add Fact Node and Edge
18:44:51 [INFO]   Added new fact R_4("Wind Turbine A", c_12).
18:44:51 [INFO] 11 / 25
18:44:51 [INFO]   II Add Fact Node and Edge
18:44:51 [INFO]   Added new fact R_5(5712327582347941175, c_13, c_14, "str_2", c_15, "str_3").
18:44:51 [INFO] 12 / 25
18:44:51 [INFO]   II Add Fact Node and Edge
18:44:51 [INFO]   Added new fact R_7(c_16, "Wind Turbine C", 11197406685852653717).
18:44:51 [INFO] 13 / 25
18:44:51 [INFO]   II Add Fact Node and Edge
18:44:51 [INFO]   Added new fact R_10("str_4", c_17, "str_5", "Wind Turbine B").
18:44:51 [INFO] 14 / 25
18:44:51 [INFO]   II Add Fact Node and Edge
18:44:51 [INFO]   Added new fact R_22("50.89816338631804"^^<http://www.w3.org/2001/XMLSchema#double>, "Wind Turbine B", c_5, c_12).
18:44:51 [INFO] 15 / 25
18:44:51 [INFO]   II Add Fact Node and Edge
18:44:51 [INFO]   Added new fact R_17("addr", c_18, c_19, c_20, 8331805404248463148).
18:44:51 [INFO] 16 / 25
18:44:51 [INFO]   II Add Fact Node and Edge
18:44:51 [INFO]   Added new fact R_9("str_6").
18:44:51 [INFO] 17 / 25
18:44:51 [INFO]   II Add Fact Node and Edge
18:44:51 [INFO]   Added new fact R_7("Wind Turbine C", "str_7", c_21).
18:44:51 [INFO] 18 / 25
18:44:51 [INFO]   II Add Fact Node and Edge
18:44:51 [INFO]   Added new fact R_16(7916136241448410635, c_13).
18:44:51 [INFO] 19 / 25
18:44:51 [INFO]   II Add Fact Node and Edge
18:44:51 [INFO]   Added new fact R_16(c_6, c_22).
18:44:51 [INFO] 20 / 25
18:44:51 [INFO]   II Add Fact Node and Edge
18:44:51 [INFO]   Added new fact R_18(2255553993516873772, "13.69510396381167"^^<http://www.w3.org/2001/XMLSchema#double>, "Wind Turbine C", "str_8", 10767552128471924024, "Rotmilan").
18:44:51 [INFO] 21 / 25
18:44:51 [INFO]   II Add Fact Node and Edge
18:44:51 [INFO]   Added new fact R_1(17961880002270533222, c_23, 16053445138585832529).
18:44:51 [INFO] 22 / 25
18:44:51 [INFO]   II Add Fact Node and Edge
18:44:51 [INFO]   Added new fact R_22("str_5", 10767552128471924024, "str_9", 2255553993516873772).
18:44:51 [INFO] 23 / 25
18:44:51 [INFO]   II Add Fact Node and Edge
18:44:51 [INFO]   Added new fact R_3("Wind Turbine C", c_11, 5081282708931444221, "str_8", "Feldsperling").
18:44:51 [INFO] 24 / 25
18:44:51 [INFO]   II Add Fact Node and Edge
18:44:51 [INFO]   Added new fact R_21("str_3", c_10, "str_2", 15757466141350771225, 4330594256034964494, c_24).
18:44:51 [INFO] 25 / 25
18:44:51 [INFO]   II Add Fact Node and Edge
18:44:51 [INFO]   Added new fact R_4(c_25, "str_10").
18:44:51 [INFO] 
18:44:51 [INFO] ----------------------------------------------
18:44:51 [INFO] ----------- Program Generation Done ----------
18:44:51 [INFO] ----------------------------------------------
18:44:51 [INFO] 
18:44:51 [INFO] ----------- Generated ADG Summary: -----------
18:44:51 [INFO] ADG Fact Nodes:                  25
18:44:51 [INFO] ADG Relational Nodes:            42
18:44:51 [INFO] ADG Fact Edges:                  25
18:44:51 [INFO] ADG Relational Edges:            89
18:44:51 [INFO] Number of inv. Strata:           3
18:44:51 [INFO] 
18:44:51 [INFO] Nodes with None Ancestry:        38
18:44:51 [INFO] Nodes with Positive Ancestry:    4
18:44:51 [INFO] Nodes with Negative Ancestry:    0
18:44:51 [INFO] Nodes with Unknown Ancestry:     0
18:44:51 [INFO] 
18:44:51 [INFO] Next rule name would be:         r_CON_26
18:44:51 [INFO] Next predicate name would be:    R_25
18:44:51 [INFO] Next constant name would be:     c_26
18:44:51 [INFO] Next string would be:            "str_11"
18:44:51 [INFO] 
18:44:51 [INFO] Output predicate:                R_OUT
18:44:51 [INFO] Generated rule count:            25
18:44:51 [INFO] Rule count:                      34
18:44:51 [INFO] Average rel. arity:              2.9761904761904763
18:44:51 [INFO] Arity calc. may be inaccurate if arity > f64
18:44:51 [INFO] ----------------------------------------------
18:44:51 [INFO] 
18:44:51 [INFO] ------ Performed Gen. Transformations: -------
18:44:51 [INFO]  #      Type
18:44:51 [INFO]  25      Generate New Rule with Probably Single Lit
18:44:51 [INFO]  41      Generating an Outgoing Relational Edge
18:44:51 [INFO]  24      I     Add Relational Node
18:44:51 [INFO]  25      II    Add Fact Node and Edge
18:44:51 [INFO] ----------------------------------------------
18:44:51 [INFO] 
18:44:51 [INFO] Storing input ADG and input program
18:44:51 [INFO] 
18:44:51 [INFO] ----------------------------------------------
18:44:51 [INFO] --------- Beginning Transformations ----------
18:44:51 [INFO] --------  Oracle: CON    Number: 23
18:44:51 [INFO] ----------------------------------------------
18:44:51 [INFO] 1 / 23
18:44:51 [INFO]   II Add Fact Node and Edge
18:44:51 [INFO]   Added new fact R_6(c_28, "str_9", 17740184728852328155, c_17, c_22).
18:44:51 [INFO] 2 / 23
18:44:51 [INFO]   IV Add Relational Edge - New Literal
18:44:51 [INFO]   Generated literal ~project_height_m(?X_1, ?Z_3) for rule r_GEN_18
18:44:51 [INFO] 3 / 23
18:44:51 [INFO]   II Add Fact Node and Edge
18:44:51 [INFO]   Added new fact R_3(c_29, 10767552128471924024, "Wind Turbine C", "Rotmilan", c_30).
18:44:51 [INFO] 4 / 23
18:44:51 [INFO]   IX Remove Fact Node and Edge
18:44:51 [INFO]   Removed fact R_3("Wind Turbine C", c_11, 5081282708931444221, "str_8", "Feldsperling"). from the program
18:44:51 [INFO]   Removed fact R_3("Wind Turbine C", c_11, 5081282708931444221, "str_8", "Feldsperling"). from the ADG.
18:44:51 [INFO] 5 / 23
18:44:51 [INFO]   XI Add Contradictory Rule
18:44:51 [INFO]   Added new contradictory rule of name r_CON_28
18:44:51 [INFO]   R_23(?X_2, ?X_3, "str_9", ?X_1, ?X_4, ?X_6) :- project_height_m(?X_2, ?X_3), project_height_m("str_9", ?X_1), project_height_m(?X_4, ?X_6), ~project_height_m(?X_2, ?X_3) .
18:44:51 [INFO] 6 / 23
18:44:51 [INFO]   III Add Relational edges - New Rule
18:44:51 [INFO]   Added new rule of name r_CON_29
18:44:51 [INFO]   R_21(?X_2, ?X_5, c_10, ?X_4, ?X_6, ?X_5) :- R_11(?X_2, ?X_5, c_10), R_11(?X_4, ?X_6, ?X_5) .
18:44:51 [INFO] 7 / 23
18:44:51 [INFO]   II Add Fact Node and Edge
18:44:51 [INFO]   Added new fact R_7(5081282708931444221, c_31, 10022251727022050797).
18:44:51 [INFO] 8 / 23
18:44:51 [INFO]   XI Add Contradictory Rule
18:44:51 [INFO]   Added new contradictory rule of name r_CON_30
18:44:51 [INFO]   R_21(c_14, ?X_1, ?X_3, ?X_5, ?X_2, ?X_4) :- R_23(c_14, ?X_1, ?X_3, ?X_5, ?X_2, ?X_4), ~R_23(c_14, ?X_1, ?X_3, ?X_5, ?X_2, ?X_4) .
18:44:51 [INFO] 9 / 23
18:44:51 [INFO]   I Add Relational Node
18:44:51 [INFO]   Added new relation R_27
18:44:51 [INFO] 10 / 23
18:44:51 [INFO]   IX Remove Fact Node and Edge
18:44:51 [INFO]   Removed fact R_5(5712327582347941175, c_13, c_14, "str_2", c_15, "str_3"). from the program
18:44:51 [INFO]   Removed fact R_5(5712327582347941175, c_13, c_14, "str_2", c_15, "str_3"). from the ADG.
18:44:51 [INFO] 11 / 23
18:44:51 [INFO]   IX Remove Fact Node and Edge
18:44:51 [INFO]   Removed fact R_6(c_28, "str_9", 17740184728852328155, c_17, c_22). from the program
18:44:51 [INFO]   Removed fact R_6(c_28, "str_9", 17740184728852328155, c_17, c_22). from the ADG.
18:44:51 [INFO] 12 / 23
18:44:51 [INFO]   II Add Fact Node and Edge
18:44:51 [INFO]   Added new fact R_4(9643509782468193690, c_11).
18:44:51 [INFO] 13 / 23
18:44:51 [INFO]   V Remove Relational Edges - Whole Rule
18:44:51 [INFO]   Removing the Rule of the name r_CON_28
18:44:51 [INFO] 14 / 23
18:44:51 [INFO]   IX Remove Fact Node and Edge
18:44:51 [INFO]   Removed fact R_16(c_6, c_22). from the program
18:44:51 [INFO]   Removed fact R_16(c_6, c_22). from the ADG.
18:44:51 [INFO] 15 / 23
18:44:51 [INFO]   III Add Relational edges - New Rule
18:44:51 [INFO]   Added new rule of name r_CON_31
18:44:51 [INFO]   R_17(?X_5, c_30, ?X_4, ?X_3, ?X_2) :- R_8(?X_4, c_30), R_10(?X_4, ?X_3, ?X_2, ?X_5) .
18:44:51 [INFO] 16 / 23
18:44:51 [INFO]   V Remove Relational Edges - Whole Rule
18:44:51 [INFO]   Removing the Rule of the name r_CON_29
18:44:51 [INFO] 17 / 23
18:44:51 [INFO]   I Add Relational Node
18:44:51 [INFO]   Added new relation R_28
18:44:51 [INFO] 18 / 23
18:44:51 [INFO]   V Remove Relational Edges - Whole Rule
18:44:51 [INFO]   Removing the Rule of the name r_CON_31
18:44:51 [INFO] 19 / 23
18:44:51 [INFO]   Xa Remove Relational Node - Rule Variant
18:44:51 [INFO]   Removing relational node R_11
18:44:51 [INFO]   Removing the Rule of the name r_GEN_14
18:44:51 [INFO]   Removing the Rule of the name r_GEN_7
18:44:51 [INFO]   Removing the Rule of the name r_GEN_12
18:44:51 [INFO]   Removing at least 12 relational edges.
18:44:51 [INFO] 20 / 23
18:44:51 [INFO]   IX Remove Fact Node and Edge
18:44:51 [INFO]   Removed fact R_10("str_4", c_17, "str_5", "Wind Turbine B"). from the program
18:44:51 [INFO]   Removed fact R_10("str_4", c_17, "str_5", "Wind Turbine B"). from the ADG.
18:44:51 [INFO] 21 / 23
18:44:51 [INFO]   IX Remove Fact Node and Edge
18:44:51 [INFO]   Removed fact R_21("str_3", c_10, "str_2", 15757466141350771225, 4330594256034964494, c_24). from the program
18:44:51 [INFO]   Removed fact R_21("str_3", c_10, "str_2", 15757466141350771225, 4330594256034964494, c_24). from the ADG.
18:44:51 [INFO] 22 / 23
18:44:51 [INFO]   V Remove Relational Edges - Whole Rule
18:44:51 [INFO]   Removing the Rule of the name r_GEN_22
18:44:51 [INFO] 23 / 23
18:44:51 [INFO]   IV Add Relational Edge - New Literal
18:44:51 [INFO]   Generated literal R_8(?X_2, ?Z_2) for rule r_GEN_9
18:44:51 [INFO] ----------------------------------------------
18:44:51 [INFO] ------------ Transformations Done ------------
18:44:51 [INFO] ----------------------------------------------
18:44:51 [INFO]  Ressources required: 
                data/endangered.csv
                data/locations.csv
                
18:44:51 [INFO] ---------- Transformed ADG Summary: ----------
18:44:51 [INFO] ADG Fact Nodes:                  23
18:44:51 [INFO] ADG Relational Nodes:            43
18:44:51 [INFO] ADG Fact Edges:                  23
18:44:51 [INFO] ADG Relational Edges:            74
18:44:51 [INFO] Number of inv. Strata:           3
18:44:51 [INFO] 
18:44:51 [INFO] Nodes with None Ancestry:        37
18:44:51 [INFO] Nodes with Positive Ancestry:    4
18:44:51 [INFO] Nodes with Negative Ancestry:    0
18:44:51 [INFO] Nodes with Unknown Ancestry:     0
18:44:51 [INFO] 
18:44:51 [INFO] Next rule name would be:         r_CON_32
18:44:51 [INFO] Next predicate name would be:    R_29
18:44:51 [INFO] Next constant name would be:     c_32
18:44:51 [INFO] Next string would be:            "str_13"
18:44:51 [INFO] 
18:44:51 [INFO] Output predicate:                R_OUT
18:44:51 [INFO] Rule count:                      31
18:44:51 [INFO] Average rel. arity:              2.975609756097561
18:44:51 [INFO] Arity calc. may be inaccurate if arity > f64
18:44:51 [INFO] ----------------------------------------------
18:44:51 [INFO] 
18:44:51 [INFO] --------- Performed Transformations: ---------
18:44:51 [INFO]  #      Type
18:44:51 [INFO]  1      Failed Transformation Attempts
18:44:51 [INFO]  2      I     Add Relational Node
18:44:51 [INFO]  4      II    Add Fact Node and Edge
18:44:51 [INFO]  2      III   Add Relational edges - New Rule
18:44:51 [INFO]  2      IV    Add Relational Edge - New Literal
18:44:51 [INFO]  6      IX    Remove Fact Node and Edge
18:44:51 [INFO]  4      V     Remove Relational Edges - Whole Rule
18:44:51 [INFO]  0      VI    Remove Relational Edge - Single Literal
18:44:51 [INFO]  0      VII   Modify Rule - Add Equality
18:44:51 [INFO]  0      VIII  Modify Rule - Remove Equality
18:44:51 [INFO]  2      XI   Add Contradictory Rule
18:44:51 [INFO]  1      Xa     Remove Relational Node Rule Variant - None anc only
18:44:51 [INFO] ----------------------------------------------
18:44:51 [INFO] 
18:44:51 [INFO] Writing output ADG and file.
18:44:51 [INFO] 
18:44:51 [INFO] ----------------------------------------------
18:44:51 [INFO] -- Beginning Nemo Execution - Input Program --
18:44:51 [INFO] ----------------------------------------------
18:44:51 [INFO] Loading source SimpleTable { arity: 2, data: [AnyDataValue(Iri(IriDataValue("c_11"))), AnyDataValue(PlainString(StringDataValue("Rotmilan")))] }
18:44:51 [INFO] Execution step: Combining Tables
18:44:51 [INFO] Saved permanent table R_OUT (0-1) Permutation { idx_to_val: [], val_to_idx: [] } with 1 entries (6904)
18:44:51 [INFO] <<< STEP 1: APPLYING RULE 0 coordinates(?longitude, ?latitude) :- locations(?longitude, ?latitude, ?tag), TRUE(?_BODY_1), Equal(?_BODY_1, StringContains(?tag, "addr")) >>>
18:44:51 [INFO] Loading source DsvReader { read: "<unspecified std::io::Read>", delimiter: 44, escape: None, value formats: DsvValueFormats([Double, Double, Skip, Skip, Skip, Skip, Skip, Skip, Skip, Skip, Skip, Skip, String]) }
18:44:51 [INFO] Starting data import
18:44:51 [INFO] Finished import: processed 782 lines (dropped 1)
18:44:51 [INFO] Loading source SimpleTable { arity: 1, data: [AnyDataValue(Boolean(BooleanDataValue(true)))] }
18:44:51 [INFO] Execution step: Body
18:44:51 [INFO] Saved temporary table: 122 entries (9140)
18:44:51 [INFO] Execution step: Duplicate Elimination (Datalog)
18:44:51 [INFO] Saved permanent table coordinates (1) Permutation { idx_to_val: [], val_to_idx: [] } with 122 entries (9188)
18:44:51 [INFO] Rule duration: 4 ms
18:44:51 [INFO] <<< STEP 2: APPLYING RULE 0 coordinates(?longitude, ?latitude) :- locations(?longitude, ?latitude, ?tag), TRUE(?_BODY_1), Equal(?_BODY_1, StringContains(?tag, "addr")) >>>
18:44:51 [INFO] Execution step: Body
18:44:51 [INFO] Trie does not contain any elements
18:44:51 [INFO] Execution step: Duplicate Elimination (Datalog)
18:44:51 [INFO] Trie does not contain any elements
18:44:51 [INFO] Rule duration: 0 ms
18:44:51 [INFO] <<< STEP 3: APPLYING RULE 1 R_23(?X_2, "Wind Turbine B", ?X_5, ?X_6, ?X_4, ?X_3) :- locations(?X_2, ?_BODY_1, ?X_5), locations(?X_6, ?X_4, ?X_3), Equal(?_BODY_1, "Wind Turbine B") >>>
18:44:51 [INFO] Execution step: Body
18:44:51 [INFO] Trie does not contain any elements
18:44:51 [INFO] Execution step: Duplicate Elimination (Datalog)
18:44:51 [INFO] Trie does not contain any elements
18:44:51 [INFO] Rule duration: 49 ms
18:44:51 [INFO] <<< STEP 4: APPLYING RULE 2 R_OUT("Feldsperling", ?X_2) :- R_23(?X_2, ?_BODY_1, ?_BODY_2, ?_BODY_3, ?_BODY_4, ?Y_1), coordinates(?X_2, ?Z_2), Equal(?_BODY_1, ?X_2), Equal(?_BODY_2, "Feldsperling"), Equal(?_BODY_3, ?X_2), Equal(?_BODY_4, ?X_2) >>>
18:44:51 [INFO] Execution step: Body
18:44:51 [INFO] Trie does not contain any elements
18:44:51 [INFO] Execution step: Duplicate Elimination (Datalog)
18:44:51 [INFO] Trie does not contain any elements
18:44:51 [INFO] Rule duration: 0 ms
18:44:51 [INFO] Execution step: Combining Tables
18:44:51 [INFO] Saved permanent table R_OUT (0-1) Permutation { idx_to_val: [], val_to_idx: [] } with 1 entries (6904)
18:44:51 [INFO] ----------------------------------------------
18:44:51 [INFO] --- Finished Nemo Execution - Input Program --
18:44:51 [INFO] Output size: 1
18:44:51 [INFO] ----------------------------------------------
18:44:51 [INFO] 
18:44:51 [INFO] ----------------------------------------------
18:44:51 [INFO] Beginning Nemo Execution - Transformed Program
18:44:51 [INFO] ----------------------------------------------
18:44:51 [INFO] Loading source SimpleTable { arity: 2, data: [AnyDataValue(Iri(IriDataValue("c_11"))), AnyDataValue(PlainString(StringDataValue("Rotmilan")))] }
18:44:51 [INFO] Execution step: Combining Tables
18:44:51 [INFO] Saved permanent table R_OUT (0-1) Permutation { idx_to_val: [], val_to_idx: [] } with 1 entries (6904)
18:44:51 [INFO] <<< STEP 1: APPLYING RULE 0 coordinates(?longitude, ?latitude) :- locations(?longitude, ?latitude, ?tag), TRUE(?_BODY_1), Equal(?_BODY_1, StringContains(?tag, "addr")) >>>
18:44:51 [INFO] Loading source DsvReader { read: "<unspecified std::io::Read>", delimiter: 44, escape: None, value formats: DsvValueFormats([Double, Double, Skip, Skip, Skip, Skip, Skip, Skip, Skip, Skip, Skip, Skip, String]) }
18:44:51 [INFO] Starting data import
18:44:51 [INFO] Finished import: processed 782 lines (dropped 1)
18:44:51 [INFO] Loading source SimpleTable { arity: 1, data: [AnyDataValue(Boolean(BooleanDataValue(true)))] }
18:44:51 [INFO] Execution step: Body
18:44:51 [INFO] Saved temporary table: 122 entries (9140)
18:44:51 [INFO] Execution step: Duplicate Elimination (Datalog)
18:44:51 [INFO] Saved permanent table coordinates (1) Permutation { idx_to_val: [], val_to_idx: [] } with 122 entries (9188)
18:44:51 [INFO] Rule duration: 4 ms
18:44:51 [INFO] <<< STEP 2: APPLYING RULE 0 coordinates(?longitude, ?latitude) :- locations(?longitude, ?latitude, ?tag), TRUE(?_BODY_1), Equal(?_BODY_1, StringContains(?tag, "addr")) >>>
18:44:51 [INFO] Execution step: Body
18:44:51 [INFO] Trie does not contain any elements
18:44:51 [INFO] Execution step: Duplicate Elimination (Datalog)
18:44:51 [INFO] Trie does not contain any elements
18:44:51 [INFO] Rule duration: 0 ms
18:44:51 [INFO] <<< STEP 3: APPLYING RULE 1 R_23(?X_2, "Wind Turbine B", ?X_5, ?X_6, ?X_4, ?X_3) :- locations(?X_2, ?_BODY_1, ?X_5), locations(?X_6, ?X_4, ?X_3), Equal(?_BODY_1, "Wind Turbine B") >>>
18:44:51 [INFO] Execution step: Body
18:44:51 [INFO] Trie does not contain any elements
18:44:51 [INFO] Execution step: Duplicate Elimination (Datalog)
18:44:51 [INFO] Trie does not contain any elements
18:44:51 [INFO] Rule duration: 43 ms
18:44:51 [INFO] <<< STEP 4: APPLYING RULE 2 R_OUT("Feldsperling", ?X_2) :- R_23(?X_2, ?_BODY_1, ?_BODY_2, ?_BODY_3, ?_BODY_4, ?Y_1), coordinates(?X_2, ?Z_2), Equal(?_BODY_1, ?X_2), Equal(?_BODY_2, "Feldsperling"), Equal(?_BODY_3, ?X_2), Equal(?_BODY_4, ?X_2) >>>
18:44:51 [INFO] Execution step: Body
18:44:51 [INFO] Trie does not contain any elements
18:44:51 [INFO] Execution step: Duplicate Elimination (Datalog)
18:44:51 [INFO] Trie does not contain any elements
18:44:51 [INFO] Rule duration: 0 ms
18:44:51 [INFO] Execution step: Combining Tables
18:44:51 [INFO] Saved permanent table R_OUT (0-1) Permutation { idx_to_val: [], val_to_idx: [] } with 1 entries (6904)
18:44:51 [INFO] ----------------------------------------------
18:44:51 [INFO]  Finished Nemo Execution - Transformed Program
18:44:51 [INFO] Output size: 1
18:44:51 [INFO] ----------------------------------------------
18:44:51 [INFO] 
18:44:51 [INFO] ----------------------------------------------
18:44:51 [INFO] ------------ Asserting Oracle CON ------------
18:44:51 [INFO] ----------------------------------------------
18:44:51 [INFO] All good, output has contracted
18:44:51 [INFO] old_dir "/home/leo_repp/masterthesis/nemo/nemo-metamorphic-testing/benchmark_500k_r"
